
===========================================================================
report_checks -path_delay min (Hold)
============================================================================
======================= Typical Corner ===================================

Startpoint: B[0] (input port clocked by __VIRTUAL_CLK__)
Endpoint: OUT[0] (output port clocked by __VIRTUAL_CLK__)
Path Group: __VIRTUAL_CLK__
Path Type: min

Fanout     Cap    Slew   Delay    Time   Description
-----------------------------------------------------------------------------
                  0.00    0.00    0.00   clock __VIRTUAL_CLK__ (rise edge)
                          0.00    0.00   clock network delay (ideal)
                          2.00    2.00 v input external delay
    13    0.04    0.08    0.06    2.06 v B[0] (in)
                                         B[0] (net)
                  0.08    0.00    2.06 v _297_/A1 (sky130_fd_sc_hd__a31o_2)
     1    0.04    0.12    0.29    2.34 v _297_/X (sky130_fd_sc_hd__a31o_2)
                                         OUT[0] (net)
                  0.12    0.00    2.35 v OUT[0] (out)
                                  2.35   data arrival time

                  0.00    0.00    0.00   clock __VIRTUAL_CLK__ (rise edge)
                          0.00    0.00   clock network delay (ideal)
                          0.25    0.25   clock uncertainty
                          0.00    0.25   clock reconvergence pessimism
                         -2.00   -1.75   output external delay
                                 -1.75   data required time
-----------------------------------------------------------------------------
                                 -1.75   data required time
                                 -2.35   data arrival time
-----------------------------------------------------------------------------
                                  4.10   slack (MET)


Startpoint: A[5] (input port clocked by __VIRTUAL_CLK__)
Endpoint: OUT[5] (output port clocked by __VIRTUAL_CLK__)
Path Group: __VIRTUAL_CLK__
Path Type: min

Fanout     Cap    Slew   Delay    Time   Description
-----------------------------------------------------------------------------
                  0.00    0.00    0.00   clock __VIRTUAL_CLK__ (rise edge)
                          0.00    0.00   clock network delay (ideal)
                          2.00    2.00 v input external delay
     6    0.02    0.05    0.04    2.04 v A[5] (in)
                                         A[5] (net)
                  0.05    0.00    2.04 v _216_/A (sky130_fd_sc_hd__nor2_2)
     1    0.00    0.06    0.09    2.12 ^ _216_/Y (sky130_fd_sc_hd__nor2_2)
                                         _144_ (net)
                  0.06    0.00    2.12 ^ _223_/B1 (sky130_fd_sc_hd__a311o_2)
     1    0.01    0.04    0.11    2.23 ^ _223_/X (sky130_fd_sc_hd__a311o_2)
                                         _151_ (net)
                  0.04    0.00    2.23 ^ _257_/B1 (sky130_fd_sc_hd__a211o_2)
     1    0.04    0.19    0.20    2.43 ^ _257_/X (sky130_fd_sc_hd__a211o_2)
                                         OUT[5] (net)
                  0.19    0.00    2.43 ^ OUT[5] (out)
                                  2.43   data arrival time

                  0.00    0.00    0.00   clock __VIRTUAL_CLK__ (rise edge)
                          0.00    0.00   clock network delay (ideal)
                          0.25    0.25   clock uncertainty
                          0.00    0.25   clock reconvergence pessimism
                         -2.00   -1.75   output external delay
                                 -1.75   data required time
-----------------------------------------------------------------------------
                                 -1.75   data required time
                                 -2.43   data arrival time
-----------------------------------------------------------------------------
                                  4.18   slack (MET)


Startpoint: A[6] (input port clocked by __VIRTUAL_CLK__)
Endpoint: OUT[6] (output port clocked by __VIRTUAL_CLK__)
Path Group: __VIRTUAL_CLK__
Path Type: min

Fanout     Cap    Slew   Delay    Time   Description
-----------------------------------------------------------------------------
                  0.00    0.00    0.00   clock __VIRTUAL_CLK__ (rise edge)
                          0.00    0.00   clock network delay (ideal)
                          2.00    2.00 v input external delay
     5    0.02    0.06    0.04    2.04 v A[6] (in)
                                         A[6] (net)
                  0.06    0.00    2.04 v _279_/A1 (sky130_fd_sc_hd__o211ai_2)
     1    0.01    0.06    0.17    2.21 ^ _279_/Y (sky130_fd_sc_hd__o211ai_2)
                                         _041_ (net)
                  0.06    0.00    2.21 ^ _280_/B1 (sky130_fd_sc_hd__a31o_2)
     1    0.00    0.03    0.09    2.30 ^ _280_/X (sky130_fd_sc_hd__a31o_2)
                                         _042_ (net)
                  0.03    0.00    2.30 ^ _281_/B1 (sky130_fd_sc_hd__a21o_2)
     1    0.04    0.21    0.20    2.50 ^ _281_/X (sky130_fd_sc_hd__a21o_2)
                                         OUT[6] (net)
                  0.21    0.00    2.50 ^ OUT[6] (out)
                                  2.50   data arrival time

                  0.00    0.00    0.00   clock __VIRTUAL_CLK__ (rise edge)
                          0.00    0.00   clock network delay (ideal)
                          0.25    0.25   clock uncertainty
                          0.00    0.25   clock reconvergence pessimism
                         -2.00   -1.75   output external delay
                                 -1.75   data required time
-----------------------------------------------------------------------------
                                 -1.75   data required time
                                 -2.50   data arrival time
-----------------------------------------------------------------------------
                                  4.25   slack (MET)


Startpoint: OPCODE[2] (input port clocked by __VIRTUAL_CLK__)
Endpoint: OUT[7] (output port clocked by __VIRTUAL_CLK__)
Path Group: __VIRTUAL_CLK__
Path Type: min

Fanout     Cap    Slew   Delay    Time   Description
-----------------------------------------------------------------------------
                  0.00    0.00    0.00   clock __VIRTUAL_CLK__ (rise edge)
                          0.00    0.00   clock network delay (ideal)
                          2.00    2.00 v input external delay
     6    0.02    0.04    0.03    2.03 v OPCODE[2] (in)
                                         OPCODE[2] (net)
                  0.04    0.00    2.03 v _255_/A (sky130_fd_sc_hd__and3_2)
     7    0.02    0.07    0.20    2.23 v _255_/X (sky130_fd_sc_hd__and3_2)
                                         _018_ (net)
                  0.07    0.00    2.23 v _292_/A1 (sky130_fd_sc_hd__a31o_2)
     1    0.04    0.12    0.28    2.51 v _292_/X (sky130_fd_sc_hd__a31o_2)
                                         OUT[7] (net)
                  0.12    0.00    2.52 v OUT[7] (out)
                                  2.52   data arrival time

                  0.00    0.00    0.00   clock __VIRTUAL_CLK__ (rise edge)
                          0.00    0.00   clock network delay (ideal)
                          0.25    0.25   clock uncertainty
                          0.00    0.25   clock reconvergence pessimism
                         -2.00   -1.75   output external delay
                                 -1.75   data required time
-----------------------------------------------------------------------------
                                 -1.75   data required time
                                 -2.52   data arrival time
-----------------------------------------------------------------------------
                                  4.27   slack (MET)


Startpoint: OPCODE[2] (input port clocked by __VIRTUAL_CLK__)
Endpoint: OUT[2] (output port clocked by __VIRTUAL_CLK__)
Path Group: __VIRTUAL_CLK__
Path Type: min

Fanout     Cap    Slew   Delay    Time   Description
-----------------------------------------------------------------------------
                  0.00    0.00    0.00   clock __VIRTUAL_CLK__ (rise edge)
                          0.00    0.00   clock network delay (ideal)
                          2.00    2.00 v input external delay
     6    0.02    0.04    0.03    2.03 v OPCODE[2] (in)
                                         OPCODE[2] (net)
                  0.04    0.00    2.03 v _255_/A (sky130_fd_sc_hd__and3_2)
     7    0.02    0.07    0.20    2.23 v _255_/X (sky130_fd_sc_hd__and3_2)
                                         _018_ (net)
                  0.07    0.00    2.23 v _316_/A2 (sky130_fd_sc_hd__a31o_2)
     1    0.04    0.11    0.31    2.54 v _316_/X (sky130_fd_sc_hd__a31o_2)
                                         OUT[2] (net)
                  0.11    0.00    2.55 v OUT[2] (out)
                                  2.55   data arrival time

                  0.00    0.00    0.00   clock __VIRTUAL_CLK__ (rise edge)
                          0.00    0.00   clock network delay (ideal)
                          0.25    0.25   clock uncertainty
                          0.00    0.25   clock reconvergence pessimism
                         -2.00   -1.75   output external delay
                                 -1.75   data required time
-----------------------------------------------------------------------------
                                 -1.75   data required time
                                 -2.55   data arrival time
-----------------------------------------------------------------------------
                                  4.30   slack (MET)


Startpoint: OPCODE[2] (input port clocked by __VIRTUAL_CLK__)
Endpoint: OUT[3] (output port clocked by __VIRTUAL_CLK__)
Path Group: __VIRTUAL_CLK__
Path Type: min

Fanout     Cap    Slew   Delay    Time   Description
-----------------------------------------------------------------------------
                  0.00    0.00    0.00   clock __VIRTUAL_CLK__ (rise edge)
                          0.00    0.00   clock network delay (ideal)
                          2.00    2.00 ^ input external delay
     6    0.02    0.10    0.06    2.06 ^ OPCODE[2] (in)
                                         OPCODE[2] (net)
                  0.10    0.00    2.06 ^ _255_/A (sky130_fd_sc_hd__and3_2)
     7    0.02    0.11    0.23    2.29 ^ _255_/X (sky130_fd_sc_hd__and3_2)
                                         _018_ (net)
                  0.11    0.00    2.29 ^ _325_/A1 (sky130_fd_sc_hd__a221o_2)
     1    0.04    0.21    0.28    2.57 ^ _325_/X (sky130_fd_sc_hd__a221o_2)
                                         OUT[3] (net)
                  0.21    0.00    2.58 ^ OUT[3] (out)
                                  2.58   data arrival time

                  0.00    0.00    0.00   clock __VIRTUAL_CLK__ (rise edge)
                          0.00    0.00   clock network delay (ideal)
                          0.25    0.25   clock uncertainty
                          0.00    0.25   clock reconvergence pessimism
                         -2.00   -1.75   output external delay
                                 -1.75   data required time
-----------------------------------------------------------------------------
                                 -1.75   data required time
                                 -2.58   data arrival time
-----------------------------------------------------------------------------
                                  4.33   slack (MET)


Startpoint: A[1] (input port clocked by __VIRTUAL_CLK__)
Endpoint: OUT[1] (output port clocked by __VIRTUAL_CLK__)
Path Group: __VIRTUAL_CLK__
Path Type: min

Fanout     Cap    Slew   Delay    Time   Description
-----------------------------------------------------------------------------
                  0.00    0.00    0.00   clock __VIRTUAL_CLK__ (rise edge)
                          0.00    0.00   clock network delay (ideal)
                          2.00    2.00 v input external delay
    13    0.04    0.10    0.07    2.07 v A[1] (in)
                                         A[1] (net)
                  0.10    0.00    2.07 v _303_/A (sky130_fd_sc_hd__nor2_2)
     1    0.00    0.05    0.10    2.17 ^ _303_/Y (sky130_fd_sc_hd__nor2_2)
                                         _062_ (net)
                  0.05    0.00    2.17 ^ _307_/C (sky130_fd_sc_hd__or4b_2)
     1    0.01    0.06    0.12    2.29 ^ _307_/X (sky130_fd_sc_hd__or4b_2)
                                         _066_ (net)
                  0.06    0.00    2.29 ^ _308_/A (sky130_fd_sc_hd__buf_1)
     1    0.03    0.40    0.32    2.61 ^ _308_/X (sky130_fd_sc_hd__buf_1)
                                         OUT[1] (net)
                  0.40    0.00    2.61 ^ OUT[1] (out)
                                  2.61   data arrival time

                  0.00    0.00    0.00   clock __VIRTUAL_CLK__ (rise edge)
                          0.00    0.00   clock network delay (ideal)
                          0.25    0.25   clock uncertainty
                          0.00    0.25   clock reconvergence pessimism
                         -2.00   -1.75   output external delay
                                 -1.75   data required time
-----------------------------------------------------------------------------
                                 -1.75   data required time
                                 -2.61   data arrival time
-----------------------------------------------------------------------------
                                  4.36   slack (MET)


Startpoint: A[4] (input port clocked by __VIRTUAL_CLK__)
Endpoint: OUT[4] (output port clocked by __VIRTUAL_CLK__)
Path Group: __VIRTUAL_CLK__
Path Type: min

Fanout     Cap    Slew   Delay    Time   Description
-----------------------------------------------------------------------------
                  0.00    0.00    0.00   clock __VIRTUAL_CLK__ (rise edge)
                          0.00    0.00   clock network delay (ideal)
                          2.00    2.00 ^ input external delay
     6    0.03    0.12    0.08    2.08 ^ A[4] (in)
                                         A[4] (net)
                  0.12    0.00    2.08 ^ _331_/A2 (sky130_fd_sc_hd__a31o_2)
     1    0.00    0.03    0.15    2.23 ^ _331_/X (sky130_fd_sc_hd__a31o_2)
                                         _087_ (net)
                  0.03    0.00    2.23 ^ _336_/B (sky130_fd_sc_hd__or3_2)
     1    0.00    0.03    0.09    2.32 ^ _336_/X (sky130_fd_sc_hd__or3_2)
                                         _092_ (net)
                  0.03    0.00    2.32 ^ _337_/A (sky130_fd_sc_hd__buf_1)
     1    0.04    0.47    0.35    2.66 ^ _337_/X (sky130_fd_sc_hd__buf_1)
                                         OUT[4] (net)
                  0.47    0.00    2.67 ^ OUT[4] (out)
                                  2.67   data arrival time

                  0.00    0.00    0.00   clock __VIRTUAL_CLK__ (rise edge)
                          0.00    0.00   clock network delay (ideal)
                          0.25    0.25   clock uncertainty
                          0.00    0.25   clock reconvergence pessimism
                         -2.00   -1.75   output external delay
                                 -1.75   data required time
-----------------------------------------------------------------------------
                                 -1.75   data required time
                                 -2.67   data arrival time
-----------------------------------------------------------------------------
                                  4.42   slack (MET)



worst slack corner Typical: 4.0966
