
63. Printing statistics.

=== CPU ===

   Number of wires:               1673
   Number of wire bits:           1686
   Number of public wires:         193
   Number of public wire bits:     206
   Number of memories:               0
   Number of memory bits:            0
   Number of processes:              0
   Number of cells:               1683
     sky130_fd_sc_hd__a2111o_2       1
     sky130_fd_sc_hd__a2111oi_2      1
     sky130_fd_sc_hd__a211o_2       18
     sky130_fd_sc_hd__a211oi_2       2
     sky130_fd_sc_hd__a21bo_2        5
     sky130_fd_sc_hd__a21boi_2       2
     sky130_fd_sc_hd__a21o_2        40
     sky130_fd_sc_hd__a21oi_2       33
     sky130_fd_sc_hd__a221o_2       21
     sky130_fd_sc_hd__a221oi_2       2
     sky130_fd_sc_hd__a22o_2       120
     sky130_fd_sc_hd__a22oi_2        5
     sky130_fd_sc_hd__a2bb2o_2       2
     sky130_fd_sc_hd__a311o_2        1
     sky130_fd_sc_hd__a311oi_2       1
     sky130_fd_sc_hd__a31o_2        26
     sky130_fd_sc_hd__a31oi_2        2
     sky130_fd_sc_hd__a32o_2        18
     sky130_fd_sc_hd__and2_2       149
     sky130_fd_sc_hd__and2b_2        4
     sky130_fd_sc_hd__and3_2        28
     sky130_fd_sc_hd__and3b_2        8
     sky130_fd_sc_hd__and4_2        11
     sky130_fd_sc_hd__and4b_2        2
     sky130_fd_sc_hd__and4bb_2       2
     sky130_fd_sc_hd__buf_1        242
     sky130_fd_sc_hd__buf_2          2
     sky130_fd_sc_hd__buf_4          1
     sky130_fd_sc_hd__dfrtp_2      164
     sky130_fd_sc_hd__dfxtp_2       39
     sky130_fd_sc_hd__inv_2        191
     sky130_fd_sc_hd__mux2_2       155
     sky130_fd_sc_hd__nand2_2       65
     sky130_fd_sc_hd__nand3_2       12
     sky130_fd_sc_hd__nand3b_2       2
     sky130_fd_sc_hd__nand4_2        1
     sky130_fd_sc_hd__nor2_2        90
     sky130_fd_sc_hd__nor3_2         3
     sky130_fd_sc_hd__nor3b_2        2
     sky130_fd_sc_hd__nor4_2         6
     sky130_fd_sc_hd__nor4b_2        1
     sky130_fd_sc_hd__o211a_2       10
     sky130_fd_sc_hd__o211ai_2       5
     sky130_fd_sc_hd__o21a_2        10
     sky130_fd_sc_hd__o21ai_2       22
     sky130_fd_sc_hd__o21ba_2        2
     sky130_fd_sc_hd__o21bai_2       3
     sky130_fd_sc_hd__o221a_2        1
     sky130_fd_sc_hd__o221ai_2       1
     sky130_fd_sc_hd__o22a_2         2
     sky130_fd_sc_hd__o22ai_2        3
     sky130_fd_sc_hd__o2bb2a_2       1
     sky130_fd_sc_hd__o32a_2         1
     sky130_fd_sc_hd__or2_2         51
     sky130_fd_sc_hd__or2b_2        12
     sky130_fd_sc_hd__or3_2         13
     sky130_fd_sc_hd__or3_4          1
     sky130_fd_sc_hd__or3b_2         7
     sky130_fd_sc_hd__or4_2         11
     sky130_fd_sc_hd__or4b_2         1
     sky130_fd_sc_hd__or4bb_2        2
     sky130_fd_sc_hd__xnor2_2       21
     sky130_fd_sc_hd__xor2_2        23

   Chip area for module '\CPU': 16422.000000

