
===========================================================================
report_checks -unconstrained
===========================================================================
======================= Typical Corner ===================================

Startpoint: _2972_ (rising edge-triggered flip-flop clocked by clk)
Endpoint: _2992_ (rising edge-triggered flip-flop clocked by clk)
Path Group: clk
Path Type: max

Fanout     Cap    Slew   Delay    Time   Description
-----------------------------------------------------------------------------
                  0.00    0.00    0.00   clock clk (rise edge)
                          0.00    0.00   clock network delay (ideal)
                  0.00    0.00    0.00 ^ _2972_/CLK (sky130_fd_sc_hd__dfrtp_2)
     4    0.02    0.07    0.41    0.41 v _2972_/Q (sky130_fd_sc_hd__dfrtp_2)
                                         imem.address[13] (net)
                  0.07    0.00    0.41 v _1502_/A (sky130_fd_sc_hd__or4_2)
     3    0.01    0.13    0.71    1.12 v _1502_/X (sky130_fd_sc_hd__or4_2)
                                         _0382_ (net)
                  0.13    0.00    1.12 v _1506_/A_N (sky130_fd_sc_hd__and4bb_2)
     9    0.01    0.11    0.37    1.49 ^ _1506_/X (sky130_fd_sc_hd__and4bb_2)
                                         _0386_ (net)
                  0.11    0.00    1.49 ^ _1507_/B (sky130_fd_sc_hd__and2_2)
     1    0.00    0.04    0.15    1.64 ^ _1507_/X (sky130_fd_sc_hd__and2_2)
                                         _0387_ (net)
                  0.04    0.00    1.64 ^ _1508_/A (sky130_fd_sc_hd__buf_4)
     8    0.03    0.08    0.14    1.77 ^ _1508_/X (sky130_fd_sc_hd__buf_4)
                                         _0388_ (net)
                  0.08    0.00    1.77 ^ _1509_/B1 (sky130_fd_sc_hd__o21ai_2)
     4    0.01    0.07    0.06    1.84 v _1509_/Y (sky130_fd_sc_hd__o21ai_2)
                                         _0389_ (net)
                  0.07    0.00    1.84 v _1510_/A (sky130_fd_sc_hd__buf_2)
    10    0.03    0.09    0.19    2.03 v _1510_/X (sky130_fd_sc_hd__buf_2)
                                         _0390_ (net)
                  0.09    0.00    2.03 v _1700_/A (sky130_fd_sc_hd__or3_2)
     7    0.02    0.13    0.56    2.59 v _1700_/X (sky130_fd_sc_hd__or3_2)
                                         _0516_ (net)
                  0.13    0.00    2.59 v _1710_/A1 (sky130_fd_sc_hd__a21o_2)
     1    0.00    0.03    0.21    2.80 v _1710_/X (sky130_fd_sc_hd__a21o_2)
                                         _0526_ (net)
                  0.03    0.00    2.80 v _1711_/D (sky130_fd_sc_hd__or4_2)
     4    0.01    0.14    0.59    3.38 v _1711_/X (sky130_fd_sc_hd__or4_2)
                                         _0527_ (net)
                  0.14    0.00    3.38 v _1720_/A (sky130_fd_sc_hd__or4_2)
     5    0.02    0.15    0.77    4.15 v _1720_/X (sky130_fd_sc_hd__or4_2)
                                         _0536_ (net)
                  0.15    0.00    4.15 v _1726_/B (sky130_fd_sc_hd__nor4_2)
    10    0.04    0.89    0.80    4.95 ^ _1726_/Y (sky130_fd_sc_hd__nor4_2)
                                         _0542_ (net)
                  0.89    0.00    4.95 ^ _1743_/A (sky130_fd_sc_hd__nand3_2)
     4    0.02    0.26    0.26    5.20 v _1743_/Y (sky130_fd_sc_hd__nand3_2)
                                         _0559_ (net)
                  0.26    0.00    5.20 v _1749_/A (sky130_fd_sc_hd__or3_2)
     5    0.02    0.13    0.62    5.82 v _1749_/X (sky130_fd_sc_hd__or3_2)
                                         _0565_ (net)
                  0.13    0.00    5.82 v _1759_/A (sky130_fd_sc_hd__or4bb_2)
     4    0.01    0.13    0.70    6.52 v _1759_/X (sky130_fd_sc_hd__or4bb_2)
                                         _0575_ (net)
                  0.13    0.00    6.52 v _1958_/S (sky130_fd_sc_hd__mux2_2)
     3    0.02    0.09    0.35    6.87 v _1958_/X (sky130_fd_sc_hd__mux2_2)
                                         _0774_ (net)
                  0.09    0.00    6.87 v _1962_/A (sky130_fd_sc_hd__xnor2_2)
     4    0.01    0.07    0.16    7.03 v _1962_/Y (sky130_fd_sc_hd__xnor2_2)
                                         _0778_ (net)
                  0.07    0.00    7.03 v _1976_/A (sky130_fd_sc_hd__or4_2)
     2    0.00    0.10    0.66    7.70 v _1976_/X (sky130_fd_sc_hd__or4_2)
                                         _0792_ (net)
                  0.10    0.00    7.70 v _1977_/C (sky130_fd_sc_hd__or3_2)
     3    0.01    0.11    0.47    8.16 v _1977_/X (sky130_fd_sc_hd__or3_2)
                                         _0793_ (net)
                  0.11    0.00    8.16 v _2008_/A1 (sky130_fd_sc_hd__a211oi_2)
     5    0.02    0.34    0.34    8.50 ^ _2008_/Y (sky130_fd_sc_hd__a211oi_2)
                                         _0824_ (net)
                  0.34    0.00    8.50 ^ _2239_/A1 (sky130_fd_sc_hd__o21bai_2)
     3    0.01    0.09    0.14    8.64 v _2239_/Y (sky130_fd_sc_hd__o21bai_2)
                                         _1051_ (net)
                  0.09    0.00    8.64 v _2290_/A2 (sky130_fd_sc_hd__a31o_2)
     2    0.00    0.04    0.25    8.89 v _2290_/X (sky130_fd_sc_hd__a31o_2)
                                         _1101_ (net)
                  0.04    0.00    8.89 v _2662_/B2 (sky130_fd_sc_hd__a221o_2)
     1    0.00    0.05    0.34    9.23 v _2662_/X (sky130_fd_sc_hd__a221o_2)
                                         _1380_ (net)
                  0.05    0.00    9.23 v _2663_/B1 (sky130_fd_sc_hd__a31o_2)
     1    0.00    0.04    0.20    9.43 v _2663_/X (sky130_fd_sc_hd__a31o_2)
                                         _1381_ (net)
                  0.04    0.00    9.43 v _2664_/B1 (sky130_fd_sc_hd__a31o_2)
     5    0.01    0.06    0.24    9.67 v _2664_/X (sky130_fd_sc_hd__a31o_2)
                                         _1382_ (net)
                  0.06    0.00    9.67 v _2666_/A (sky130_fd_sc_hd__and2_2)
     1    0.00    0.03    0.17    9.84 v _2666_/X (sky130_fd_sc_hd__and2_2)
                                         _1384_ (net)
                  0.03    0.00    9.84 v _2667_/A (sky130_fd_sc_hd__buf_2)
    10    0.03    0.07    0.16   10.00 v _2667_/X (sky130_fd_sc_hd__buf_2)
                                         _1385_ (net)
                  0.07    0.00   10.00 v _2694_/C (sky130_fd_sc_hd__and4_2)
     2    0.00    0.04    0.23   10.23 v _2694_/X (sky130_fd_sc_hd__and4_2)
                                         _1411_ (net)
                  0.04    0.00   10.23 v _2695_/B1 (sky130_fd_sc_hd__a311o_2)
     1    0.00    0.05    0.34   10.57 v _2695_/X (sky130_fd_sc_hd__a311o_2)
                                         _0001_ (net)
                  0.05    0.00   10.57 v _2992_/D (sky130_fd_sc_hd__dfxtp_2)
                                 10.57   data arrival time

                  0.00   10.00   10.00   clock clk (rise edge)
                          0.00   10.00   clock network delay (ideal)
                          0.00   10.00   clock reconvergence pessimism
                                 10.00 ^ _2992_/CLK (sky130_fd_sc_hd__dfxtp_2)
                         -0.13    9.87   library setup time
                                  9.87   data required time
-----------------------------------------------------------------------------
                                  9.87   data required time
                                -10.57   data arrival time
-----------------------------------------------------------------------------
                                 -0.70   slack (VIOLATED)




===========================================================================
report_checks --slack_max -0.01
============================================================================
======================= Typical Corner ===================================

Startpoint: _2972_ (rising edge-triggered flip-flop clocked by clk)
Endpoint: _2992_ (rising edge-triggered flip-flop clocked by clk)
Path Group: clk
Path Type: max

Fanout     Cap    Slew   Delay    Time   Description
-----------------------------------------------------------------------------
                  0.00    0.00    0.00   clock clk (rise edge)
                          0.00    0.00   clock network delay (ideal)
                  0.00    0.00    0.00 ^ _2972_/CLK (sky130_fd_sc_hd__dfrtp_2)
     4    0.02    0.07    0.41    0.41 v _2972_/Q (sky130_fd_sc_hd__dfrtp_2)
                                         imem.address[13] (net)
                  0.07    0.00    0.41 v _1502_/A (sky130_fd_sc_hd__or4_2)
     3    0.01    0.13    0.71    1.12 v _1502_/X (sky130_fd_sc_hd__or4_2)
                                         _0382_ (net)
                  0.13    0.00    1.12 v _1506_/A_N (sky130_fd_sc_hd__and4bb_2)
     9    0.01    0.11    0.37    1.49 ^ _1506_/X (sky130_fd_sc_hd__and4bb_2)
                                         _0386_ (net)
                  0.11    0.00    1.49 ^ _1507_/B (sky130_fd_sc_hd__and2_2)
     1    0.00    0.04    0.15    1.64 ^ _1507_/X (sky130_fd_sc_hd__and2_2)
                                         _0387_ (net)
                  0.04    0.00    1.64 ^ _1508_/A (sky130_fd_sc_hd__buf_4)
     8    0.03    0.08    0.14    1.77 ^ _1508_/X (sky130_fd_sc_hd__buf_4)
                                         _0388_ (net)
                  0.08    0.00    1.77 ^ _1509_/B1 (sky130_fd_sc_hd__o21ai_2)
     4    0.01    0.07    0.06    1.84 v _1509_/Y (sky130_fd_sc_hd__o21ai_2)
                                         _0389_ (net)
                  0.07    0.00    1.84 v _1510_/A (sky130_fd_sc_hd__buf_2)
    10    0.03    0.09    0.19    2.03 v _1510_/X (sky130_fd_sc_hd__buf_2)
                                         _0390_ (net)
                  0.09    0.00    2.03 v _1700_/A (sky130_fd_sc_hd__or3_2)
     7    0.02    0.13    0.56    2.59 v _1700_/X (sky130_fd_sc_hd__or3_2)
                                         _0516_ (net)
                  0.13    0.00    2.59 v _1710_/A1 (sky130_fd_sc_hd__a21o_2)
     1    0.00    0.03    0.21    2.80 v _1710_/X (sky130_fd_sc_hd__a21o_2)
                                         _0526_ (net)
                  0.03    0.00    2.80 v _1711_/D (sky130_fd_sc_hd__or4_2)
     4    0.01    0.14    0.59    3.38 v _1711_/X (sky130_fd_sc_hd__or4_2)
                                         _0527_ (net)
                  0.14    0.00    3.38 v _1720_/A (sky130_fd_sc_hd__or4_2)
     5    0.02    0.15    0.77    4.15 v _1720_/X (sky130_fd_sc_hd__or4_2)
                                         _0536_ (net)
                  0.15    0.00    4.15 v _1726_/B (sky130_fd_sc_hd__nor4_2)
    10    0.04    0.89    0.80    4.95 ^ _1726_/Y (sky130_fd_sc_hd__nor4_2)
                                         _0542_ (net)
                  0.89    0.00    4.95 ^ _1743_/A (sky130_fd_sc_hd__nand3_2)
     4    0.02    0.26    0.26    5.20 v _1743_/Y (sky130_fd_sc_hd__nand3_2)
                                         _0559_ (net)
                  0.26    0.00    5.20 v _1749_/A (sky130_fd_sc_hd__or3_2)
     5    0.02    0.13    0.62    5.82 v _1749_/X (sky130_fd_sc_hd__or3_2)
                                         _0565_ (net)
                  0.13    0.00    5.82 v _1759_/A (sky130_fd_sc_hd__or4bb_2)
     4    0.01    0.13    0.70    6.52 v _1759_/X (sky130_fd_sc_hd__or4bb_2)
                                         _0575_ (net)
                  0.13    0.00    6.52 v _1958_/S (sky130_fd_sc_hd__mux2_2)
     3    0.02    0.09    0.35    6.87 v _1958_/X (sky130_fd_sc_hd__mux2_2)
                                         _0774_ (net)
                  0.09    0.00    6.87 v _1962_/A (sky130_fd_sc_hd__xnor2_2)
     4    0.01    0.07    0.16    7.03 v _1962_/Y (sky130_fd_sc_hd__xnor2_2)
                                         _0778_ (net)
                  0.07    0.00    7.03 v _1976_/A (sky130_fd_sc_hd__or4_2)
     2    0.00    0.10    0.66    7.70 v _1976_/X (sky130_fd_sc_hd__or4_2)
                                         _0792_ (net)
                  0.10    0.00    7.70 v _1977_/C (sky130_fd_sc_hd__or3_2)
     3    0.01    0.11    0.47    8.16 v _1977_/X (sky130_fd_sc_hd__or3_2)
                                         _0793_ (net)
                  0.11    0.00    8.16 v _2008_/A1 (sky130_fd_sc_hd__a211oi_2)
     5    0.02    0.34    0.34    8.50 ^ _2008_/Y (sky130_fd_sc_hd__a211oi_2)
                                         _0824_ (net)
                  0.34    0.00    8.50 ^ _2239_/A1 (sky130_fd_sc_hd__o21bai_2)
     3    0.01    0.09    0.14    8.64 v _2239_/Y (sky130_fd_sc_hd__o21bai_2)
                                         _1051_ (net)
                  0.09    0.00    8.64 v _2290_/A2 (sky130_fd_sc_hd__a31o_2)
     2    0.00    0.04    0.25    8.89 v _2290_/X (sky130_fd_sc_hd__a31o_2)
                                         _1101_ (net)
                  0.04    0.00    8.89 v _2662_/B2 (sky130_fd_sc_hd__a221o_2)
     1    0.00    0.05    0.34    9.23 v _2662_/X (sky130_fd_sc_hd__a221o_2)
                                         _1380_ (net)
                  0.05    0.00    9.23 v _2663_/B1 (sky130_fd_sc_hd__a31o_2)
     1    0.00    0.04    0.20    9.43 v _2663_/X (sky130_fd_sc_hd__a31o_2)
                                         _1381_ (net)
                  0.04    0.00    9.43 v _2664_/B1 (sky130_fd_sc_hd__a31o_2)
     5    0.01    0.06    0.24    9.67 v _2664_/X (sky130_fd_sc_hd__a31o_2)
                                         _1382_ (net)
                  0.06    0.00    9.67 v _2666_/A (sky130_fd_sc_hd__and2_2)
     1    0.00    0.03    0.17    9.84 v _2666_/X (sky130_fd_sc_hd__and2_2)
                                         _1384_ (net)
                  0.03    0.00    9.84 v _2667_/A (sky130_fd_sc_hd__buf_2)
    10    0.03    0.07    0.16   10.00 v _2667_/X (sky130_fd_sc_hd__buf_2)
                                         _1385_ (net)
                  0.07    0.00   10.00 v _2694_/C (sky130_fd_sc_hd__and4_2)
     2    0.00    0.04    0.23   10.23 v _2694_/X (sky130_fd_sc_hd__and4_2)
                                         _1411_ (net)
                  0.04    0.00   10.23 v _2695_/B1 (sky130_fd_sc_hd__a311o_2)
     1    0.00    0.05    0.34   10.57 v _2695_/X (sky130_fd_sc_hd__a311o_2)
                                         _0001_ (net)
                  0.05    0.00   10.57 v _2992_/D (sky130_fd_sc_hd__dfxtp_2)
                                 10.57   data arrival time

                  0.00   10.00   10.00   clock clk (rise edge)
                          0.00   10.00   clock network delay (ideal)
                          0.00   10.00   clock reconvergence pessimism
                                 10.00 ^ _2992_/CLK (sky130_fd_sc_hd__dfxtp_2)
                         -0.13    9.87   library setup time
                                  9.87   data required time
-----------------------------------------------------------------------------
                                  9.87   data required time
                                -10.57   data arrival time
-----------------------------------------------------------------------------
                                 -0.70   slack (VIOLATED)




===========================================================================
 report_check_types -max_slew -max_cap -max_fanout -violators
============================================================================
======================= Typical Corner ===================================


max slew violations count Typical: 0
max fanout violations count Typical: 0
max cap violations count Typical: 0

===========================================================================
report_parasitic_annotation -report_unannotated
============================================================================
Found 1686 unannotated drivers.
 clk
 control
 reset
 _1480_/X
 _1481_/X
 _1482_/X
 _1483_/X
 _1484_/X
 _1485_/X
 _1486_/X
 _1487_/X
 _1488_/X
 _1489_/X
 _1490_/X
 _1491_/X
 _1492_/X
 _1493_/X
 _1494_/X
 _1495_/X
 _1496_/X
 _1497_/Y
 _1498_/X
 _1499_/Y
 _1500_/X
 _1501_/Y
 _1502_/X
 _1503_/X
 _1504_/Y
 _1505_/Y
 _1506_/X
 _1507_/X
 _1508_/X
 _1509_/Y
 _1510_/X
 _1511_/X
 _1512_/X
 _1513_/X
 _1514_/X
 _1515_/X
 _1516_/X
 _1517_/X
 _1518_/X
 _1519_/X
 _1520_/X
 _1521_/X
 _1522_/X
 _1523_/X
 _1524_/X
 _1525_/X
 _1526_/X
 _1527_/X
 _1528_/X
 _1529_/X
 _1530_/X
 _1531_/X
 _1532_/X
 _1533_/X
 _1534_/X
 _1535_/X
 _1536_/X
 _1537_/X
 _1538_/X
 _1539_/X
 _1540_/X
 _1541_/X
 _1542_/X
 _1543_/X
 _1544_/X
 _1545_/X
 _1546_/X
 _1547_/X
 _1548_/X
 _1549_/X
 _1550_/X
 _1551_/X
 _1552_/X
 _1553_/X
 _1554_/X
 _1555_/X
 _1556_/X
 _1557_/X
 _1558_/X
 _1559_/X
 _1560_/X
 _1561_/X
 _1562_/X
 _1563_/X
 _1564_/X
 _1565_/X
 _1566_/X
 _1567_/X
 _1568_/X
 _1569_/X
 _1570_/X
 _1571_/X
 _1572_/X
 _1573_/X
 _1574_/X
 _1575_/X
 _1576_/X
 _1577_/X
 _1578_/X
 _1579_/X
 _1580_/X
 _1581_/X
 _1582_/X
 _1583_/X
 _1584_/X
 _1585_/X
 _1586_/X
 _1587_/X
 _1588_/X
 _1589_/X
 _1590_/X
 _1591_/X
 _1592_/X
 _1593_/X
 _1594_/X
 _1595_/X
 _1596_/X
 _1597_/X
 _1598_/X
 _1599_/X
 _1600_/X
 _1601_/X
 _1602_/X
 _1603_/X
 _1604_/X
 _1605_/X
 _1606_/X
 _1607_/X
 _1608_/X
 _1609_/X
 _1610_/X
 _1611_/X
 _1612_/X
 _1613_/X
 _1614_/X
 _1615_/X
 _1616_/X
 _1617_/X
 _1618_/X
 _1619_/X
 _1620_/X
 _1621_/X
 _1622_/X
 _1623_/X
 _1624_/X
 _1625_/X
 _1626_/X
 _1627_/X
 _1628_/X
 _1629_/X
 _1630_/X
 _1631_/X
 _1632_/X
 _1633_/X
 _1634_/X
 _1635_/X
 _1636_/X
 _1637_/X
 _1638_/X
 _1639_/X
 _1640_/X
 _1641_/X
 _1642_/X
 _1643_/X
 _1644_/X
 _1645_/X
 _1646_/X
 _1647_/X
 _1648_/Y
 _1649_/Y
 _1650_/X
 _1651_/X
 _1652_/X
 _1653_/Y
 _1654_/X
 _1655_/X
 _1656_/X
 _1657_/Y
 _1658_/X
 _1659_/X
 _1660_/X
 _1661_/X
 _1662_/X
 _1663_/Y
 _1664_/X
 _1665_/X
 _1666_/Y
 _1667_/X
 _1668_/X
 _1669_/X
 _1670_/X
 _1671_/X
 _1672_/X
 _1673_/Y
 _1674_/X
 _1675_/Y
 _1676_/X
 _1677_/X
 _1678_/X
 _1679_/X
 _1680_/X
 _1681_/X
 _1682_/X
 _1683_/X
 _1684_/X
 _1685_/Y
 _1686_/X
 _1687_/Y
 _1688_/X
 _1689_/Y
 _1690_/Y
 _1691_/X
 _1692_/X
 _1693_/X
 _1694_/Y
 _1695_/X
 _1696_/X
 _1697_/X
 _1698_/X
 _1699_/X
 _1700_/X
 _1701_/Y
 _1702_/X
 _1703_/X
 _1704_/X
 _1705_/X
 _1706_/X
 _1707_/X
 _1708_/X
 _1709_/X
 _1710_/X
 _1711_/X
 _1712_/X
 _1713_/X
 _1714_/X
 _1715_/X
 _1716_/X
 _1717_/X
 _1718_/X
 _1719_/X
 _1720_/X
 _1721_/X
 _1722_/X
 _1723_/X
 _1724_/X
 _1725_/X
 _1726_/Y
 _1727_/X
 _1728_/Y
 _1729_/X
 _1730_/Y
 _1731_/X
 _1732_/Y
 _1733_/X
 _1734_/Y
 _1735_/X
 _1736_/X
 _1737_/X
 _1738_/Y
 _1739_/X
 _1740_/X
 _1741_/Y
 _1742_/X
 _1743_/Y
 _1744_/X
 _1745_/Y
 _1746_/Y
 _1747_/X
 _1748_/X
 _1749_/X
 _1750_/X
 _1751_/X
 _1752_/X
 _1753_/X
 _1754_/X
 _1755_/X
 _1756_/Y
 _1757_/X
 _1758_/Y
 _1759_/X
 _1760_/X
 _1761_/X
 _1762_/X
 _1763_/X
 _1764_/X
 _1765_/X
 _1766_/X
 _1767_/X
 _1768_/X
 _1769_/Y
 _1770_/Y
 _1771_/X
 _1772_/X
 _1773_/X
 _1774_/X
 _1775_/X
 _1776_/X
 _1777_/X
 _1778_/X
 _1779_/X
 _1780_/Y
 _1781_/Y
 _1782_/X
 _1783_/Y
 _1784_/Y
 _1785_/X
 _1786_/X
 _1787_/X
 _1788_/X
 _1789_/X
 _1790_/Y
 _1791_/Y
 _1792_/X
 _1793_/X
 _1794_/X
 _1795_/X
 _1796_/Y
 _1797_/Y
 _1798_/Y
 _1799_/X
 _1800_/Y
 _1801_/Y
 _1802_/X
 _1803_/X
 _1804_/X
 _1805_/X
 _1806_/X
 _1807_/X
 _1808_/X
 _1809_/Y
 _1810_/X
 _1811_/Y
 _1812_/X
 _1813_/X
 _1814_/Y
 _1815_/X
 _1816_/X
 _1817_/Y
 _1818_/X
 _1819_/X
 _1820_/Y
 _1821_/X
 _1822_/Y
 _1823_/Y
 _1824_/X
 _1825_/X
 _1826_/X
 _1827_/X
 _1828_/Y
 _1829_/X
 _1830_/X
 _1831_/X
 _1832_/X
 _1833_/X
 _1834_/X
 _1835_/X
 _1836_/Y
 _1837_/X
 _1838_/X
 _1839_/X
 _1840_/Y
 _1841_/X
 _1842_/Y
 _1843_/Y
 _1844_/Y
 _1845_/X
 _1846_/Y
 _1847_/X
 _1848_/Y
 _1849_/Y
 _1850_/Y
 _1851_/Y
 _1852_/X
 _1853_/X
 _1854_/Y
 _1855_/Y
 _1856_/X
 _1857_/Y
 _1858_/X
 _1859_/Y
 _1860_/X
 _1861_/Y
 _1862_/X
 _1863_/X
 _1864_/Y
 _1865_/X
 _1866_/Y
 _1867_/X
 _1868_/Y
 _1869_/Y
 _1870_/X
 _1871_/X
 _1872_/Y
 _1873_/Y
 _1874_/X
 _1875_/X
 _1876_/Y
 _1877_/Y
 _1878_/Y
 _1879_/X
 _1880_/X
 _1881_/X
 _1882_/X
 _1883_/X
 _1884_/Y
 _1885_/X
 _1886_/X
 _1887_/Y
 _1888_/X
 _1889_/Y
 _1890_/X
 _1891_/X
 _1892_/X
 _1893_/X
 _1894_/Y
 _1895_/Y
 _1896_/X
 _1897_/X
 _1898_/X
 _1899_/Y
 _1900_/Y
 _1901_/X
 _1902_/Y
 _1903_/X
 _1904_/X
 _1905_/X
 _1906_/X
 _1907_/Y
 _1908_/X
 _1909_/X
 _1910_/X
 _1911_/Y
 _1912_/Y
 _1913_/X
 _1914_/Y
 _1915_/Y
 _1916_/X
 _1917_/Y
 _1918_/X
 _1919_/X
 _1920_/X
 _1921_/X
 _1922_/Y
 _1923_/Y
 _1924_/X
 _1925_/X
 _1926_/X
 _1927_/X
 _1928_/X
 _1929_/X
 _1930_/X
 _1931_/X
 _1932_/X
 _1933_/X
 _1934_/Y
 _1935_/X
 _1936_/Y
 _1937_/Y
 _1938_/Y
 _1939_/X
 _1940_/Y
 _1941_/Y
 _1942_/X
 _1943_/X
 _1944_/X
 _1945_/Y
 _1946_/Y
 _1947_/X
 _1948_/Y
 _1949_/X
 _1950_/Y
 _1951_/X
 _1952_/Y
 _1953_/X
 _1954_/Y
 _1955_/Y
 _1956_/Y
 _1957_/X
 _1958_/X
 _1959_/X
 _1960_/X
 _1961_/X
 _1962_/Y
 _1963_/Y
 _1964_/Y
 _1965_/X
 _1966_/Y
 _1967_/Y
 _1968_/X
 _1969_/X
 _1970_/Y
 _1971_/Y
 _1972_/Y
 _1973_/Y
 _1974_/X
 _1975_/Y
 _1976_/X
 _1977_/X
 _1978_/X
 _1979_/Y
 _1980_/X
 _1981_/Y
 _1982_/Y
 _1983_/X
 _1984_/Y
 _1985_/X
 _1986_/X
 _1987_/Y
 _1988_/Y
 _1989_/X
 _1990_/X
 _1991_/X
 _1992_/X
 _1993_/X
 _1994_/X
 _1995_/X
 _1996_/X
 _1997_/X
 _1998_/X
 _1999_/Y
 _2000_/Y
 _2001_/X
 _2002_/Y
 _2003_/Y
 _2004_/X
 _2005_/X
 _2006_/Y
 _2007_/Y
 _2008_/Y
 _2009_/Y
 _2010_/Y
 _2011_/X
 _2012_/X
 _2013_/X
 _2014_/Y
 _2015_/X
 _2016_/Y
 _2017_/X
 _2018_/Y
 _2019_/Y
 _2020_/X
 _2021_/Y
 _2022_/X
 _2023_/Y
 _2024_/Y
 _2025_/X
 _2026_/X
 _2027_/X
 _2028_/X
 _2029_/X
 _2030_/X
 _2031_/Y
 _2032_/Y
 _2033_/X
 _2034_/X
 _2035_/Y
 _2036_/X
 _2037_/X
 _2038_/Y
 _2039_/X
 _2040_/X
 _2041_/X
 _2042_/X
 _2043_/X
 _2044_/Y
 _2045_/Y
 _2046_/Y
 _2047_/Y
 _2048_/X
 _2049_/Y
 _2050_/X
 _2051_/X
 _2052_/X
 _2053_/X
 _2054_/X
 _2055_/X
 _2056_/X
 _2057_/X
 _2058_/X
 _2059_/X
 _2060_/X
 _2061_/X
 _2062_/X
 _2063_/X
 _2064_/X
 _2065_/Y
 _2066_/X
 _2067_/X
 _2068_/X
 _2069_/X
 _2070_/X
 _2071_/X
 _2072_/X
 _2073_/X
 _2074_/X
 _2075_/X
 _2076_/X
 _2077_/X
 _2078_/X
 _2079_/X
 _2080_/X
 _2081_/X
 _2082_/X
 _2083_/X
 _2084_/X
 _2085_/X
 _2086_/X
 _2087_/X
 _2088_/X
 _2089_/X
 _2090_/X
 _2091_/X
 _2092_/X
 _2093_/X
 _2094_/X
 _2095_/X
 _2096_/X
 _2097_/X
 _2098_/X
 _2099_/X
 _2100_/X
 _2101_/X
 _2102_/X
 _2103_/X
 _2104_/X
 _2105_/X
 _2106_/X
 _2107_/X
 _2108_/X
 _2109_/Y
 _2110_/X
 _2111_/X
 _2112_/X
 _2113_/X
 _2114_/X
 _2115_/X
 _2116_/Y
 _2117_/X
 _2118_/X
 _2119_/X
 _2120_/Y
 _2121_/X
 _2122_/X
 _2123_/Y
 _2124_/X
 _2125_/X
 _2126_/X
 _2127_/X
 _2128_/X
 _2129_/X
 _2130_/X
 _2131_/X
 _2132_/X
 _2133_/X
 _2134_/X
 _2135_/X
 _2136_/X
 _2137_/X
 _2138_/X
 _2139_/X
 _2140_/X
 _2141_/X
 _2142_/X
 _2143_/X
 _2144_/X
 _2145_/X
 _2146_/X
 _2147_/X
 _2148_/X
 _2149_/X
 _2150_/X
 _2151_/Y
 _2152_/X
 _2153_/Y
 _2154_/X
 _2155_/Y
 _2156_/X
 _2157_/X
 _2158_/X
 _2159_/X
 _2160_/X
 _2161_/X
 _2162_/X
 _2163_/X
 _2164_/X
 _2165_/Y
 _2166_/Y
 _2167_/X
 _2168_/X
 _2169_/X
 _2170_/X
 _2171_/X
 _2172_/X
 _2173_/X
 _2174_/X
 _2175_/X
 _2176_/X
 _2177_/X
 _2178_/X
 _2179_/X
 _2180_/X
 _2181_/X
 _2182_/X
 _2183_/X
 _2184_/X
 _2185_/X
 _2186_/X
 _2187_/X
 _2188_/X
 _2189_/X
 _2190_/X
 _2191_/X
 _2192_/X
 _2193_/X
 _2194_/X
 _2195_/X
 _2196_/X
 _2197_/X
 _2198_/X
 _2199_/X
 _2200_/X
 _2201_/X
 _2202_/X
 _2203_/X
 _2204_/Y
 _2205_/X
 _2206_/Y
 _2207_/X
 _2208_/X
 _2209_/X
 _2210_/X
 _2211_/X
 _2212_/Y
 _2213_/Y
 _2214_/X
 _2215_/X
 _2216_/X
 _2217_/Y
 _2218_/Y
 _2219_/X
 _2220_/X
 _2221_/X
 _2222_/X
 _2223_/Y
 _2224_/Y
 _2225_/Y
 _2226_/Y
 _2227_/X
 _2228_/X
 _2229_/X
 _2230_/X
 _2231_/X
 _2232_/X
 _2233_/X
 _2234_/X
 _2235_/X
 _2236_/X
 _2237_/X
 _2238_/Y
 _2239_/Y
 _2240_/Y
 _2241_/X
 _2242_/X
 _2243_/X
 _2244_/Y
 _2245_/X
 _2246_/X
 _2247_/X
 _2248_/X
 _2249_/X
 _2250_/X
 _2251_/X
 _2252_/X
 _2253_/X
 _2254_/X
 _2255_/X
 _2256_/X
 _2257_/X
 _2258_/X
 _2259_/X
 _2260_/X
 _2261_/X
 _2262_/X
 _2263_/X
 _2264_/X
 _2265_/X
 _2266_/X
 _2267_/X
 _2268_/X
 _2269_/X
 _2270_/X
 _2271_/X
 _2272_/X
 _2273_/X
 _2274_/X
 _2275_/X
 _2276_/X
 _2277_/X
 _2278_/X
 _2279_/X
 _2280_/X
 _2281_/X
 _2282_/X
 _2283_/X
 _2284_/X
 _2285_/X
 _2286_/X
 _2287_/Y
 _2288_/X
 _2289_/X
 _2290_/X
 _2291_/X
 _2292_/X
 _2293_/X
 _2294_/X
 _2295_/Y
 _2296_/X
 _2297_/X
 _2298_/X
 _2299_/X
 _2300_/X
 _2301_/X
 _2302_/X
 _2303_/X
 _2304_/X
 _2305_/X
 _2306_/Y
 _2307_/X
 _2308_/Y
 _2309_/X
 _2310_/X
 _2311_/X
 _2312_/X
 _2313_/X
 _2314_/X
 _2315_/X
 _2316_/X
 _2317_/X
 _2318_/Y
 _2319_/Y
 _2320_/X
 _2321_/X
 _2322_/X
 _2323_/X
 _2324_/Y
 _2325_/Y
 _2326_/Y
 _2327_/Y
 _2328_/X
 _2329_/X
 _2330_/Y
 _2331_/Y
 _2332_/X
 _2333_/X
 _2334_/X
 _2335_/X
 _2336_/X
 _2337_/X
 _2338_/X
 _2339_/X
 _2340_/Y
 _2341_/X
 _2342_/X
 _2343_/X
 _2344_/X
 _2345_/X
 _2346_/Y
 _2347_/X
 _2348_/Y
 _2349_/X
 _2350_/X
 _2351_/X
 _2352_/X
 _2353_/X
 _2354_/X
 _2355_/X
 _2356_/Y
 _2357_/X
 _2358_/X
 _2359_/X
 _2360_/X
 _2361_/X
 _2362_/X
 _2363_/X
 _2364_/X
 _2365_/Y
 _2366_/X
 _2367_/X
 _2368_/X
 _2369_/X
 _2370_/X
 _2371_/X
 _2372_/X
 _2373_/X
 _2374_/X
 _2375_/X
 _2376_/Y
 _2377_/Y
 _2378_/X
 _2379_/X
 _2380_/X
 _2381_/X
 _2382_/X
 _2383_/Y
 _2384_/Y
 _2385_/X
 _2386_/X
 _2387_/X
 _2388_/X
 _2389_/Y
 _2390_/X
 _2391_/X
 _2392_/Y
 _2393_/X
 _2394_/Y
 _2395_/Y
 _2396_/X
 _2397_/X
 _2398_/X
 _2399_/X
 _2400_/X
 _2401_/X
 _2402_/X
 _2403_/X
 _2404_/X
 _2405_/X
 _2406_/X
 _2407_/Y
 _2408_/X
 _2409_/X
 _2410_/X
 _2411_/X
 _2412_/X
 _2413_/X
 _2414_/Y
 _2415_/X
 _2416_/X
 _2417_/X
 _2418_/X
 _2419_/X
 _2420_/X
 _2421_/X
 _2422_/X
 _2423_/X
 _2424_/Y
 _2425_/X
 _2426_/X
 _2427_/X
 _2428_/X
 _2429_/X
 _2430_/Y
 _2431_/Y
 _2432_/X
 _2433_/Y
 _2434_/X
 _2435_/X
 _2436_/X
 _2437_/X
 _2438_/X
 _2439_/X
 _2440_/X
 _2441_/X
 _2442_/X
 _2443_/X
 _2444_/X
 _2445_/Y
 _2446_/X
 _2447_/X
 _2448_/X
 _2449_/X
 _2450_/X
 _2451_/X
 _2452_/Y
 _2453_/X
 _2454_/X
 _2455_/X
 _2456_/X
 _2457_/Y
 _2458_/X
 _2459_/X
 _2460_/X
 _2461_/X
 _2462_/Y
 _2463_/X
 _2464_/X
 _2465_/X
 _2466_/X
 _2467_/X
 _2468_/X
 _2469_/Y
 _2470_/X
 _2471_/X
 _2472_/X
 _2473_/Y
 _2474_/X
 _2475_/X
 _2476_/X
 _2477_/X
 _2478_/X
 _2479_/X
 _2480_/X
 _2481_/Y
 _2482_/Y
 _2483_/Y
 _2484_/X
 _2485_/X
 _2486_/X
 _2487_/X
 _2488_/X
 _2489_/Y
 _2490_/Y
 _2491_/X
 _2492_/X
 _2493_/X
 _2494_/Y
 _2495_/X
 _2496_/X
 _2497_/X
 _2498_/Y
 _2499_/X
 _2500_/X
 _2501_/X
 _2502_/X
 _2503_/X
 _2504_/X
 _2505_/X
 _2506_/X
 _2507_/X
 _2508_/X
 _2509_/X
 _2510_/X
 _2511_/X
 _2512_/X
 _2513_/X
 _2514_/X
 _2515_/X
 _2516_/X
 _2517_/X
 _2518_/X
 _2519_/X
 _2520_/X
 _2521_/X
 _2522_/X
 _2523_/X
 _2524_/X
 _2525_/X
 _2526_/X
 _2527_/X
 _2528_/X
 _2529_/X
 _2530_/X
 _2531_/X
 _2532_/X
 _2533_/X
 _2534_/X
 _2535_/X
 _2536_/X
 _2537_/X
 _2538_/X
 _2539_/X
 _2540_/X
 _2541_/X
 _2542_/X
 _2543_/X
 _2544_/X
 _2545_/X
 _2546_/X
 _2547_/X
 _2548_/X
 _2549_/X
 _2550_/X
 _2551_/X
 _2552_/X
 _2553_/X
 _2554_/X
 _2555_/X
 _2556_/X
 _2557_/X
 _2558_/X
 _2559_/X
 _2560_/X
 _2561_/X
 _2562_/X
 _2563_/X
 _2564_/X
 _2565_/X
 _2566_/X
 _2567_/X
 _2568_/X
 _2569_/X
 _2570_/X
 _2571_/X
 _2572_/X
 _2573_/X
 _2574_/X
 _2575_/X
 _2576_/X
 _2577_/X
 _2578_/X
 _2579_/X
 _2580_/X
 _2581_/X
 _2582_/X
 _2583_/X
 _2584_/X
 _2585_/X
 _2586_/Y
 _2587_/Y
 _2588_/X
 _2589_/X
 _2590_/X
 _2591_/Y
 _2592_/Y
 _2593_/X
 _2594_/Y
 _2595_/Y
 _2596_/Y
 _2597_/Y
 _2598_/X
 _2599_/Y
 _2600_/Y
 _2601_/Y
 _2602_/Y
 _2603_/X
 _2604_/Y
 _2605_/Y
 _2606_/Y
 _2607_/Y
 _2608_/X
 _2609_/Y
 _2610_/Y
 _2611_/Y
 _2612_/Y
 _2613_/X
 _2614_/Y
 _2615_/Y
 _2616_/Y
 _2617_/Y
 _2618_/X
 _2619_/Y
 _2620_/Y
 _2621_/Y
 _2622_/Y
 _2623_/X
 _2624_/Y
 _2625_/Y
 _2626_/Y
 _2627_/Y
 _2628_/X
 _2629_/Y
 _2630_/Y
 _2631_/Y
 _2632_/Y
 _2633_/X
 _2634_/Y
 _2635_/Y
 _2636_/Y
 _2637_/Y
 _2638_/X
 _2639_/X
 _2640_/Y
 _2641_/Y
 _2642_/Y
 _2643_/Y
 _2644_/Y
 _2645_/Y
 _2646_/Y
 _2647_/X
 _2648_/X
 _2649_/Y
 _2650_/Y
 _2651_/X
 _2652_/X
 _2653_/X
 _2654_/X
 _2655_/X
 _2656_/X
 _2657_/Y
 _2658_/X
 _2659_/Y
 _2660_/X
 _2661_/X
 _2662_/X
 _2663_/X
 _2664_/X
 _2665_/X
 _2666_/X
 _2667_/X
 _2668_/Y
 _2669_/X
 _2670_/X
 _2671_/X
 _2672_/X
 _2673_/X
 _2674_/X
 _2675_/Y
 _2676_/Y
 _2677_/X
 _2678_/X
 _2679_/X
 _2680_/X
 _2681_/X
 _2682_/X
 _2683_/X
 _2684_/Y
 _2685_/Y
 _2686_/X
 _2687_/Y
 _2688_/X
 _2689_/X
 _2690_/X
 _2691_/X
 _2692_/Y
 _2693_/X
 _2694_/X
 _2695_/X
 _2696_/Y
 _2697_/X
 _2698_/Y
 _2699_/X
 _2700_/Y
 _2701_/Y
 _2702_/X
 _2703_/X
 _2704_/X
 _2705_/X
 _2706_/Y
 _2707_/X
 _2708_/Y
 _2709_/X
 _2710_/X
 _2711_/Y
 _2712_/Y
 _2713_/Y
 _2714_/Y
 _2715_/X
 _2716_/X
 _2717_/Y
 _2718_/Y
 _2719_/X
 _2720_/Y
 _2721_/Y
 _2722_/X
 _2723_/X
 _2724_/Y
 _2725_/Y
 _2726_/X
 _2727_/Y
 _2728_/Y
 _2729_/X
 _2730_/X
 _2731_/Y
 _2732_/Y
 _2733_/X
 _2734_/Y
 _2735_/Y
 _2736_/X
 _2737_/X
 _2738_/Y
 _2739_/Y
 _2740_/X
 _2741_/Y
 _2742_/Y
 _2743_/X
 _2744_/X
 _2745_/Y
 _2746_/Y
 _2747_/X
 _2748_/Y
 _2749_/Y
 _2750_/X
 _2751_/X
 _2752_/Y
 _2753_/Y
 _2754_/X
 _2755_/Y
 _2756_/Y
 _2757_/Y
 _2758_/X
 _2759_/X
 _2760_/X
 _2761_/Y
 _2762_/X
 _2763_/X
 _2764_/X
 _2765_/Y
 _2766_/Y
 _2767_/Y
 _2768_/Y
 _2769_/Y
 _2770_/Y
 _2771_/Y
 _2772_/Y
 _2773_/Y
 _2774_/Y
 _2775_/X
 _2776_/Y
 _2777_/Y
 _2778_/Y
 _2779_/Y
 _2780_/Y
 _2781_/Y
 _2782_/Y
 _2783_/Y
 _2784_/Y
 _2785_/Y
 _2786_/X
 _2787_/Y
 _2788_/Y
 _2789_/Y
 _2790_/Y
 _2791_/Y
 _2792_/Y
 _2793_/Y
 _2794_/Y
 _2795_/Y
 _2796_/Y
 _2797_/X
 _2798_/Y
 _2799_/Y
 _2800_/Y
 _2801_/Y
 _2802_/Y
 _2803_/Y
 _2804_/Y
 _2805_/Y
 _2806_/Y
 _2807_/Y
 _2808_/X
 _2809_/Y
 _2810_/Y
 _2811_/Y
 _2812_/Y
 _2813_/Y
 _2814_/Y
 _2815_/Y
 _2816_/Y
 _2817_/Y
 _2818_/Y
 _2819_/X
 _2820_/Y
 _2821_/Y
 _2822_/Y
 _2823_/Y
 _2824_/Y
 _2825_/Y
 _2826_/Y
 _2827_/Y
 _2828_/Y
 _2829_/Y
 _2830_/X
 _2831_/Y
 _2832_/Y
 _2833_/X
 _2834_/X
 _2835_/Y
 _2836_/Y
 _2837_/X
 _2838_/Y
 _2839_/Y
 _2840_/Y
 _2841_/Y
 _2842_/Y
 _2843_/Y
 _2844_/Y
 _2845_/Y
 _2846_/Y
 _2847_/Y
 _2848_/X
 _2849_/Y
 _2850_/Y
 _2851_/Y
 _2852_/Y
 _2853_/Y
 _2854_/Y
 _2855_/Y
 _2856_/Y
 _2857_/Y
 _2858_/Y
 _2859_/X
 _2860_/X
 _2861_/Y
 _2862_/Y
 _2863_/Y
 _2864_/Y
 _2865_/Y
 _2866_/Y
 _2867_/Y
 _2868_/Y
 _2869_/Y
 _2870_/Y
 _2871_/X
 _2872_/Y
 _2873_/Y
 _2874_/Y
 _2875_/Y
 _2876_/Y
 _2877_/Y
 _2878_/Y
 _2879_/Y
 _2880_/Y
 _2881_/Y
 _2882_/X
 _2883_/Y
 _2884_/Y
 _2885_/Y
 _2886_/Y
 _2887_/Y
 _2888_/Y
 _2889_/Y
 _2890_/Y
 _2891_/Y
 _2892_/Y
 _2893_/X
 _2894_/Y
 _2895_/Y
 _2896_/Y
 _2897_/Y
 _2898_/Y
 _2899_/Y
 _2900_/Y
 _2901_/Y
 _2902_/Y
 _2903_/Y
 _2904_/X
 _2905_/Y
 _2906_/Y
 _2907_/X
 _2908_/X
 _2909_/Y
 _2910_/Y
 _2911_/Y
 _2912_/Y
 _2913_/Y
 _2914_/Y
 _2915_/Y
 _2916_/Y
 _2917_/Y
 _2918_/Y
 _2919_/X
 _2920_/Y
 _2921_/Y
 _2922_/Y
 _2923_/Y
 _2924_/Y
 _2925_/Y
 _2926_/Y
 _2927_/Y
 _2928_/Y
 _2929_/Y
 _2930_/X
 _2931_/Y
 _2932_/Y
 _2933_/Y
 _2934_/Y
 _2935_/Y
 _2936_/Y
 _2937_/Y
 _2938_/Y
 _2939_/Y
 _2940_/Y
 _2941_/X
 _2942_/X
 _2943_/Y
 _2944_/Y
 _2945_/X
 _2946_/Y
 _2947_/Y
 _2948_/Y
 _2949_/X
 _2950_/Y
 _2951_/X
 _2952_/Y
 _2953_/Y
 _2954_/Y
 _2955_/X
 _2956_/X
 _2957_/Y
 _2958_/X
 _2959_/X
 _2960_/Q
 _2961_/Q
 _2962_/Q
 _2963_/Q
 _2964_/Q
 _2965_/Q
 _2966_/Q
 _2967_/Q
 _2968_/Q
 _2969_/Q
 _2970_/Q
 _2971_/Q
 _2972_/Q
 _2973_/Q
 _2974_/Q
 _2975_/Q
 _2976_/Q
 _2977_/Q
 _2978_/Q
 _2979_/Q
 _2980_/Q
 _2981_/Q
 _2982_/Q
 _2983_/Q
 _2984_/Q
 _2985_/Q
 _2986_/Q
 _2987_/Q
 _2988_/Q
 _2989_/Q
 _2990_/Q
 _2991_/Q
 _2992_/Q
 _2993_/Q
 _2994_/Q
 _2995_/Q
 _2996_/Q
 _2997_/Q
 _2998_/Q
 _2999_/Q
 _3000_/Q
 _3001_/Q
 _3002_/Q
 _3003_/Q
 _3004_/Q
 _3005_/Q
 _3006_/Q
 _3007_/Q
 _3008_/Q
 _3009_/Q
 _3010_/Q
 _3011_/Q
 _3012_/Q
 _3013_/Q
 _3014_/Q
 _3015_/Q
 _3016_/Q
 _3017_/Q
 _3018_/Q
 _3019_/Q
 _3020_/Q
 _3021_/Q
 _3022_/Q
 _3023_/Q
 _3024_/Q
 _3025_/Q
 _3026_/Q
 _3027_/Q
 _3028_/Q
 _3029_/Q
 _3030_/Q
 _3031_/Q
 _3032_/Q
 _3033_/Q
 _3034_/Q
 _3035_/Q
 _3036_/Q
 _3037_/Q
 _3038_/Q
 _3039_/Q
 _3040_/Q
 _3041_/Q
 _3042_/Q
 _3043_/Q
 _3044_/Q
 _3045_/Q
 _3046_/Q
 _3047_/Q
 _3048_/Q
 _3049_/Q
 _3050_/Q
 _3051_/Q
 _3052_/Q
 _3053_/Q
 _3054_/Q
 _3055_/Q
 _3056_/Q
 _3057_/Q
 _3058_/Q
 _3059_/Q
 _3060_/Q
 _3061_/Q
 _3062_/Q
 _3063_/Q
 _3064_/Q
 _3065_/Q
 _3066_/Q
 _3067_/Q
 _3068_/Q
 _3069_/Q
 _3070_/Q
 _3071_/Q
 _3072_/Q
 _3073_/Q
 _3074_/Q
 _3075_/Q
 _3076_/Q
 _3077_/Q
 _3078_/Q
 _3079_/Q
 _3080_/Q
 _3081_/Q
 _3082_/Q
 _3083_/Q
 _3084_/Q
 _3085_/Q
 _3086_/Q
 _3087_/Q
 _3088_/Q
 _3089_/Q
 _3090_/Q
 _3091_/Q
 _3092_/Q
 _3093_/Q
 _3094_/Q
 _3095_/Q
 _3096_/Q
 _3097_/Q
 _3098_/Q
 _3099_/Q
 _3100_/Q
 _3101_/Q
 _3102_/Q
 _3103_/Q
 _3104_/Q
 _3105_/Q
 _3106_/Q
 _3107_/Q
 _3108_/Q
 _3109_/Q
 _3110_/Q
 _3111_/Q
 _3112_/Q
 _3113_/Q
 _3114_/Q
 _3115_/Q
 _3116_/Q
 _3117_/Q
 _3118_/Q
 _3119_/Q
 _3120_/Q
 _3121_/Q
 _3122_/Q
 _3123_/Q
 _3124_/Q
 _3125_/Q
 _3126_/Q
 _3127_/Q
 _3128_/Q
 _3129_/Q
 _3130_/Q
 _3131_/Q
 _3132_/Q
 _3133_/Q
 _3134_/Q
 _3135_/Q
 _3136_/Q
 _3137_/Q
 _3138_/Q
 _3139_/Q
 _3140_/Q
 _3141_/Q
 _3142_/Q
 _3143_/Q
 _3144_/Q
 _3145_/Q
 _3146_/Q
 _3147_/Q
 _3148_/Q
 _3149_/Q
 _3150_/Q
 _3151_/Q
 _3152_/Q
 _3153_/Q
 _3154_/Q
 _3155_/Q
 _3156_/Q
 _3157_/Q
 _3158_/Q
 _3159_/Q
 _3160_/Q
 _3161_/Q
 _3162_/Q
Found 0 partially unannotated drivers.

===========================================================================
max slew violation count 0
max fanout violation count 0
max cap violation count 0
============================================================================

===========================================================================
check_setup -verbose -unconstrained_endpoints -multiple_clock -no_clock -no_input_delay -loops -generated_clocks
===========================================================================
Warning: There are 2 input ports missing set_input_delay.
  control
  reset
Warning: There is 1 unconstrained endpoint.
  _2960_/D
