
===========================================================================
report_checks -unconstrained
===========================================================================
======================= Fastest Corner ===================================

Startpoint: _9512_ (rising edge-triggered flip-flop clocked by core_clock)
Endpoint: _9512_ (rising edge-triggered flip-flop clocked by core_clock)
Path Group: core_clock
Path Type: max
Corner: Fastest

Fanout     Cap    Slew   Delay    Time   Description
-----------------------------------------------------------------------------
                          0.00    0.00   clock core_clock (rise edge)
                          0.00    0.00   clock source latency
     2    0.05    0.00    0.00    0.00 ^ clk (in)
                                         clk (net)
                  0.00    0.00    0.00 ^ clkbuf_0_clk/A (sky130_fd_sc_hd__clkbuf_16)
    33    0.25    0.20    0.20    0.20 ^ clkbuf_0_clk/X (sky130_fd_sc_hd__clkbuf_16)
                                         clknet_0_clk (net)
                  0.20    0.00    0.20 ^ clkbuf_4_4_0_clk/A (sky130_fd_sc_hd__clkbuf_8)
    14    0.08    0.11    0.17    0.38 ^ clkbuf_4_4_0_clk/X (sky130_fd_sc_hd__clkbuf_8)
                                         clknet_4_4_0_clk (net)
                  0.11    0.00    0.38 ^ clkbuf_leaf_25_clk/A (sky130_fd_sc_hd__clkbuf_8)
     8    0.03    0.05    0.12    0.50 ^ clkbuf_leaf_25_clk/X (sky130_fd_sc_hd__clkbuf_8)
                                         clknet_leaf_25_clk (net)
                  0.05    0.00    0.50 ^ _9512_/CLK (sky130_fd_sc_hd__dfxtp_1)
     3    0.01    0.05    0.22    0.72 v _9512_/Q (sky130_fd_sc_hd__dfxtp_1)
                                         registers[8][8] (net)
                  0.05    0.00    0.72 v _8426_/A0 (sky130_fd_sc_hd__mux2_1)
     1    0.00    0.04    0.15    0.87 v _8426_/X (sky130_fd_sc_hd__mux2_1)
                                         _4162_ (net)
                  0.04    0.00    0.87 v _8427_/A (sky130_fd_sc_hd__clkbuf_1)
     1    0.00    0.02    0.06    0.93 v _8427_/X (sky130_fd_sc_hd__clkbuf_1)
                                         _0609_ (net)
                  0.02    0.00    0.93 v _9512_/D (sky130_fd_sc_hd__dfxtp_1)
                                  0.93   data arrival time

                         10.00   10.00   clock core_clock (rise edge)
                          0.00   10.00   clock source latency
     2    0.05    0.00    0.00   10.00 ^ clk (in)
                                         clk (net)
                  0.00    0.00   10.00 ^ clkbuf_0_clk/A (sky130_fd_sc_hd__clkbuf_16)
    33    0.25    0.20    0.20   10.20 ^ clkbuf_0_clk/X (sky130_fd_sc_hd__clkbuf_16)
                                         clknet_0_clk (net)
                  0.20    0.00   10.20 ^ clkbuf_4_4_0_clk/A (sky130_fd_sc_hd__clkbuf_8)
    14    0.08    0.11    0.17   10.38 ^ clkbuf_4_4_0_clk/X (sky130_fd_sc_hd__clkbuf_8)
                                         clknet_4_4_0_clk (net)
                  0.11    0.00   10.38 ^ clkbuf_leaf_25_clk/A (sky130_fd_sc_hd__clkbuf_8)
     8    0.03    0.05    0.12   10.50 ^ clkbuf_leaf_25_clk/X (sky130_fd_sc_hd__clkbuf_8)
                                         clknet_leaf_25_clk (net)
                  0.05    0.00   10.50 ^ _9512_/CLK (sky130_fd_sc_hd__dfxtp_1)
                          0.00   10.50   clock reconvergence pessimism
                         -0.06   10.44   library setup time
                                 10.44   data required time
-----------------------------------------------------------------------------
                                 10.44   data required time
                                 -0.93   data arrival time
-----------------------------------------------------------------------------
                                  9.50   slack (MET)



======================= Slowest Corner ===================================

Startpoint: _9512_ (rising edge-triggered flip-flop clocked by core_clock)
Endpoint: _9512_ (rising edge-triggered flip-flop clocked by core_clock)
Path Group: core_clock
Path Type: max
Corner: Slowest

Fanout     Cap    Slew   Delay    Time   Description
-----------------------------------------------------------------------------
                          0.00    0.00   clock core_clock (rise edge)
                          0.00    0.00   clock source latency
     2    0.05    0.00    0.00    0.00 ^ clk (in)
                                         clk (net)
                  0.00    0.00    0.00 ^ clkbuf_0_clk/A (sky130_fd_sc_hd__clkbuf_16)
    33    0.25    0.39    0.44    0.44 ^ clkbuf_0_clk/X (sky130_fd_sc_hd__clkbuf_16)
                                         clknet_0_clk (net)
                  0.39    0.00    0.45 ^ clkbuf_4_4_0_clk/A (sky130_fd_sc_hd__clkbuf_8)
    14    0.08    0.22    0.49    0.93 ^ clkbuf_4_4_0_clk/X (sky130_fd_sc_hd__clkbuf_8)
                                         clknet_4_4_0_clk (net)
                  0.22    0.00    0.93 ^ clkbuf_leaf_25_clk/A (sky130_fd_sc_hd__clkbuf_8)
     8    0.03    0.11    0.33    1.26 ^ clkbuf_leaf_25_clk/X (sky130_fd_sc_hd__clkbuf_8)
                                         clknet_leaf_25_clk (net)
                  0.11    0.00    1.26 ^ _9512_/CLK (sky130_fd_sc_hd__dfxtp_1)
     3    0.01    0.14    0.67    1.94 v _9512_/Q (sky130_fd_sc_hd__dfxtp_1)
                                         registers[8][8] (net)
                  0.14    0.00    1.94 v _8426_/A0 (sky130_fd_sc_hd__mux2_1)
     1    0.00    0.12    0.67    2.60 v _8426_/X (sky130_fd_sc_hd__mux2_1)
                                         _4162_ (net)
                  0.12    0.00    2.60 v _8427_/A (sky130_fd_sc_hd__clkbuf_1)
     1    0.00    0.05    0.18    2.78 v _8427_/X (sky130_fd_sc_hd__clkbuf_1)
                                         _0609_ (net)
                  0.05    0.00    2.78 v _9512_/D (sky130_fd_sc_hd__dfxtp_1)
                                  2.78   data arrival time

                         10.00   10.00   clock core_clock (rise edge)
                          0.00   10.00   clock source latency
     2    0.05    0.00    0.00   10.00 ^ clk (in)
                                         clk (net)
                  0.00    0.00   10.00 ^ clkbuf_0_clk/A (sky130_fd_sc_hd__clkbuf_16)
    33    0.25    0.39    0.44   10.44 ^ clkbuf_0_clk/X (sky130_fd_sc_hd__clkbuf_16)
                                         clknet_0_clk (net)
                  0.39    0.00   10.45 ^ clkbuf_4_4_0_clk/A (sky130_fd_sc_hd__clkbuf_8)
    14    0.08    0.22    0.49   10.93 ^ clkbuf_4_4_0_clk/X (sky130_fd_sc_hd__clkbuf_8)
                                         clknet_4_4_0_clk (net)
                  0.22    0.00   10.93 ^ clkbuf_leaf_25_clk/A (sky130_fd_sc_hd__clkbuf_8)
     8    0.03    0.11    0.33   11.26 ^ clkbuf_leaf_25_clk/X (sky130_fd_sc_hd__clkbuf_8)
                                         clknet_leaf_25_clk (net)
                  0.11    0.00   11.26 ^ _9512_/CLK (sky130_fd_sc_hd__dfxtp_1)
                          0.00   11.26   clock reconvergence pessimism
                         -0.25   11.01   library setup time
                                 11.01   data required time
-----------------------------------------------------------------------------
                                 11.01   data required time
                                 -2.78   data arrival time
-----------------------------------------------------------------------------
                                  8.23   slack (MET)



======================= Typical Corner ===================================

Startpoint: _9512_ (rising edge-triggered flip-flop clocked by core_clock)
Endpoint: _9512_ (rising edge-triggered flip-flop clocked by core_clock)
Path Group: core_clock
Path Type: max
Corner: Typical

Fanout     Cap    Slew   Delay    Time   Description
-----------------------------------------------------------------------------
                          0.00    0.00   clock core_clock (rise edge)
                          0.00    0.00   clock source latency
     2    0.05    0.00    0.00    0.00 ^ clk (in)
                                         clk (net)
                  0.00    0.00    0.00 ^ clkbuf_0_clk/A (sky130_fd_sc_hd__clkbuf_16)
    33    0.25    0.26    0.27    0.27 ^ clkbuf_0_clk/X (sky130_fd_sc_hd__clkbuf_16)
                                         clknet_0_clk (net)
                  0.26    0.00    0.28 ^ clkbuf_4_4_0_clk/A (sky130_fd_sc_hd__clkbuf_8)
    14    0.08    0.14    0.27    0.55 ^ clkbuf_4_4_0_clk/X (sky130_fd_sc_hd__clkbuf_8)
                                         clknet_4_4_0_clk (net)
                  0.14    0.00    0.55 ^ clkbuf_leaf_25_clk/A (sky130_fd_sc_hd__clkbuf_8)
     8    0.03    0.07    0.18    0.73 ^ clkbuf_leaf_25_clk/X (sky130_fd_sc_hd__clkbuf_8)
                                         clknet_leaf_25_clk (net)
                  0.07    0.00    0.73 ^ _9512_/CLK (sky130_fd_sc_hd__dfxtp_1)
     3    0.01    0.08    0.35    1.07 v _9512_/Q (sky130_fd_sc_hd__dfxtp_1)
                                         registers[8][8] (net)
                  0.08    0.00    1.07 v _8426_/A0 (sky130_fd_sc_hd__mux2_1)
     1    0.00    0.06    0.29    1.37 v _8426_/X (sky130_fd_sc_hd__mux2_1)
                                         _4162_ (net)
                  0.06    0.00    1.37 v _8427_/A (sky130_fd_sc_hd__clkbuf_1)
     1    0.00    0.03    0.09    1.46 v _8427_/X (sky130_fd_sc_hd__clkbuf_1)
                                         _0609_ (net)
                  0.03    0.00    1.46 v _9512_/D (sky130_fd_sc_hd__dfxtp_1)
                                  1.46   data arrival time

                         10.00   10.00   clock core_clock (rise edge)
                          0.00   10.00   clock source latency
     2    0.05    0.00    0.00   10.00 ^ clk (in)
                                         clk (net)
                  0.00    0.00   10.00 ^ clkbuf_0_clk/A (sky130_fd_sc_hd__clkbuf_16)
    33    0.25    0.26    0.27   10.27 ^ clkbuf_0_clk/X (sky130_fd_sc_hd__clkbuf_16)
                                         clknet_0_clk (net)
                  0.26    0.00   10.28 ^ clkbuf_4_4_0_clk/A (sky130_fd_sc_hd__clkbuf_8)
    14    0.08    0.14    0.27   10.55 ^ clkbuf_4_4_0_clk/X (sky130_fd_sc_hd__clkbuf_8)
                                         clknet_4_4_0_clk (net)
                  0.14    0.00   10.55 ^ clkbuf_leaf_25_clk/A (sky130_fd_sc_hd__clkbuf_8)
     8    0.03    0.07    0.18   10.73 ^ clkbuf_leaf_25_clk/X (sky130_fd_sc_hd__clkbuf_8)
                                         clknet_leaf_25_clk (net)
                  0.07    0.00   10.73 ^ _9512_/CLK (sky130_fd_sc_hd__dfxtp_1)
                          0.00   10.73   clock reconvergence pessimism
                         -0.10   10.63   library setup time
                                 10.63   data required time
-----------------------------------------------------------------------------
                                 10.63   data required time
                                 -1.46   data arrival time
-----------------------------------------------------------------------------
                                  9.17   slack (MET)




===========================================================================
report_checks --slack_max -0.01
============================================================================
======================= Fastest Corner ===================================

No paths found.

======================= Slowest Corner ===================================

No paths found.

======================= Typical Corner ===================================

No paths found.


===========================================================================
 report_check_types -max_slew -max_cap -max_fanout -violators
============================================================================
======================= Fastest Corner ===================================


max slew violations count Fastest: 0
max fanout violations count Fastest: 0
max cap violations count Fastest: 0
======================= Slowest Corner ===================================


max slew violations count Slowest: 0
max fanout violations count Slowest: 0
max cap violations count Slowest: 0
======================= Typical Corner ===================================


max slew violations count Typical: 0
max fanout violations count Typical: 0
max cap violations count Typical: 0

===========================================================================
report_parasitic_annotation -report_unannotated
============================================================================
Found 106 unannotated drivers.
 clkload0/X
 clkload1/Y
 clkload10/X
 clkload100/Y
 clkload101/Y
 clkload102/Y
 clkload103/X
 clkload104/Y
 clkload105/X
 clkload11/Y
 clkload12/Y
 clkload13/Y
 clkload14/Y
 clkload15/Y
 clkload16/Y
 clkload17/Y
 clkload18/Y
 clkload19/Y
 clkload2/Y
 clkload20/Y
 clkload21/Y
 clkload22/Y
 clkload23/Y
 clkload24/Y
 clkload25/X
 clkload26/Y
 clkload27/Y
 clkload28/Y
 clkload29/X
 clkload3/Y
 clkload30/Y
 clkload31/Y
 clkload32/Y
 clkload33/Y
 clkload34/X
 clkload35/Y
 clkload36/X
 clkload37/Y
 clkload38/Y
 clkload39/Y
 clkload4/X
 clkload40/Y
 clkload41/Y
 clkload42/Y
 clkload43/Y
 clkload44/Y
 clkload45/Y
 clkload46/Y
 clkload47/Y
 clkload48/Y
 clkload49/Y
 clkload5/X
 clkload50/Y
 clkload51/Y
 clkload52/Y
 clkload53/Y
 clkload54/X
 clkload55/Y
 clkload56/Y
 clkload57/Y
 clkload58/Y
 clkload59/Y
 clkload6/Y
 clkload60/Y
 clkload61/Y
 clkload62/Y
 clkload63/Y
 clkload64/Y
 clkload65/Y
 clkload66/Y
 clkload67/X
 clkload68/Y
 clkload69/Y
 clkload7/X
 clkload70/Y
 clkload71/Y
 clkload72/Y
 clkload73/Y
 clkload74/Y
 clkload75/Y
 clkload76/Y
 clkload77/Y
 clkload78/X
 clkload79/Y
 clkload8/X
 clkload80/Y
 clkload81/Y
 clkload82/Y
 clkload83/X
 clkload84/Y
 clkload85/Y
 clkload86/Y
 clkload87/Y
 clkload88/Y
 clkload89/Y
 clkload9/X
 clkload90/Y
 clkload91/Y
 clkload92/Y
 clkload93/Y
 clkload94/Y
 clkload95/Y
 clkload96/Y
 clkload97/Y
 clkload98/Y
 clkload99/Y
Found 0 partially unannotated drivers.

===========================================================================
max slew violation count 0
max fanout violation count 0
max cap violation count 0
============================================================================

===========================================================================
check_setup -verbose -unconstrained_endpoints -multiple_clock -no_clock -no_input_delay -loops -generated_clocks
===========================================================================
Warning: There are 50 input ports missing set_input_delay.
  a1[0]
  a1[1]
  a1[2]
  a1[3]
  a1[4]
  a2[0]
  a2[1]
  a2[2]
  a2[3]
  a2[4]
  a3[0]
  a3[1]
  a3[2]
  a3[3]
  a3[4]
  alu_op[0]
  alu_op[1]
  wd3[0]
  wd3[10]
  wd3[11]
  wd3[12]
  wd3[13]
  wd3[14]
  wd3[15]
  wd3[16]
  wd3[17]
  wd3[18]
  wd3[19]
  wd3[1]
  wd3[20]
  wd3[21]
  wd3[22]
  wd3[23]
  wd3[24]
  wd3[25]
  wd3[26]
  wd3[27]
  wd3[28]
  wd3[29]
  wd3[2]
  wd3[30]
  wd3[31]
  wd3[3]
  wd3[4]
  wd3[5]
  wd3[6]
  wd3[7]
  wd3[8]
  wd3[9]
  we3
Warning: There are 96 unconstrained endpoints.
  alu_result[0]
  alu_result[10]
  alu_result[11]
  alu_result[12]
  alu_result[13]
  alu_result[14]
  alu_result[15]
  alu_result[16]
  alu_result[17]
  alu_result[18]
  alu_result[19]
  alu_result[1]
  alu_result[20]
  alu_result[21]
  alu_result[22]
  alu_result[23]
  alu_result[24]
  alu_result[25]
  alu_result[26]
  alu_result[27]
  alu_result[28]
  alu_result[29]
  alu_result[2]
  alu_result[30]
  alu_result[31]
  alu_result[3]
  alu_result[4]
  alu_result[5]
  alu_result[6]
  alu_result[7]
  alu_result[8]
  alu_result[9]
  rd1[0]
  rd1[10]
  rd1[11]
  rd1[12]
  rd1[13]
  rd1[14]
  rd1[15]
  rd1[16]
  rd1[17]
  rd1[18]
  rd1[19]
  rd1[1]
  rd1[20]
  rd1[21]
  rd1[22]
  rd1[23]
  rd1[24]
  rd1[25]
  rd1[26]
  rd1[27]
  rd1[28]
  rd1[29]
  rd1[2]
  rd1[30]
  rd1[31]
  rd1[3]
  rd1[4]
  rd1[5]
  rd1[6]
  rd1[7]
  rd1[8]
  rd1[9]
  rd2[0]
  rd2[10]
  rd2[11]
  rd2[12]
  rd2[13]
  rd2[14]
  rd2[15]
  rd2[16]
  rd2[17]
  rd2[18]
  rd2[19]
  rd2[1]
  rd2[20]
  rd2[21]
  rd2[22]
  rd2[23]
  rd2[24]
  rd2[25]
  rd2[26]
  rd2[27]
  rd2[28]
  rd2[29]
  rd2[2]
  rd2[30]
  rd2[31]
  rd2[3]
  rd2[4]
  rd2[5]
  rd2[6]
  rd2[7]
  rd2[8]
  rd2[9]
