
===========================================================================
 report_power
============================================================================
======================= Fastest Corner ===================================

Group                  Internal  Switching    Leakage      Total
                          Power      Power      Power      Power (Watts)
----------------------------------------------------------------
Sequential             6.01e-03   7.80e-04   1.49e-08   6.79e-03  43.4%
Combinational          2.76e-03   1.98e-03   2.41e-08   4.74e-03  30.3%
Clock                  2.02e-03   2.07e-03   1.45e-08   4.10e-03  26.2%
Macro                  0.00e+00   0.00e+00   0.00e+00   0.00e+00   0.0%
Pad                    0.00e+00   0.00e+00   0.00e+00   0.00e+00   0.0%
----------------------------------------------------------------
Total                  1.08e-02   4.84e-03   5.35e-08   1.56e-02 100.0%
                          69.1%      30.9%       0.0%

======================= Slowest Corner ===================================

Group                  Internal  Switching    Leakage      Total
                          Power      Power      Power      Power (Watts)
----------------------------------------------------------------
Sequential             4.07e-03   4.96e-04   1.48e-05   4.59e-03  42.9%
Combinational          1.96e-03   1.30e-03   3.11e-05   3.29e-03  30.8%
Clock                  1.46e-03   1.34e-03   2.19e-06   2.80e-03  26.2%
Macro                  0.00e+00   0.00e+00   0.00e+00   0.00e+00   0.0%
Pad                    0.00e+00   0.00e+00   0.00e+00   0.00e+00   0.0%
----------------------------------------------------------------
Total                  7.49e-03   3.14e-03   4.81e-05   1.07e-02 100.0%
                          70.1%      29.4%       0.5%

======================= Typical Corner ===================================

Group                  Internal  Switching    Leakage      Total
                          Power      Power      Power      Power (Watts)
----------------------------------------------------------------
Sequential             5.20e-03   6.45e-04   8.57e-09   5.85e-03  43.3%
Combinational          2.47e-03   1.67e-03   2.00e-08   4.14e-03  30.6%
Clock                  1.77e-03   1.75e-03   9.32e-09   3.52e-03  26.1%
Macro                  0.00e+00   0.00e+00   0.00e+00   0.00e+00   0.0%
Pad                    0.00e+00   0.00e+00   0.00e+00   0.00e+00   0.0%
----------------------------------------------------------------
Total                  9.45e-03   4.06e-03   3.79e-08   1.35e-02 100.0%
                          70.0%      30.0%       0.0%

