
===========================================================================
report_checks -unconstrained
===========================================================================
======================= Typical Corner ===================================

Startpoint: _3473_ (rising edge-triggered flip-flop clocked by clk)
Endpoint: _3480_ (rising edge-triggered flip-flop clocked by clk)
Path Group: clk
Path Type: max

Fanout     Cap    Slew   Delay    Time   Description
-----------------------------------------------------------------------------
                          0.00    0.00   clock clk (rise edge)
                          0.00    0.00   clock source latency
     1    0.01    0.00    0.00    0.00 ^ clk (in)
                                         clk (net)
                  0.00    0.00    0.00 ^ clkbuf_0_clk/A (sky130_fd_sc_hd__clkbuf_16)
     2    0.02    0.04    0.11    0.11 ^ clkbuf_0_clk/X (sky130_fd_sc_hd__clkbuf_16)
                                         clknet_0_clk (net)
                  0.04    0.00    0.11 ^ clkbuf_1_0__f_clk/A (sky130_fd_sc_hd__clkbuf_16)
    12    0.05    0.07    0.15    0.25 ^ clkbuf_1_0__f_clk/X (sky130_fd_sc_hd__clkbuf_16)
                                         clknet_1_0__leaf_clk (net)
                  0.07    0.00    0.25 ^ clkbuf_leaf_6_clk/A (sky130_fd_sc_hd__clkbuf_8)
    13    0.03    0.07    0.15    0.41 ^ clkbuf_leaf_6_clk/X (sky130_fd_sc_hd__clkbuf_8)
                                         clknet_leaf_6_clk (net)
                  0.07    0.00    0.41 ^ _3473_/CLK (sky130_fd_sc_hd__dfrtp_1)
     4    0.01    0.07    0.40    0.81 v _3473_/Q (sky130_fd_sc_hd__dfrtp_1)
                                         imem.address[28] (net)
                  0.07    0.00    0.81 v _1787_/B (sky130_fd_sc_hd__or4_4)
     1    0.00    0.08    0.50    1.31 v _1787_/X (sky130_fd_sc_hd__or4_4)
                                         _0449_ (net)
                  0.08    0.00    1.31 v _1789_/C (sky130_fd_sc_hd__or4_4)
     5    0.03    0.13    0.56    1.87 v _1789_/X (sky130_fd_sc_hd__or4_4)
                                         _0451_ (net)
                  0.13    0.00    1.87 v _1806_/B (sky130_fd_sc_hd__nor3_4)
     4    0.01    0.15    0.20    2.07 ^ _1806_/Y (sky130_fd_sc_hd__nor3_4)
                                         _0468_ (net)
                  0.15    0.00    2.07 ^ _1956_/C (sky130_fd_sc_hd__and3b_2)
     3    0.01    0.10    0.24    2.31 ^ _1956_/X (sky130_fd_sc_hd__and3b_2)
                                         _0554_ (net)
                  0.10    0.00    2.31 ^ _1957_/B1 (sky130_fd_sc_hd__a21oi_4)
     4    0.02    0.10    0.05    2.37 v _1957_/Y (sky130_fd_sc_hd__a21oi_4)
                                         _0555_ (net)
                  0.10    0.00    2.37 v _1958_/A (sky130_fd_sc_hd__buf_8)
     3    0.01    0.02    0.14    2.51 v _1958_/X (sky130_fd_sc_hd__buf_8)
                                         _0556_ (net)
                  0.02    0.00    2.51 v _2006_/A2 (sky130_fd_sc_hd__o21a_4)
     2    0.00    0.03    0.18    2.68 v _2006_/X (sky130_fd_sc_hd__o21a_4)
                                         _0604_ (net)
                  0.03    0.00    2.68 v _2007_/A (sky130_fd_sc_hd__or4_4)
     1    0.00    0.08    0.52    3.20 v _2007_/X (sky130_fd_sc_hd__or4_4)
                                         _0605_ (net)
                  0.08    0.00    3.20 v _2008_/A (sky130_fd_sc_hd__buf_6)
     3    0.01    0.02    0.13    3.33 v _2008_/X (sky130_fd_sc_hd__buf_6)
                                         _0606_ (net)
                  0.02    0.00    3.33 v _2016_/C (sky130_fd_sc_hd__or3_4)
     5    0.01    0.09    0.35    3.68 v _2016_/X (sky130_fd_sc_hd__or3_4)
                                         _0614_ (net)
                  0.09    0.00    3.68 v _2024_/C (sky130_fd_sc_hd__or3_4)
     6    0.01    0.08    0.36    4.04 v _2024_/X (sky130_fd_sc_hd__or3_4)
                                         _0622_ (net)
                  0.08    0.00    4.04 v _2044_/C (sky130_fd_sc_hd__or3_4)
     4    0.01    0.08    0.36    4.40 v _2044_/X (sky130_fd_sc_hd__or3_4)
                                         _0642_ (net)
                  0.08    0.00    4.40 v _2286_/B (sky130_fd_sc_hd__or3b_4)
     3    0.02    0.10    0.42    4.82 v _2286_/X (sky130_fd_sc_hd__or3b_4)
                                         _0884_ (net)
                  0.10    0.00    4.82 v _2294_/A (sky130_fd_sc_hd__xnor2_4)
     3    0.01    0.14    0.19    5.01 ^ _2294_/Y (sky130_fd_sc_hd__xnor2_4)
                                         _0892_ (net)
                  0.14    0.00    5.01 ^ _2297_/B (sky130_fd_sc_hd__xnor2_1)
     2    0.00    0.13    0.13    5.14 ^ _2297_/Y (sky130_fd_sc_hd__xnor2_1)
                                         _0895_ (net)
                  0.13    0.00    5.14 ^ _2298_/C_N (sky130_fd_sc_hd__or3b_4)
     3    0.01    0.07    0.40    5.54 v _2298_/X (sky130_fd_sc_hd__or3b_4)
                                         _0896_ (net)
                  0.07    0.00    5.54 v _2314_/C (sky130_fd_sc_hd__or4_4)
     2    0.01    0.10    0.50    6.04 v _2314_/X (sky130_fd_sc_hd__or4_4)
                                         _0912_ (net)
                  0.10    0.00    6.04 v _2338_/A1 (sky130_fd_sc_hd__a21oi_4)
     5    0.02    0.16    0.18    6.22 ^ _2338_/Y (sky130_fd_sc_hd__a21oi_4)
                                         _0936_ (net)
                  0.16    0.00    6.22 ^ _2642_/A2 (sky130_fd_sc_hd__o211a_1)
     3    0.01    0.07    0.17    6.39 ^ _2642_/X (sky130_fd_sc_hd__o211a_1)
                                         _1236_ (net)
                  0.07    0.00    6.39 ^ _2697_/A_N (sky130_fd_sc_hd__and3b_1)
     1    0.00    0.03    0.17    6.56 v _2697_/X (sky130_fd_sc_hd__and3b_1)
                                         _1290_ (net)
                  0.03    0.00    6.56 v _2698_/C1 (sky130_fd_sc_hd__a221o_1)
     2    0.00    0.06    0.26    6.82 v _2698_/X (sky130_fd_sc_hd__a221o_1)
                                         _1291_ (net)
                  0.06    0.00    6.82 v _3114_/B1 (sky130_fd_sc_hd__a32o_1)
     1    0.00    0.04    0.20    7.02 v _3114_/X (sky130_fd_sc_hd__a32o_1)
                                         _1613_ (net)
                  0.04    0.00    7.02 v _3115_/C1 (sky130_fd_sc_hd__a211o_1)
     1    0.00    0.05    0.21    7.23 v _3115_/X (sky130_fd_sc_hd__a211o_1)
                                         _1614_ (net)
                  0.05    0.00    7.23 v _3116_/B1 (sky130_fd_sc_hd__a41o_1)
     3    0.01    0.08    0.24    7.48 v _3116_/X (sky130_fd_sc_hd__a41o_1)
                                         _1615_ (net)
                  0.08    0.00    7.48 v _3152_/A (sky130_fd_sc_hd__and2_4)
     4    0.01    0.04    0.15    7.63 v _3152_/X (sky130_fd_sc_hd__and2_4)
                                         _1649_ (net)
                  0.04    0.00    7.63 v _3162_/B (sky130_fd_sc_hd__or3b_4)
     2    0.01    0.07    0.37    8.00 v _3162_/X (sky130_fd_sc_hd__or3b_4)
                                         _1657_ (net)
                  0.07    0.00    8.00 v _3166_/A1 (sky130_fd_sc_hd__a211oi_2)
     1    0.00    0.13    0.16    8.16 ^ _3166_/Y (sky130_fd_sc_hd__a211oi_2)
                                         _0003_ (net)
                  0.13    0.00    8.16 ^ _3480_/D (sky130_fd_sc_hd__dfxtp_1)
                                  8.16   data arrival time

                         10.00   10.00   clock clk (rise edge)
                          0.00   10.00   clock source latency
     1    0.01    0.00    0.00   10.00 ^ clk (in)
                                         clk (net)
                  0.00    0.00   10.00 ^ clkbuf_0_clk/A (sky130_fd_sc_hd__clkbuf_16)
     2    0.02    0.04    0.11   10.11 ^ clkbuf_0_clk/X (sky130_fd_sc_hd__clkbuf_16)
                                         clknet_0_clk (net)
                  0.04    0.00   10.11 ^ clkbuf_1_1__f_clk/A (sky130_fd_sc_hd__clkbuf_16)
    11    0.05    0.07    0.15   10.25 ^ clkbuf_1_1__f_clk/X (sky130_fd_sc_hd__clkbuf_16)
                                         clknet_1_1__leaf_clk (net)
                  0.07    0.00   10.25 ^ clkbuf_leaf_16_clk/A (sky130_fd_sc_hd__clkbuf_8)
    13    0.03    0.07    0.15   10.41 ^ clkbuf_leaf_16_clk/X (sky130_fd_sc_hd__clkbuf_8)
                                         clknet_leaf_16_clk (net)
                  0.07    0.00   10.41 ^ _3480_/CLK (sky130_fd_sc_hd__dfxtp_1)
                          0.00   10.41   clock reconvergence pessimism
                         -0.07   10.34   library setup time
                                 10.34   data required time
-----------------------------------------------------------------------------
                                 10.34   data required time
                                 -8.16   data arrival time
-----------------------------------------------------------------------------
                                  2.18   slack (MET)




===========================================================================
report_checks --slack_max -0.01
============================================================================
======================= Typical Corner ===================================

No paths found.


===========================================================================
 report_check_types -max_slew -max_cap -max_fanout -violators
============================================================================
======================= Typical Corner ===================================


max slew violations count Typical: 0
max fanout violations count Typical: 0
max cap violations count Typical: 0

===========================================================================
report_parasitic_annotation -report_unannotated
============================================================================
Found 2060 unannotated drivers.
 clk
 control
 reset
 _1723_/X
 _1724_/X
 _1725_/X
 _1726_/X
 _1727_/X
 _1728_/X
 _1729_/X
 _1730_/X
 _1731_/X
 _1732_/X
 _1733_/X
 _1734_/X
 _1735_/X
 _1736_/X
 _1737_/X
 _1738_/X
 _1739_/X
 _1740_/X
 _1741_/X
 _1742_/X
 _1743_/X
 _1744_/X
 _1745_/X
 _1746_/X
 _1747_/X
 _1748_/X
 _1749_/X
 _1750_/X
 _1751_/X
 _1752_/X
 _1753_/X
 _1754_/X
 _1755_/X
 _1756_/X
 _1757_/X
 _1758_/X
 _1759_/X
 _1760_/X
 _1761_/X
 _1762_/X
 _1763_/X
 _1764_/X
 _1765_/X
 _1766_/X
 _1767_/X
 _1768_/X
 _1769_/X
 _1770_/X
 _1771_/X
 _1772_/X
 _1773_/X
 _1774_/X
 _1775_/X
 _1776_/X
 _1777_/X
 _1778_/X
 _1779_/X
 _1780_/X
 _1781_/X
 _1782_/X
 _1783_/X
 _1784_/X
 _1785_/X
 _1786_/X
 _1787_/X
 _1788_/X
 _1789_/X
 _1790_/X
 _1791_/X
 _1792_/X
 _1793_/X
 _1794_/X
 _1795_/X
 _1796_/X
 _1797_/Y
 _1798_/X
 _1799_/Y
 _1800_/X
 _1801_/Y
 _1802_/X
 _1803_/X
 _1804_/Y
 _1805_/Y
 _1806_/Y
 _1807_/Y
 _1808_/X
 _1809_/X
 _1810_/X
 _1811_/X
 _1812_/Y
 _1813_/Y
 _1814_/X
 _1815_/X
 _1816_/Y
 _1817_/Y
 _1818_/X
 _1819_/X
 _1820_/X
 _1821_/X
 _1822_/X
 _1823_/X
 _1824_/X
 _1825_/X
 _1826_/X
 _1827_/X
 _1828_/X
 _1829_/X
 _1830_/X
 _1831_/X
 _1832_/X
 _1833_/X
 _1834_/X
 _1835_/X
 _1836_/X
 _1837_/X
 _1838_/X
 _1839_/X
 _1840_/X
 _1841_/X
 _1842_/X
 _1843_/X
 _1844_/X
 _1845_/X
 _1846_/X
 _1847_/X
 _1848_/X
 _1849_/X
 _1850_/X
 _1851_/X
 _1852_/X
 _1853_/X
 _1854_/X
 _1855_/X
 _1856_/X
 _1857_/X
 _1858_/X
 _1859_/X
 _1860_/X
 _1861_/X
 _1862_/X
 _1863_/X
 _1864_/X
 _1865_/X
 _1866_/X
 _1867_/X
 _1868_/X
 _1869_/X
 _1870_/X
 _1871_/X
 _1872_/X
 _1873_/X
 _1874_/X
 _1875_/X
 _1876_/X
 _1877_/X
 _1878_/X
 _1879_/X
 _1880_/X
 _1881_/X
 _1882_/X
 _1883_/X
 _1884_/X
 _1885_/X
 _1886_/X
 _1887_/X
 _1888_/X
 _1889_/X
 _1890_/X
 _1891_/X
 _1892_/X
 _1893_/X
 _1894_/X
 _1895_/X
 _1896_/X
 _1897_/X
 _1898_/X
 _1899_/X
 _1900_/X
 _1901_/X
 _1902_/X
 _1903_/X
 _1904_/X
 _1905_/X
 _1906_/X
 _1907_/X
 _1908_/X
 _1909_/X
 _1910_/X
 _1911_/X
 _1912_/X
 _1913_/X
 _1914_/X
 _1915_/X
 _1916_/X
 _1917_/X
 _1918_/X
 _1919_/X
 _1920_/X
 _1921_/X
 _1922_/X
 _1923_/X
 _1924_/X
 _1925_/X
 _1926_/X
 _1927_/X
 _1928_/X
 _1929_/X
 _1930_/X
 _1931_/X
 _1932_/X
 _1933_/X
 _1934_/X
 _1935_/X
 _1936_/X
 _1937_/X
 _1938_/X
 _1939_/X
 _1940_/X
 _1941_/X
 _1942_/X
 _1943_/X
 _1944_/X
 _1945_/X
 _1946_/X
 _1947_/X
 _1948_/X
 _1949_/X
 _1950_/X
 _1951_/X
 _1952_/X
 _1953_/X
 _1954_/X
 _1955_/X
 _1956_/X
 _1957_/Y
 _1958_/X
 _1959_/X
 _1960_/X
 _1961_/X
 _1962_/X
 _1963_/X
 _1964_/X
 _1965_/X
 _1966_/X
 _1967_/X
 _1968_/X
 _1969_/X
 _1970_/X
 _1971_/X
 _1972_/Y
 _1973_/Y
 _1974_/X
 _1975_/X
 _1976_/X
 _1977_/X
 _1978_/X
 _1979_/X
 _1980_/X
 _1981_/X
 _1982_/X
 _1983_/Y
 _1984_/X
 _1985_/Y
 _1986_/Y
 _1987_/X
 _1988_/X
 _1989_/Y
 _1990_/X
 _1991_/X
 _1992_/X
 _1993_/X
 _1994_/X
 _1995_/X
 _1996_/X
 _1997_/X
 _1998_/X
 _1999_/X
 _2000_/X
 _2001_/X
 _2002_/X
 _2003_/X
 _2004_/X
 _2005_/Y
 _2006_/X
 _2007_/X
 _2008_/X
 _2009_/X
 _2010_/X
 _2011_/X
 _2012_/X
 _2013_/X
 _2014_/Y
 _2015_/Y
 _2016_/X
 _2017_/X
 _2018_/Y
 _2019_/Y
 _2020_/X
 _2021_/X
 _2022_/Y
 _2023_/Y
 _2024_/X
 _2025_/X
 _2026_/X
 _2027_/X
 _2028_/X
 _2029_/X
 _2030_/Y
 _2031_/X
 _2032_/X
 _2033_/X
 _2034_/X
 _2035_/X
 _2036_/Y
 _2037_/Y
 _2038_/X
 _2039_/X
 _2040_/X
 _2041_/X
 _2042_/X
 _2043_/X
 _2044_/X
 _2045_/X
 _2046_/X
 _2047_/X
 _2048_/X
 _2049_/Y
 _2050_/X
 _2051_/X
 _2052_/X
 _2053_/X
 _2054_/X
 _2055_/X
 _2056_/X
 _2057_/Y
 _2058_/Y
 _2059_/X
 _2060_/X
 _2061_/Y
 _2062_/Y
 _2063_/X
 _2064_/X
 _2065_/X
 _2066_/X
 _2067_/X
 _2068_/X
 _2069_/X
 _2070_/Y
 _2071_/Y
 _2072_/X
 _2073_/X
 _2074_/X
 _2075_/X
 _2076_/X
 _2077_/Y
 _2078_/X
 _2079_/Y
 _2080_/X
 _2081_/Y
 _2082_/X
 _2083_/X
 _2084_/X
 _2085_/X
 _2086_/X
 _2087_/Y
 _2088_/Y
 _2089_/X
 _2090_/Y
 _2091_/Y
 _2092_/X
 _2093_/X
 _2094_/X
 _2095_/X
 _2096_/X
 _2097_/Y
 _2098_/Y
 _2099_/X
 _2100_/X
 _2101_/X
 _2102_/X
 _2103_/X
 _2104_/Y
 _2105_/Y
 _2106_/Y
 _2107_/X
 _2108_/Y
 _2109_/X
 _2110_/Y
 _2111_/X
 _2112_/Y
 _2113_/Y
 _2114_/X
 _2115_/X
 _2116_/X
 _2117_/X
 _2118_/X
 _2119_/X
 _2120_/Y
 _2121_/Y
 _2122_/Y
 _2123_/Y
 _2124_/Y
 _2125_/Y
 _2126_/Y
 _2127_/X
 _2128_/Y
 _2129_/X
 _2130_/X
 _2131_/X
 _2132_/X
 _2133_/Y
 _2134_/Y
 _2135_/X
 _2136_/X
 _2137_/Y
 _2138_/X
 _2139_/Y
 _2140_/X
 _2141_/Y
 _2142_/X
 _2143_/Y
 _2144_/Y
 _2145_/X
 _2146_/Y
 _2147_/X
 _2148_/X
 _2149_/X
 _2150_/Y
 _2151_/Y
 _2152_/X
 _2153_/X
 _2154_/Y
 _2155_/Y
 _2156_/X
 _2157_/Y
 _2158_/X
 _2159_/Y
 _2160_/X
 _2161_/Y
 _2162_/Y
 _2163_/Y
 _2164_/X
 _2165_/Y
 _2166_/Y
 _2167_/Y
 _2168_/X
 _2169_/Y
 _2170_/X
 _2171_/X
 _2172_/X
 _2173_/X
 _2174_/X
 _2175_/Y
 _2176_/X
 _2177_/X
 _2178_/Y
 _2179_/X
 _2180_/X
 _2181_/X
 _2182_/Y
 _2183_/Y
 _2184_/X
 _2185_/Y
 _2186_/X
 _2187_/X
 _2188_/X
 _2189_/X
 _2190_/Y
 _2191_/Y
 _2192_/X
 _2193_/X
 _2194_/X
 _2195_/X
 _2196_/Y
 _2197_/X
 _2198_/Y
 _2199_/X
 _2200_/Y
 _2201_/X
 _2202_/X
 _2203_/X
 _2204_/X
 _2205_/Y
 _2206_/Y
 _2207_/X
 _2208_/X
 _2209_/X
 _2210_/Y
 _2211_/X
 _2212_/Y
 _2213_/Y
 _2214_/Y
 _2215_/X
 _2216_/X
 _2217_/X
 _2218_/X
 _2219_/Y
 _2220_/X
 _2221_/X
 _2222_/Y
 _2223_/Y
 _2224_/Y
 _2225_/X
 _2226_/Y
 _2227_/Y
 _2228_/Y
 _2229_/X
 _2230_/Y
 _2231_/X
 _2232_/Y
 _2233_/X
 _2234_/X
 _2235_/X
 _2236_/Y
 _2237_/Y
 _2238_/X
 _2239_/Y
 _2240_/X
 _2241_/Y
 _2242_/X
 _2243_/X
 _2244_/X
 _2245_/X
 _2246_/X
 _2247_/X
 _2248_/X
 _2249_/Y
 _2250_/Y
 _2251_/X
 _2252_/X
 _2253_/X
 _2254_/Y
 _2255_/Y
 _2256_/Y
 _2257_/X
 _2258_/Y
 _2259_/X
 _2260_/X
 _2261_/Y
 _2262_/Y
 _2263_/X
 _2264_/X
 _2265_/X
 _2266_/Y
 _2267_/X
 _2268_/Y
 _2269_/Y
 _2270_/Y
 _2271_/Y
 _2272_/Y
 _2273_/Y
 _2274_/Y
 _2275_/Y
 _2276_/Y
 _2277_/Y
 _2278_/Y
 _2279_/X
 _2280_/Y
 _2281_/Y
 _2282_/X
 _2283_/X
 _2284_/Y
 _2285_/Y
 _2286_/X
 _2287_/X
 _2288_/X
 _2289_/Y
 _2290_/X
 _2291_/Y
 _2292_/X
 _2293_/Y
 _2294_/Y
 _2295_/X
 _2296_/Y
 _2297_/Y
 _2298_/X
 _2299_/X
 _2300_/Y
 _2301_/X
 _2302_/X
 _2303_/X
 _2304_/Y
 _2305_/Y
 _2306_/X
 _2307_/Y
 _2308_/X
 _2309_/X
 _2310_/Y
 _2311_/X
 _2312_/X
 _2313_/X
 _2314_/X
 _2315_/X
 _2316_/X
 _2317_/X
 _2318_/Y
 _2319_/X
 _2320_/Y
 _2321_/X
 _2322_/X
 _2323_/X
 _2324_/X
 _2325_/X
 _2326_/X
 _2327_/Y
 _2328_/Y
 _2329_/X
 _2330_/X
 _2331_/Y
 _2332_/Y
 _2333_/Y
 _2334_/X
 _2335_/Y
 _2336_/X
 _2337_/Y
 _2338_/Y
 _2339_/X
 _2340_/X
 _2341_/X
 _2342_/Y
 _2343_/X
 _2344_/Y
 _2345_/X
 _2346_/Y
 _2347_/X
 _2348_/X
 _2349_/Y
 _2350_/Y
 _2351_/Y
 _2352_/X
 _2353_/Y
 _2354_/X
 _2355_/Y
 _2356_/Y
 _2357_/X
 _2358_/Y
 _2359_/X
 _2360_/X
 _2361_/X
 _2362_/X
 _2363_/Y
 _2364_/Y
 _2365_/X
 _2366_/Y
 _2367_/X
 _2368_/X
 _2369_/Y
 _2370_/X
 _2371_/X
 _2372_/X
 _2373_/X
 _2374_/X
 _2375_/Y
 _2376_/X
 _2377_/X
 _2378_/Y
 _2379_/Y
 _2380_/X
 _2381_/X
 _2382_/X
 _2383_/X
 _2384_/Y
 _2385_/Y
 _2386_/Y
 _2387_/Y
 _2388_/X
 _2389_/X
 _2390_/X
 _2391_/X
 _2392_/X
 _2393_/X
 _2394_/X
 _2395_/X
 _2396_/X
 _2397_/X
 _2398_/X
 _2399_/X
 _2400_/Y
 _2401_/X
 _2402_/X
 _2403_/X
 _2404_/X
 _2405_/X
 _2406_/X
 _2407_/X
 _2408_/Y
 _2409_/X
 _2410_/Y
 _2411_/X
 _2412_/Y
 _2413_/X
 _2414_/X
 _2415_/X
 _2416_/X
 _2417_/X
 _2418_/Y
 _2419_/X
 _2420_/X
 _2421_/X
 _2422_/Y
 _2423_/X
 _2424_/X
 _2425_/X
 _2426_/Y
 _2427_/X
 _2428_/Y
 _2429_/X
 _2430_/Y
 _2431_/Y
 _2432_/X
 _2433_/X
 _2434_/Y
 _2435_/Y
 _2436_/X
 _2437_/X
 _2438_/X
 _2439_/X
 _2440_/X
 _2441_/X
 _2442_/Y
 _2443_/X
 _2444_/X
 _2445_/X
 _2446_/X
 _2447_/Y
 _2448_/Y
 _2449_/Y
 _2450_/Y
 _2451_/X
 _2452_/X
 _2453_/X
 _2454_/Y
 _2455_/X
 _2456_/X
 _2457_/X
 _2458_/Y
 _2459_/Y
 _2460_/Y
 _2461_/X
 _2462_/X
 _2463_/X
 _2464_/X
 _2465_/X
 _2466_/Y
 _2467_/X
 _2468_/X
 _2469_/Y
 _2470_/Y
 _2471_/X
 _2472_/X
 _2473_/X
 _2474_/X
 _2475_/X
 _2476_/X
 _2477_/Y
 _2478_/X
 _2479_/X
 _2480_/X
 _2481_/X
 _2482_/Y
 _2483_/X
 _2484_/X
 _2485_/X
 _2486_/X
 _2487_/Y
 _2488_/X
 _2489_/X
 _2490_/X
 _2491_/Y
 _2492_/X
 _2493_/X
 _2494_/Y
 _2495_/Y
 _2496_/X
 _2497_/Y
 _2498_/X
 _2499_/Y
 _2500_/X
 _2501_/X
 _2502_/Y
 _2503_/Y
 _2504_/X
 _2505_/Y
 _2506_/Y
 _2507_/X
 _2508_/X
 _2509_/X
 _2510_/X
 _2511_/X
 _2512_/X
 _2513_/Y
 _2514_/X
 _2515_/X
 _2516_/X
 _2517_/X
 _2518_/X
 _2519_/X
 _2520_/X
 _2521_/X
 _2522_/X
 _2523_/X
 _2524_/X
 _2525_/X
 _2526_/X
 _2527_/X
 _2528_/X
 _2529_/X
 _2530_/X
 _2531_/Y
 _2532_/X
 _2533_/X
 _2534_/X
 _2535_/X
 _2536_/X
 _2537_/X
 _2538_/X
 _2539_/X
 _2540_/X
 _2541_/X
 _2542_/Y
 _2543_/X
 _2544_/X
 _2545_/X
 _2546_/X
 _2547_/X
 _2548_/X
 _2549_/X
 _2550_/X
 _2551_/X
 _2552_/X
 _2553_/X
 _2554_/X
 _2555_/X
 _2556_/Y
 _2557_/X
 _2558_/X
 _2559_/X
 _2560_/X
 _2561_/Y
 _2562_/X
 _2563_/X
 _2564_/Y
 _2565_/X
 _2566_/Y
 _2567_/X
 _2568_/X
 _2569_/X
 _2570_/X
 _2571_/X
 _2572_/X
 _2573_/X
 _2574_/X
 _2575_/X
 _2576_/X
 _2577_/Y
 _2578_/X
 _2579_/X
 _2580_/Y
 _2581_/X
 _2582_/Y
 _2583_/X
 _2584_/Y
 _2585_/X
 _2586_/Y
 _2587_/X
 _2588_/X
 _2589_/X
 _2590_/Y
 _2591_/Y
 _2592_/Y
 _2593_/Y
 _2594_/X
 _2595_/Y
 _2596_/X
 _2597_/X
 _2598_/X
 _2599_/X
 _2600_/Y
 _2601_/X
 _2602_/X
 _2603_/Y
 _2604_/Y
 _2605_/Y
 _2606_/Y
 _2607_/X
 _2608_/Y
 _2609_/Y
 _2610_/X
 _2611_/X
 _2612_/X
 _2613_/X
 _2614_/X
 _2615_/Y
 _2616_/Y
 _2617_/X
 _2618_/Y
 _2619_/X
 _2620_/Y
 _2621_/X
 _2622_/X
 _2623_/X
 _2624_/Y
 _2625_/Y
 _2626_/X
 _2627_/Y
 _2628_/Y
 _2629_/X
 _2630_/X
 _2631_/Y
 _2632_/X
 _2633_/X
 _2634_/X
 _2635_/X
 _2636_/Y
 _2637_/Y
 _2638_/X
 _2639_/X
 _2640_/X
 _2641_/X
 _2642_/X
 _2643_/X
 _2644_/Y
 _2645_/Y
 _2646_/Y
 _2647_/X
 _2648_/Y
 _2649_/X
 _2650_/X
 _2651_/Y
 _2652_/X
 _2653_/X
 _2654_/Y
 _2655_/X
 _2656_/X
 _2657_/X
 _2658_/X
 _2659_/X
 _2660_/Y
 _2661_/X
 _2662_/Y
 _2663_/X
 _2664_/X
 _2665_/X
 _2666_/X
 _2667_/Y
 _2668_/X
 _2669_/Y
 _2670_/X
 _2671_/X
 _2672_/X
 _2673_/Y
 _2674_/X
 _2675_/Y
 _2676_/X
 _2677_/X
 _2678_/X
 _2679_/Y
 _2680_/X
 _2681_/X
 _2682_/X
 _2683_/Y
 _2684_/X
 _2685_/X
 _2686_/Y
 _2687_/X
 _2688_/Y
 _2689_/X
 _2690_/X
 _2691_/X
 _2692_/X
 _2693_/Y
 _2694_/X
 _2695_/Y
 _2696_/X
 _2697_/X
 _2698_/X
 _2699_/X
 _2700_/X
 _2701_/Y
 _2702_/Y
 _2703_/Y
 _2704_/X
 _2705_/Y
 _2706_/Y
 _2707_/X
 _2708_/Y
 _2709_/X
 _2710_/Y
 _2711_/X
 _2712_/X
 _2713_/Y
 _2714_/X
 _2715_/X
 _2716_/X
 _2717_/X
 _2718_/X
 _2719_/Y
 _2720_/X
 _2721_/X
 _2722_/X
 _2723_/Y
 _2724_/X
 _2725_/X
 _2726_/Y
 _2727_/X
 _2728_/X
 _2729_/X
 _2730_/Y
 _2731_/Y
 _2732_/Y
 _2733_/Y
 _2734_/Y
 _2735_/Y
 _2736_/X
 _2737_/X
 _2738_/Y
 _2739_/X
 _2740_/X
 _2741_/X
 _2742_/X
 _2743_/X
 _2744_/X
 _2745_/X
 _2746_/X
 _2747_/Y
 _2748_/Y
 _2749_/Y
 _2750_/Y
 _2751_/Y
 _2752_/Y
 _2753_/Y
 _2754_/X
 _2755_/X
 _2756_/X
 _2757_/X
 _2758_/X
 _2759_/Y
 _2760_/X
 _2761_/X
 _2762_/Y
 _2763_/Y
 _2764_/X
 _2765_/X
 _2766_/X
 _2767_/X
 _2768_/X
 _2769_/X
 _2770_/X
 _2771_/X
 _2772_/X
 _2773_/X
 _2774_/X
 _2775_/X
 _2776_/Y
 _2777_/Y
 _2778_/X
 _2779_/X
 _2780_/X
 _2781_/X
 _2782_/Y
 _2783_/X
 _2784_/Y
 _2785_/Y
 _2786_/X
 _2787_/X
 _2788_/Y
 _2789_/X
 _2790_/X
 _2791_/X
 _2792_/X
 _2793_/Y
 _2794_/X
 _2795_/X
 _2796_/Y
 _2797_/X
 _2798_/X
 _2799_/X
 _2800_/X
 _2801_/X
 _2802_/X
 _2803_/Y
 _2804_/X
 _2805_/Y
 _2806_/X
 _2807_/X
 _2808_/X
 _2809_/X
 _2810_/Y
 _2811_/X
 _2812_/X
 _2813_/X
 _2814_/X
 _2815_/X
 _2816_/X
 _2817_/X
 _2818_/Y
 _2819_/X
 _2820_/X
 _2821_/Y
 _2822_/X
 _2823_/X
 _2824_/Y
 _2825_/X
 _2826_/X
 _2827_/X
 _2828_/X
 _2829_/Y
 _2830_/Y
 _2831_/X
 _2832_/X
 _2833_/Y
 _2834_/X
 _2835_/X
 _2836_/X
 _2837_/X
 _2838_/Y
 _2839_/Y
 _2840_/Y
 _2841_/X
 _2842_/X
 _2843_/Y
 _2844_/Y
 _2845_/X
 _2846_/X
 _2847_/X
 _2848_/X
 _2849_/X
 _2850_/Y
 _2851_/X
 _2852_/X
 _2853_/Y
 _2854_/Y
 _2855_/Y
 _2856_/X
 _2857_/X
 _2858_/X
 _2859_/X
 _2860_/X
 _2861_/X
 _2862_/X
 _2863_/Y
 _2864_/X
 _2865_/X
 _2866_/X
 _2867_/X
 _2868_/Y
 _2869_/X
 _2870_/X
 _2871_/X
 _2872_/X
 _2873_/X
 _2874_/Y
 _2875_/X
 _2876_/X
 _2877_/X
 _2878_/Y
 _2879_/X
 _2880_/Y
 _2881_/X
 _2882_/X
 _2883_/X
 _2884_/Y
 _2885_/Y
 _2886_/X
 _2887_/X
 _2888_/X
 _2889_/X
 _2890_/Y
 _2891_/Y
 _2892_/Y
 _2893_/X
 _2894_/X
 _2895_/X
 _2896_/X
 _2897_/X
 _2898_/X
 _2899_/X
 _2900_/X
 _2901_/Y
 _2902_/Y
 _2903_/X
 _2904_/X
 _2905_/X
 _2906_/Y
 _2907_/X
 _2908_/X
 _2909_/X
 _2910_/X
 _2911_/X
 _2912_/X
 _2913_/X
 _2914_/X
 _2915_/X
 _2916_/Y
 _2917_/X
 _2918_/X
 _2919_/X
 _2920_/X
 _2921_/X
 _2922_/X
 _2923_/X
 _2924_/X
 _2925_/X
 _2926_/X
 _2927_/X
 _2928_/X
 _2929_/X
 _2930_/X
 _2931_/X
 _2932_/X
 _2933_/X
 _2934_/X
 _2935_/X
 _2936_/X
 _2937_/X
 _2938_/X
 _2939_/X
 _2940_/X
 _2941_/X
 _2942_/X
 _2943_/X
 _2944_/X
 _2945_/X
 _2946_/X
 _2947_/X
 _2948_/X
 _2949_/X
 _2950_/X
 _2951_/X
 _2952_/X
 _2953_/X
 _2954_/X
 _2955_/X
 _2956_/X
 _2957_/X
 _2958_/X
 _2959_/X
 _2960_/X
 _2961_/X
 _2962_/X
 _2963_/X
 _2964_/X
 _2965_/X
 _2966_/X
 _2967_/X
 _2968_/X
 _2969_/X
 _2970_/X
 _2971_/X
 _2972_/X
 _2973_/X
 _2974_/X
 _2975_/X
 _2976_/Y
 _2977_/X
 _2978_/X
 _2979_/X
 _2980_/X
 _2981_/X
 _2982_/X
 _2983_/X
 _2984_/X
 _2985_/X
 _2986_/X
 _2987_/X
 _2988_/X
 _2989_/X
 _2990_/X
 _2991_/X
 _2992_/X
 _2993_/X
 _2994_/X
 _2995_/X
 _2996_/X
 _2997_/X
 _2998_/X
 _2999_/X
 _3000_/X
 _3001_/X
 _3002_/Y
 _3003_/Y
 _3004_/X
 _3005_/X
 _3006_/X
 _3007_/Y
 _3008_/Y
 _3009_/X
 _3010_/Y
 _3011_/Y
 _3012_/Y
 _3013_/Y
 _3014_/X
 _3015_/Y
 _3016_/Y
 _3017_/Y
 _3018_/Y
 _3019_/X
 _3020_/Y
 _3021_/Y
 _3022_/Y
 _3023_/Y
 _3024_/X
 _3025_/Y
 _3026_/Y
 _3027_/Y
 _3028_/Y
 _3029_/X
 _3030_/Y
 _3031_/Y
 _3032_/Y
 _3033_/Y
 _3034_/X
 _3035_/Y
 _3036_/Y
 _3037_/Y
 _3038_/Y
 _3039_/X
 _3040_/Y
 _3041_/Y
 _3042_/Y
 _3043_/Y
 _3044_/X
 _3045_/Y
 _3046_/Y
 _3047_/Y
 _3048_/Y
 _3049_/X
 _3050_/X
 _3051_/X
 _3052_/Y
 _3053_/X
 _3054_/Y
 _3055_/X
 _3056_/Y
 _3057_/X
 _3058_/X
 _3059_/X
 _3060_/X
 _3061_/X
 _3062_/X
 _3063_/Y
 _3064_/X
 _3065_/X
 _3066_/Y
 _3067_/X
 _3068_/Y
 _3069_/X
 _3070_/X
 _3071_/X
 _3072_/X
 _3073_/Y
 _3074_/X
 _3075_/Y
 _3076_/X
 _3077_/Y
 _3078_/Y
 _3079_/X
 _3080_/X
 _3081_/Y
 _3082_/Y
 _3083_/X
 _3084_/X
 _3085_/Y
 _3086_/X
 _3087_/X
 _3088_/Y
 _3089_/X
 _3090_/X
 _3091_/X
 _3092_/X
 _3093_/Y
 _3094_/X
 _3095_/X
 _3096_/Y
 _3097_/X
 _3098_/X
 _3099_/X
 _3100_/X
 _3101_/X
 _3102_/X
 _3103_/X
 _3104_/Y
 _3105_/X
 _3106_/X
 _3107_/Y
 _3108_/X
 _3109_/X
 _3110_/X
 _3111_/X
 _3112_/X
 _3113_/X
 _3114_/X
 _3115_/X
 _3116_/X
 _3117_/Y
 _3118_/X
 _3119_/X
 _3120_/X
 _3121_/X
 _3122_/X
 _3123_/X
 _3124_/X
 _3125_/X
 _3126_/X
 _3127_/X
 _3128_/X
 _3129_/Y
 _3130_/X
 _3131_/Y
 _3132_/X
 _3133_/Y
 _3134_/Y
 _3135_/X
 _3136_/Y
 _3137_/Y
 _3138_/Y
 _3139_/Y
 _3140_/Y
 _3141_/Y
 _3142_/X
 _3143_/Y
 _3144_/X
 _3145_/X
 _3146_/X
 _3147_/X
 _3148_/X
 _3149_/X
 _3150_/X
 _3151_/X
 _3152_/X
 _3153_/X
 _3154_/X
 _3155_/X
 _3156_/X
 _3157_/Y
 _3158_/Y
 _3159_/X
 _3160_/X
 _3161_/X
 _3162_/X
 _3163_/Y
 _3164_/Y
 _3165_/Y
 _3166_/Y
 _3167_/Y
 _3168_/X
 _3169_/Y
 _3170_/X
 _3171_/X
 _3172_/Y
 _3173_/X
 _3174_/Y
 _3175_/X
 _3176_/X
 _3177_/Y
 _3178_/Y
 _3179_/X
 _3180_/Y
 _3181_/Y
 _3182_/X
 _3183_/X
 _3184_/Y
 _3185_/Y
 _3186_/X
 _3187_/Y
 _3188_/Y
 _3189_/X
 _3190_/X
 _3191_/Y
 _3192_/Y
 _3193_/X
 _3194_/Y
 _3195_/Y
 _3196_/X
 _3197_/X
 _3198_/Y
 _3199_/Y
 _3200_/X
 _3201_/Y
 _3202_/Y
 _3203_/X
 _3204_/X
 _3205_/Y
 _3206_/Y
 _3207_/X
 _3208_/Y
 _3209_/Y
 _3210_/X
 _3211_/X
 _3212_/Y
 _3213_/Y
 _3214_/X
 _3215_/Y
 _3216_/Y
 _3217_/Y
 _3218_/X
 _3219_/X
 _3220_/X
 _3221_/Y
 _3222_/X
 _3223_/X
 _3224_/X
 _3225_/Y
 _3226_/Y
 _3227_/Y
 _3228_/Y
 _3229_/Y
 _3230_/Y
 _3231_/Y
 _3232_/Y
 _3233_/Y
 _3234_/Y
 _3235_/X
 _3236_/Y
 _3237_/Y
 _3238_/Y
 _3239_/Y
 _3240_/Y
 _3241_/Y
 _3242_/Y
 _3243_/Y
 _3244_/Y
 _3245_/Y
 _3246_/X
 _3247_/Y
 _3248_/Y
 _3249_/Y
 _3250_/Y
 _3251_/Y
 _3252_/Y
 _3253_/Y
 _3254_/Y
 _3255_/Y
 _3256_/Y
 _3257_/X
 _3258_/Y
 _3259_/Y
 _3260_/Y
 _3261_/Y
 _3262_/Y
 _3263_/Y
 _3264_/Y
 _3265_/Y
 _3266_/Y
 _3267_/Y
 _3268_/X
 _3269_/Y
 _3270_/Y
 _3271_/Y
 _3272_/Y
 _3273_/Y
 _3274_/Y
 _3275_/Y
 _3276_/Y
 _3277_/Y
 _3278_/Y
 _3279_/X
 _3280_/Y
 _3281_/Y
 _3282_/Y
 _3283_/Y
 _3284_/Y
 _3285_/Y
 _3286_/Y
 _3287_/Y
 _3288_/Y
 _3289_/Y
 _3290_/X
 _3291_/Y
 _3292_/Y
 _3293_/X
 _3294_/X
 _3295_/Y
 _3296_/Y
 _3297_/X
 _3298_/Y
 _3299_/Y
 _3300_/Y
 _3301_/Y
 _3302_/Y
 _3303_/Y
 _3304_/Y
 _3305_/Y
 _3306_/Y
 _3307_/Y
 _3308_/X
 _3309_/Y
 _3310_/Y
 _3311_/Y
 _3312_/Y
 _3313_/Y
 _3314_/Y
 _3315_/Y
 _3316_/Y
 _3317_/Y
 _3318_/Y
 _3319_/X
 _3320_/X
 _3321_/Y
 _3322_/Y
 _3323_/Y
 _3324_/Y
 _3325_/Y
 _3326_/Y
 _3327_/Y
 _3328_/Y
 _3329_/Y
 _3330_/Y
 _3331_/X
 _3332_/Y
 _3333_/Y
 _3334_/Y
 _3335_/Y
 _3336_/Y
 _3337_/Y
 _3338_/Y
 _3339_/Y
 _3340_/Y
 _3341_/Y
 _3342_/X
 _3343_/Y
 _3344_/Y
 _3345_/Y
 _3346_/Y
 _3347_/Y
 _3348_/Y
 _3349_/Y
 _3350_/Y
 _3351_/Y
 _3352_/Y
 _3353_/X
 _3354_/Y
 _3355_/Y
 _3356_/Y
 _3357_/Y
 _3358_/Y
 _3359_/Y
 _3360_/Y
 _3361_/Y
 _3362_/Y
 _3363_/Y
 _3364_/X
 _3365_/Y
 _3366_/Y
 _3367_/X
 _3368_/X
 _3369_/Y
 _3370_/Y
 _3371_/Y
 _3372_/Y
 _3373_/Y
 _3374_/Y
 _3375_/Y
 _3376_/Y
 _3377_/Y
 _3378_/Y
 _3379_/X
 _3380_/Y
 _3381_/Y
 _3382_/Y
 _3383_/Y
 _3384_/Y
 _3385_/Y
 _3386_/Y
 _3387_/Y
 _3388_/Y
 _3389_/Y
 _3390_/X
 _3391_/Y
 _3392_/Y
 _3393_/Y
 _3394_/Y
 _3395_/Y
 _3396_/Y
 _3397_/Y
 _3398_/Y
 _3399_/Y
 _3400_/Y
 _3401_/X
 _3402_/X
 _3403_/Y
 _3404_/Y
 _3405_/X
 _3406_/Y
 _3407_/Y
 _3408_/Y
 _3409_/X
 _3410_/Y
 _3411_/Y
 _3412_/Y
 _3413_/Y
 _3414_/Y
 _3415_/Y
 _3416_/Y
 _3417_/Y
 _3418_/Y
 _3419_/Y
 _3420_/X
 _3421_/Y
 _3422_/Y
 _3423_/Y
 _3424_/Y
 _3425_/Y
 _3426_/Y
 _3427_/Y
 _3428_/Y
 _3429_/Y
 _3430_/Y
 _3431_/X
 _3432_/Y
 _3433_/Y
 _3434_/Y
 _3435_/Y
 _3436_/Y
 _3437_/Y
 _3438_/Y
 _3439_/Y
 _3440_/Y
 _3441_/X
 _3442_/Y
 _3443_/Y
 _3444_/X
 _3445_/X
 _3446_/Q
 _3447_/Q
 _3448_/Q
 _3449_/Q
 _3450_/Q
 _3451_/Q
 _3452_/Q
 _3453_/Q
 _3454_/Q
 _3455_/Q
 _3456_/Q
 _3457_/Q
 _3458_/Q
 _3459_/Q
 _3460_/Q
 _3461_/Q
 _3462_/Q
 _3463_/Q
 _3464_/Q
 _3465_/Q
 _3466_/Q
 _3467_/Q
 _3468_/Q
 _3469_/Q
 _3470_/Q
 _3471_/Q
 _3472_/Q
 _3473_/Q
 _3474_/Q
 _3475_/Q
 _3476_/Q
 _3477_/Q
 _3478_/Q
 _3479_/Q
 _3480_/Q
 _3481_/Q
 _3482_/Q
 _3483_/Q
 _3484_/Q
 _3485_/Q
 _3486_/Q
 _3487_/Q
 _3488_/Q
 _3489_/Q
 _3490_/Q
 _3491_/Q
 _3492_/Q
 _3493_/Q
 _3494_/Q
 _3495_/Q
 _3496_/Q
 _3497_/Q
 _3498_/Q
 _3499_/Q
 _3500_/Q
 _3501_/Q
 _3502_/Q
 _3503_/Q
 _3504_/Q
 _3505_/Q
 _3506_/Q
 _3507_/Q
 _3508_/Q
 _3509_/Q
 _3510_/Q
 _3511_/Q
 _3512_/Q
 _3513_/Q
 _3514_/Q
 _3515_/Q
 _3516_/Q
 _3517_/Q
 _3518_/Q
 _3519_/Q
 _3520_/Q
 _3521_/Q
 _3522_/Q
 _3523_/Q
 _3524_/Q
 _3525_/Q
 _3526_/Q
 _3527_/Q
 _3528_/Q
 _3529_/Q
 _3530_/Q
 _3531_/Q
 _3532_/Q
 _3533_/Q
 _3534_/Q
 _3535_/Q
 _3536_/Q
 _3537_/Q
 _3538_/Q
 _3539_/Q
 _3540_/Q
 _3541_/Q
 _3542_/Q
 _3543_/Q
 _3544_/Q
 _3545_/Q
 _3546_/Q
 _3547_/Q
 _3548_/Q
 _3549_/Q
 _3550_/Q
 _3551_/Q
 _3552_/Q
 _3553_/Q
 _3554_/Q
 _3555_/Q
 _3556_/Q
 _3557_/Q
 _3558_/Q
 _3559_/Q
 _3560_/Q
 _3561_/Q
 _3562_/Q
 _3563_/Q
 _3564_/Q
 _3565_/Q
 _3566_/Q
 _3567_/Q
 _3568_/Q
 _3569_/Q
 _3570_/Q
 _3571_/Q
 _3572_/Q
 _3573_/Q
 _3574_/Q
 _3575_/Q
 _3576_/Q
 _3577_/Q
 _3578_/Q
 _3579_/Q
 _3580_/Q
 _3581_/Q
 _3582_/Q
 _3583_/Q
 _3584_/Q
 _3585_/Q
 _3586_/Q
 _3587_/Q
 _3588_/Q
 _3589_/Q
 _3590_/Q
 _3591_/Q
 _3592_/Q
 _3593_/Q
 _3594_/Q
 _3595_/Q
 _3596_/Q
 _3597_/Q
 _3598_/Q
 _3599_/Q
 _3600_/Q
 _3601_/Q
 _3602_/Q
 _3603_/Q
 _3604_/Q
 _3605_/Q
 _3606_/Q
 _3607_/Q
 _3608_/Q
 _3609_/Q
 _3610_/Q
 _3611_/Q
 _3612_/Q
 _3613_/Q
 _3614_/Q
 _3615_/Q
 _3616_/Q
 _3617_/Q
 _3618_/Q
 _3619_/Q
 _3620_/Q
 _3621_/Q
 _3622_/Q
 _3623_/Q
 _3624_/Q
 _3625_/Q
 _3626_/Q
 _3627_/Q
 _3628_/Q
 _3629_/Q
 _3630_/Q
 _3631_/Q
 _3632_/Q
 _3633_/Q
 _3634_/Q
 _3635_/Q
 _3636_/Q
 _3637_/Q
 _3638_/Q
 _3639_/Q
 _3640_/Q
 _3641_/Q
 _3642_/Q
 _3643_/Q
 _3644_/Q
 _3645_/Q
 _3646_/Q
 _3647_/Q
 _3648_/Q
 _3649_/Q
 _3650_/Q
 _3651_/Q
 _3652_/Q
 _3653_/Q
 _3654_/Q
 _3655_/Q
 _3656_/Q
 _3657_/Q
 _3658_/Q
 _3659_/Q
 _3660_/Q
 _3661_/Q
 _3662_/Q
 _3663_/Q
 _3664_/Q
 _3665_/Q
 _3666_/Q
 _3667_/Q
 _3668_/Q
 _3669_/Q
 _3670_/Q
 _3671_/Q
 _3672_/Q
 _3673_/Q
 clkbuf_0_clk/X
 clkbuf_1_0__f_clk/X
 clkbuf_1_1__f_clk/X
 clkbuf_leaf_0_clk/X
 clkbuf_leaf_10_clk/X
 clkbuf_leaf_11_clk/X
 clkbuf_leaf_12_clk/X
 clkbuf_leaf_13_clk/X
 clkbuf_leaf_14_clk/X
 clkbuf_leaf_15_clk/X
 clkbuf_leaf_16_clk/X
 clkbuf_leaf_17_clk/X
 clkbuf_leaf_18_clk/X
 clkbuf_leaf_19_clk/X
 clkbuf_leaf_1_clk/X
 clkbuf_leaf_20_clk/X
 clkbuf_leaf_21_clk/X
 clkbuf_leaf_2_clk/X
 clkbuf_leaf_3_clk/X
 clkbuf_leaf_4_clk/X
 clkbuf_leaf_5_clk/X
 clkbuf_leaf_6_clk/X
 clkbuf_leaf_7_clk/X
 clkbuf_leaf_8_clk/X
 clkbuf_leaf_9_clk/X
 clkload0/Y
 clkload1/Y
 clkload10/Y
 clkload11/Y
 clkload12/Y
 clkload13/Y
 clkload14/Y
 clkload15/Y
 clkload16/Y
 clkload17/Y
 clkload18/Y
 clkload19/X
 clkload2/Y
 clkload20/Y
 clkload3/Y
 clkload4/Y
 clkload5/Y
 clkload6/Y
 clkload7/Y
 clkload8/Y
 clkload9/Y
 clone10/Y
 input1/X
 output10/X
 output11/X
 output12/X
 output13/X
 output14/X
 output15/X
 output16/X
 output2/X
 output3/X
 output4/X
 output5/X
 output6/X
 output7/X
 output8/X
 output9/X
 rebuffer1/X
 rebuffer10/X
 rebuffer11/X
 rebuffer12/X
 rebuffer13/X
 rebuffer14/X
 rebuffer15/X
 rebuffer16/X
 rebuffer17/X
 rebuffer18/X
 rebuffer19/X
 rebuffer2/X
 rebuffer20/X
 rebuffer21/X
 rebuffer22/X
 rebuffer23/X
 rebuffer24/X
 rebuffer25/X
 rebuffer26/X
 rebuffer27/X
 rebuffer28/X
 rebuffer29/X
 rebuffer3/X
 rebuffer30/X
 rebuffer31/X
 rebuffer32/X
 rebuffer33/X
 rebuffer34/X
 rebuffer35/X
 rebuffer36/X
 rebuffer37/X
 rebuffer38/X
 rebuffer39/X
 rebuffer4/X
 rebuffer40/X
 rebuffer41/X
 rebuffer42/X
 rebuffer43/X
 rebuffer5/X
 rebuffer6/X
 rebuffer7/X
 rebuffer8/X
 rebuffer9/X
Found 0 partially unannotated drivers.

===========================================================================
max slew violation count 0
max fanout violation count 0
max cap violation count 0
============================================================================

===========================================================================
check_setup -verbose -unconstrained_endpoints -multiple_clock -no_clock -no_input_delay -loops -generated_clocks
===========================================================================
Warning: There are 2 input ports missing set_input_delay.
  control
  reset
Warning: There is 1 unconstrained endpoint.
  _3446_/D
