
===========================================================================
report_checks -unconstrained
===========================================================================
======================= Typical Corner ===================================

Startpoint: _3473_ (rising edge-triggered flip-flop clocked by clk)
Endpoint: _3480_ (rising edge-triggered flip-flop clocked by clk)
Path Group: clk
Path Type: max

Fanout     Cap    Slew   Delay    Time   Description
-----------------------------------------------------------------------------
                  0.00    0.00    0.00   clock clk (rise edge)
                          0.00    0.00   clock network delay (ideal)
                  0.00    0.00    0.00 ^ _3473_/CLK (sky130_fd_sc_hd__dfrtp_2)
     4    0.02    0.07    0.41    0.41 v _3473_/Q (sky130_fd_sc_hd__dfrtp_2)
                                         imem.address[28] (net)
                  0.07    0.00    0.41 v _1787_/B (sky130_fd_sc_hd__or4_2)
     1    0.00    0.10    0.64    1.05 v _1787_/X (sky130_fd_sc_hd__or4_2)
                                         _0449_ (net)
                  0.10    0.00    1.05 v _1789_/C (sky130_fd_sc_hd__or4_4)
     5    0.02    0.11    0.54    1.60 v _1789_/X (sky130_fd_sc_hd__or4_4)
                                         _0451_ (net)
                  0.11    0.00    1.60 v _1806_/B (sky130_fd_sc_hd__nor3_2)
     9    0.02    0.35    0.35    1.94 ^ _1806_/Y (sky130_fd_sc_hd__nor3_2)
                                         _0468_ (net)
                  0.35    0.00    1.94 ^ _1956_/C (sky130_fd_sc_hd__and3b_2)
     8    0.03    0.15    0.33    2.27 ^ _1956_/X (sky130_fd_sc_hd__and3b_2)
                                         _0554_ (net)
                  0.15    0.00    2.27 ^ _1957_/B1 (sky130_fd_sc_hd__a21oi_2)
     4    0.01    0.08    0.06    2.34 v _1957_/Y (sky130_fd_sc_hd__a21oi_2)
                                         _0555_ (net)
                  0.08    0.00    2.34 v _1958_/A (sky130_fd_sc_hd__buf_1)
    10    0.05    0.28    0.30    2.63 v _1958_/X (sky130_fd_sc_hd__buf_1)
                                         _0556_ (net)
                  0.28    0.00    2.63 v _2006_/A1 (sky130_fd_sc_hd__o21a_2)
     5    0.02    0.08    0.35    2.98 v _2006_/X (sky130_fd_sc_hd__o21a_2)
                                         _0604_ (net)
                  0.08    0.00    2.98 v _2007_/D (sky130_fd_sc_hd__or4_2)
     1    0.00    0.10    0.54    3.52 v _2007_/X (sky130_fd_sc_hd__or4_2)
                                         _0605_ (net)
                  0.10    0.00    3.52 v _2008_/A (sky130_fd_sc_hd__buf_1)
     7    0.04    0.22    0.26    3.78 v _2008_/X (sky130_fd_sc_hd__buf_1)
                                         _0606_ (net)
                  0.22    0.00    3.78 v _2016_/A (sky130_fd_sc_hd__or3_4)
     5    0.02    0.09    0.48    4.26 v _2016_/X (sky130_fd_sc_hd__or3_4)
                                         _0614_ (net)
                  0.09    0.00    4.26 v _2024_/A (sky130_fd_sc_hd__or3_2)
     6    0.02    0.13    0.56    4.83 v _2024_/X (sky130_fd_sc_hd__or3_2)
                                         _0622_ (net)
                  0.13    0.00    4.83 v _2044_/A (sky130_fd_sc_hd__or3_2)
     4    0.02    0.12    0.57    5.39 v _2044_/X (sky130_fd_sc_hd__or3_2)
                                         _0642_ (net)
                  0.12    0.00    5.39 v _2064_/A (sky130_fd_sc_hd__or3_2)
     5    0.02    0.12    0.57    5.96 v _2064_/X (sky130_fd_sc_hd__or3_2)
                                         _0662_ (net)
                  0.12    0.00    5.96 v _2260_/A (sky130_fd_sc_hd__or3_2)
     2    0.01    0.09    0.51    6.47 v _2260_/X (sky130_fd_sc_hd__or3_2)
                                         _0858_ (net)
                  0.09    0.00    6.47 v _2267_/A (sky130_fd_sc_hd__and3_2)
     2    0.01    0.05    0.21    6.68 v _2267_/X (sky130_fd_sc_hd__and3_2)
                                         _0865_ (net)
                  0.05    0.00    6.68 v _2269_/A (sky130_fd_sc_hd__nor2_2)
     4    0.02    0.20    0.20    6.88 ^ _2269_/Y (sky130_fd_sc_hd__nor2_2)
                                         _0867_ (net)
                  0.20    0.00    6.88 ^ _2284_/A (sky130_fd_sc_hd__nand4_2)
     2    0.00    0.09    0.10    6.98 v _2284_/Y (sky130_fd_sc_hd__nand4_2)
                                         _0882_ (net)
                  0.09    0.00    6.98 v _2314_/B (sky130_fd_sc_hd__or4_2)
     2    0.01    0.11    0.67    7.66 v _2314_/X (sky130_fd_sc_hd__or4_2)
                                         _0912_ (net)
                  0.11    0.00    7.66 v _2338_/A1 (sky130_fd_sc_hd__a21oi_2)
     5    0.02    0.27    0.29    7.95 ^ _2338_/Y (sky130_fd_sc_hd__a21oi_2)
                                         _0936_ (net)
                  0.27    0.00    7.95 ^ _2363_/A1 (sky130_fd_sc_hd__a21oi_2)
     3    0.01    0.09    0.12    8.07 v _2363_/Y (sky130_fd_sc_hd__a21oi_2)
                                         _0961_ (net)
                  0.09    0.00    8.07 v _2364_/B2 (sky130_fd_sc_hd__o22ai_2)
     3    0.01    0.20    0.17    8.24 ^ _2364_/Y (sky130_fd_sc_hd__o22ai_2)
                                         _0962_ (net)
                  0.20    0.00    8.24 ^ _2366_/A2 (sky130_fd_sc_hd__a21oi_2)
     4    0.01    0.08    0.12    8.35 v _2366_/Y (sky130_fd_sc_hd__a21oi_2)
                                         _0964_ (net)
                  0.08    0.00    8.35 v _2465_/A (sky130_fd_sc_hd__or3_2)
     1    0.00    0.07    0.47    8.82 v _2465_/X (sky130_fd_sc_hd__or3_2)
                                         _1062_ (net)
                  0.07    0.00    8.82 v _2553_/A1 (sky130_fd_sc_hd__a311o_2)
     2    0.01    0.07    0.34    9.17 v _2553_/X (sky130_fd_sc_hd__a311o_2)
                                         _1150_ (net)
                  0.07    0.00    9.17 v _3116_/A4 (sky130_fd_sc_hd__a41o_2)
     3    0.01    0.05    0.29    9.46 v _3116_/X (sky130_fd_sc_hd__a41o_2)
                                         _1615_ (net)
                  0.05    0.00    9.46 v _3152_/B (sky130_fd_sc_hd__and2_2)
     4    0.01    0.06    0.22    9.67 v _3152_/X (sky130_fd_sc_hd__and2_2)
                                         _1649_ (net)
                  0.06    0.00    9.67 v _3162_/B (sky130_fd_sc_hd__or3b_2)
     2    0.01    0.10    0.47   10.15 v _3162_/X (sky130_fd_sc_hd__or3b_2)
                                         _1657_ (net)
                  0.10    0.00   10.15 v _3166_/A1 (sky130_fd_sc_hd__a211oi_2)
     1    0.00    0.14    0.18   10.33 ^ _3166_/Y (sky130_fd_sc_hd__a211oi_2)
                                         _0003_ (net)
                  0.14    0.00   10.33 ^ _3480_/D (sky130_fd_sc_hd__dfxtp_2)
                                 10.33   data arrival time

                  0.00   10.00   10.00   clock clk (rise edge)
                          0.00   10.00   clock network delay (ideal)
                          0.00   10.00   clock reconvergence pessimism
                                 10.00 ^ _3480_/CLK (sky130_fd_sc_hd__dfxtp_2)
                         -0.09    9.91   library setup time
                                  9.91   data required time
-----------------------------------------------------------------------------
                                  9.91   data required time
                                -10.33   data arrival time
-----------------------------------------------------------------------------
                                 -0.42   slack (VIOLATED)




===========================================================================
report_checks --slack_max -0.01
============================================================================
======================= Typical Corner ===================================

Startpoint: _3473_ (rising edge-triggered flip-flop clocked by clk)
Endpoint: _3480_ (rising edge-triggered flip-flop clocked by clk)
Path Group: clk
Path Type: max

Fanout     Cap    Slew   Delay    Time   Description
-----------------------------------------------------------------------------
                  0.00    0.00    0.00   clock clk (rise edge)
                          0.00    0.00   clock network delay (ideal)
                  0.00    0.00    0.00 ^ _3473_/CLK (sky130_fd_sc_hd__dfrtp_2)
     4    0.02    0.07    0.41    0.41 v _3473_/Q (sky130_fd_sc_hd__dfrtp_2)
                                         imem.address[28] (net)
                  0.07    0.00    0.41 v _1787_/B (sky130_fd_sc_hd__or4_2)
     1    0.00    0.10    0.64    1.05 v _1787_/X (sky130_fd_sc_hd__or4_2)
                                         _0449_ (net)
                  0.10    0.00    1.05 v _1789_/C (sky130_fd_sc_hd__or4_4)
     5    0.02    0.11    0.54    1.60 v _1789_/X (sky130_fd_sc_hd__or4_4)
                                         _0451_ (net)
                  0.11    0.00    1.60 v _1806_/B (sky130_fd_sc_hd__nor3_2)
     9    0.02    0.35    0.35    1.94 ^ _1806_/Y (sky130_fd_sc_hd__nor3_2)
                                         _0468_ (net)
                  0.35    0.00    1.94 ^ _1956_/C (sky130_fd_sc_hd__and3b_2)
     8    0.03    0.15    0.33    2.27 ^ _1956_/X (sky130_fd_sc_hd__and3b_2)
                                         _0554_ (net)
                  0.15    0.00    2.27 ^ _1957_/B1 (sky130_fd_sc_hd__a21oi_2)
     4    0.01    0.08    0.06    2.34 v _1957_/Y (sky130_fd_sc_hd__a21oi_2)
                                         _0555_ (net)
                  0.08    0.00    2.34 v _1958_/A (sky130_fd_sc_hd__buf_1)
    10    0.05    0.28    0.30    2.63 v _1958_/X (sky130_fd_sc_hd__buf_1)
                                         _0556_ (net)
                  0.28    0.00    2.63 v _2006_/A1 (sky130_fd_sc_hd__o21a_2)
     5    0.02    0.08    0.35    2.98 v _2006_/X (sky130_fd_sc_hd__o21a_2)
                                         _0604_ (net)
                  0.08    0.00    2.98 v _2007_/D (sky130_fd_sc_hd__or4_2)
     1    0.00    0.10    0.54    3.52 v _2007_/X (sky130_fd_sc_hd__or4_2)
                                         _0605_ (net)
                  0.10    0.00    3.52 v _2008_/A (sky130_fd_sc_hd__buf_1)
     7    0.04    0.22    0.26    3.78 v _2008_/X (sky130_fd_sc_hd__buf_1)
                                         _0606_ (net)
                  0.22    0.00    3.78 v _2016_/A (sky130_fd_sc_hd__or3_4)
     5    0.02    0.09    0.48    4.26 v _2016_/X (sky130_fd_sc_hd__or3_4)
                                         _0614_ (net)
                  0.09    0.00    4.26 v _2024_/A (sky130_fd_sc_hd__or3_2)
     6    0.02    0.13    0.56    4.83 v _2024_/X (sky130_fd_sc_hd__or3_2)
                                         _0622_ (net)
                  0.13    0.00    4.83 v _2044_/A (sky130_fd_sc_hd__or3_2)
     4    0.02    0.12    0.57    5.39 v _2044_/X (sky130_fd_sc_hd__or3_2)
                                         _0642_ (net)
                  0.12    0.00    5.39 v _2064_/A (sky130_fd_sc_hd__or3_2)
     5    0.02    0.12    0.57    5.96 v _2064_/X (sky130_fd_sc_hd__or3_2)
                                         _0662_ (net)
                  0.12    0.00    5.96 v _2260_/A (sky130_fd_sc_hd__or3_2)
     2    0.01    0.09    0.51    6.47 v _2260_/X (sky130_fd_sc_hd__or3_2)
                                         _0858_ (net)
                  0.09    0.00    6.47 v _2267_/A (sky130_fd_sc_hd__and3_2)
     2    0.01    0.05    0.21    6.68 v _2267_/X (sky130_fd_sc_hd__and3_2)
                                         _0865_ (net)
                  0.05    0.00    6.68 v _2269_/A (sky130_fd_sc_hd__nor2_2)
     4    0.02    0.20    0.20    6.88 ^ _2269_/Y (sky130_fd_sc_hd__nor2_2)
                                         _0867_ (net)
                  0.20    0.00    6.88 ^ _2284_/A (sky130_fd_sc_hd__nand4_2)
     2    0.00    0.09    0.10    6.98 v _2284_/Y (sky130_fd_sc_hd__nand4_2)
                                         _0882_ (net)
                  0.09    0.00    6.98 v _2314_/B (sky130_fd_sc_hd__or4_2)
     2    0.01    0.11    0.67    7.66 v _2314_/X (sky130_fd_sc_hd__or4_2)
                                         _0912_ (net)
                  0.11    0.00    7.66 v _2338_/A1 (sky130_fd_sc_hd__a21oi_2)
     5    0.02    0.27    0.29    7.95 ^ _2338_/Y (sky130_fd_sc_hd__a21oi_2)
                                         _0936_ (net)
                  0.27    0.00    7.95 ^ _2363_/A1 (sky130_fd_sc_hd__a21oi_2)
     3    0.01    0.09    0.12    8.07 v _2363_/Y (sky130_fd_sc_hd__a21oi_2)
                                         _0961_ (net)
                  0.09    0.00    8.07 v _2364_/B2 (sky130_fd_sc_hd__o22ai_2)
     3    0.01    0.20    0.17    8.24 ^ _2364_/Y (sky130_fd_sc_hd__o22ai_2)
                                         _0962_ (net)
                  0.20    0.00    8.24 ^ _2366_/A2 (sky130_fd_sc_hd__a21oi_2)
     4    0.01    0.08    0.12    8.35 v _2366_/Y (sky130_fd_sc_hd__a21oi_2)
                                         _0964_ (net)
                  0.08    0.00    8.35 v _2465_/A (sky130_fd_sc_hd__or3_2)
     1    0.00    0.07    0.47    8.82 v _2465_/X (sky130_fd_sc_hd__or3_2)
                                         _1062_ (net)
                  0.07    0.00    8.82 v _2553_/A1 (sky130_fd_sc_hd__a311o_2)
     2    0.01    0.07    0.34    9.17 v _2553_/X (sky130_fd_sc_hd__a311o_2)
                                         _1150_ (net)
                  0.07    0.00    9.17 v _3116_/A4 (sky130_fd_sc_hd__a41o_2)
     3    0.01    0.05    0.29    9.46 v _3116_/X (sky130_fd_sc_hd__a41o_2)
                                         _1615_ (net)
                  0.05    0.00    9.46 v _3152_/B (sky130_fd_sc_hd__and2_2)
     4    0.01    0.06    0.22    9.67 v _3152_/X (sky130_fd_sc_hd__and2_2)
                                         _1649_ (net)
                  0.06    0.00    9.67 v _3162_/B (sky130_fd_sc_hd__or3b_2)
     2    0.01    0.10    0.47   10.15 v _3162_/X (sky130_fd_sc_hd__or3b_2)
                                         _1657_ (net)
                  0.10    0.00   10.15 v _3166_/A1 (sky130_fd_sc_hd__a211oi_2)
     1    0.00    0.14    0.18   10.33 ^ _3166_/Y (sky130_fd_sc_hd__a211oi_2)
                                         _0003_ (net)
                  0.14    0.00   10.33 ^ _3480_/D (sky130_fd_sc_hd__dfxtp_2)
                                 10.33   data arrival time

                  0.00   10.00   10.00   clock clk (rise edge)
                          0.00   10.00   clock network delay (ideal)
                          0.00   10.00   clock reconvergence pessimism
                                 10.00 ^ _3480_/CLK (sky130_fd_sc_hd__dfxtp_2)
                         -0.09    9.91   library setup time
                                  9.91   data required time
-----------------------------------------------------------------------------
                                  9.91   data required time
                                -10.33   data arrival time
-----------------------------------------------------------------------------
                                 -0.42   slack (VIOLATED)




===========================================================================
 report_check_types -max_slew -max_cap -max_fanout -violators
============================================================================
======================= Typical Corner ===================================


max slew violations count Typical: 0
max fanout violations count Typical: 0
max cap violations count Typical: 0

===========================================================================
report_parasitic_annotation -report_unannotated
============================================================================
Found 1 unannotated drivers.
 clk
Found 0 partially unannotated drivers.

===========================================================================
max slew violation count 0
max fanout violation count 0
max cap violation count 0
============================================================================

===========================================================================
check_setup -verbose -unconstrained_endpoints -multiple_clock -no_clock -no_input_delay -loops -generated_clocks
===========================================================================
Warning: There are 2 input ports missing set_input_delay.
  control
  reset
Warning: There is 1 unconstrained endpoint.
  _3446_/D
