%Warning-VARHIDDEN: /openlane/designs/SemiCPU/src/SemiCPU.v:3:23: Declaration of signal hides declaration in upper scope: 'pc'
    3 |     output reg [31:0] pc
      |                       ^~
                    /openlane/designs/SemiCPU/src/SemiCPU.v:186:20: ... Location of original declaration
  186 |     ProgramCounter pc(
      |                    ^~
                    ... For warning description see https://verilator.org/warn/VARHIDDEN?v=5.018
                    ... Use "/* verilator lint_off VARHIDDEN */" and lint_on around source to disable this message.
%Warning-BLKSEQ: /openlane/designs/SemiCPU/src/SemiCPU.v:141:33: Blocking assignment '=' in sequential logic process
                                                               : ... Suggest using delayed assignment '<='
  141 |             3'b111: begin digit = data[31:28]; an = 8'b01111111; end
      |                                 ^
%Warning-BLKSEQ: /openlane/designs/SemiCPU/src/SemiCPU.v:141:51: Blocking assignment '=' in sequential logic process
                                                               : ... Suggest using delayed assignment '<='
  141 |             3'b111: begin digit = data[31:28]; an = 8'b01111111; end
      |                                                   ^
%Warning-BLKSEQ: /openlane/designs/SemiCPU/src/SemiCPU.v:140:33: Blocking assignment '=' in sequential logic process
                                                               : ... Suggest using delayed assignment '<='
  140 |             3'b110: begin digit = data[27:24]; an = 8'b10111111; end
      |                                 ^
%Warning-BLKSEQ: /openlane/designs/SemiCPU/src/SemiCPU.v:140:51: Blocking assignment '=' in sequential logic process
                                                               : ... Suggest using delayed assignment '<='
  140 |             3'b110: begin digit = data[27:24]; an = 8'b10111111; end
      |                                                   ^
%Warning-BLKSEQ: /openlane/designs/SemiCPU/src/SemiCPU.v:139:33: Blocking assignment '=' in sequential logic process
                                                               : ... Suggest using delayed assignment '<='
  139 |             3'b101: begin digit = data[23:20]; an = 8'b11011111; end
      |                                 ^
%Warning-BLKSEQ: /openlane/designs/SemiCPU/src/SemiCPU.v:139:51: Blocking assignment '=' in sequential logic process
                                                               : ... Suggest using delayed assignment '<='
  139 |             3'b101: begin digit = data[23:20]; an = 8'b11011111; end
      |                                                   ^
%Warning-BLKSEQ: /openlane/designs/SemiCPU/src/SemiCPU.v:138:33: Blocking assignment '=' in sequential logic process
                                                               : ... Suggest using delayed assignment '<='
  138 |             3'b100: begin digit = data[19:16]; an = 8'b11101111; end
      |                                 ^
%Warning-BLKSEQ: /openlane/designs/SemiCPU/src/SemiCPU.v:138:51: Blocking assignment '=' in sequential logic process
                                                               : ... Suggest using delayed assignment '<='
  138 |             3'b100: begin digit = data[19:16]; an = 8'b11101111; end
      |                                                   ^
%Warning-BLKSEQ: /openlane/designs/SemiCPU/src/SemiCPU.v:137:33: Blocking assignment '=' in sequential logic process
                                                               : ... Suggest using delayed assignment '<='
  137 |             3'b011: begin digit = data[15:12]; an = 8'b11110111; end
      |                                 ^
%Warning-BLKSEQ: /openlane/designs/SemiCPU/src/SemiCPU.v:137:51: Blocking assignment '=' in sequential logic process
                                                               : ... Suggest using delayed assignment '<='
  137 |             3'b011: begin digit = data[15:12]; an = 8'b11110111; end
      |                                                   ^
%Warning-BLKSEQ: /openlane/designs/SemiCPU/src/SemiCPU.v:136:33: Blocking assignment '=' in sequential logic process
                                                               : ... Suggest using delayed assignment '<='
  136 |             3'b010: begin digit = data[11:8];  an = 8'b11111011; end
      |                                 ^
%Warning-BLKSEQ: /openlane/designs/SemiCPU/src/SemiCPU.v:136:51: Blocking assignment '=' in sequential logic process
                                                               : ... Suggest using delayed assignment '<='
  136 |             3'b010: begin digit = data[11:8];  an = 8'b11111011; end
      |                                                   ^
%Warning-BLKSEQ: /openlane/designs/SemiCPU/src/SemiCPU.v:135:33: Blocking assignment '=' in sequential logic process
                                                               : ... Suggest using delayed assignment '<='
  135 |             3'b001: begin digit = data[7:4];   an = 8'b11111101; end
      |                                 ^
%Warning-BLKSEQ: /openlane/designs/SemiCPU/src/SemiCPU.v:135:51: Blocking assignment '=' in sequential logic process
                                                               : ... Suggest using delayed assignment '<='
  135 |             3'b001: begin digit = data[7:4];   an = 8'b11111101; end
      |                                                   ^
%Warning-BLKSEQ: /openlane/designs/SemiCPU/src/SemiCPU.v:134:33: Blocking assignment '=' in sequential logic process
                                                               : ... Suggest using delayed assignment '<='
  134 |             3'b000: begin digit = data[3:0];   an = 8'b11111110; end
      |                                 ^
%Warning-BLKSEQ: /openlane/designs/SemiCPU/src/SemiCPU.v:134:51: Blocking assignment '=' in sequential logic process
                                                               : ... Suggest using delayed assignment '<='
  134 |             3'b000: begin digit = data[3:0];   an = 8'b11111110; end
      |                                                   ^
%Warning-BLKSEQ: /openlane/designs/SemiCPU/src/SemiCPU.v:161:23: Blocking assignment '=' in sequential logic process
                                                               : ... Suggest using delayed assignment '<='
  161 |             4'hF: seg = 7'b0001110;
      |                       ^
