OpenROAD b16bda7e82721d10566ff7e2b68f1ff0be9f9e38 
Features included (+) or not (-): +Charts +GPU +GUI +Python
This program is licensed under the BSD-3 license. See the LICENSE file for details.
Components of this program may be licensed under more restrictive licenses which must be honored.
Top-level design name: CPU
Block boundaries: 0 0 220000 220000
Horizontal Tracks Origin: 340, Count: 323, Step: 680
Vertical Tracks Origin: 230, Count: 478, Step: 460
Placement details for the #E side
Virtual pin count:  0
Actual pin count:  15
Total pin count:  15
Tracks count:  162
Tracks per pin:  10
Used tracks count:  141
Unused track count:  21
Starting track index:  10
Placement Map:
[340, 1700, 3060, 4420, 5780, 7140, 8500, 9860, 11220, 12580, [91m13940[0m, 15300, 16660, 18020, 19380, 20740, 22100, 23460, 24820, 26180, [91m27540[0m, 28900, 30260, 31620, 32980, 34340, 35700, 37060, 38420, 39780, [91m41140[0m, 42500, 43860, 45220, 46580, 47940, 49300, 50660, 52020, 53380, [91m54740[0m, 56100, 57460, 58820, 60180, 61540, 62900, 64260, 65620, 66980, [91m68340[0m, 69700, 71060, 72420, 73780, 75140, 76500, 77860, 79220, 80580, [91m81940[0m, 83300, 84660, 86020, 87380, 88740, 90100, 91460, 92820, 94180, [91m95540[0m, 96900, 98260, 99620, 100980, 102340, 103700, 105060, 106420, 107780, [91m109140[0m, 110500, 111860, 113220, 114580, 115940, 117300, 118660, 120020, 121380, [91m122740[0m, 124100, 125460, 126820, 128180, 129540, 130900, 132260, 133620, 134980, [91m136340[0m, 137700, 139060, 140420, 141780, 143140, 144500, 145860, 147220, 148580, [91m149940[0m, 151300, 152660, 154020, 155380, 156740, 158100, 159460, 160820, 162180, [91m163540[0m, 164900, 166260, 167620, 168980, 170340, 171700, 173060, 174420, 175780, [91m177140[0m, 178500, 179860, 181220, 182580, 183940, 185300, 186660, 188020, 189380, [91m190740[0m, 192100, 193460, 194820, 196180, 197540, 198900, 200260, 201620, 202980, [91m204340[0m, 205700, 207060, 208420, 209780, 211140, 212500, 213860, 215220, 216580, 217940, 219300, ]
Indices of used tracks: [10, 20, 30, 40, 50, 60, 70, 80, 90, 100, 110, 120, 130, 140, 150]
---
Placement details for the #W side
Virtual pin count:  0
Actual pin count:  3
Total pin count:  3
Tracks count:  162
Tracks per pin:  54
Used tracks count:  109
Unused track count:  53
Starting track index:  26
Placement Map:
[340, 1700, 3060, 4420, 5780, 7140, 8500, 9860, 11220, 12580, 13940, 15300, 16660, 18020, 19380, 20740, 22100, 23460, 24820, 26180, 27540, 28900, 30260, 31620, 32980, 34340, [91m35700[0m, 37060, 38420, 39780, 41140, 42500, 43860, 45220, 46580, 47940, 49300, 50660, 52020, 53380, 54740, 56100, 57460, 58820, 60180, 61540, 62900, 64260, 65620, 66980, 68340, 69700, 71060, 72420, 73780, 75140, 76500, 77860, 79220, 80580, 81940, 83300, 84660, 86020, 87380, 88740, 90100, 91460, 92820, 94180, 95540, 96900, 98260, 99620, 100980, 102340, 103700, 105060, 106420, 107780, [91m109140[0m, 110500, 111860, 113220, 114580, 115940, 117300, 118660, 120020, 121380, 122740, 124100, 125460, 126820, 128180, 129540, 130900, 132260, 133620, 134980, 136340, 137700, 139060, 140420, 141780, 143140, 144500, 145860, 147220, 148580, 149940, 151300, 152660, 154020, 155380, 156740, 158100, 159460, 160820, 162180, 163540, 164900, 166260, 167620, 168980, 170340, 171700, 173060, 174420, 175780, 177140, 178500, 179860, 181220, [91m182580[0m, 183940, 185300, 186660, 188020, 189380, 190740, 192100, 193460, 194820, 196180, 197540, 198900, 200260, 201620, 202980, 204340, 205700, 207060, 208420, 209780, 211140, 212500, 213860, 215220, 216580, 217940, 219300, ]
Indices of used tracks: [26, 80, 134]
---
