OpenROAD b16bda7e82721d10566ff7e2b68f1ff0be9f9e38 
Features included (+) or not (-): +Charts +GPU +GUI +Python
This program is licensed under the BSD-3 license. See the LICENSE file for details.
Components of this program may be licensed under more restrictive licenses which must be honored.
define_corners Typical
read_liberty -corner Typical /home/omers/.volare/sky130A/libs.ref/sky130_fd_sc_hd/lib/sky130_fd_sc_hd__tt_025C_1v80.lib
Using 1e-12 for capacitance...
Using 1e+03 for resistance...
Using 1e-09 for time...
Using 1e+00 for voltage...
Using 1e-03 for current...
Using 1e-09 for power...
Using 1e-06 for distance...
[INFO]: Reading ODB at '/openlane/designs/ZeroToFiveCounter/runs/RUN_2025.05.19_12.23.41/tmp/routing/21-fill.odb'…
Reading design constraints file at '/openlane/designs/ZeroToFiveCounter/src/ZeroToFiveCounter.sdc'…
[INFO ORD-0030] Using 2 thread(s).
[INFO DRT-0149] Reading tech and libs.
[WARNING DRT-0349] LEF58_ENCLOSURE with no CUTCLASS is not supported. Skipping for layer mcon
[WARNING DRT-0349] LEF58_ENCLOSURE with no CUTCLASS is not supported. Skipping for layer mcon
[WARNING DRT-0349] LEF58_ENCLOSURE with no CUTCLASS is not supported. Skipping for layer via
[WARNING DRT-0349] LEF58_ENCLOSURE with no CUTCLASS is not supported. Skipping for layer via
[WARNING DRT-0349] LEF58_ENCLOSURE with no CUTCLASS is not supported. Skipping for layer via2
[WARNING DRT-0349] LEF58_ENCLOSURE with no CUTCLASS is not supported. Skipping for layer via2
[WARNING DRT-0349] LEF58_ENCLOSURE with no CUTCLASS is not supported. Skipping for layer via3
[WARNING DRT-0349] LEF58_ENCLOSURE with no CUTCLASS is not supported. Skipping for layer via3
[WARNING DRT-0349] LEF58_ENCLOSURE with no CUTCLASS is not supported. Skipping for layer via4
[WARNING DRT-0349] LEF58_ENCLOSURE with no CUTCLASS is not supported. Skipping for layer via4

Units:                1000
Number of layers:     13
Number of macros:     441
Number of vias:       29
Number of viarulegen: 25

[INFO DRT-0150] Reading design.

Design:                   ZeroToFiveCounter
Die area:                 ( 0 0 ) ( 120000 120000 )
Number of track patterns: 12
Number of DEF vias:       0
Number of components:     1317
Number of terminals:      19
Number of snets:          2
Number of nets:           224

[INFO DRT-0167] List of default vias:
  Layer via
    default via: M1M2_PR
  Layer via2
    default via: M2M3_PR
  Layer via3
    default via: M3M4_PR
  Layer via4
    default via: M4M5_PR
[INFO DRT-0162] Library cell analysis.
[INFO DRT-0163] Instance analysis.
[INFO DRT-0164] Number of unique instances = 122.
[INFO DRT-0168] Init region query.
[INFO DRT-0024]   Complete FR_MASTERSLICE.
[INFO DRT-0024]   Complete Fr_VIA.
[INFO DRT-0024]   Complete li1.
[INFO DRT-0024]   Complete mcon.
[INFO DRT-0024]   Complete met1.
[INFO DRT-0024]   Complete via.
[INFO DRT-0024]   Complete met2.
[INFO DRT-0024]   Complete via2.
[INFO DRT-0024]   Complete met3.
[INFO DRT-0024]   Complete via3.
[INFO DRT-0024]   Complete met4.
[INFO DRT-0024]   Complete via4.
[INFO DRT-0024]   Complete met5.
[INFO DRT-0033] FR_MASTERSLICE shape region query size = 0.
[INFO DRT-0033] FR_VIA shape region query size = 0.
[INFO DRT-0033] li1 shape region query size = 14058.
[INFO DRT-0033] mcon shape region query size = 9528.
[INFO DRT-0033] met1 shape region query size = 3307.
[INFO DRT-0033] via shape region query size = 925.
[INFO DRT-0033] met2 shape region query size = 555.
[INFO DRT-0033] via2 shape region query size = 740.
[INFO DRT-0033] met3 shape region query size = 572.
[INFO DRT-0033] via3 shape region query size = 740.
[INFO DRT-0033] met4 shape region query size = 245.
[INFO DRT-0033] via4 shape region query size = 40.
[INFO DRT-0033] met5 shape region query size = 56.
[INFO DRT-0165] Start pin access.
[INFO DRT-0078]   Complete 353 pins.
[INFO DRT-0079]   Complete 100 unique inst patterns.
[INFO DRT-0081]   Complete 104 unique inst patterns.
[INFO DRT-0084]   Complete 209 groups.
#scanned instances     = 1317
#unique  instances     = 122
#stdCellGenAp          = 2950
#stdCellValidPlanarAp  = 40
#stdCellValidViaAp     = 2121
#stdCellPinNoAp        = 0
#stdCellPinCnt         = 700
#instTermValidViaApCnt = 0
#macroGenAp            = 0
#macroValidPlanarAp    = 0
#macroValidViaAp       = 0
#macroNoAp             = 0
[INFO DRT-0166] Complete pin access.
[INFO DRT-0267] cpu time = 00:00:10, elapsed time = 00:00:03, memory = 121.27 (MB), peak = 121.27 (MB)

Number of guides:     2505

[INFO DRT-0169] Post process guides.
[INFO DRT-0176] GCELLGRID X 0 DO 17 STEP 6900 ;
[INFO DRT-0177] GCELLGRID Y 0 DO 17 STEP 6900 ;
[INFO DRT-0028]   Complete FR_MASTERSLICE.
[INFO DRT-0028]   Complete Fr_VIA.
[INFO DRT-0028]   Complete li1.
[INFO DRT-0028]   Complete mcon.
[INFO DRT-0028]   Complete met1.
[INFO DRT-0028]   Complete via.
[INFO DRT-0028]   Complete met2.
[INFO DRT-0028]   Complete via2.
[INFO DRT-0028]   Complete met3.
[INFO DRT-0028]   Complete via3.
[INFO DRT-0028]   Complete met4.
[INFO DRT-0028]   Complete via4.
[INFO DRT-0028]   Complete met5.
[INFO DRT-0178] Init guide query.
[INFO DRT-0035]   Complete FR_MASTERSLICE (guide).
[INFO DRT-0035]   Complete Fr_VIA (guide).
[INFO DRT-0035]   Complete li1 (guide).
[INFO DRT-0035]   Complete mcon (guide).
[INFO DRT-0035]   Complete met1 (guide).
[INFO DRT-0035]   Complete via (guide).
[INFO DRT-0035]   Complete met2 (guide).
[INFO DRT-0035]   Complete via2 (guide).
[INFO DRT-0035]   Complete met3 (guide).
[INFO DRT-0035]   Complete via3 (guide).
[INFO DRT-0035]   Complete met4 (guide).
[INFO DRT-0035]   Complete via4 (guide).
[INFO DRT-0035]   Complete met5 (guide).
[INFO DRT-0036] FR_MASTERSLICE guide region query size = 0.
[INFO DRT-0036] FR_VIA guide region query size = 0.
[INFO DRT-0036] li1 guide region query size = 659.
[INFO DRT-0036] mcon guide region query size = 0.
[INFO DRT-0036] met1 guide region query size = 723.
[INFO DRT-0036] via guide region query size = 0.
[INFO DRT-0036] met2 guide region query size = 460.
[INFO DRT-0036] via2 guide region query size = 0.
[INFO DRT-0036] met3 guide region query size = 78.
[INFO DRT-0036] via3 guide region query size = 0.
[INFO DRT-0036] met4 guide region query size = 18.
[INFO DRT-0036] via4 guide region query size = 0.
[INFO DRT-0036] met5 guide region query size = 0.
[INFO DRT-0179] Init gr pin query.
[INFO DRT-0245] skipped writing guide updates to database.
[INFO DRT-0185] Post process initialize RPin region query.
[INFO DRT-0181] Start track assignment.
[INFO DRT-0184] Done with 1137 vertical wires in 1 frboxes and 801 horizontal wires in 1 frboxes.
[INFO DRT-0186] Done with 155 vertical wires in 1 frboxes and 265 horizontal wires in 1 frboxes.
[INFO DRT-0182] Complete track assignment.
[INFO DRT-0267] cpu time = 00:00:00, elapsed time = 00:00:00, memory = 128.67 (MB), peak = 128.67 (MB)
[INFO DRT-0187] Start routing data preparation.
[INFO DRT-0267] cpu time = 00:00:00, elapsed time = 00:00:00, memory = 128.67 (MB), peak = 128.67 (MB)
[INFO DRT-0194] Start detail routing.
[INFO DRT-0195] Start 0th optimization iteration.
    Completing 10% with 0 violations.
    elapsed time = 00:00:00, memory = 139.56 (MB).
    Completing 20% with 0 violations.
    elapsed time = 00:00:00, memory = 140.96 (MB).
    Completing 30% with 0 violations.
    elapsed time = 00:00:00, memory = 146.43 (MB).
    Completing 40% with 0 violations.
    elapsed time = 00:00:00, memory = 142.09 (MB).
    Completing 50% with 25 violations.
    elapsed time = 00:00:00, memory = 152.00 (MB).
    Completing 60% with 25 violations.
    elapsed time = 00:00:02, memory = 150.74 (MB).
    Completing 70% with 83 violations.
    elapsed time = 00:00:02, memory = 158.79 (MB).
    Completing 80% with 83 violations.
    elapsed time = 00:00:03, memory = 150.78 (MB).
    Completing 90% with 124 violations.
    elapsed time = 00:00:05, memory = 152.95 (MB).
    Completing 100% with 192 violations.
    elapsed time = 00:00:05, memory = 152.95 (MB).
[INFO DRT-0199]   Number of violations = 239.
Viol/Layer         li1   mcon   met1   met2   met3   met4
Cut Spacing          0      1      0      0      0      0
Metal Spacing        2      0     24     26      2      0
Recheck              0      0     26     12      8      1
Short                0      0     98     39      0      0
[INFO DRT-0267] cpu time = 00:00:06, elapsed time = 00:00:05, memory = 498.00 (MB), peak = 498.00 (MB)
Total wire length = 20830 um.
Total wire length on LAYER li1 = 0 um.
Total wire length on LAYER met1 = 9297 um.
Total wire length on LAYER met2 = 8967 um.
Total wire length on LAYER met3 = 1852 um.
Total wire length on LAYER met4 = 713 um.
Total wire length on LAYER met5 = 0 um.
Total number of vias = 1950.
Up-via summary (total 1950):

-----------------------
 FR_MASTERSLICE       0
            li1     679
           met1    1116
           met2     123
           met3      32
           met4       0
-----------------------
                   1950


[INFO DRT-0195] Start 1st optimization iteration.
    Completing 10% with 239 violations.
    elapsed time = 00:00:00, memory = 499.09 (MB).
    Completing 20% with 239 violations.
    elapsed time = 00:00:00, memory = 499.09 (MB).
    Completing 30% with 239 violations.
    elapsed time = 00:00:00, memory = 499.09 (MB).
    Completing 40% with 239 violations.
    elapsed time = 00:00:00, memory = 499.09 (MB).
    Completing 50% with 230 violations.
    elapsed time = 00:00:00, memory = 503.47 (MB).
    Completing 60% with 230 violations.
    elapsed time = 00:00:00, memory = 503.47 (MB).
    Completing 70% with 190 violations.
    elapsed time = 00:00:00, memory = 503.47 (MB).
    Completing 80% with 190 violations.
    elapsed time = 00:00:01, memory = 503.47 (MB).
    Completing 90% with 173 violations.
    elapsed time = 00:00:03, memory = 503.47 (MB).
    Completing 100% with 119 violations.
    elapsed time = 00:00:03, memory = 503.47 (MB).
[INFO DRT-0199]   Number of violations = 119.
Viol/Layer        met1   met2
Metal Spacing       12     18
Short               67     22
[INFO DRT-0267] cpu time = 00:00:05, elapsed time = 00:00:04, memory = 506.61 (MB), peak = 506.61 (MB)
Total wire length = 20805 um.
Total wire length on LAYER li1 = 0 um.
Total wire length on LAYER met1 = 9288 um.
Total wire length on LAYER met2 = 8927 um.
Total wire length on LAYER met3 = 1846 um.
Total wire length on LAYER met4 = 742 um.
Total wire length on LAYER met5 = 0 um.
Total number of vias = 2008.
Up-via summary (total 2008):

-----------------------
 FR_MASTERSLICE       0
            li1     679
           met1    1158
           met2     134
           met3      37
           met4       0
-----------------------
                   2008


[INFO DRT-0195] Start 2nd optimization iteration.
    Completing 10% with 119 violations.
    elapsed time = 00:00:00, memory = 506.61 (MB).
    Completing 20% with 119 violations.
    elapsed time = 00:00:00, memory = 517.76 (MB).
    Completing 30% with 111 violations.
    elapsed time = 00:00:00, memory = 517.76 (MB).
    Completing 40% with 111 violations.
    elapsed time = 00:00:00, memory = 517.76 (MB).
    Completing 50% with 111 violations.
    elapsed time = 00:00:02, memory = 527.88 (MB).
    Completing 60% with 103 violations.
    elapsed time = 00:00:02, memory = 527.88 (MB).
    Completing 70% with 103 violations.
    elapsed time = 00:00:02, memory = 527.88 (MB).
    Completing 80% with 95 violations.
    elapsed time = 00:00:02, memory = 527.88 (MB).
    Completing 90% with 95 violations.
    elapsed time = 00:00:02, memory = 527.88 (MB).
    Completing 100% with 94 violations.
    elapsed time = 00:00:04, memory = 527.88 (MB).
[INFO DRT-0199]   Number of violations = 94.
Viol/Layer        met1   met2   met3
Metal Spacing        3     15      1
Short               53     22      0
[INFO DRT-0267] cpu time = 00:00:06, elapsed time = 00:00:04, memory = 527.88 (MB), peak = 527.88 (MB)
Total wire length = 20715 um.
Total wire length on LAYER li1 = 0 um.
Total wire length on LAYER met1 = 9271 um.
Total wire length on LAYER met2 = 8890 um.
Total wire length on LAYER met3 = 1828 um.
Total wire length on LAYER met4 = 725 um.
Total wire length on LAYER met5 = 0 um.
Total number of vias = 1927.
Up-via summary (total 1927):

-----------------------
 FR_MASTERSLICE       0
            li1     679
           met1    1093
           met2     116
           met3      39
           met4       0
-----------------------
                   1927


[INFO DRT-0195] Start 3rd optimization iteration.
    Completing 10% with 94 violations.
    elapsed time = 00:00:00, memory = 527.88 (MB).
    Completing 20% with 94 violations.
    elapsed time = 00:00:00, memory = 527.88 (MB).
    Completing 30% with 94 violations.
    elapsed time = 00:00:00, memory = 527.88 (MB).
    Completing 40% with 94 violations.
    elapsed time = 00:00:00, memory = 527.88 (MB).
    Completing 50% with 79 violations.
    elapsed time = 00:00:00, memory = 527.88 (MB).
    Completing 60% with 79 violations.
    elapsed time = 00:00:02, memory = 527.88 (MB).
    Completing 70% with 70 violations.
    elapsed time = 00:00:02, memory = 527.88 (MB).
    Completing 80% with 70 violations.
    elapsed time = 00:00:02, memory = 527.88 (MB).
    Completing 90% with 54 violations.
    elapsed time = 00:00:03, memory = 527.88 (MB).
    Completing 100% with 15 violations.
    elapsed time = 00:00:03, memory = 527.88 (MB).
[INFO DRT-0199]   Number of violations = 15.
Viol/Layer        met2
Metal Spacing        4
Short               11
[INFO DRT-0267] cpu time = 00:00:03, elapsed time = 00:00:03, memory = 527.88 (MB), peak = 527.88 (MB)
Total wire length = 20731 um.
Total wire length on LAYER li1 = 0 um.
Total wire length on LAYER met1 = 9077 um.
Total wire length on LAYER met2 = 8855 um.
Total wire length on LAYER met3 = 2026 um.
Total wire length on LAYER met4 = 772 um.
Total wire length on LAYER met5 = 0 um.
Total number of vias = 2002.
Up-via summary (total 2002):

-----------------------
 FR_MASTERSLICE       0
            li1     679
           met1    1137
           met2     146
           met3      40
           met4       0
-----------------------
                   2002


[INFO DRT-0195] Start 4th optimization iteration.
    Completing 10% with 15 violations.
    elapsed time = 00:00:00, memory = 527.88 (MB).
    Completing 20% with 15 violations.
    elapsed time = 00:00:00, memory = 527.88 (MB).
    Completing 30% with 15 violations.
    elapsed time = 00:00:00, memory = 527.88 (MB).
    Completing 40% with 15 violations.
    elapsed time = 00:00:00, memory = 527.88 (MB).
    Completing 50% with 15 violations.
    elapsed time = 00:00:00, memory = 527.88 (MB).
    Completing 60% with 15 violations.
    elapsed time = 00:00:00, memory = 527.88 (MB).
    Completing 70% with 0 violations.
    elapsed time = 00:00:00, memory = 527.88 (MB).
    Completing 80% with 0 violations.
    elapsed time = 00:00:00, memory = 527.88 (MB).
    Completing 90% with 0 violations.
    elapsed time = 00:00:00, memory = 527.88 (MB).
    Completing 100% with 0 violations.
    elapsed time = 00:00:00, memory = 527.88 (MB).
[INFO DRT-0199]   Number of violations = 0.
[INFO DRT-0267] cpu time = 00:00:00, elapsed time = 00:00:00, memory = 527.88 (MB), peak = 527.88 (MB)
Total wire length = 20735 um.
Total wire length on LAYER li1 = 0 um.
Total wire length on LAYER met1 = 9068 um.
Total wire length on LAYER met2 = 8831 um.
Total wire length on LAYER met3 = 2045 um.
Total wire length on LAYER met4 = 790 um.
Total wire length on LAYER met5 = 0 um.
Total number of vias = 2006.
Up-via summary (total 2006):

-----------------------
 FR_MASTERSLICE       0
            li1     679
           met1    1133
           met2     151
           met3      43
           met4       0
-----------------------
                   2006


[INFO DRT-0198] Complete detail routing.
Total wire length = 20735 um.
Total wire length on LAYER li1 = 0 um.
Total wire length on LAYER met1 = 9068 um.
Total wire length on LAYER met2 = 8831 um.
Total wire length on LAYER met3 = 2045 um.
Total wire length on LAYER met4 = 790 um.
Total wire length on LAYER met5 = 0 um.
Total number of vias = 2006.
Up-via summary (total 2006):

-----------------------
 FR_MASTERSLICE       0
            li1     679
           met1    1133
           met2     151
           met3      43
           met4       0
-----------------------
                   2006


[INFO DRT-0267] cpu time = 00:00:22, elapsed time = 00:00:18, memory = 527.88 (MB), peak = 527.88 (MB)

[INFO DRT-0180] Post processing.
Setting global connections for newly added cells…
Writing OpenROAD database to '/openlane/designs/ZeroToFiveCounter/runs/RUN_2025.05.19_12.23.41/results/routing/ZeroToFiveCounter.odb'…
Writing netlist to '/openlane/designs/ZeroToFiveCounter/runs/RUN_2025.05.19_12.23.41/results/routing/ZeroToFiveCounter.nl.v'…
Writing powered netlist to '/openlane/designs/ZeroToFiveCounter/runs/RUN_2025.05.19_12.23.41/results/routing/ZeroToFiveCounter.pnl.v'…
Writing layout to '/openlane/designs/ZeroToFiveCounter/runs/RUN_2025.05.19_12.23.41/results/routing/ZeroToFiveCounter.def'…
