
===========================================================================
 report_power
============================================================================
======================= Fastest Corner ===================================

Group                  Internal  Switching    Leakage      Total
                          Power      Power      Power      Power (Watts)
----------------------------------------------------------------
Sequential             1.20e-03   1.47e-04   9.02e-08   1.35e-03  17.3%
Combinational          2.19e-03   3.36e-03   1.02e-08   5.55e-03  71.2%
Clock                  4.47e-04   4.51e-04   5.14e-09   8.98e-04  11.5%
Macro                  0.00e+00   0.00e+00   0.00e+00   0.00e+00   0.0%
Pad                    0.00e+00   0.00e+00   0.00e+00   0.00e+00   0.0%
----------------------------------------------------------------
Total                  3.84e-03   3.96e-03   1.06e-07   7.80e-03 100.0%
                          49.2%      50.8%       0.0%

======================= Slowest Corner ===================================

Group                  Internal  Switching    Leakage      Total
                          Power      Power      Power      Power (Watts)
----------------------------------------------------------------
Sequential             8.00e-04   9.73e-05   4.02e-06   9.02e-04  16.8%
Combinational          1.61e-03   2.22e-03   8.19e-06   3.84e-03  71.7%
Clock                  3.22e-04   2.92e-04   5.03e-07   6.14e-04  11.5%
Macro                  0.00e+00   0.00e+00   0.00e+00   0.00e+00   0.0%
Pad                    0.00e+00   0.00e+00   0.00e+00   0.00e+00   0.0%
----------------------------------------------------------------
Total                  2.73e-03   2.61e-03   1.27e-05   5.35e-03 100.0%
                          51.1%      48.7%       0.2%

======================= Typical Corner ===================================

Group                  Internal  Switching    Leakage      Total
                          Power      Power      Power      Power (Watts)
----------------------------------------------------------------
Sequential             1.04e-03   1.24e-04   8.92e-08   1.16e-03  17.2%
Combinational          1.98e-03   2.83e-03   6.45e-09   4.82e-03  71.4%
Clock                  3.92e-04   3.78e-04   3.94e-09   7.70e-04  11.4%
Macro                  0.00e+00   0.00e+00   0.00e+00   0.00e+00   0.0%
Pad                    0.00e+00   0.00e+00   0.00e+00   0.00e+00   0.0%
----------------------------------------------------------------
Total                  3.41e-03   3.34e-03   9.96e-08   6.75e-03 100.0%
                          50.6%      49.4%       0.0%

