
===========================================================================
report_checks -unconstrained
===========================================================================
======================= Fastest Corner ===================================

Startpoint: _3473_ (rising edge-triggered flip-flop clocked by clk)
Endpoint: _3478_ (rising edge-triggered flip-flop clocked by clk)
Path Group: clk
Path Type: max
Corner: Fastest

Fanout     Cap    Slew   Delay    Time   Description
-----------------------------------------------------------------------------
                          0.00    0.00   clock clk (rise edge)
                          0.00    0.00   clock source latency
     1    0.04    0.00    0.00    0.00 ^ clk (in)
                                         clk (net)
                  0.00    0.00    0.00 ^ clkbuf_0_clk/A (sky130_fd_sc_hd__clkbuf_16)
     2    0.04    0.04    0.09    0.09 ^ clkbuf_0_clk/X (sky130_fd_sc_hd__clkbuf_16)
                                         clknet_0_clk (net)
                  0.04    0.00    0.09 ^ clkbuf_1_0__f_clk/A (sky130_fd_sc_hd__clkbuf_16)
    12    0.12    0.10    0.14    0.23 ^ clkbuf_1_0__f_clk/X (sky130_fd_sc_hd__clkbuf_16)
                                         clknet_1_0__leaf_clk (net)
                  0.10    0.00    0.23 ^ clkbuf_leaf_6_clk/A (sky130_fd_sc_hd__clkbuf_8)
    13    0.04    0.06    0.13    0.36 ^ clkbuf_leaf_6_clk/X (sky130_fd_sc_hd__clkbuf_8)
                                         clknet_leaf_6_clk (net)
                  0.06    0.00    0.36 ^ _3473_/CLK (sky130_fd_sc_hd__dfrtp_1)
     4    0.01    0.06    0.27    0.63 v _3473_/Q (sky130_fd_sc_hd__dfrtp_1)
                                         imem.address[28] (net)
                  0.06    0.00    0.63 v _1787_/B (sky130_fd_sc_hd__or4_4)
     1    0.00    0.06    0.31    0.93 v _1787_/X (sky130_fd_sc_hd__or4_4)
                                         _0449_ (net)
                  0.06    0.00    0.93 v _1789_/C (sky130_fd_sc_hd__or4_4)
     5    0.04    0.10    0.35    1.28 v _1789_/X (sky130_fd_sc_hd__or4_4)
                                         _0451_ (net)
                  0.10    0.00    1.28 v _1806_/B (sky130_fd_sc_hd__nor3_4)
     4    0.01    0.13    0.16    1.44 ^ _1806_/Y (sky130_fd_sc_hd__nor3_4)
                                         _0468_ (net)
                  0.13    0.00    1.44 ^ _1956_/C (sky130_fd_sc_hd__and3b_2)
     3    0.02    0.08    0.16    1.60 ^ _1956_/X (sky130_fd_sc_hd__and3b_2)
                                         _0554_ (net)
                  0.08    0.00    1.60 ^ _1957_/B1 (sky130_fd_sc_hd__a21oi_4)
     4    0.02    0.08    0.03    1.63 v _1957_/Y (sky130_fd_sc_hd__a21oi_4)
                                         _0555_ (net)
                  0.08    0.00    1.63 v _1958_/A (sky130_fd_sc_hd__buf_8)
     3    0.01    0.02    0.10    1.73 v _1958_/X (sky130_fd_sc_hd__buf_8)
                                         _0556_ (net)
                  0.02    0.00    1.73 v _2006_/A2 (sky130_fd_sc_hd__o21a_4)
     2    0.01    0.03    0.11    1.84 v _2006_/X (sky130_fd_sc_hd__o21a_4)
                                         _0604_ (net)
                  0.03    0.00    1.84 v _2007_/A (sky130_fd_sc_hd__or4_4)
     1    0.01    0.06    0.32    2.16 v _2007_/X (sky130_fd_sc_hd__or4_4)
                                         _0605_ (net)
                  0.06    0.00    2.16 v _2008_/A (sky130_fd_sc_hd__buf_6)
     3    0.01    0.02    0.09    2.25 v _2008_/X (sky130_fd_sc_hd__buf_6)
                                         _0606_ (net)
                  0.02    0.00    2.25 v _2016_/C (sky130_fd_sc_hd__or3_4)
     5    0.02    0.06    0.21    2.46 v _2016_/X (sky130_fd_sc_hd__or3_4)
                                         _0614_ (net)
                  0.06    0.00    2.46 v _2024_/C (sky130_fd_sc_hd__or3_4)
     6    0.02    0.06    0.23    2.69 v _2024_/X (sky130_fd_sc_hd__or3_4)
                                         _0622_ (net)
                  0.06    0.00    2.69 v _2044_/C (sky130_fd_sc_hd__or3_4)
     4    0.02    0.06    0.23    2.92 v _2044_/X (sky130_fd_sc_hd__or3_4)
                                         _0642_ (net)
                  0.06    0.00    2.92 v _2286_/B (sky130_fd_sc_hd__or3b_4)
     3    0.02    0.07    0.27    3.19 v _2286_/X (sky130_fd_sc_hd__or3b_4)
                                         _0884_ (net)
                  0.07    0.00    3.19 v _2294_/A (sky130_fd_sc_hd__xnor2_4)
     3    0.01    0.11    0.14    3.32 ^ _2294_/Y (sky130_fd_sc_hd__xnor2_4)
                                         _0892_ (net)
                  0.11    0.00    3.32 ^ _2297_/B (sky130_fd_sc_hd__xnor2_1)
     2    0.00    0.11    0.09    3.41 ^ _2297_/Y (sky130_fd_sc_hd__xnor2_1)
                                         _0895_ (net)
                  0.11    0.00    3.41 ^ _2298_/C_N (sky130_fd_sc_hd__or3b_4)
     3    0.01    0.05    0.24    3.65 v _2298_/X (sky130_fd_sc_hd__or3b_4)
                                         _0896_ (net)
                  0.05    0.00    3.65 v _2322_/A1 (sky130_fd_sc_hd__o21a_1)
     1    0.00    0.03    0.13    3.78 v _2322_/X (sky130_fd_sc_hd__o21a_1)
                                         _0920_ (net)
                  0.03    0.00    3.78 v _2334_/A2 (sky130_fd_sc_hd__o221a_1)
     2    0.01    0.06    0.17    3.95 v _2334_/X (sky130_fd_sc_hd__o221a_1)
                                         _0932_ (net)
                  0.06    0.00    3.95 v _2338_/A2 (sky130_fd_sc_hd__a21oi_4)
     5    0.02    0.15    0.16    4.11 ^ _2338_/Y (sky130_fd_sc_hd__a21oi_4)
                                         _0936_ (net)
                  0.15    0.00    4.11 ^ _2363_/A2 (sky130_fd_sc_hd__a21oi_2)
     3    0.01    0.05    0.06    4.17 v _2363_/Y (sky130_fd_sc_hd__a21oi_2)
                                         _0961_ (net)
                  0.05    0.00    4.17 v _2364_/B1 (sky130_fd_sc_hd__o22ai_2)
     3    0.01    0.14    0.13    4.30 ^ _2364_/Y (sky130_fd_sc_hd__o22ai_2)
                                         _0962_ (net)
                  0.14    0.00    4.31 ^ _2366_/A1 (sky130_fd_sc_hd__a21oi_2)
     4    0.01    0.06    0.06    4.36 v _2366_/Y (sky130_fd_sc_hd__a21oi_2)
                                         _0964_ (net)
                  0.06    0.00    4.36 v _2465_/A (sky130_fd_sc_hd__or3_4)
     1    0.00    0.04    0.23    4.60 v _2465_/X (sky130_fd_sc_hd__or3_4)
                                         _1062_ (net)
                  0.04    0.00    4.60 v _2553_/A2 (sky130_fd_sc_hd__a311o_1)
     2    0.01    0.07    0.24    4.83 v _2553_/X (sky130_fd_sc_hd__a311o_1)
                                         _1150_ (net)
                  0.07    0.00    4.83 v _3116_/A1 (sky130_fd_sc_hd__a41o_1)
     3    0.01    0.06    0.16    4.99 v _3116_/X (sky130_fd_sc_hd__a41o_1)
                                         _1615_ (net)
                  0.06    0.00    4.99 v _3117_/A (sky130_fd_sc_hd__nand2_4)
     8    0.02    0.07    0.08    5.07 ^ _3117_/Y (sky130_fd_sc_hd__nand2_4)
                                         _1616_ (net)
                  0.07    0.00    5.07 ^ _3159_/C (sky130_fd_sc_hd__or3_4)
     2    0.01    0.02    0.08    5.15 ^ _3159_/X (sky130_fd_sc_hd__or3_4)
                                         _1655_ (net)
                  0.02    0.00    5.15 ^ _3160_/C_N (sky130_fd_sc_hd__or3b_4)
     1    0.00    0.04    0.21    5.37 v _3160_/X (sky130_fd_sc_hd__or3b_4)
                                         _1656_ (net)
                  0.04    0.00    5.37 v _3161_/A (sky130_fd_sc_hd__clkbuf_1)
     1    0.00    0.02    0.06    5.43 v _3161_/X (sky130_fd_sc_hd__clkbuf_1)
                                         _0001_ (net)
                  0.02    0.00    5.43 v _3478_/D (sky130_fd_sc_hd__dfxtp_1)
                                  5.43   data arrival time

                         10.00   10.00   clock clk (rise edge)
                          0.00   10.00   clock source latency
     1    0.04    0.00    0.00   10.00 ^ clk (in)
                                         clk (net)
                  0.00    0.00   10.00 ^ clkbuf_0_clk/A (sky130_fd_sc_hd__clkbuf_16)
     2    0.04    0.04    0.09   10.09 ^ clkbuf_0_clk/X (sky130_fd_sc_hd__clkbuf_16)
                                         clknet_0_clk (net)
                  0.04    0.00   10.09 ^ clkbuf_1_1__f_clk/A (sky130_fd_sc_hd__clkbuf_16)
    11    0.12    0.10    0.14   10.23 ^ clkbuf_1_1__f_clk/X (sky130_fd_sc_hd__clkbuf_16)
                                         clknet_1_1__leaf_clk (net)
                  0.10    0.00   10.23 ^ clkbuf_leaf_15_clk/A (sky130_fd_sc_hd__clkbuf_8)
    10    0.04    0.06    0.12   10.36 ^ clkbuf_leaf_15_clk/X (sky130_fd_sc_hd__clkbuf_8)
                                         clknet_leaf_15_clk (net)
                  0.06    0.00   10.36 ^ _3478_/CLK (sky130_fd_sc_hd__dfxtp_1)
                          0.00   10.36   clock reconvergence pessimism
                         -0.06   10.30   library setup time
                                 10.30   data required time
-----------------------------------------------------------------------------
                                 10.30   data required time
                                 -5.43   data arrival time
-----------------------------------------------------------------------------
                                  4.87   slack (MET)



======================= Slowest Corner ===================================

Startpoint: _3473_ (rising edge-triggered flip-flop clocked by clk)
Endpoint: _3478_ (rising edge-triggered flip-flop clocked by clk)
Path Group: clk
Path Type: max
Corner: Slowest

Fanout     Cap    Slew   Delay    Time   Description
-----------------------------------------------------------------------------
                          0.00    0.00   clock clk (rise edge)
                          0.00    0.00   clock source latency
     1    0.04    0.00    0.00    0.00 ^ clk (in)
                                         clk (net)
                  0.00    0.00    0.00 ^ clkbuf_0_clk/A (sky130_fd_sc_hd__clkbuf_16)
     2    0.04    0.09    0.21    0.22 ^ clkbuf_0_clk/X (sky130_fd_sc_hd__clkbuf_16)
                                         clknet_0_clk (net)
                  0.09    0.00    0.22 ^ clkbuf_1_0__f_clk/A (sky130_fd_sc_hd__clkbuf_16)
    12    0.12    0.20    0.34    0.56 ^ clkbuf_1_0__f_clk/X (sky130_fd_sc_hd__clkbuf_16)
                                         clknet_1_0__leaf_clk (net)
                  0.20    0.00    0.56 ^ clkbuf_leaf_6_clk/A (sky130_fd_sc_hd__clkbuf_8)
    13    0.04    0.13    0.34    0.90 ^ clkbuf_leaf_6_clk/X (sky130_fd_sc_hd__clkbuf_8)
                                         clknet_leaf_6_clk (net)
                  0.13    0.00    0.90 ^ _3473_/CLK (sky130_fd_sc_hd__dfrtp_1)
     4    0.01    0.16    0.86    1.75 v _3473_/Q (sky130_fd_sc_hd__dfrtp_1)
                                         imem.address[28] (net)
                  0.16    0.00    1.75 v _1787_/B (sky130_fd_sc_hd__or4_4)
     1    0.00    0.15    1.03    2.78 v _1787_/X (sky130_fd_sc_hd__or4_4)
                                         _0449_ (net)
                  0.15    0.00    2.78 v _1789_/C (sky130_fd_sc_hd__or4_4)
     5    0.04    0.25    1.15    3.93 v _1789_/X (sky130_fd_sc_hd__or4_4)
                                         _0451_ (net)
                  0.25    0.00    3.93 v _1806_/B (sky130_fd_sc_hd__nor3_4)
     4    0.01    0.30    0.41    4.34 ^ _1806_/Y (sky130_fd_sc_hd__nor3_4)
                                         _0468_ (net)
                  0.30    0.00    4.34 ^ _1956_/C (sky130_fd_sc_hd__and3b_2)
     3    0.02    0.19    0.54    4.89 ^ _1956_/X (sky130_fd_sc_hd__and3b_2)
                                         _0554_ (net)
                  0.19    0.00    4.89 ^ _1957_/B1 (sky130_fd_sc_hd__a21oi_4)
     4    0.02    0.19    0.13    5.02 v _1957_/Y (sky130_fd_sc_hd__a21oi_4)
                                         _0555_ (net)
                  0.19    0.00    5.02 v _1958_/A (sky130_fd_sc_hd__buf_8)
     3    0.01    0.04    0.26    5.28 v _1958_/X (sky130_fd_sc_hd__buf_8)
                                         _0556_ (net)
                  0.04    0.00    5.28 v _2006_/A2 (sky130_fd_sc_hd__o21a_4)
     2    0.01    0.06    0.35    5.63 v _2006_/X (sky130_fd_sc_hd__o21a_4)
                                         _0604_ (net)
                  0.06    0.00    5.63 v _2007_/A (sky130_fd_sc_hd__or4_4)
     1    0.01    0.15    1.04    6.68 v _2007_/X (sky130_fd_sc_hd__or4_4)
                                         _0605_ (net)
                  0.15    0.00    6.68 v _2008_/A (sky130_fd_sc_hd__buf_6)
     3    0.01    0.05    0.25    6.93 v _2008_/X (sky130_fd_sc_hd__buf_6)
                                         _0606_ (net)
                  0.05    0.00    6.93 v _2016_/C (sky130_fd_sc_hd__or3_4)
     5    0.02    0.16    0.71    7.64 v _2016_/X (sky130_fd_sc_hd__or3_4)
                                         _0614_ (net)
                  0.16    0.00    7.64 v _2024_/C (sky130_fd_sc_hd__or3_4)
     6    0.02    0.16    0.75    8.39 v _2024_/X (sky130_fd_sc_hd__or3_4)
                                         _0622_ (net)
                  0.16    0.00    8.39 v _2207_/A3 (sky130_fd_sc_hd__o31a_1)
     3    0.01    0.15    0.56    8.95 v _2207_/X (sky130_fd_sc_hd__o31a_1)
                                         _0805_ (net)
                  0.15    0.00    8.95 v _2209_/B (sky130_fd_sc_hd__or3_4)
     4    0.01    0.14    0.77    9.72 v _2209_/X (sky130_fd_sc_hd__or3_4)
                                         _0807_ (net)
                  0.14    0.00    9.72 v _2252_/C (sky130_fd_sc_hd__and3_1)
     2    0.01    0.10    0.42   10.15 v _2252_/X (sky130_fd_sc_hd__and3_1)
                                         _0850_ (net)
                  0.10    0.00   10.15 v _2253_/A2 (sky130_fd_sc_hd__o2111a_1)
     1    0.00    0.08    0.42   10.56 v _2253_/X (sky130_fd_sc_hd__o2111a_1)
                                         _0851_ (net)
                  0.08    0.00   10.56 v _2258_/B1 (sky130_fd_sc_hd__a311oi_1)
     1    0.00    0.41    0.47   11.03 ^ _2258_/Y (sky130_fd_sc_hd__a311oi_1)
                                         _0856_ (net)
                  0.41    0.00   11.03 ^ _2259_/B1 (sky130_fd_sc_hd__o31a_1)
     4    0.01    0.24    0.50   11.53 ^ _2259_/X (sky130_fd_sc_hd__o31a_1)
                                         _0857_ (net)
                  0.24    0.00   11.53 ^ rebuffer27/A (sky130_fd_sc_hd__dlymetal6s4s_1)
     1    0.00    0.10    0.40   11.93 ^ rebuffer27/X (sky130_fd_sc_hd__dlymetal6s4s_1)
                                         net43 (net)
                  0.10    0.00   11.93 ^ _2733_/A (sky130_fd_sc_hd__nor2_1)
     3    0.01    0.08    0.12   12.05 v _2733_/Y (sky130_fd_sc_hd__nor2_1)
                                         _1323_ (net)
                  0.08    0.00   12.05 v _2734_/A2 (sky130_fd_sc_hd__o21bai_1)
     2    0.01    0.34    0.33   12.38 ^ _2734_/Y (sky130_fd_sc_hd__o21bai_1)
                                         _1324_ (net)
                  0.34    0.00   12.38 ^ _2735_/A1 (sky130_fd_sc_hd__a21oi_2)
     5    0.02    0.17    0.27   12.65 v _2735_/Y (sky130_fd_sc_hd__a21oi_2)
                                         _1325_ (net)
                  0.17    0.00   12.65 v _2760_/C (sky130_fd_sc_hd__or3_1)
     1    0.01    0.20    0.84   13.48 v _2760_/X (sky130_fd_sc_hd__or3_1)
                                         _1348_ (net)
                  0.20    0.00   13.49 v _2772_/A1 (sky130_fd_sc_hd__a311o_1)
     2    0.02    0.21    0.69   14.18 v _2772_/X (sky130_fd_sc_hd__a311o_1)
                                         _1360_ (net)
                  0.21    0.00   14.18 v _3128_/B2 (sky130_fd_sc_hd__a221o_1)
     1    0.01    0.12    0.68   14.86 v _3128_/X (sky130_fd_sc_hd__a221o_1)
                                         _1627_ (net)
                  0.12    0.00   14.86 v _3135_/B2 (sky130_fd_sc_hd__o22a_4)
     7    0.02    0.12    0.44   15.30 v _3135_/X (sky130_fd_sc_hd__o22a_4)
                                         _1634_ (net)
                  0.12    0.00   15.30 v _3154_/A (sky130_fd_sc_hd__and2_1)
     4    0.01    0.15    0.38   15.68 v _3154_/X (sky130_fd_sc_hd__and2_1)
                                         _1651_ (net)
                  0.15    0.00   15.68 v _3155_/C (sky130_fd_sc_hd__and3_1)
     2    0.01    0.10    0.43   16.11 v _3155_/X (sky130_fd_sc_hd__and3_1)
                                         _1652_ (net)
                  0.10    0.00   16.11 v _3160_/A (sky130_fd_sc_hd__or3b_4)
     1    0.00    0.11    0.75   16.87 v _3160_/X (sky130_fd_sc_hd__or3b_4)
                                         _1656_ (net)
                  0.11    0.00   16.87 v _3161_/A (sky130_fd_sc_hd__clkbuf_1)
     1    0.00    0.04    0.17   17.04 v _3161_/X (sky130_fd_sc_hd__clkbuf_1)
                                         _0001_ (net)
                  0.04    0.00   17.04 v _3478_/D (sky130_fd_sc_hd__dfxtp_1)
                                 17.04   data arrival time

                         10.00   10.00   clock clk (rise edge)
                          0.00   10.00   clock source latency
     1    0.04    0.00    0.00   10.00 ^ clk (in)
                                         clk (net)
                  0.00    0.00   10.00 ^ clkbuf_0_clk/A (sky130_fd_sc_hd__clkbuf_16)
     2    0.04    0.09    0.21   10.22 ^ clkbuf_0_clk/X (sky130_fd_sc_hd__clkbuf_16)
                                         clknet_0_clk (net)
                  0.09    0.00   10.22 ^ clkbuf_1_1__f_clk/A (sky130_fd_sc_hd__clkbuf_16)
    11    0.12    0.20    0.34   10.56 ^ clkbuf_1_1__f_clk/X (sky130_fd_sc_hd__clkbuf_16)
                                         clknet_1_1__leaf_clk (net)
                  0.20    0.00   10.56 ^ clkbuf_leaf_15_clk/A (sky130_fd_sc_hd__clkbuf_8)
    10    0.03    0.12    0.33   10.89 ^ clkbuf_leaf_15_clk/X (sky130_fd_sc_hd__clkbuf_8)
                                         clknet_leaf_15_clk (net)
                  0.12    0.00   10.89 ^ _3478_/CLK (sky130_fd_sc_hd__dfxtp_1)
                          0.00   10.89   clock reconvergence pessimism
                         -0.25   10.64   library setup time
                                 10.64   data required time
-----------------------------------------------------------------------------
                                 10.64   data required time
                                -17.04   data arrival time
-----------------------------------------------------------------------------
                                 -6.40   slack (VIOLATED)



======================= Typical Corner ===================================

Startpoint: _3473_ (rising edge-triggered flip-flop clocked by clk)
Endpoint: _3478_ (rising edge-triggered flip-flop clocked by clk)
Path Group: clk
Path Type: max
Corner: Typical

Fanout     Cap    Slew   Delay    Time   Description
-----------------------------------------------------------------------------
                          0.00    0.00   clock clk (rise edge)
                          0.00    0.00   clock source latency
     1    0.04    0.00    0.00    0.00 ^ clk (in)
                                         clk (net)
                  0.00    0.00    0.00 ^ clkbuf_0_clk/A (sky130_fd_sc_hd__clkbuf_16)
     2    0.04    0.06    0.12    0.12 ^ clkbuf_0_clk/X (sky130_fd_sc_hd__clkbuf_16)
                                         clknet_0_clk (net)
                  0.06    0.00    0.13 ^ clkbuf_1_0__f_clk/A (sky130_fd_sc_hd__clkbuf_16)
    12    0.12    0.13    0.20    0.33 ^ clkbuf_1_0__f_clk/X (sky130_fd_sc_hd__clkbuf_16)
                                         clknet_1_0__leaf_clk (net)
                  0.13    0.00    0.33 ^ clkbuf_leaf_6_clk/A (sky130_fd_sc_hd__clkbuf_8)
    13    0.04    0.08    0.19    0.52 ^ clkbuf_leaf_6_clk/X (sky130_fd_sc_hd__clkbuf_8)
                                         clknet_leaf_6_clk (net)
                  0.08    0.00    0.52 ^ _3473_/CLK (sky130_fd_sc_hd__dfrtp_1)
     4    0.01    0.08    0.42    0.94 v _3473_/Q (sky130_fd_sc_hd__dfrtp_1)
                                         imem.address[28] (net)
                  0.08    0.00    0.94 v _1787_/B (sky130_fd_sc_hd__or4_4)
     1    0.00    0.08    0.51    1.45 v _1787_/X (sky130_fd_sc_hd__or4_4)
                                         _0449_ (net)
                  0.08    0.00    1.45 v _1789_/C (sky130_fd_sc_hd__or4_4)
     5    0.04    0.14    0.58    2.02 v _1789_/X (sky130_fd_sc_hd__or4_4)
                                         _0451_ (net)
                  0.14    0.00    2.03 v _1806_/B (sky130_fd_sc_hd__nor3_4)
     4    0.01    0.18    0.23    2.26 ^ _1806_/Y (sky130_fd_sc_hd__nor3_4)
                                         _0468_ (net)
                  0.18    0.00    2.26 ^ _1956_/C (sky130_fd_sc_hd__and3b_2)
     3    0.02    0.11    0.26    2.52 ^ _1956_/X (sky130_fd_sc_hd__and3b_2)
                                         _0554_ (net)
                  0.11    0.00    2.52 ^ _1957_/B1 (sky130_fd_sc_hd__a21oi_4)
     4    0.02    0.11    0.06    2.58 v _1957_/Y (sky130_fd_sc_hd__a21oi_4)
                                         _0555_ (net)
                  0.11    0.00    2.58 v _1958_/A (sky130_fd_sc_hd__buf_8)
     3    0.01    0.02    0.14    2.73 v _1958_/X (sky130_fd_sc_hd__buf_8)
                                         _0556_ (net)
                  0.02    0.00    2.73 v _2006_/A2 (sky130_fd_sc_hd__o21a_4)
     2    0.01    0.04    0.18    2.91 v _2006_/X (sky130_fd_sc_hd__o21a_4)
                                         _0604_ (net)
                  0.04    0.00    2.91 v _2007_/A (sky130_fd_sc_hd__or4_4)
     1    0.01    0.09    0.52    3.44 v _2007_/X (sky130_fd_sc_hd__or4_4)
                                         _0605_ (net)
                  0.09    0.00    3.44 v _2008_/A (sky130_fd_sc_hd__buf_6)
     3    0.01    0.03    0.13    3.57 v _2008_/X (sky130_fd_sc_hd__buf_6)
                                         _0606_ (net)
                  0.03    0.00    3.57 v _2016_/C (sky130_fd_sc_hd__or3_4)
     5    0.02    0.09    0.36    3.93 v _2016_/X (sky130_fd_sc_hd__or3_4)
                                         _0614_ (net)
                  0.09    0.00    3.93 v _2024_/C (sky130_fd_sc_hd__or3_4)
     6    0.02    0.09    0.38    4.31 v _2024_/X (sky130_fd_sc_hd__or3_4)
                                         _0622_ (net)
                  0.09    0.00    4.31 v _2044_/C (sky130_fd_sc_hd__or3_4)
     4    0.02    0.09    0.38    4.68 v _2044_/X (sky130_fd_sc_hd__or3_4)
                                         _0642_ (net)
                  0.09    0.00    4.69 v _2286_/B (sky130_fd_sc_hd__or3b_4)
     3    0.02    0.10    0.43    5.12 v _2286_/X (sky130_fd_sc_hd__or3b_4)
                                         _0884_ (net)
                  0.10    0.00    5.12 v _2294_/A (sky130_fd_sc_hd__xnor2_4)
     3    0.01    0.15    0.20    5.31 ^ _2294_/Y (sky130_fd_sc_hd__xnor2_4)
                                         _0892_ (net)
                  0.15    0.00    5.31 ^ _2297_/B (sky130_fd_sc_hd__xnor2_1)
     2    0.00    0.15    0.14    5.46 ^ _2297_/Y (sky130_fd_sc_hd__xnor2_1)
                                         _0895_ (net)
                  0.15    0.00    5.46 ^ _2298_/C_N (sky130_fd_sc_hd__or3b_4)
     3    0.01    0.07    0.41    5.86 v _2298_/X (sky130_fd_sc_hd__or3b_4)
                                         _0896_ (net)
                  0.07    0.00    5.87 v _2314_/C (sky130_fd_sc_hd__or4_4)
     2    0.01    0.10    0.51    6.38 v _2314_/X (sky130_fd_sc_hd__or4_4)
                                         _0912_ (net)
                  0.10    0.00    6.38 v _2338_/A1 (sky130_fd_sc_hd__a21oi_4)
     5    0.02    0.19    0.21    6.59 ^ _2338_/Y (sky130_fd_sc_hd__a21oi_4)
                                         _0936_ (net)
                  0.19    0.00    6.59 ^ _2363_/A2 (sky130_fd_sc_hd__a21oi_2)
     3    0.01    0.07    0.11    6.70 v _2363_/Y (sky130_fd_sc_hd__a21oi_2)
                                         _0961_ (net)
                  0.07    0.00    6.70 v _2364_/B1 (sky130_fd_sc_hd__o22ai_2)
     3    0.01    0.21    0.19    6.89 ^ _2364_/Y (sky130_fd_sc_hd__o22ai_2)
                                         _0962_ (net)
                  0.21    0.00    6.89 ^ _2366_/A1 (sky130_fd_sc_hd__a21oi_2)
     4    0.01    0.08    0.11    7.00 v _2366_/Y (sky130_fd_sc_hd__a21oi_2)
                                         _0964_ (net)
                  0.08    0.00    7.00 v _2388_/A1 (sky130_fd_sc_hd__o211a_1)
     1    0.00    0.04    0.23    7.24 v _2388_/X (sky130_fd_sc_hd__o211a_1)
                                         _0986_ (net)
                  0.04    0.00    7.24 v _2391_/B1 (sky130_fd_sc_hd__a211o_1)
     2    0.02    0.10    0.33    7.56 v _2391_/X (sky130_fd_sc_hd__a211o_1)
                                         _0989_ (net)
                  0.10    0.00    7.56 v _3108_/A1 (sky130_fd_sc_hd__a31o_1)
     2    0.01    0.08    0.24    7.80 v _3108_/X (sky130_fd_sc_hd__a31o_1)
                                         _1607_ (net)
                  0.08    0.00    7.80 v _3109_/B2 (sky130_fd_sc_hd__a2bb2o_2)
     5    0.02    0.08    0.29    8.09 v _3109_/X (sky130_fd_sc_hd__a2bb2o_2)
                                         _1608_ (net)
                  0.08    0.00    8.09 v _3159_/A (sky130_fd_sc_hd__or3_4)
     2    0.01    0.07    0.39    8.49 v _3159_/X (sky130_fd_sc_hd__or3_4)
                                         _1655_ (net)
                  0.07    0.00    8.49 v _3160_/C_N (sky130_fd_sc_hd__or3b_4)
     1    0.00    0.04    0.23    8.72 ^ _3160_/X (sky130_fd_sc_hd__or3b_4)
                                         _1656_ (net)
                  0.04    0.00    8.72 ^ _3161_/A (sky130_fd_sc_hd__clkbuf_1)
     1    0.00    0.04    0.07    8.79 ^ _3161_/X (sky130_fd_sc_hd__clkbuf_1)
                                         _0001_ (net)
                  0.04    0.00    8.79 ^ _3478_/D (sky130_fd_sc_hd__dfxtp_1)
                                  8.79   data arrival time

                         10.00   10.00   clock clk (rise edge)
                          0.00   10.00   clock source latency
     1    0.04    0.00    0.00   10.00 ^ clk (in)
                                         clk (net)
                  0.00    0.00   10.00 ^ clkbuf_0_clk/A (sky130_fd_sc_hd__clkbuf_16)
     2    0.04    0.06    0.12   10.12 ^ clkbuf_0_clk/X (sky130_fd_sc_hd__clkbuf_16)
                                         clknet_0_clk (net)
                  0.06    0.00   10.13 ^ clkbuf_1_1__f_clk/A (sky130_fd_sc_hd__clkbuf_16)
    11    0.12    0.13    0.20   10.33 ^ clkbuf_1_1__f_clk/X (sky130_fd_sc_hd__clkbuf_16)
                                         clknet_1_1__leaf_clk (net)
                  0.13    0.00   10.33 ^ clkbuf_leaf_15_clk/A (sky130_fd_sc_hd__clkbuf_8)
    10    0.04    0.08    0.18   10.51 ^ clkbuf_leaf_15_clk/X (sky130_fd_sc_hd__clkbuf_8)
                                         clknet_leaf_15_clk (net)
                  0.08    0.00   10.51 ^ _3478_/CLK (sky130_fd_sc_hd__dfxtp_1)
                          0.00   10.51   clock reconvergence pessimism
                         -0.05   10.47   library setup time
                                 10.47   data required time
-----------------------------------------------------------------------------
                                 10.47   data required time
                                 -8.79   data arrival time
-----------------------------------------------------------------------------
                                  1.68   slack (MET)




===========================================================================
report_checks --slack_max -0.01
============================================================================
======================= Fastest Corner ===================================

No paths found.

======================= Slowest Corner ===================================

Startpoint: _3473_ (rising edge-triggered flip-flop clocked by clk)
Endpoint: _3478_ (rising edge-triggered flip-flop clocked by clk)
Path Group: clk
Path Type: max
Corner: Slowest

Fanout     Cap    Slew   Delay    Time   Description
-----------------------------------------------------------------------------
                          0.00    0.00   clock clk (rise edge)
                          0.00    0.00   clock source latency
     1    0.04    0.00    0.00    0.00 ^ clk (in)
                                         clk (net)
                  0.00    0.00    0.00 ^ clkbuf_0_clk/A (sky130_fd_sc_hd__clkbuf_16)
     2    0.04    0.09    0.21    0.22 ^ clkbuf_0_clk/X (sky130_fd_sc_hd__clkbuf_16)
                                         clknet_0_clk (net)
                  0.09    0.00    0.22 ^ clkbuf_1_0__f_clk/A (sky130_fd_sc_hd__clkbuf_16)
    12    0.12    0.20    0.34    0.56 ^ clkbuf_1_0__f_clk/X (sky130_fd_sc_hd__clkbuf_16)
                                         clknet_1_0__leaf_clk (net)
                  0.20    0.00    0.56 ^ clkbuf_leaf_6_clk/A (sky130_fd_sc_hd__clkbuf_8)
    13    0.04    0.13    0.34    0.90 ^ clkbuf_leaf_6_clk/X (sky130_fd_sc_hd__clkbuf_8)
                                         clknet_leaf_6_clk (net)
                  0.13    0.00    0.90 ^ _3473_/CLK (sky130_fd_sc_hd__dfrtp_1)
     4    0.01    0.16    0.86    1.75 v _3473_/Q (sky130_fd_sc_hd__dfrtp_1)
                                         imem.address[28] (net)
                  0.16    0.00    1.75 v _1787_/B (sky130_fd_sc_hd__or4_4)
     1    0.00    0.15    1.03    2.78 v _1787_/X (sky130_fd_sc_hd__or4_4)
                                         _0449_ (net)
                  0.15    0.00    2.78 v _1789_/C (sky130_fd_sc_hd__or4_4)
     5    0.04    0.25    1.15    3.93 v _1789_/X (sky130_fd_sc_hd__or4_4)
                                         _0451_ (net)
                  0.25    0.00    3.93 v _1806_/B (sky130_fd_sc_hd__nor3_4)
     4    0.01    0.30    0.41    4.34 ^ _1806_/Y (sky130_fd_sc_hd__nor3_4)
                                         _0468_ (net)
                  0.30    0.00    4.34 ^ _1956_/C (sky130_fd_sc_hd__and3b_2)
     3    0.02    0.19    0.54    4.89 ^ _1956_/X (sky130_fd_sc_hd__and3b_2)
                                         _0554_ (net)
                  0.19    0.00    4.89 ^ _1957_/B1 (sky130_fd_sc_hd__a21oi_4)
     4    0.02    0.19    0.13    5.02 v _1957_/Y (sky130_fd_sc_hd__a21oi_4)
                                         _0555_ (net)
                  0.19    0.00    5.02 v _1958_/A (sky130_fd_sc_hd__buf_8)
     3    0.01    0.04    0.26    5.28 v _1958_/X (sky130_fd_sc_hd__buf_8)
                                         _0556_ (net)
                  0.04    0.00    5.28 v _2006_/A2 (sky130_fd_sc_hd__o21a_4)
     2    0.01    0.06    0.35    5.63 v _2006_/X (sky130_fd_sc_hd__o21a_4)
                                         _0604_ (net)
                  0.06    0.00    5.63 v _2007_/A (sky130_fd_sc_hd__or4_4)
     1    0.01    0.15    1.04    6.68 v _2007_/X (sky130_fd_sc_hd__or4_4)
                                         _0605_ (net)
                  0.15    0.00    6.68 v _2008_/A (sky130_fd_sc_hd__buf_6)
     3    0.01    0.05    0.25    6.93 v _2008_/X (sky130_fd_sc_hd__buf_6)
                                         _0606_ (net)
                  0.05    0.00    6.93 v _2016_/C (sky130_fd_sc_hd__or3_4)
     5    0.02    0.16    0.71    7.64 v _2016_/X (sky130_fd_sc_hd__or3_4)
                                         _0614_ (net)
                  0.16    0.00    7.64 v _2024_/C (sky130_fd_sc_hd__or3_4)
     6    0.02    0.16    0.75    8.39 v _2024_/X (sky130_fd_sc_hd__or3_4)
                                         _0622_ (net)
                  0.16    0.00    8.39 v _2207_/A3 (sky130_fd_sc_hd__o31a_1)
     3    0.01    0.15    0.56    8.95 v _2207_/X (sky130_fd_sc_hd__o31a_1)
                                         _0805_ (net)
                  0.15    0.00    8.95 v _2209_/B (sky130_fd_sc_hd__or3_4)
     4    0.01    0.14    0.77    9.72 v _2209_/X (sky130_fd_sc_hd__or3_4)
                                         _0807_ (net)
                  0.14    0.00    9.72 v _2252_/C (sky130_fd_sc_hd__and3_1)
     2    0.01    0.10    0.42   10.15 v _2252_/X (sky130_fd_sc_hd__and3_1)
                                         _0850_ (net)
                  0.10    0.00   10.15 v _2253_/A2 (sky130_fd_sc_hd__o2111a_1)
     1    0.00    0.08    0.42   10.56 v _2253_/X (sky130_fd_sc_hd__o2111a_1)
                                         _0851_ (net)
                  0.08    0.00   10.56 v _2258_/B1 (sky130_fd_sc_hd__a311oi_1)
     1    0.00    0.41    0.47   11.03 ^ _2258_/Y (sky130_fd_sc_hd__a311oi_1)
                                         _0856_ (net)
                  0.41    0.00   11.03 ^ _2259_/B1 (sky130_fd_sc_hd__o31a_1)
     4    0.01    0.24    0.50   11.53 ^ _2259_/X (sky130_fd_sc_hd__o31a_1)
                                         _0857_ (net)
                  0.24    0.00   11.53 ^ rebuffer27/A (sky130_fd_sc_hd__dlymetal6s4s_1)
     1    0.00    0.10    0.40   11.93 ^ rebuffer27/X (sky130_fd_sc_hd__dlymetal6s4s_1)
                                         net43 (net)
                  0.10    0.00   11.93 ^ _2733_/A (sky130_fd_sc_hd__nor2_1)
     3    0.01    0.08    0.12   12.05 v _2733_/Y (sky130_fd_sc_hd__nor2_1)
                                         _1323_ (net)
                  0.08    0.00   12.05 v _2734_/A2 (sky130_fd_sc_hd__o21bai_1)
     2    0.01    0.34    0.33   12.38 ^ _2734_/Y (sky130_fd_sc_hd__o21bai_1)
                                         _1324_ (net)
                  0.34    0.00   12.38 ^ _2735_/A1 (sky130_fd_sc_hd__a21oi_2)
     5    0.02    0.17    0.27   12.65 v _2735_/Y (sky130_fd_sc_hd__a21oi_2)
                                         _1325_ (net)
                  0.17    0.00   12.65 v _2760_/C (sky130_fd_sc_hd__or3_1)
     1    0.01    0.20    0.84   13.48 v _2760_/X (sky130_fd_sc_hd__or3_1)
                                         _1348_ (net)
                  0.20    0.00   13.49 v _2772_/A1 (sky130_fd_sc_hd__a311o_1)
     2    0.02    0.21    0.69   14.18 v _2772_/X (sky130_fd_sc_hd__a311o_1)
                                         _1360_ (net)
                  0.21    0.00   14.18 v _3128_/B2 (sky130_fd_sc_hd__a221o_1)
     1    0.01    0.12    0.68   14.86 v _3128_/X (sky130_fd_sc_hd__a221o_1)
                                         _1627_ (net)
                  0.12    0.00   14.86 v _3135_/B2 (sky130_fd_sc_hd__o22a_4)
     7    0.02    0.12    0.44   15.30 v _3135_/X (sky130_fd_sc_hd__o22a_4)
                                         _1634_ (net)
                  0.12    0.00   15.30 v _3154_/A (sky130_fd_sc_hd__and2_1)
     4    0.01    0.15    0.38   15.68 v _3154_/X (sky130_fd_sc_hd__and2_1)
                                         _1651_ (net)
                  0.15    0.00   15.68 v _3155_/C (sky130_fd_sc_hd__and3_1)
     2    0.01    0.10    0.43   16.11 v _3155_/X (sky130_fd_sc_hd__and3_1)
                                         _1652_ (net)
                  0.10    0.00   16.11 v _3160_/A (sky130_fd_sc_hd__or3b_4)
     1    0.00    0.11    0.75   16.87 v _3160_/X (sky130_fd_sc_hd__or3b_4)
                                         _1656_ (net)
                  0.11    0.00   16.87 v _3161_/A (sky130_fd_sc_hd__clkbuf_1)
     1    0.00    0.04    0.17   17.04 v _3161_/X (sky130_fd_sc_hd__clkbuf_1)
                                         _0001_ (net)
                  0.04    0.00   17.04 v _3478_/D (sky130_fd_sc_hd__dfxtp_1)
                                 17.04   data arrival time

                         10.00   10.00   clock clk (rise edge)
                          0.00   10.00   clock source latency
     1    0.04    0.00    0.00   10.00 ^ clk (in)
                                         clk (net)
                  0.00    0.00   10.00 ^ clkbuf_0_clk/A (sky130_fd_sc_hd__clkbuf_16)
     2    0.04    0.09    0.21   10.22 ^ clkbuf_0_clk/X (sky130_fd_sc_hd__clkbuf_16)
                                         clknet_0_clk (net)
                  0.09    0.00   10.22 ^ clkbuf_1_1__f_clk/A (sky130_fd_sc_hd__clkbuf_16)
    11    0.12    0.20    0.34   10.56 ^ clkbuf_1_1__f_clk/X (sky130_fd_sc_hd__clkbuf_16)
                                         clknet_1_1__leaf_clk (net)
                  0.20    0.00   10.56 ^ clkbuf_leaf_15_clk/A (sky130_fd_sc_hd__clkbuf_8)
    10    0.03    0.12    0.33   10.89 ^ clkbuf_leaf_15_clk/X (sky130_fd_sc_hd__clkbuf_8)
                                         clknet_leaf_15_clk (net)
                  0.12    0.00   10.89 ^ _3478_/CLK (sky130_fd_sc_hd__dfxtp_1)
                          0.00   10.89   clock reconvergence pessimism
                         -0.25   10.64   library setup time
                                 10.64   data required time
-----------------------------------------------------------------------------
                                 10.64   data required time
                                -17.04   data arrival time
-----------------------------------------------------------------------------
                                 -6.40   slack (VIOLATED)



======================= Typical Corner ===================================

No paths found.


===========================================================================
 report_check_types -max_slew -max_cap -max_fanout -violators
============================================================================
======================= Fastest Corner ===================================


max slew violations count Fastest: 0
max fanout violations count Fastest: 0
max cap violations count Fastest: 0
======================= Slowest Corner ===================================


max slew violations count Slowest: 0
max fanout violations count Slowest: 0
max cap violations count Slowest: 0
======================= Typical Corner ===================================


max slew violations count Typical: 0
max fanout violations count Typical: 0
max cap violations count Typical: 0

===========================================================================
report_parasitic_annotation -report_unannotated
============================================================================
Found 21 unannotated drivers.
 clkload0/Y
 clkload1/Y
 clkload10/Y
 clkload11/Y
 clkload12/Y
 clkload13/Y
 clkload14/Y
 clkload15/Y
 clkload16/Y
 clkload17/Y
 clkload18/Y
 clkload19/X
 clkload2/Y
 clkload20/Y
 clkload3/Y
 clkload4/Y
 clkload5/Y
 clkload6/Y
 clkload7/Y
 clkload8/Y
 clkload9/Y
Found 0 partially unannotated drivers.

===========================================================================
max slew violation count 0
max fanout violation count 0
max cap violation count 0
============================================================================

===========================================================================
check_setup -verbose -unconstrained_endpoints -multiple_clock -no_clock -no_input_delay -loops -generated_clocks
===========================================================================
Warning: There are 2 input ports missing set_input_delay.
  control
  reset
Warning: There is 1 unconstrained endpoint.
  _3446_/D
