
===========================================================================
report_checks -unconstrained
===========================================================================
======================= Typical Corner ===================================

Startpoint: _9512_ (rising edge-triggered flip-flop clocked by core_clock)
Endpoint: _9512_ (rising edge-triggered flip-flop clocked by core_clock)
Path Group: core_clock
Path Type: max

Fanout     Cap    Slew   Delay    Time   Description
-----------------------------------------------------------------------------
                          0.00    0.00   clock core_clock (rise edge)
                          0.00    0.00   clock source latency
     1    0.03    0.00    0.00    0.00 ^ clk (in)
                                         clk (net)
                  0.00    0.00    0.00 ^ clkbuf_0_clk/A (sky130_fd_sc_hd__clkbuf_16)
    16    0.07    0.09    0.15    0.15 ^ clkbuf_0_clk/X (sky130_fd_sc_hd__clkbuf_16)
                                         clknet_0_clk (net)
                  0.09    0.00    0.15 ^ clkbuf_4_4_0_clk/A (sky130_fd_sc_hd__clkbuf_8)
     7    0.04    0.08    0.17    0.32 ^ clkbuf_4_4_0_clk/X (sky130_fd_sc_hd__clkbuf_8)
                                         clknet_4_4_0_clk (net)
                  0.08    0.00    0.32 ^ clkbuf_leaf_25_clk/A (sky130_fd_sc_hd__clkbuf_8)
     8    0.03    0.07    0.16    0.47 ^ clkbuf_leaf_25_clk/X (sky130_fd_sc_hd__clkbuf_8)
                                         clknet_leaf_25_clk (net)
                  0.07    0.00    0.48 ^ _9512_/CLK (sky130_fd_sc_hd__dfxtp_1)
     3    0.01    0.06    0.33    0.81 v _9512_/Q (sky130_fd_sc_hd__dfxtp_1)
                                         registers[8][8] (net)
                  0.06    0.00    0.81 v _8426_/A0 (sky130_fd_sc_hd__mux2_1)
     1    0.00    0.06    0.30    1.11 v _8426_/X (sky130_fd_sc_hd__mux2_1)
                                         _4162_ (net)
                  0.06    0.00    1.11 v _8427_/A (sky130_fd_sc_hd__clkbuf_1)
     1    0.00    0.03    0.10    1.20 v _8427_/X (sky130_fd_sc_hd__clkbuf_1)
                                         _0609_ (net)
                  0.03    0.00    1.20 v _9512_/D (sky130_fd_sc_hd__dfxtp_1)
                                  1.20   data arrival time

                         10.00   10.00   clock core_clock (rise edge)
                          0.00   10.00   clock source latency
     1    0.03    0.00    0.00   10.00 ^ clk (in)
                                         clk (net)
                  0.00    0.00   10.00 ^ clkbuf_0_clk/A (sky130_fd_sc_hd__clkbuf_16)
    16    0.07    0.09    0.15   10.15 ^ clkbuf_0_clk/X (sky130_fd_sc_hd__clkbuf_16)
                                         clknet_0_clk (net)
                  0.09    0.00   10.15 ^ clkbuf_4_4_0_clk/A (sky130_fd_sc_hd__clkbuf_8)
     7    0.04    0.08    0.17   10.32 ^ clkbuf_4_4_0_clk/X (sky130_fd_sc_hd__clkbuf_8)
                                         clknet_4_4_0_clk (net)
                  0.08    0.00   10.32 ^ clkbuf_leaf_25_clk/A (sky130_fd_sc_hd__clkbuf_8)
     8    0.03    0.07    0.16   10.47 ^ clkbuf_leaf_25_clk/X (sky130_fd_sc_hd__clkbuf_8)
                                         clknet_leaf_25_clk (net)
                  0.07    0.00   10.48 ^ _9512_/CLK (sky130_fd_sc_hd__dfxtp_1)
                          0.00   10.48   clock reconvergence pessimism
                         -0.10   10.38   library setup time
                                 10.38   data required time
-----------------------------------------------------------------------------
                                 10.38   data required time
                                 -1.20   data arrival time
-----------------------------------------------------------------------------
                                  9.17   slack (MET)




===========================================================================
report_checks --slack_max -0.01
============================================================================
======================= Typical Corner ===================================

No paths found.


===========================================================================
 report_check_types -max_slew -max_cap -max_fanout -violators
============================================================================
======================= Typical Corner ===================================


max slew violations count Typical: 0
max fanout violations count Typical: 0
max cap violations count Typical: 0

===========================================================================
report_parasitic_annotation -report_unannotated
============================================================================
Found 106 unannotated drivers.
 clkload0/X
 clkload1/Y
 clkload10/X
 clkload100/Y
 clkload101/Y
 clkload102/Y
 clkload103/X
 clkload104/Y
 clkload105/X
 clkload11/Y
 clkload12/Y
 clkload13/Y
 clkload14/Y
 clkload15/Y
 clkload16/Y
 clkload17/Y
 clkload18/Y
 clkload19/Y
 clkload2/Y
 clkload20/Y
 clkload21/Y
 clkload22/Y
 clkload23/Y
 clkload24/Y
 clkload25/X
 clkload26/Y
 clkload27/Y
 clkload28/Y
 clkload29/X
 clkload3/Y
 clkload30/Y
 clkload31/Y
 clkload32/Y
 clkload33/Y
 clkload34/X
 clkload35/Y
 clkload36/X
 clkload37/Y
 clkload38/Y
 clkload39/Y
 clkload4/X
 clkload40/Y
 clkload41/Y
 clkload42/Y
 clkload43/Y
 clkload44/Y
 clkload45/Y
 clkload46/Y
 clkload47/Y
 clkload48/Y
 clkload49/Y
 clkload5/X
 clkload50/Y
 clkload51/Y
 clkload52/Y
 clkload53/Y
 clkload54/X
 clkload55/Y
 clkload56/Y
 clkload57/Y
 clkload58/Y
 clkload59/Y
 clkload6/Y
 clkload60/Y
 clkload61/Y
 clkload62/Y
 clkload63/Y
 clkload64/Y
 clkload65/Y
 clkload66/Y
 clkload67/X
 clkload68/Y
 clkload69/Y
 clkload7/X
 clkload70/Y
 clkload71/Y
 clkload72/Y
 clkload73/Y
 clkload74/Y
 clkload75/Y
 clkload76/Y
 clkload77/Y
 clkload78/X
 clkload79/Y
 clkload8/X
 clkload80/Y
 clkload81/Y
 clkload82/Y
 clkload83/X
 clkload84/Y
 clkload85/Y
 clkload86/Y
 clkload87/Y
 clkload88/Y
 clkload89/Y
 clkload9/X
 clkload90/Y
 clkload91/Y
 clkload92/Y
 clkload93/Y
 clkload94/Y
 clkload95/Y
 clkload96/Y
 clkload97/Y
 clkload98/Y
 clkload99/Y
Found 695 partially unannotated drivers.
 a1[4]
 a2[0]
 a2[1]
 a3[2]
 clk
 wd3[0]
 wd3[15]
 wd3[26]
 wd3[2]
 wd3[3]
 wd3[4]
 wd3[5]
 wd3[7]
 wd3[9]
 _4225_/X
 _4226_/X
 _4227_/X
 _4231_/X
 _4232_/X
 _4234_/X
 _4252_/X
 _4254_/X
 _4255_/X
 _4260_/X
 _4262_/X
 _4269_/X
 _4271_/Y
 _4275_/X
 _4282_/X
 _4288_/X
 _4292_/Y
 _4293_/X
 _4298_/X
 _4311_/X
 _4312_/X
 _4313_/X
 _4315_/X
 _4317_/X
 _4321_/X
 _4326_/X
 _4328_/X
 _4329_/X
 _4330_/X
 _4331_/X
 _4332_/X
 _4333_/X
 _4335_/X
 _4336_/X
 _4337_/X
 _4339_/X
 _4340_/X
 _4341_/X
 _4344_/X
 _4345_/X
 _4347_/X
 _4349_/X
 _4350_/Y
 _4353_/X
 _4358_/X
 _4360_/X
 _4362_/X
 _4364_/X
 _4365_/X
 _4366_/X
 _4367_/X
 _4369_/X
 _4371_/X
 _4383_/X
 _4384_/X
 _4388_/X
 _4390_/X
 _4399_/X
 _4403_/X
 _4404_/X
 _4405_/X
 _4406_/X
 _4407_/X
 _4408_/X
 _4410_/X
 _4411_/X
 _4415_/X
 _4432_/X
 _4438_/X
 _4441_/X
 _4449_/X
 _4454_/X
 _4455_/X
 _4464_/X
 _4469_/X
 _4472_/X
 _4481_/Y
 _4489_/X
 _4498_/Y
 _4503_/X
 _4506_/X
 _4515_/X
 _4521_/X
 _4524_/Y
 _4533_/X
 _4535_/X
 _4536_/X
 _4538_/X
 _4539_/X
 _4540_/X
 _4544_/X
 _4551_/X
 _4554_/X
 _4555_/X
 _4557_/X
 _4560_/X
 _4562_/X
 _4563_/X
 _4564_/X
 _4567_/X
 _4573_/X
 _4577_/X
 _4578_/X
 _4579_/X
 _4581_/X
 _4588_/X
 _4590_/X
 _4597_/X
 _4599_/X
 _4600_/X
 _4601_/X
 _4608_/X
 _4609_/X
 _4618_/X
 _4623_/X
 _4624_/X
 _4629_/X
 _4631_/X
 _4635_/X
 _4636_/X
 _4638_/X
 _4639_/X
 _4641_/X
 _4647_/X
 _4648_/X
 _4653_/X
 _4654_/X
 _4658_/X
 _4666_/X
 _4692_/X
 _4721_/X
 _4724_/X
 _4731_/X
 _4735_/X
 _4738_/X
 _4759_/X
 _4762_/X
 _4776_/X
 _4783_/X
 _4784_/X
 _4785_/X
 _4788_/X
 _4800_/X
 _4803_/X
 _4821_/X
 _4831_/X
 _4848_/Y
 _4856_/X
 _4859_/X
 _4860_/X
 _4861_/X
 _4863_/X
 _4864_/X
 _4866_/X
 _4874_/X
 _4882_/X
 _4888_/X
 _4893_/X
 _4904_/X
 _4906_/X
 _4910_/Y
 _4911_/Y
 _4912_/X
 _4913_/X
 _4914_/X
 _4917_/X
 _4922_/X
 _4924_/X
 _4925_/X
 _4926_/X
 _4927_/X
 _4930_/X
 _4936_/X
 _4937_/X
 _4939_/Y
 _4942_/X
 _4946_/X
 _4950_/X
 _4951_/X
 _4954_/Y
 _4955_/X
 _4956_/X
 _4957_/X
 _4959_/X
 _4961_/X
 _4965_/X
 _4968_/X
 _4969_/X
 _4971_/X
 _4977_/Y
 _4978_/Y
 _4979_/X
 _4980_/X
 _4981_/X
 _4984_/X
 _4986_/X
 _4987_/X
 _4988_/X
 _4990_/X
 _4992_/X
 _4994_/X
 _4995_/X
 _4996_/X
 _4998_/X
 _5001_/X
 _5002_/X
 _5003_/X
 _5005_/X
 _5006_/X
 _5007_/X
 _5009_/X
 _5010_/X
 _5011_/X
 _5012_/X
 _5013_/X
 _5015_/X
 _5016_/X
 _5018_/X
 _5019_/Y
 _5020_/X
 _5027_/X
 _5029_/X
 _5031_/X
 _5035_/X
 _5036_/Y
 _5038_/X
 _5039_/X
 _5046_/X
 _5048_/X
 _5049_/X
 _5050_/X
 _5051_/X
 _5052_/X
 _5054_/X
 _5057_/X
 _5059_/Y
 _5060_/Y
 _5061_/X
 _5062_/X
 _5076_/Y
 _5077_/Y
 _5082_/X
 _5084_/X
 _5086_/X
 _5093_/X
 _5096_/X
 _5099_/X
 _5103_/X
 _5109_/X
 _5110_/Y
 _5117_/X
 _5126_/Y
 _5127_/Y
 _5128_/X
 _5135_/X
 _5140_/X
 _5144_/X
 _5145_/Y
 _5150_/X
 _5159_/Y
 _5160_/Y
 _5161_/X
 _5162_/X
 _5167_/X
 _5176_/Y
 _5177_/Y
 _5180_/X
 _5181_/X
 _5191_/Y
 _5192_/Y
 _5199_/X
 _5208_/X
 _5209_/Y
 _5210_/X
 _5218_/X
 _5219_/X
 _5227_/X
 _5229_/X
 _5233_/X
 _5246_/Y
 _5247_/Y
 _5248_/X
 _5249_/X
 _5257_/X
 _5261_/X
 _5263_/Y
 _5273_/X
 _5274_/X
 _5279_/X
 _5280_/X
 _5281_/X
 _5284_/X
 _5287_/X
 _5302_/X
 _5303_/Y
 _5310_/X
 _5320_/X
 _5328_/X
 _5329_/X
 _5332_/X
 _5340_/X
 _5341_/Y
 _5354_/X
 _5358_/Y
 _5367_/X
 _5377_/Y
 _5378_/X
 _5386_/X
 _5395_/Y
 _5396_/Y
 _5412_/X
 _5429_/X
 _5431_/X
 _5443_/X
 _5444_/Y
 _5453_/X
 _5457_/X
 _5459_/Y
 _5461_/Y
 _5467_/X
 _5469_/X
 _5472_/Y
 _5479_/X
 _5480_/X
 _5484_/X
 _5504_/X
 _5513_/Y
 _5533_/X
 _5535_/Y
 _5537_/X
 _5541_/X
 _5543_/X
 _5556_/X
 _5559_/X
 _5561_/Y
 _5574_/Y
 _5575_/X
 _5581_/Y
 _5586_/X
 _5587_/X
 _5589_/Y
 _5602_/Y
 _5608_/X
 _5609_/X
 _5618_/X
 _5624_/Y
 _5627_/X
 _5651_/Y
 _5659_/Y
 _5660_/X
 _5664_/X
 _5678_/X
 _5686_/X
 _5694_/X
 _5728_/X
 _5733_/Y
 _5735_/Y
 _5736_/Y
 _5749_/X
 _5759_/X
 _5764_/Y
 _5767_/Y
 _5785_/X
 _5795_/Y
 _5796_/X
 _5825_/X
 _5827_/X
 _5839_/X
 _5845_/X
 _5856_/X
 _5859_/Y
 _5860_/X
 _5863_/X
 _5876_/Y
 _5879_/Y
 _5882_/X
 _5894_/X
 _5914_/X
 _5915_/X
 _5931_/X
 _5937_/X
 _5944_/Y
 _5948_/X
 _5949_/X
 _5951_/X
 _5975_/X
 _5980_/Y
 _5986_/Y
 _5987_/X
 _5994_/X
 _6003_/Y
 _6016_/X
 _6030_/X
 _6031_/X
 _6044_/X
 _6050_/Y
 _6051_/Y
 _6053_/X
 _6062_/Y
 _6063_/X
 _6076_/X
 _6077_/Y
 _6094_/X
 _6095_/Y
 _6101_/X
 _6115_/Y
 _6122_/X
 _6124_/X
 _6128_/Y
 _6131_/X
 _6135_/Y
 _6149_/Y
 _6155_/X
 _6168_/Y
 _6173_/X
 _6177_/Y
 _6184_/Y
 _6186_/X
 _6187_/Y
 _6192_/X
 _6193_/Y
 _6222_/X
 _6226_/X
 _6230_/Y
 _6231_/Y
 _6240_/X
 _6251_/X
 _6254_/X
 _6257_/Y
 _6258_/X
 _6264_/X
 _6267_/X
 _6270_/X
 _6273_/X
 _6276_/X
 _6279_/X
 _6282_/X
 _6285_/X
 _6288_/X
 _6289_/X
 _6292_/X
 _6295_/X
 _6304_/X
 _6307_/X
 _6319_/X
 _6320_/X
 _6326_/X
 _6329_/X
 _6332_/X
 _6341_/X
 _6350_/X
 _6357_/Y
 _6358_/X
 _6400_/X
 _6425_/X
 _6428_/Y
 _6429_/X
 _6432_/X
 _6435_/X
 _6441_/X
 _6444_/X
 _6450_/X
 _6453_/X
 _6459_/X
 _6460_/X
 _6466_/X
 _6484_/X
 _6487_/X
 _6490_/X
 _6491_/X
 _6494_/X
 _6509_/X
 _6518_/X
 _6521_/X
 _6528_/Y
 _6529_/X
 _6550_/X
 _6571_/X
 _6599_/X
 _6641_/X
 _6691_/X
 _6712_/X
 _6738_/X
 _6759_/X
 _6780_/X
 _6807_/X
 _6808_/X
 _6829_/X
 _6850_/X
 _6876_/X
 _6897_/X
 _6918_/X
 _6944_/Y
 _6945_/X
 _6966_/X
 _6987_/X
 _7014_/X
 _7035_/X
 _7056_/X
 _7082_/Y
 _7083_/X
 _7086_/X
 _7089_/X
 _7095_/X
 _7098_/X
 _7101_/X
 _7104_/X
 _7107_/X
 _7110_/X
 _7113_/X
 _7114_/X
 _7126_/X
 _7129_/X
 _7132_/X
 _7135_/X
 _7138_/X
 _7141_/X
 _7144_/X
 _7145_/X
 _7148_/X
 _7151_/X
 _7154_/X
 _7157_/X
 _7160_/X
 _7166_/X
 _7169_/X
 _7172_/X
 _7175_/X
 _7178_/X
 _7182_/Y
 _7183_/X
 _7204_/X
 _7225_/X
 _7251_/X
 _7272_/X
 _7293_/X
 _7318_/Y
 _7319_/X
 _7340_/X
 _7361_/X
 _7388_/X
 _7409_/X
 _7430_/X
 _7456_/X
 _7477_/X
 _7498_/X
 _7523_/Y
 _7524_/X
 _7541_/X
 _7545_/X
 _7566_/X
 _7592_/X
 _7613_/X
 _7634_/X
 _7660_/X
 _7661_/X
 _7682_/X
 _7703_/X
 _7728_/Y
 _7729_/X
 _7750_/X
 _7771_/X
 _7792_/X
 _7796_/Y
 _7797_/X
 _7818_/X
 _7839_/X
 _7864_/Y
 _7865_/X
 _7886_/X
 _7907_/X
 _7933_/X
 _7975_/X
 _8000_/Y
 _8001_/X
 _8022_/X
 _8043_/X
 _8068_/Y
 _8069_/X
 _8090_/X
 _8111_/X
 _8137_/X
 _8158_/X
 _8179_/X
 _8205_/X
 _8226_/X
 _8247_/X
 _8272_/Y
 _8273_/X
 _8315_/X
 _8341_/X
 _8362_/X
 _8365_/X
 _8383_/X
 _8409_/X
 _8450_/X
 _8451_/X
 _8477_/X
 _8498_/X
 _8519_/X
 _8559_/Q
 _8813_/Q
 _8941_/Q
 _8995_/Q
 _8998_/Q
 _9054_/Q
 _9067_/Q
 _9069_/Q
 _9133_/Q
 _9151_/Q
 _9171_/Q
 _9311_/Q
 _9371_/Q
 _9398_/Q
 _9454_/Q
 _9535_/Q
 _9545_/Q
 _9567_/Q
 clkbuf_0_clk/X
 clkbuf_4_0_0_clk/X
 clkbuf_4_10_0_clk/X
 clkbuf_4_11_0_clk/X
 clkbuf_4_12_0_clk/X
 clkbuf_4_13_0_clk/X
 clkbuf_4_14_0_clk/X
 clkbuf_4_1_0_clk/X
 clkbuf_4_2_0_clk/X
 clkbuf_4_3_0_clk/X
 clkbuf_4_4_0_clk/X
 clkbuf_4_5_0_clk/X
 clkbuf_4_6_0_clk/X
 clkbuf_4_7_0_clk/X
 clkbuf_4_8_0_clk/X
 clkbuf_4_9_0_clk/X
 clkbuf_leaf_105_clk/X
 clkbuf_leaf_10_clk/X
 clkbuf_leaf_18_clk/X
 clkbuf_leaf_43_clk/X
 clkbuf_leaf_53_clk/X
 clkbuf_leaf_58_clk/X
 clkbuf_leaf_62_clk/X
 clkbuf_leaf_63_clk/X
 clkbuf_leaf_76_clk/X
 clkbuf_leaf_79_clk/X
 clkbuf_leaf_80_clk/X
 clkbuf_leaf_89_clk/X
 input1/X
 input14/X
 input16/X
 input17/X
 input19/X
 input20/X
 input22/X
 input23/X
 input24/X
 input25/X
 input26/X
 input27/X
 input28/X
 input29/X
 input30/X
 input31/X
 input32/X
 input33/X
 input34/X
 input35/X
 input36/X
 input37/X
 input38/X
 input40/X
 input41/X
 input46/X
 input47/X
 input5/X
 input6/X
 input7/X
 input8/X
 output103/X
 output114/X
 output144/X
 output58/X

===========================================================================
max slew violation count 0
max fanout violation count 0
max cap violation count 0
============================================================================

===========================================================================
check_setup -verbose -unconstrained_endpoints -multiple_clock -no_clock -no_input_delay -loops -generated_clocks
===========================================================================
Warning: There are 50 input ports missing set_input_delay.
  a1[0]
  a1[1]
  a1[2]
  a1[3]
  a1[4]
  a2[0]
  a2[1]
  a2[2]
  a2[3]
  a2[4]
  a3[0]
  a3[1]
  a3[2]
  a3[3]
  a3[4]
  alu_op[0]
  alu_op[1]
  wd3[0]
  wd3[10]
  wd3[11]
  wd3[12]
  wd3[13]
  wd3[14]
  wd3[15]
  wd3[16]
  wd3[17]
  wd3[18]
  wd3[19]
  wd3[1]
  wd3[20]
  wd3[21]
  wd3[22]
  wd3[23]
  wd3[24]
  wd3[25]
  wd3[26]
  wd3[27]
  wd3[28]
  wd3[29]
  wd3[2]
  wd3[30]
  wd3[31]
  wd3[3]
  wd3[4]
  wd3[5]
  wd3[6]
  wd3[7]
  wd3[8]
  wd3[9]
  we3
Warning: There are 96 unconstrained endpoints.
  alu_result[0]
  alu_result[10]
  alu_result[11]
  alu_result[12]
  alu_result[13]
  alu_result[14]
  alu_result[15]
  alu_result[16]
  alu_result[17]
  alu_result[18]
  alu_result[19]
  alu_result[1]
  alu_result[20]
  alu_result[21]
  alu_result[22]
  alu_result[23]
  alu_result[24]
  alu_result[25]
  alu_result[26]
  alu_result[27]
  alu_result[28]
  alu_result[29]
  alu_result[2]
  alu_result[30]
  alu_result[31]
  alu_result[3]
  alu_result[4]
  alu_result[5]
  alu_result[6]
  alu_result[7]
  alu_result[8]
  alu_result[9]
  rd1[0]
  rd1[10]
  rd1[11]
  rd1[12]
  rd1[13]
  rd1[14]
  rd1[15]
  rd1[16]
  rd1[17]
  rd1[18]
  rd1[19]
  rd1[1]
  rd1[20]
  rd1[21]
  rd1[22]
  rd1[23]
  rd1[24]
  rd1[25]
  rd1[26]
  rd1[27]
  rd1[28]
  rd1[29]
  rd1[2]
  rd1[30]
  rd1[31]
  rd1[3]
  rd1[4]
  rd1[5]
  rd1[6]
  rd1[7]
  rd1[8]
  rd1[9]
  rd2[0]
  rd2[10]
  rd2[11]
  rd2[12]
  rd2[13]
  rd2[14]
  rd2[15]
  rd2[16]
  rd2[17]
  rd2[18]
  rd2[19]
  rd2[1]
  rd2[20]
  rd2[21]
  rd2[22]
  rd2[23]
  rd2[24]
  rd2[25]
  rd2[26]
  rd2[27]
  rd2[28]
  rd2[29]
  rd2[2]
  rd2[30]
  rd2[31]
  rd2[3]
  rd2[4]
  rd2[5]
  rd2[6]
  rd2[7]
  rd2[8]
  rd2[9]
