
===========================================================================
 report_power
============================================================================
======================= Fastest Corner ===================================

Group                  Internal  Switching    Leakage      Total
                          Power      Power      Power      Power (Watts)
----------------------------------------------------------------
Sequential             1.20e-03   1.53e-04   9.02e-08   1.36e-03  17.0%
Combinational          2.19e-03   3.54e-03   1.02e-08   5.73e-03  71.6%
Clock                  4.47e-04   4.64e-04   5.14e-09   9.12e-04  11.4%
Macro                  0.00e+00   0.00e+00   0.00e+00   0.00e+00   0.0%
Pad                    0.00e+00   0.00e+00   0.00e+00   0.00e+00   0.0%
----------------------------------------------------------------
Total                  3.84e-03   4.15e-03   1.06e-07   8.00e-03 100.0%
                          48.1%      51.9%       0.0%

======================= Slowest Corner ===================================

Group                  Internal  Switching    Leakage      Total
                          Power      Power      Power      Power (Watts)
----------------------------------------------------------------
Sequential             8.00e-04   1.01e-04   4.02e-06   9.05e-04  16.5%
Combinational          1.61e-03   2.33e-03   8.19e-06   3.96e-03  72.1%
Clock                  3.22e-04   3.01e-04   5.03e-07   6.23e-04  11.4%
Macro                  0.00e+00   0.00e+00   0.00e+00   0.00e+00   0.0%
Pad                    0.00e+00   0.00e+00   0.00e+00   0.00e+00   0.0%
----------------------------------------------------------------
Total                  2.73e-03   2.74e-03   1.27e-05   5.48e-03 100.0%
                          49.9%      49.9%       0.2%

======================= Typical Corner ===================================

Group                  Internal  Switching    Leakage      Total
                          Power      Power      Power      Power (Watts)
----------------------------------------------------------------
Sequential             1.04e-03   1.29e-04   8.92e-08   1.17e-03  16.9%
Combinational          1.98e-03   2.98e-03   6.45e-09   4.96e-03  71.8%
Clock                  3.92e-04   3.89e-04   3.94e-09   7.82e-04  11.3%
Macro                  0.00e+00   0.00e+00   0.00e+00   0.00e+00   0.0%
Pad                    0.00e+00   0.00e+00   0.00e+00   0.00e+00   0.0%
----------------------------------------------------------------
Total                  3.41e-03   3.50e-03   9.96e-08   6.91e-03 100.0%
                          49.4%      50.6%       0.0%

