
===========================================================================
report_checks -unconstrained
===========================================================================
======================= Fastest Corner ===================================

Startpoint: _3473_ (rising edge-triggered flip-flop clocked by clk)
Endpoint: _3478_ (rising edge-triggered flip-flop clocked by clk)
Path Group: clk
Path Type: max
Corner: Fastest

Fanout     Cap    Slew   Delay    Time   Description
-----------------------------------------------------------------------------
                          0.00    0.00   clock clk (rise edge)
                          0.00    0.00   clock source latency
     1    0.04    0.00    0.00    0.00 ^ clk (in)
                                         clk (net)
                  0.00    0.00    0.00 ^ clkbuf_0_clk/A (sky130_fd_sc_hd__clkbuf_16)
     2    0.04    0.04    0.09    0.09 ^ clkbuf_0_clk/X (sky130_fd_sc_hd__clkbuf_16)
                                         clknet_0_clk (net)
                  0.04    0.00    0.09 ^ clkbuf_1_0__f_clk/A (sky130_fd_sc_hd__clkbuf_16)
    12    0.12    0.10    0.14    0.23 ^ clkbuf_1_0__f_clk/X (sky130_fd_sc_hd__clkbuf_16)
                                         clknet_1_0__leaf_clk (net)
                  0.11    0.01    0.24 ^ clkbuf_leaf_6_clk/A (sky130_fd_sc_hd__clkbuf_8)
    13    0.04    0.07    0.13    0.37 ^ clkbuf_leaf_6_clk/X (sky130_fd_sc_hd__clkbuf_8)
                                         clknet_leaf_6_clk (net)
                  0.07    0.00    0.37 ^ _3473_/CLK (sky130_fd_sc_hd__dfrtp_1)
     4    0.01    0.06    0.27    0.64 v _3473_/Q (sky130_fd_sc_hd__dfrtp_1)
                                         imem.address[28] (net)
                  0.06    0.00    0.64 v _1787_/B (sky130_fd_sc_hd__or4_4)
     1    0.00    0.06    0.31    0.94 v _1787_/X (sky130_fd_sc_hd__or4_4)
                                         _0449_ (net)
                  0.06    0.00    0.94 v _1789_/C (sky130_fd_sc_hd__or4_4)
     5    0.04    0.10    0.35    1.29 v _1789_/X (sky130_fd_sc_hd__or4_4)
                                         _0451_ (net)
                  0.10    0.00    1.29 v rebuffer10/A (sky130_fd_sc_hd__dlygate4sd1_1)
     1    0.01    0.04    0.19    1.48 v rebuffer10/X (sky130_fd_sc_hd__dlygate4sd1_1)
                                         net58 (net)
                  0.04    0.00    1.48 v _1804_/C (sky130_fd_sc_hd__nor3_4)
     5    0.02    0.19    0.15    1.63 ^ _1804_/Y (sky130_fd_sc_hd__nor3_4)
                                         _0466_ (net)
                  0.19    0.00    1.64 ^ rebuffer43/A (sky130_fd_sc_hd__dlygate4sd1_1)
     2    0.01    0.06    0.16    1.80 ^ rebuffer43/X (sky130_fd_sc_hd__dlygate4sd1_1)
                                         net60 (net)
                  0.06    0.00    1.80 ^ _1993_/B1 (sky130_fd_sc_hd__a22o_1)
     1    0.01    0.05    0.09    1.88 ^ _1993_/X (sky130_fd_sc_hd__a22o_1)
                                         _0591_ (net)
                  0.05    0.00    1.89 ^ _1994_/C1 (sky130_fd_sc_hd__a221o_1)
     2    0.02    0.15    0.15    2.03 ^ _1994_/X (sky130_fd_sc_hd__a221o_1)
                                         _0592_ (net)
                  0.15    0.00    2.03 ^ _1995_/A1 (sky130_fd_sc_hd__o21ba_4)
     1    0.01    0.04    0.11    2.14 ^ _1995_/X (sky130_fd_sc_hd__o21ba_4)
                                         _0593_ (net)
                  0.04    0.00    2.14 ^ _1996_/A (sky130_fd_sc_hd__buf_8)
    10    0.05    0.07    0.09    2.23 ^ _1996_/X (sky130_fd_sc_hd__buf_8)
                                         _0594_ (net)
                  0.07    0.00    2.24 ^ _2007_/D (sky130_fd_sc_hd__or4_4)
     1    0.01    0.03    0.08    2.32 ^ _2007_/X (sky130_fd_sc_hd__or4_4)
                                         _0605_ (net)
                  0.03    0.00    2.32 ^ _2008_/A (sky130_fd_sc_hd__buf_6)
     3    0.01    0.03    0.06    2.38 ^ _2008_/X (sky130_fd_sc_hd__buf_6)
                                         _0606_ (net)
                  0.03    0.00    2.38 ^ rebuffer19/A (sky130_fd_sc_hd__dlygate4sd1_1)
     3    0.02    0.15    0.20    2.58 ^ rebuffer19/X (sky130_fd_sc_hd__dlygate4sd1_1)
                                         net35 (net)
                  0.15    0.00    2.58 ^ _2155_/A (sky130_fd_sc_hd__xnor2_1)
     2    0.01    0.14    0.10    2.69 ^ _2155_/Y (sky130_fd_sc_hd__xnor2_1)
                                         _0753_ (net)
                  0.14    0.00    2.69 ^ _2159_/A (sky130_fd_sc_hd__nor2_1)
     4    0.01    0.06    0.06    2.75 v _2159_/Y (sky130_fd_sc_hd__nor2_1)
                                         _0757_ (net)
                  0.06    0.00    2.75 v _2160_/B (sky130_fd_sc_hd__or2_1)
     3    0.01    0.06    0.17    2.92 v _2160_/X (sky130_fd_sc_hd__or2_1)
                                         _0758_ (net)
                  0.06    0.00    2.92 v _2170_/A2 (sky130_fd_sc_hd__o31a_1)
     3    0.02    0.08    0.22    3.14 v _2170_/X (sky130_fd_sc_hd__o31a_1)
                                         _0768_ (net)
                  0.08    0.00    3.14 v _2176_/A2 (sky130_fd_sc_hd__o211a_1)
     3    0.01    0.04    0.16    3.30 v _2176_/X (sky130_fd_sc_hd__o211a_1)
                                         _0774_ (net)
                  0.04    0.00    3.30 v _2177_/B (sky130_fd_sc_hd__or2_1)
     1    0.01    0.05    0.14    3.44 v _2177_/X (sky130_fd_sc_hd__or2_1)
                                         _0775_ (net)
                  0.05    0.00    3.44 v _2259_/A1 (sky130_fd_sc_hd__o31a_1)
     4    0.01    0.07    0.22    3.67 v _2259_/X (sky130_fd_sc_hd__o31a_1)
                                         _0857_ (net)
                  0.07    0.00    3.67 v _2314_/A (sky130_fd_sc_hd__or4_4)
     2    0.01    0.07    0.35    4.01 v _2314_/X (sky130_fd_sc_hd__or4_4)
                                         _0912_ (net)
                  0.07    0.00    4.01 v rebuffer18/A (sky130_fd_sc_hd__clkbuf_1)
     1    0.00    0.02    0.07    4.08 v rebuffer18/X (sky130_fd_sc_hd__clkbuf_1)
                                         net34 (net)
                  0.02    0.00    4.08 v rebuffer17/A (sky130_fd_sc_hd__dlymetal6s4s_1)
     1    0.00    0.03    0.15    4.23 v rebuffer17/X (sky130_fd_sc_hd__dlymetal6s4s_1)
                                         net33 (net)
                  0.03    0.00    4.23 v _2725_/B (sky130_fd_sc_hd__and3_1)
     1    0.00    0.03    0.10    4.33 v _2725_/X (sky130_fd_sc_hd__and3_1)
                                         _1316_ (net)
                  0.03    0.00    4.34 v _2726_/C (sky130_fd_sc_hd__nor3_1)
     1    0.01    0.29    0.22    4.56 ^ _2726_/Y (sky130_fd_sc_hd__nor3_1)
                                         _1317_ (net)
                  0.29    0.00    4.56 ^ _2727_/C1 (sky130_fd_sc_hd__a221o_1)
     2    0.02    0.15    0.15    4.71 ^ _2727_/X (sky130_fd_sc_hd__a221o_1)
                                         _1318_ (net)
                  0.15    0.00    4.72 ^ _3146_/A1 (sky130_fd_sc_hd__a221o_1)
     1    0.01    0.05    0.11    4.83 ^ _3146_/X (sky130_fd_sc_hd__a221o_1)
                                         _1643_ (net)
                  0.05    0.00    4.83 ^ _3147_/C1 (sky130_fd_sc_hd__a221o_1)
     6    0.02    0.16    0.15    4.98 ^ _3147_/X (sky130_fd_sc_hd__a221o_1)
                                         _1644_ (net)
                  0.16    0.00    4.98 ^ _3148_/B (sky130_fd_sc_hd__and2b_1)
     5    0.02    0.12    0.15    5.13 ^ _3148_/X (sky130_fd_sc_hd__and2b_1)
                                         _1645_ (net)
                  0.12    0.00    5.13 ^ _3159_/B (sky130_fd_sc_hd__or3_4)
     2    0.01    0.02    0.09    5.23 ^ _3159_/X (sky130_fd_sc_hd__or3_4)
                                         _1655_ (net)
                  0.02    0.00    5.23 ^ _3160_/C_N (sky130_fd_sc_hd__or3b_4)
     1    0.00    0.05    0.22    5.44 v _3160_/X (sky130_fd_sc_hd__or3b_4)
                                         _1656_ (net)
                  0.05    0.00    5.44 v _3161_/A (sky130_fd_sc_hd__clkbuf_1)
     1    0.00    0.02    0.06    5.50 v _3161_/X (sky130_fd_sc_hd__clkbuf_1)
                                         _0001_ (net)
                  0.02    0.00    5.50 v _3478_/D (sky130_fd_sc_hd__dfxtp_1)
                                  5.50   data arrival time

                         10.00   10.00   clock clk (rise edge)
                          0.00   10.00   clock source latency
     1    0.04    0.00    0.00   10.00 ^ clk (in)
                                         clk (net)
                  0.00    0.00   10.00 ^ clkbuf_0_clk/A (sky130_fd_sc_hd__clkbuf_16)
     2    0.04    0.04    0.09   10.09 ^ clkbuf_0_clk/X (sky130_fd_sc_hd__clkbuf_16)
                                         clknet_0_clk (net)
                  0.04    0.00   10.09 ^ clkbuf_1_1__f_clk/A (sky130_fd_sc_hd__clkbuf_16)
    11    0.12    0.11    0.14   10.23 ^ clkbuf_1_1__f_clk/X (sky130_fd_sc_hd__clkbuf_16)
                                         clknet_1_1__leaf_clk (net)
                  0.11    0.01   10.24 ^ clkbuf_leaf_15_clk/A (sky130_fd_sc_hd__clkbuf_8)
    10    0.04    0.06    0.12   10.36 ^ clkbuf_leaf_15_clk/X (sky130_fd_sc_hd__clkbuf_8)
                                         clknet_leaf_15_clk (net)
                  0.06    0.00   10.37 ^ _3478_/CLK (sky130_fd_sc_hd__dfxtp_1)
                          0.00   10.37   clock reconvergence pessimism
                         -0.06   10.30   library setup time
                                 10.30   data required time
-----------------------------------------------------------------------------
                                 10.30   data required time
                                 -5.50   data arrival time
-----------------------------------------------------------------------------
                                  4.80   slack (MET)



======================= Slowest Corner ===================================

Startpoint: _3458_ (rising edge-triggered flip-flop clocked by clk)
Endpoint: _3478_ (rising edge-triggered flip-flop clocked by clk)
Path Group: clk
Path Type: max
Corner: Slowest

Fanout     Cap    Slew   Delay    Time   Description
-----------------------------------------------------------------------------
                          0.00    0.00   clock clk (rise edge)
                          0.00    0.00   clock source latency
     1    0.04    0.00    0.00    0.00 ^ clk (in)
                                         clk (net)
                  0.00    0.00    0.00 ^ clkbuf_0_clk/A (sky130_fd_sc_hd__clkbuf_16)
     2    0.04    0.09    0.22    0.22 ^ clkbuf_0_clk/X (sky130_fd_sc_hd__clkbuf_16)
                                         clknet_0_clk (net)
                  0.09    0.00    0.22 ^ clkbuf_1_0__f_clk/A (sky130_fd_sc_hd__clkbuf_16)
    12    0.12    0.20    0.34    0.56 ^ clkbuf_1_0__f_clk/X (sky130_fd_sc_hd__clkbuf_16)
                                         clknet_1_0__leaf_clk (net)
                  0.21    0.01    0.57 ^ clkbuf_leaf_7_clk/A (sky130_fd_sc_hd__clkbuf_8)
    13    0.04    0.14    0.35    0.92 ^ clkbuf_leaf_7_clk/X (sky130_fd_sc_hd__clkbuf_8)
                                         clknet_leaf_7_clk (net)
                  0.14    0.00    0.92 ^ _3458_/CLK (sky130_fd_sc_hd__dfrtp_1)
     4    0.01    0.17    0.88    1.80 v _3458_/Q (sky130_fd_sc_hd__dfrtp_1)
                                         imem.address[13] (net)
                  0.17    0.00    1.80 v _1790_/A (sky130_fd_sc_hd__or4_1)
     3    0.01    0.25    1.35    3.14 v _1790_/X (sky130_fd_sc_hd__or4_1)
                                         _0452_ (net)
                  0.25    0.00    3.15 v _1803_/A (sky130_fd_sc_hd__or4_1)
     1    0.01    0.25    1.38    4.52 v _1803_/X (sky130_fd_sc_hd__or4_1)
                                         _0465_ (net)
                  0.25    0.00    4.52 v _1804_/B (sky130_fd_sc_hd__nor3_4)
     5    0.02    0.42    0.51    5.03 ^ _1804_/Y (sky130_fd_sc_hd__nor3_4)
                                         _0466_ (net)
                  0.42    0.00    5.04 ^ rebuffer43/A (sky130_fd_sc_hd__dlygate4sd1_1)
     2    0.01    0.13    0.54    5.58 ^ rebuffer43/X (sky130_fd_sc_hd__dlygate4sd1_1)
                                         net60 (net)
                  0.13    0.00    5.58 ^ _1993_/B1 (sky130_fd_sc_hd__a22o_1)
     1    0.01    0.12    0.30    5.88 ^ _1993_/X (sky130_fd_sc_hd__a22o_1)
                                         _0591_ (net)
                  0.12    0.00    5.88 ^ _1994_/C1 (sky130_fd_sc_hd__a221o_1)
     2    0.02    0.33    0.39    6.27 ^ _1994_/X (sky130_fd_sc_hd__a221o_1)
                                         _0592_ (net)
                  0.33    0.00    6.27 ^ _1995_/A1 (sky130_fd_sc_hd__o21ba_4)
     1    0.01    0.08    0.38    6.65 ^ _1995_/X (sky130_fd_sc_hd__o21ba_4)
                                         _0593_ (net)
                  0.08    0.00    6.65 ^ _1996_/A (sky130_fd_sc_hd__buf_8)
    10    0.05    0.14    0.23    6.88 ^ _1996_/X (sky130_fd_sc_hd__buf_8)
                                         _0594_ (net)
                  0.14    0.00    6.88 ^ _2007_/D (sky130_fd_sc_hd__or4_4)
     1    0.01    0.06    0.24    7.12 ^ _2007_/X (sky130_fd_sc_hd__or4_4)
                                         _0605_ (net)
                  0.06    0.00    7.12 ^ _2008_/A (sky130_fd_sc_hd__buf_6)
     3    0.01    0.06    0.17    7.28 ^ _2008_/X (sky130_fd_sc_hd__buf_6)
                                         _0606_ (net)
                  0.06    0.00    7.28 ^ rebuffer19/A (sky130_fd_sc_hd__dlygate4sd1_1)
     3    0.02    0.29    0.53    7.82 ^ rebuffer19/X (sky130_fd_sc_hd__dlygate4sd1_1)
                                         net35 (net)
                  0.29    0.00    7.82 ^ _2155_/A (sky130_fd_sc_hd__xnor2_1)
     2    0.01    0.16    0.26    8.08 v _2155_/Y (sky130_fd_sc_hd__xnor2_1)
                                         _0753_ (net)
                  0.16    0.00    8.08 v _2158_/A (sky130_fd_sc_hd__and2_1)
     1    0.00    0.06    0.31    8.39 v _2158_/X (sky130_fd_sc_hd__and2_1)
                                         _0756_ (net)
                  0.06    0.00    8.39 v _2160_/A (sky130_fd_sc_hd__or2_1)
     3    0.01    0.18    0.59    8.98 v _2160_/X (sky130_fd_sc_hd__or2_1)
                                         _0758_ (net)
                  0.18    0.00    8.98 v _2170_/A2 (sky130_fd_sc_hd__o31a_1)
     3    0.02    0.20    0.69    9.67 v _2170_/X (sky130_fd_sc_hd__o31a_1)
                                         _0768_ (net)
                  0.20    0.00    9.67 v _2176_/A2 (sky130_fd_sc_hd__o211a_1)
     3    0.01    0.11    0.48   10.15 v _2176_/X (sky130_fd_sc_hd__o211a_1)
                                         _0774_ (net)
                  0.11    0.00   10.15 v _2817_/B (sky130_fd_sc_hd__or3_2)
     5    0.02    0.27    1.25   11.41 v _2817_/X (sky130_fd_sc_hd__or3_2)
                                         _1399_ (net)
                  0.27    0.00   11.41 v _2853_/A2 (sky130_fd_sc_hd__o21bai_1)
     2    0.01    0.36    0.43   11.83 ^ _2853_/Y (sky130_fd_sc_hd__o21bai_1)
                                         _1431_ (net)
                  0.36    0.00   11.83 ^ _2854_/B2 (sky130_fd_sc_hd__a22oi_1)
     1    0.01    0.19    0.27   12.10 v _2854_/Y (sky130_fd_sc_hd__a22oi_1)
                                         _1432_ (net)
                  0.19    0.00   12.10 v _2855_/B (sky130_fd_sc_hd__xnor2_1)
     1    0.00    0.10    0.26   12.36 v _2855_/Y (sky130_fd_sc_hd__xnor2_1)
                                         _1433_ (net)
                  0.10    0.00   12.36 v _2856_/B1 (sky130_fd_sc_hd__a2bb2o_1)
     2    0.02    0.27    0.78   13.14 v _2856_/X (sky130_fd_sc_hd__a2bb2o_1)
                                         _1434_ (net)
                  0.27    0.00   13.15 v _3089_/A1 (sky130_fd_sc_hd__a22o_1)
     1    0.00    0.06    0.44   13.58 v _3089_/X (sky130_fd_sc_hd__a22o_1)
                                         _1589_ (net)
                  0.06    0.00   13.58 v _3090_/B (sky130_fd_sc_hd__or2_1)
     1    0.01    0.16    0.53   14.12 v _3090_/X (sky130_fd_sc_hd__or2_1)
                                         _1590_ (net)
                  0.16    0.00   14.12 v _3091_/B1 (sky130_fd_sc_hd__a31o_1)
     1    0.00    0.08    0.38   14.50 v _3091_/X (sky130_fd_sc_hd__a31o_1)
                                         _1591_ (net)
                  0.08    0.00   14.50 v _3092_/C1 (sky130_fd_sc_hd__a221o_1)
     1    0.00    0.09    0.48   14.98 v _3092_/X (sky130_fd_sc_hd__a221o_1)
                                         _1592_ (net)
                  0.09    0.00   14.98 v _3093_/B1 (sky130_fd_sc_hd__a21oi_1)
     2    0.01    0.32    0.31   15.29 ^ _3093_/Y (sky130_fd_sc_hd__a21oi_1)
                                         _1593_ (net)
                  0.32    0.00   15.29 ^ _3151_/A1_N (sky130_fd_sc_hd__o2bb2a_2)
     6    0.02    0.15    0.59   15.89 v _3151_/X (sky130_fd_sc_hd__o2bb2a_2)
                                         _1648_ (net)
                  0.15    0.00   15.89 v _3155_/A (sky130_fd_sc_hd__and3_1)
     2    0.01    0.10    0.36   16.25 v _3155_/X (sky130_fd_sc_hd__and3_1)
                                         _1652_ (net)
                  0.10    0.00   16.25 v _3160_/A (sky130_fd_sc_hd__or3b_4)
     1    0.00    0.11    0.76   17.01 v _3160_/X (sky130_fd_sc_hd__or3b_4)
                                         _1656_ (net)
                  0.11    0.00   17.01 v _3161_/A (sky130_fd_sc_hd__clkbuf_1)
     1    0.00    0.04    0.17   17.18 v _3161_/X (sky130_fd_sc_hd__clkbuf_1)
                                         _0001_ (net)
                  0.04    0.00   17.18 v _3478_/D (sky130_fd_sc_hd__dfxtp_1)
                                 17.18   data arrival time

                         10.00   10.00   clock clk (rise edge)
                          0.00   10.00   clock source latency
     1    0.04    0.00    0.00   10.00 ^ clk (in)
                                         clk (net)
                  0.00    0.00   10.00 ^ clkbuf_0_clk/A (sky130_fd_sc_hd__clkbuf_16)
     2    0.04    0.09    0.22   10.22 ^ clkbuf_0_clk/X (sky130_fd_sc_hd__clkbuf_16)
                                         clknet_0_clk (net)
                  0.09    0.00   10.22 ^ clkbuf_1_1__f_clk/A (sky130_fd_sc_hd__clkbuf_16)
    11    0.12    0.21    0.34   10.56 ^ clkbuf_1_1__f_clk/X (sky130_fd_sc_hd__clkbuf_16)
                                         clknet_1_1__leaf_clk (net)
                  0.21    0.01   10.57 ^ clkbuf_leaf_15_clk/A (sky130_fd_sc_hd__clkbuf_8)
    10    0.04    0.12    0.33   10.90 ^ clkbuf_leaf_15_clk/X (sky130_fd_sc_hd__clkbuf_8)
                                         clknet_leaf_15_clk (net)
                  0.12    0.00   10.91 ^ _3478_/CLK (sky130_fd_sc_hd__dfxtp_1)
                          0.00   10.91   clock reconvergence pessimism
                         -0.25   10.66   library setup time
                                 10.66   data required time
-----------------------------------------------------------------------------
                                 10.66   data required time
                                -17.18   data arrival time
-----------------------------------------------------------------------------
                                 -6.52   slack (VIOLATED)



======================= Typical Corner ===================================

Startpoint: _3473_ (rising edge-triggered flip-flop clocked by clk)
Endpoint: _3478_ (rising edge-triggered flip-flop clocked by clk)
Path Group: clk
Path Type: max
Corner: Typical

Fanout     Cap    Slew   Delay    Time   Description
-----------------------------------------------------------------------------
                          0.00    0.00   clock clk (rise edge)
                          0.00    0.00   clock source latency
     1    0.04    0.00    0.00    0.00 ^ clk (in)
                                         clk (net)
                  0.00    0.00    0.00 ^ clkbuf_0_clk/A (sky130_fd_sc_hd__clkbuf_16)
     2    0.04    0.06    0.12    0.13 ^ clkbuf_0_clk/X (sky130_fd_sc_hd__clkbuf_16)
                                         clknet_0_clk (net)
                  0.06    0.00    0.13 ^ clkbuf_1_0__f_clk/A (sky130_fd_sc_hd__clkbuf_16)
    12    0.12    0.13    0.20    0.33 ^ clkbuf_1_0__f_clk/X (sky130_fd_sc_hd__clkbuf_16)
                                         clknet_1_0__leaf_clk (net)
                  0.13    0.01    0.34 ^ clkbuf_leaf_6_clk/A (sky130_fd_sc_hd__clkbuf_8)
    13    0.04    0.09    0.19    0.53 ^ clkbuf_leaf_6_clk/X (sky130_fd_sc_hd__clkbuf_8)
                                         clknet_leaf_6_clk (net)
                  0.09    0.00    0.53 ^ _3473_/CLK (sky130_fd_sc_hd__dfrtp_1)
     4    0.01    0.08    0.42    0.95 v _3473_/Q (sky130_fd_sc_hd__dfrtp_1)
                                         imem.address[28] (net)
                  0.08    0.00    0.95 v _1787_/B (sky130_fd_sc_hd__or4_4)
     1    0.00    0.08    0.51    1.46 v _1787_/X (sky130_fd_sc_hd__or4_4)
                                         _0449_ (net)
                  0.08    0.00    1.46 v _1789_/C (sky130_fd_sc_hd__or4_4)
     5    0.04    0.14    0.58    2.04 v _1789_/X (sky130_fd_sc_hd__or4_4)
                                         _0451_ (net)
                  0.14    0.00    2.04 v _1806_/B (sky130_fd_sc_hd__nor3_4)
     4    0.01    0.19    0.24    2.28 ^ _1806_/Y (sky130_fd_sc_hd__nor3_4)
                                         _0468_ (net)
                  0.19    0.00    2.28 ^ _1956_/C (sky130_fd_sc_hd__and3b_2)
     3    0.02    0.11    0.26    2.54 ^ _1956_/X (sky130_fd_sc_hd__and3b_2)
                                         _0554_ (net)
                  0.11    0.00    2.54 ^ _1957_/B1 (sky130_fd_sc_hd__a21oi_4)
     4    0.02    0.11    0.06    2.61 v _1957_/Y (sky130_fd_sc_hd__a21oi_4)
                                         _0555_ (net)
                  0.11    0.00    2.61 v _1958_/A (sky130_fd_sc_hd__buf_8)
     3    0.01    0.02    0.15    2.75 v _1958_/X (sky130_fd_sc_hd__buf_8)
                                         _0556_ (net)
                  0.02    0.00    2.75 v _2006_/A2 (sky130_fd_sc_hd__o21a_4)
     2    0.01    0.04    0.18    2.94 v _2006_/X (sky130_fd_sc_hd__o21a_4)
                                         _0604_ (net)
                  0.04    0.00    2.94 v _2007_/A (sky130_fd_sc_hd__or4_4)
     1    0.01    0.09    0.53    3.46 v _2007_/X (sky130_fd_sc_hd__or4_4)
                                         _0605_ (net)
                  0.09    0.00    3.46 v _2008_/A (sky130_fd_sc_hd__buf_6)
     3    0.01    0.03    0.13    3.60 v _2008_/X (sky130_fd_sc_hd__buf_6)
                                         _0606_ (net)
                  0.03    0.00    3.60 v _2016_/C (sky130_fd_sc_hd__or3_4)
     5    0.02    0.09    0.36    3.96 v _2016_/X (sky130_fd_sc_hd__or3_4)
                                         _0614_ (net)
                  0.09    0.00    3.96 v _2024_/C (sky130_fd_sc_hd__or3_4)
     6    0.02    0.09    0.38    4.34 v _2024_/X (sky130_fd_sc_hd__or3_4)
                                         _0622_ (net)
                  0.09    0.00    4.34 v _2044_/C (sky130_fd_sc_hd__or3_4)
     4    0.02    0.09    0.38    4.72 v _2044_/X (sky130_fd_sc_hd__or3_4)
                                         _0642_ (net)
                  0.09    0.00    4.72 v _2286_/B (sky130_fd_sc_hd__or3b_4)
     3    0.02    0.10    0.43    5.15 v _2286_/X (sky130_fd_sc_hd__or3b_4)
                                         _0884_ (net)
                  0.10    0.00    5.15 v _2294_/A (sky130_fd_sc_hd__xnor2_4)
     3    0.01    0.15    0.20    5.35 ^ _2294_/Y (sky130_fd_sc_hd__xnor2_4)
                                         _0892_ (net)
                  0.15    0.00    5.35 ^ _2297_/B (sky130_fd_sc_hd__xnor2_1)
     2    0.00    0.15    0.14    5.50 ^ _2297_/Y (sky130_fd_sc_hd__xnor2_1)
                                         _0895_ (net)
                  0.15    0.00    5.50 ^ _2298_/C_N (sky130_fd_sc_hd__or3b_4)
     3    0.01    0.07    0.41    5.90 v _2298_/X (sky130_fd_sc_hd__or3b_4)
                                         _0896_ (net)
                  0.07    0.00    5.90 v _2314_/C (sky130_fd_sc_hd__or4_4)
     2    0.01    0.10    0.51    6.42 v _2314_/X (sky130_fd_sc_hd__or4_4)
                                         _0912_ (net)
                  0.10    0.00    6.42 v _2338_/A1 (sky130_fd_sc_hd__a21oi_4)
     5    0.02    0.20    0.22    6.64 ^ _2338_/Y (sky130_fd_sc_hd__a21oi_4)
                                         _0936_ (net)
                  0.20    0.00    6.64 ^ _2363_/A2 (sky130_fd_sc_hd__a21oi_2)
     3    0.01    0.07    0.11    6.75 v _2363_/Y (sky130_fd_sc_hd__a21oi_2)
                                         _0961_ (net)
                  0.07    0.00    6.75 v _2364_/B1 (sky130_fd_sc_hd__o22ai_2)
     3    0.01    0.21    0.19    6.94 ^ _2364_/Y (sky130_fd_sc_hd__o22ai_2)
                                         _0962_ (net)
                  0.21    0.00    6.94 ^ _2366_/A1 (sky130_fd_sc_hd__a21oi_2)
     4    0.01    0.08    0.11    7.06 v _2366_/Y (sky130_fd_sc_hd__a21oi_2)
                                         _0964_ (net)
                  0.08    0.00    7.06 v _2388_/A1 (sky130_fd_sc_hd__o211a_1)
     1    0.00    0.04    0.23    7.29 v _2388_/X (sky130_fd_sc_hd__o211a_1)
                                         _0986_ (net)
                  0.04    0.00    7.29 v _2391_/B1 (sky130_fd_sc_hd__a211o_1)
     2    0.02    0.11    0.33    7.62 v _2391_/X (sky130_fd_sc_hd__a211o_1)
                                         _0989_ (net)
                  0.11    0.00    7.62 v _3108_/A1 (sky130_fd_sc_hd__a31o_1)
     2    0.01    0.08    0.24    7.87 v _3108_/X (sky130_fd_sc_hd__a31o_1)
                                         _1607_ (net)
                  0.08    0.00    7.87 v _3109_/B2 (sky130_fd_sc_hd__a2bb2o_2)
     5    0.02    0.08    0.30    8.16 v _3109_/X (sky130_fd_sc_hd__a2bb2o_2)
                                         _1608_ (net)
                  0.08    0.00    8.16 v _3159_/A (sky130_fd_sc_hd__or3_4)
     2    0.01    0.07    0.39    8.56 v _3159_/X (sky130_fd_sc_hd__or3_4)
                                         _1655_ (net)
                  0.07    0.00    8.56 v _3160_/C_N (sky130_fd_sc_hd__or3b_4)
     1    0.00    0.04    0.23    8.79 ^ _3160_/X (sky130_fd_sc_hd__or3b_4)
                                         _1656_ (net)
                  0.04    0.00    8.79 ^ _3161_/A (sky130_fd_sc_hd__clkbuf_1)
     1    0.00    0.04    0.07    8.86 ^ _3161_/X (sky130_fd_sc_hd__clkbuf_1)
                                         _0001_ (net)
                  0.04    0.00    8.86 ^ _3478_/D (sky130_fd_sc_hd__dfxtp_1)
                                  8.86   data arrival time

                         10.00   10.00   clock clk (rise edge)
                          0.00   10.00   clock source latency
     1    0.04    0.00    0.00   10.00 ^ clk (in)
                                         clk (net)
                  0.00    0.00   10.00 ^ clkbuf_0_clk/A (sky130_fd_sc_hd__clkbuf_16)
     2    0.04    0.06    0.12   10.13 ^ clkbuf_0_clk/X (sky130_fd_sc_hd__clkbuf_16)
                                         clknet_0_clk (net)
                  0.06    0.00   10.13 ^ clkbuf_1_1__f_clk/A (sky130_fd_sc_hd__clkbuf_16)
    11    0.12    0.13    0.20   10.33 ^ clkbuf_1_1__f_clk/X (sky130_fd_sc_hd__clkbuf_16)
                                         clknet_1_1__leaf_clk (net)
                  0.14    0.01   10.34 ^ clkbuf_leaf_15_clk/A (sky130_fd_sc_hd__clkbuf_8)
    10    0.04    0.08    0.18   10.52 ^ clkbuf_leaf_15_clk/X (sky130_fd_sc_hd__clkbuf_8)
                                         clknet_leaf_15_clk (net)
                  0.08    0.00   10.52 ^ _3478_/CLK (sky130_fd_sc_hd__dfxtp_1)
                          0.00   10.52   clock reconvergence pessimism
                         -0.05   10.48   library setup time
                                 10.48   data required time
-----------------------------------------------------------------------------
                                 10.48   data required time
                                 -8.86   data arrival time
-----------------------------------------------------------------------------
                                  1.61   slack (MET)




===========================================================================
report_checks --slack_max -0.01
============================================================================
======================= Fastest Corner ===================================

No paths found.

======================= Slowest Corner ===================================

Startpoint: _3458_ (rising edge-triggered flip-flop clocked by clk)
Endpoint: _3478_ (rising edge-triggered flip-flop clocked by clk)
Path Group: clk
Path Type: max
Corner: Slowest

Fanout     Cap    Slew   Delay    Time   Description
-----------------------------------------------------------------------------
                          0.00    0.00   clock clk (rise edge)
                          0.00    0.00   clock source latency
     1    0.04    0.00    0.00    0.00 ^ clk (in)
                                         clk (net)
                  0.00    0.00    0.00 ^ clkbuf_0_clk/A (sky130_fd_sc_hd__clkbuf_16)
     2    0.04    0.09    0.22    0.22 ^ clkbuf_0_clk/X (sky130_fd_sc_hd__clkbuf_16)
                                         clknet_0_clk (net)
                  0.09    0.00    0.22 ^ clkbuf_1_0__f_clk/A (sky130_fd_sc_hd__clkbuf_16)
    12    0.12    0.20    0.34    0.56 ^ clkbuf_1_0__f_clk/X (sky130_fd_sc_hd__clkbuf_16)
                                         clknet_1_0__leaf_clk (net)
                  0.21    0.01    0.57 ^ clkbuf_leaf_7_clk/A (sky130_fd_sc_hd__clkbuf_8)
    13    0.04    0.14    0.35    0.92 ^ clkbuf_leaf_7_clk/X (sky130_fd_sc_hd__clkbuf_8)
                                         clknet_leaf_7_clk (net)
                  0.14    0.00    0.92 ^ _3458_/CLK (sky130_fd_sc_hd__dfrtp_1)
     4    0.01    0.17    0.88    1.80 v _3458_/Q (sky130_fd_sc_hd__dfrtp_1)
                                         imem.address[13] (net)
                  0.17    0.00    1.80 v _1790_/A (sky130_fd_sc_hd__or4_1)
     3    0.01    0.25    1.35    3.14 v _1790_/X (sky130_fd_sc_hd__or4_1)
                                         _0452_ (net)
                  0.25    0.00    3.15 v _1803_/A (sky130_fd_sc_hd__or4_1)
     1    0.01    0.25    1.38    4.52 v _1803_/X (sky130_fd_sc_hd__or4_1)
                                         _0465_ (net)
                  0.25    0.00    4.52 v _1804_/B (sky130_fd_sc_hd__nor3_4)
     5    0.02    0.42    0.51    5.03 ^ _1804_/Y (sky130_fd_sc_hd__nor3_4)
                                         _0466_ (net)
                  0.42    0.00    5.04 ^ rebuffer43/A (sky130_fd_sc_hd__dlygate4sd1_1)
     2    0.01    0.13    0.54    5.58 ^ rebuffer43/X (sky130_fd_sc_hd__dlygate4sd1_1)
                                         net60 (net)
                  0.13    0.00    5.58 ^ _1993_/B1 (sky130_fd_sc_hd__a22o_1)
     1    0.01    0.12    0.30    5.88 ^ _1993_/X (sky130_fd_sc_hd__a22o_1)
                                         _0591_ (net)
                  0.12    0.00    5.88 ^ _1994_/C1 (sky130_fd_sc_hd__a221o_1)
     2    0.02    0.33    0.39    6.27 ^ _1994_/X (sky130_fd_sc_hd__a221o_1)
                                         _0592_ (net)
                  0.33    0.00    6.27 ^ _1995_/A1 (sky130_fd_sc_hd__o21ba_4)
     1    0.01    0.08    0.38    6.65 ^ _1995_/X (sky130_fd_sc_hd__o21ba_4)
                                         _0593_ (net)
                  0.08    0.00    6.65 ^ _1996_/A (sky130_fd_sc_hd__buf_8)
    10    0.05    0.14    0.23    6.88 ^ _1996_/X (sky130_fd_sc_hd__buf_8)
                                         _0594_ (net)
                  0.14    0.00    6.88 ^ _2007_/D (sky130_fd_sc_hd__or4_4)
     1    0.01    0.06    0.24    7.12 ^ _2007_/X (sky130_fd_sc_hd__or4_4)
                                         _0605_ (net)
                  0.06    0.00    7.12 ^ _2008_/A (sky130_fd_sc_hd__buf_6)
     3    0.01    0.06    0.17    7.28 ^ _2008_/X (sky130_fd_sc_hd__buf_6)
                                         _0606_ (net)
                  0.06    0.00    7.28 ^ rebuffer19/A (sky130_fd_sc_hd__dlygate4sd1_1)
     3    0.02    0.29    0.53    7.82 ^ rebuffer19/X (sky130_fd_sc_hd__dlygate4sd1_1)
                                         net35 (net)
                  0.29    0.00    7.82 ^ _2155_/A (sky130_fd_sc_hd__xnor2_1)
     2    0.01    0.16    0.26    8.08 v _2155_/Y (sky130_fd_sc_hd__xnor2_1)
                                         _0753_ (net)
                  0.16    0.00    8.08 v _2158_/A (sky130_fd_sc_hd__and2_1)
     1    0.00    0.06    0.31    8.39 v _2158_/X (sky130_fd_sc_hd__and2_1)
                                         _0756_ (net)
                  0.06    0.00    8.39 v _2160_/A (sky130_fd_sc_hd__or2_1)
     3    0.01    0.18    0.59    8.98 v _2160_/X (sky130_fd_sc_hd__or2_1)
                                         _0758_ (net)
                  0.18    0.00    8.98 v _2170_/A2 (sky130_fd_sc_hd__o31a_1)
     3    0.02    0.20    0.69    9.67 v _2170_/X (sky130_fd_sc_hd__o31a_1)
                                         _0768_ (net)
                  0.20    0.00    9.67 v _2176_/A2 (sky130_fd_sc_hd__o211a_1)
     3    0.01    0.11    0.48   10.15 v _2176_/X (sky130_fd_sc_hd__o211a_1)
                                         _0774_ (net)
                  0.11    0.00   10.15 v _2817_/B (sky130_fd_sc_hd__or3_2)
     5    0.02    0.27    1.25   11.41 v _2817_/X (sky130_fd_sc_hd__or3_2)
                                         _1399_ (net)
                  0.27    0.00   11.41 v _2853_/A2 (sky130_fd_sc_hd__o21bai_1)
     2    0.01    0.36    0.43   11.83 ^ _2853_/Y (sky130_fd_sc_hd__o21bai_1)
                                         _1431_ (net)
                  0.36    0.00   11.83 ^ _2854_/B2 (sky130_fd_sc_hd__a22oi_1)
     1    0.01    0.19    0.27   12.10 v _2854_/Y (sky130_fd_sc_hd__a22oi_1)
                                         _1432_ (net)
                  0.19    0.00   12.10 v _2855_/B (sky130_fd_sc_hd__xnor2_1)
     1    0.00    0.10    0.26   12.36 v _2855_/Y (sky130_fd_sc_hd__xnor2_1)
                                         _1433_ (net)
                  0.10    0.00   12.36 v _2856_/B1 (sky130_fd_sc_hd__a2bb2o_1)
     2    0.02    0.27    0.78   13.14 v _2856_/X (sky130_fd_sc_hd__a2bb2o_1)
                                         _1434_ (net)
                  0.27    0.00   13.15 v _3089_/A1 (sky130_fd_sc_hd__a22o_1)
     1    0.00    0.06    0.44   13.58 v _3089_/X (sky130_fd_sc_hd__a22o_1)
                                         _1589_ (net)
                  0.06    0.00   13.58 v _3090_/B (sky130_fd_sc_hd__or2_1)
     1    0.01    0.16    0.53   14.12 v _3090_/X (sky130_fd_sc_hd__or2_1)
                                         _1590_ (net)
                  0.16    0.00   14.12 v _3091_/B1 (sky130_fd_sc_hd__a31o_1)
     1    0.00    0.08    0.38   14.50 v _3091_/X (sky130_fd_sc_hd__a31o_1)
                                         _1591_ (net)
                  0.08    0.00   14.50 v _3092_/C1 (sky130_fd_sc_hd__a221o_1)
     1    0.00    0.09    0.48   14.98 v _3092_/X (sky130_fd_sc_hd__a221o_1)
                                         _1592_ (net)
                  0.09    0.00   14.98 v _3093_/B1 (sky130_fd_sc_hd__a21oi_1)
     2    0.01    0.32    0.31   15.29 ^ _3093_/Y (sky130_fd_sc_hd__a21oi_1)
                                         _1593_ (net)
                  0.32    0.00   15.29 ^ _3151_/A1_N (sky130_fd_sc_hd__o2bb2a_2)
     6    0.02    0.15    0.59   15.89 v _3151_/X (sky130_fd_sc_hd__o2bb2a_2)
                                         _1648_ (net)
                  0.15    0.00   15.89 v _3155_/A (sky130_fd_sc_hd__and3_1)
     2    0.01    0.10    0.36   16.25 v _3155_/X (sky130_fd_sc_hd__and3_1)
                                         _1652_ (net)
                  0.10    0.00   16.25 v _3160_/A (sky130_fd_sc_hd__or3b_4)
     1    0.00    0.11    0.76   17.01 v _3160_/X (sky130_fd_sc_hd__or3b_4)
                                         _1656_ (net)
                  0.11    0.00   17.01 v _3161_/A (sky130_fd_sc_hd__clkbuf_1)
     1    0.00    0.04    0.17   17.18 v _3161_/X (sky130_fd_sc_hd__clkbuf_1)
                                         _0001_ (net)
                  0.04    0.00   17.18 v _3478_/D (sky130_fd_sc_hd__dfxtp_1)
                                 17.18   data arrival time

                         10.00   10.00   clock clk (rise edge)
                          0.00   10.00   clock source latency
     1    0.04    0.00    0.00   10.00 ^ clk (in)
                                         clk (net)
                  0.00    0.00   10.00 ^ clkbuf_0_clk/A (sky130_fd_sc_hd__clkbuf_16)
     2    0.04    0.09    0.22   10.22 ^ clkbuf_0_clk/X (sky130_fd_sc_hd__clkbuf_16)
                                         clknet_0_clk (net)
                  0.09    0.00   10.22 ^ clkbuf_1_1__f_clk/A (sky130_fd_sc_hd__clkbuf_16)
    11    0.12    0.21    0.34   10.56 ^ clkbuf_1_1__f_clk/X (sky130_fd_sc_hd__clkbuf_16)
                                         clknet_1_1__leaf_clk (net)
                  0.21    0.01   10.57 ^ clkbuf_leaf_15_clk/A (sky130_fd_sc_hd__clkbuf_8)
    10    0.04    0.12    0.33   10.90 ^ clkbuf_leaf_15_clk/X (sky130_fd_sc_hd__clkbuf_8)
                                         clknet_leaf_15_clk (net)
                  0.12    0.00   10.91 ^ _3478_/CLK (sky130_fd_sc_hd__dfxtp_1)
                          0.00   10.91   clock reconvergence pessimism
                         -0.25   10.66   library setup time
                                 10.66   data required time
-----------------------------------------------------------------------------
                                 10.66   data required time
                                -17.18   data arrival time
-----------------------------------------------------------------------------
                                 -6.52   slack (VIOLATED)



======================= Typical Corner ===================================

No paths found.


===========================================================================
 report_check_types -max_slew -max_cap -max_fanout -violators
============================================================================
======================= Fastest Corner ===================================


max slew violations count Fastest: 0
max fanout violations count Fastest: 0
max cap violations count Fastest: 0
======================= Slowest Corner ===================================


max slew violations count Slowest: 0
max fanout violations count Slowest: 0
max cap violations count Slowest: 0
======================= Typical Corner ===================================


max slew violations count Typical: 0
max fanout violations count Typical: 0
max cap violations count Typical: 0

===========================================================================
report_parasitic_annotation -report_unannotated
============================================================================
Found 21 unannotated drivers.
 clkload0/Y
 clkload1/Y
 clkload10/Y
 clkload11/Y
 clkload12/Y
 clkload13/Y
 clkload14/Y
 clkload15/Y
 clkload16/Y
 clkload17/Y
 clkload18/Y
 clkload19/X
 clkload2/Y
 clkload20/Y
 clkload3/Y
 clkload4/Y
 clkload5/Y
 clkload6/Y
 clkload7/Y
 clkload8/Y
 clkload9/Y
Found 0 partially unannotated drivers.

===========================================================================
max slew violation count 0
max fanout violation count 0
max cap violation count 0
============================================================================

===========================================================================
check_setup -verbose -unconstrained_endpoints -multiple_clock -no_clock -no_input_delay -loops -generated_clocks
===========================================================================
Warning: There are 2 input ports missing set_input_delay.
  control
  reset
Warning: There is 1 unconstrained endpoint.
  _3446_/D
