
===========================================================================
 report_power
============================================================================
======================= Fastest Corner ===================================

Group                  Internal  Switching    Leakage      Total
                          Power      Power      Power      Power (Watts)
----------------------------------------------------------------
Sequential             1.20e-03   1.41e-04   9.02e-08   1.35e-03  17.7%
Combinational          2.19e-03   3.20e-03   1.02e-08   5.39e-03  70.7%
Clock                  4.47e-04   4.38e-04   5.14e-09   8.85e-04  11.6%
Macro                  0.00e+00   0.00e+00   0.00e+00   0.00e+00   0.0%
Pad                    0.00e+00   0.00e+00   0.00e+00   0.00e+00   0.0%
----------------------------------------------------------------
Total                  3.84e-03   3.78e-03   1.06e-07   7.62e-03 100.0%
                          50.4%      49.6%       0.0%

======================= Slowest Corner ===================================

Group                  Internal  Switching    Leakage      Total
                          Power      Power      Power      Power (Watts)
----------------------------------------------------------------
Sequential             8.00e-04   9.31e-05   4.02e-06   8.97e-04  17.2%
Combinational          1.61e-03   2.11e-03   8.19e-06   3.73e-03  71.3%
Clock                  3.22e-04   2.83e-04   5.03e-07   6.05e-04  11.6%
Macro                  0.00e+00   0.00e+00   0.00e+00   0.00e+00   0.0%
Pad                    0.00e+00   0.00e+00   0.00e+00   0.00e+00   0.0%
----------------------------------------------------------------
Total                  2.73e-03   2.48e-03   1.27e-05   5.23e-03 100.0%
                          52.3%      47.5%       0.2%

======================= Typical Corner ===================================

Group                  Internal  Switching    Leakage      Total
                          Power      Power      Power      Power (Watts)
----------------------------------------------------------------
Sequential             1.04e-03   1.18e-04   8.92e-08   1.16e-03  17.5%
Combinational          1.98e-03   2.69e-03   6.45e-09   4.67e-03  70.9%
Clock                  3.92e-04   3.67e-04   3.94e-09   7.59e-04  11.5%
Macro                  0.00e+00   0.00e+00   0.00e+00   0.00e+00   0.0%
Pad                    0.00e+00   0.00e+00   0.00e+00   0.00e+00   0.0%
----------------------------------------------------------------
Total                  3.41e-03   3.18e-03   9.96e-08   6.59e-03 100.0%
                          51.8%      48.2%       0.0%

