/home/omers/.volare/sky130A/libs.tech/klayout/drc/sky130A_mr.drc:50: warning: already initialized constant DRC::DRCEngine::FEOL
/home/omers/.volare/sky130A/libs.tech/klayout/drc/sky130A_mr.drc:42: warning: previous definition of FEOL was here
/home/omers/.volare/sky130A/libs.tech/klayout/drc/sky130A_mr.drc:56: warning: already initialized constant DRC::DRCEngine::BEOL
/home/omers/.volare/sky130A/libs.tech/klayout/drc/sky130A_mr.drc:43: warning: previous definition of BEOL was here
/home/omers/.volare/sky130A/libs.tech/klayout/drc/sky130A_mr.drc:64: warning: already initialized constant DRC::DRCEngine::OFFGRID
/home/omers/.volare/sky130A/libs.tech/klayout/drc/sky130A_mr.drc:44: warning: previous definition of OFFGRID was here
/home/omers/.volare/sky130A/libs.tech/klayout/drc/sky130A_mr.drc:68: warning: already initialized constant DRC::DRCEngine::SEAL
/home/omers/.volare/sky130A/libs.tech/klayout/drc/sky130A_mr.drc:45: warning: previous definition of SEAL was here
/home/omers/.volare/sky130A/libs.tech/klayout/drc/sky130A_mr.drc:76: warning: already initialized constant DRC::DRCEngine::FLOATING_MET
/home/omers/.volare/sky130A/libs.tech/klayout/drc/sky130A_mr.drc:46: warning: previous definition of FLOATING_MET was here
"input" in: sky130A_mr.drc:126
    Polygons (raw): 32434 (flat)  317 (hierarchical)
    Elapsed: 0.010s  Memory: 283.00M
"polygons" in: sky130A_mr.drc:127
    Polygons (raw): 3172 (flat)  2 (hierarchical)
    Elapsed: 0.000s  Memory: 283.00M
"polygons" in: sky130A_mr.drc:128
    Polygons (raw): 19926 (flat)  114 (hierarchical)
    Elapsed: 0.000s  Memory: 283.00M
"polygons" in: sky130A_mr.drc:129
    Polygons (raw): 0 (flat)  0 (hierarchical)
    Elapsed: 0.000s  Memory: 283.00M
"polygons" in: sky130A_mr.drc:130
    Polygons (raw): 0 (flat)  0 (hierarchical)
    Elapsed: 0.000s  Memory: 283.00M
"polygons" in: sky130A_mr.drc:131
    Polygons (raw): 0 (flat)  0 (hierarchical)
    Elapsed: 0.000s  Memory: 283.00M
"polygons" in: sky130A_mr.drc:132
    Polygons (raw): 0 (flat)  0 (hierarchical)
    Elapsed: 0.000s  Memory: 283.00M
"polygons" in: sky130A_mr.drc:133
    Polygons (raw): 0 (flat)  0 (hierarchical)
    Elapsed: 0.000s  Memory: 283.00M
"polygons" in: sky130A_mr.drc:134
    Polygons (raw): 20018 (flat)  116 (hierarchical)
    Elapsed: 0.000s  Memory: 283.00M
"polygons" in: sky130A_mr.drc:135
    Polygons (raw): 0 (flat)  0 (hierarchical)
    Elapsed: 0.000s  Memory: 283.00M
"polygons" in: sky130A_mr.drc:136
    Polygons (raw): 0 (flat)  0 (hierarchical)
    Elapsed: 0.000s  Memory: 283.00M
"polygons" in: sky130A_mr.drc:137
    Polygons (raw): 0 (flat)  0 (hierarchical)
    Elapsed: 0.000s  Memory: 283.00M
"polygons" in: sky130A_mr.drc:138
    Polygons (raw): 0 (flat)  0 (hierarchical)
    Elapsed: 0.000s  Memory: 283.00M
"polygons" in: sky130A_mr.drc:139
    Polygons (raw): 63331 (flat)  692 (hierarchical)
    Elapsed: 0.010s  Memory: 283.00M
"polygons" in: sky130A_mr.drc:140
    Polygons (raw): 0 (flat)  0 (hierarchical)
    Elapsed: 0.000s  Memory: 283.00M
"polygons" in: sky130A_mr.drc:141
    Polygons (raw): 21512 (flat)  115 (hierarchical)
    Elapsed: 0.010s  Memory: 283.00M
"polygons" in: sky130A_mr.drc:142
    Polygons (raw): 21521 (flat)  116 (hierarchical)
    Elapsed: 0.000s  Memory: 283.00M
"polygons" in: sky130A_mr.drc:143
    Polygons (raw): 0 (flat)  0 (hierarchical)
    Elapsed: 0.000s  Memory: 283.00M
"polygons" in: sky130A_mr.drc:144
    Polygons (raw): 0 (flat)  0 (hierarchical)
    Elapsed: 0.000s  Memory: 283.00M
"polygons" in: sky130A_mr.drc:145
    Polygons (raw): 11571 (flat)  128 (hierarchical)
    Elapsed: 0.010s  Memory: 283.00M
"polygons" in: sky130A_mr.drc:146
    Polygons (raw): 206311 (flat)  3191 (hierarchical)
    Elapsed: 0.010s  Memory: 283.00M
"polygons" in: sky130A_mr.drc:148
    Polygons (raw): 152859 (flat)  25074 (hierarchical)
    Elapsed: 0.020s  Memory: 284.00M
"polygons" in: sky130A_mr.drc:149
    Polygons (raw): 211304 (flat)  25604 (hierarchical)
    Elapsed: 0.010s  Memory: 284.00M
"polygons" in: sky130A_mr.drc:151
    Polygons (raw): 152876 (flat)  106486 (hierarchical)
    Elapsed: 0.050s  Memory: 288.00M
"polygons" in: sky130A_mr.drc:152
    Polygons (raw): 31724 (flat)  31724 (hierarchical)
    Elapsed: 0.020s  Memory: 288.00M
"polygons" in: sky130A_mr.drc:154
    Polygons (raw): 54069 (flat)  54069 (hierarchical)
    Elapsed: 0.030s  Memory: 288.00M
"polygons" in: sky130A_mr.drc:155
    Polygons (raw): 6218 (flat)  6218 (hierarchical)
    Elapsed: 0.010s  Memory: 288.00M
"polygons" in: sky130A_mr.drc:157
    Polygons (raw): 10287 (flat)  10287 (hierarchical)
    Elapsed: 0.010s  Memory: 288.00M
"polygons" in: sky130A_mr.drc:158
    Polygons (raw): 4111 (flat)  4111 (hierarchical)
    Elapsed: 0.000s  Memory: 288.00M
"polygons" in: sky130A_mr.drc:160
    Polygons (raw): 1149 (flat)  1149 (hierarchical)
    Elapsed: 0.010s  Memory: 288.00M
"polygons" in: sky130A_mr.drc:161
    Polygons (raw): 100 (flat)  100 (hierarchical)
    Elapsed: 0.000s  Memory: 288.00M
"polygons" in: sky130A_mr.drc:163
    Polygons (raw): 15 (flat)  15 (hierarchical)
    Elapsed: 0.010s  Memory: 288.00M
"polygons" in: sky130A_mr.drc:165
    Polygons (raw): 0 (flat)  0 (hierarchical)
    Elapsed: 0.000s  Memory: 288.00M
"polygons" in: sky130A_mr.drc:166
    Polygons (raw): 0 (flat)  0 (hierarchical)
    Elapsed: 0.000s  Memory: 288.00M
"polygons" in: sky130A_mr.drc:167
    Polygons (raw): 0 (flat)  0 (hierarchical)
    Elapsed: 0.000s  Memory: 288.00M
"polygons" in: sky130A_mr.drc:168
    Polygons (raw): 0 (flat)  0 (hierarchical)
    Elapsed: 0.000s  Memory: 288.00M
"polygons" in: sky130A_mr.drc:169
    Polygons (raw): 0 (flat)  0 (hierarchical)
    Elapsed: 0.000s  Memory: 288.00M
"polygons" in: sky130A_mr.drc:170
    Polygons (raw): 0 (flat)  0 (hierarchical)
    Elapsed: 0.000s  Memory: 288.00M
"polygons" in: sky130A_mr.drc:171
    Polygons (raw): 0 (flat)  0 (hierarchical)
    Elapsed: 0.000s  Memory: 288.00M
"polygons" in: sky130A_mr.drc:172
    Polygons (raw): 0 (flat)  0 (hierarchical)
    Elapsed: 0.000s  Memory: 288.00M
"polygons" in: sky130A_mr.drc:173
    Polygons (raw): 0 (flat)  0 (hierarchical)
    Elapsed: 0.000s  Memory: 288.00M
"polygons" in: sky130A_mr.drc:174
    Polygons (raw): 0 (flat)  0 (hierarchical)
    Elapsed: 0.000s  Memory: 288.00M
"polygons" in: sky130A_mr.drc:175
    Polygons (raw): 0 (flat)  0 (hierarchical)
    Elapsed: 0.000s  Memory: 288.00M
"polygons" in: sky130A_mr.drc:176
    Polygons (raw): 0 (flat)  0 (hierarchical)
    Elapsed: 0.000s  Memory: 288.00M
"polygons" in: sky130A_mr.drc:177
    Polygons (raw): 0 (flat)  0 (hierarchical)
    Elapsed: 0.000s  Memory: 288.00M
"polygons" in: sky130A_mr.drc:178
    Polygons (raw): 0 (flat)  0 (hierarchical)
    Elapsed: 0.000s  Memory: 288.00M
"polygons" in: sky130A_mr.drc:179
    Polygons (raw): 0 (flat)  0 (hierarchical)
    Elapsed: 0.000s  Memory: 288.00M
"polygons" in: sky130A_mr.drc:180
    Polygons (raw): 0 (flat)  0 (hierarchical)
    Elapsed: 0.000s  Memory: 288.00M
"polygons" in: sky130A_mr.drc:181
    Polygons (raw): 0 (flat)  0 (hierarchical)
    Elapsed: 0.010s  Memory: 288.00M
"polygons" in: sky130A_mr.drc:182
    Polygons (raw): 19926 (flat)  114 (hierarchical)
    Elapsed: 0.000s  Memory: 288.00M
"polygons" in: sky130A_mr.drc:183
    Polygons (raw): 0 (flat)  0 (hierarchical)
    Elapsed: 0.000s  Memory: 289.00M
"polygons" in: sky130A_mr.drc:184
    Polygons (raw): 0 (flat)  0 (hierarchical)
    Elapsed: 0.000s  Memory: 289.00M
"polygons" in: sky130A_mr.drc:185
    Polygons (raw): 0 (flat)  0 (hierarchical)
    Elapsed: 0.000s  Memory: 289.00M
"polygons" in: sky130A_mr.drc:186
    Polygons (raw): 0 (flat)  0 (hierarchical)
    Elapsed: 0.000s  Memory: 289.00M
"polygons" in: sky130A_mr.drc:187
    Polygons (raw): 0 (flat)  0 (hierarchical)
    Elapsed: 0.000s  Memory: 289.00M
"polygons" in: sky130A_mr.drc:188
    Polygons (raw): 0 (flat)  0 (hierarchical)
    Elapsed: 0.000s  Memory: 289.00M
"polygons" in: sky130A_mr.drc:189
    Polygons (raw): 0 (flat)  0 (hierarchical)
    Elapsed: 0.000s  Memory: 289.00M
"polygons" in: sky130A_mr.drc:190
    Polygons (raw): 0 (flat)  0 (hierarchical)
    Elapsed: 0.000s  Memory: 289.00M
"polygons" in: sky130A_mr.drc:191
    Polygons (raw): 0 (flat)  0 (hierarchical)
    Elapsed: 0.000s  Memory: 289.00M
"polygons" in: sky130A_mr.drc:192
    Polygons (raw): 0 (flat)  0 (hierarchical)
    Elapsed: 0.000s  Memory: 289.00M
"polygons" in: sky130A_mr.drc:193
    Polygons (raw): 0 (flat)  0 (hierarchical)
    Elapsed: 0.000s  Memory: 289.00M
"polygons" in: sky130A_mr.drc:194
    Polygons (raw): 0 (flat)  0 (hierarchical)
    Elapsed: 0.010s  Memory: 289.00M
"polygons" in: sky130A_mr.drc:195
    Polygons (raw): 4296 (flat)  1 (hierarchical)
    Elapsed: 0.000s  Memory: 289.00M
"polygons" in: sky130A_mr.drc:196
    Polygons (raw): 0 (flat)  0 (hierarchical)
    Elapsed: 0.000s  Memory: 289.00M
"polygons" in: sky130A_mr.drc:197
    Polygons (raw): 0 (flat)  0 (hierarchical)
    Elapsed: 0.000s  Memory: 289.00M
"polygons" in: sky130A_mr.drc:198
    Polygons (raw): 0 (flat)  0 (hierarchical)
    Elapsed: 0.000s  Memory: 289.00M
"polygons" in: sky130A_mr.drc:199
    Polygons (raw): 0 (flat)  0 (hierarchical)
    Elapsed: 0.000s  Memory: 289.00M
"polygons" in: sky130A_mr.drc:200
    Polygons (raw): 0 (flat)  0 (hierarchical)
    Elapsed: 0.000s  Memory: 289.00M
"polygons" in: sky130A_mr.drc:201
    Polygons (raw): 0 (flat)  0 (hierarchical)
    Elapsed: 0.000s  Memory: 289.00M
"polygons" in: sky130A_mr.drc:202
    Polygons (raw): 0 (flat)  0 (hierarchical)
    Elapsed: 0.010s  Memory: 289.00M
"polygons" in: sky130A_mr.drc:203
    Polygons (raw): 0 (flat)  0 (hierarchical)
    Elapsed: 0.000s  Memory: 289.00M
"polygons" in: sky130A_mr.drc:204
    Polygons (raw): 0 (flat)  0 (hierarchical)
    Elapsed: 0.000s  Memory: 289.00M
"polygons" in: sky130A_mr.drc:205
    Polygons (raw): 0 (flat)  0 (hierarchical)
    Elapsed: 0.000s  Memory: 289.00M
"polygons" in: sky130A_mr.drc:206
    Polygons (raw): 0 (flat)  0 (hierarchical)
    Elapsed: 0.000s  Memory: 289.00M
"polygons" in: sky130A_mr.drc:207
    Polygons (raw): 0 (flat)  0 (hierarchical)
    Elapsed: 0.000s  Memory: 289.00M
"polygons" in: sky130A_mr.drc:208
    Polygons (raw): 0 (flat)  0 (hierarchical)
    Elapsed: 0.000s  Memory: 289.00M
"polygons" in: sky130A_mr.drc:209
    Polygons (raw): 0 (flat)  0 (hierarchical)
    Elapsed: 0.000s  Memory: 289.00M
"polygons" in: sky130A_mr.drc:210
    Polygons (raw): 0 (flat)  0 (hierarchical)
    Elapsed: 0.000s  Memory: 289.00M
"polygons" in: sky130A_mr.drc:211
    Polygons (raw): 0 (flat)  0 (hierarchical)
    Elapsed: 0.000s  Memory: 289.00M
"polygons" in: sky130A_mr.drc:212
    Polygons (raw): 0 (flat)  0 (hierarchical)
    Elapsed: 0.000s  Memory: 289.00M
"polygons" in: sky130A_mr.drc:213
    Polygons (raw): 0 (flat)  0 (hierarchical)
    Elapsed: 0.000s  Memory: 289.00M
"polygons" in: sky130A_mr.drc:214
    Polygons (raw): 0 (flat)  0 (hierarchical)
    Elapsed: 0.000s  Memory: 289.00M
"polygons" in: sky130A_mr.drc:215
    Polygons (raw): 0 (flat)  0 (hierarchical)
    Elapsed: 0.000s  Memory: 289.00M
"polygons" in: sky130A_mr.drc:216
    Polygons (raw): 0 (flat)  0 (hierarchical)
    Elapsed: 0.000s  Memory: 289.00M
"polygons" in: sky130A_mr.drc:217
    Polygons (raw): 0 (flat)  0 (hierarchical)
    Elapsed: 0.000s  Memory: 289.00M
DRC section
FEOL section
START: 64/18 (dnwell)
"width" in: sky130A_mr.drc:243
    Edge pairs: 0 (flat)  0 (hierarchical)
    Elapsed: 0.000s  Memory: 289.00M
"output" in: sky130A_mr.drc:243
    Edge pairs: 0 (flat)  0 (hierarchical)
    Elapsed: 0.000s  Memory: 289.00M
END: 64/18 (dnwell)
"input" in: sky130A_mr.drc:247
    Polygons (raw): 21512 (flat)  115 (hierarchical)
    Elapsed: 0.010s  Memory: 289.00M
"input" in: sky130A_mr.drc:248
    Polygons (raw): 21521 (flat)  116 (hierarchical)
    Elapsed: 0.000s  Memory: 289.00M
"input" in: sky130A_mr.drc:249
    Polygons (raw): 19926 (flat)  114 (hierarchical)
    Elapsed: 0.000s  Memory: 289.00M
"input" in: sky130A_mr.drc:254
    Polygons (raw): 19926 (flat)  114 (hierarchical)
    Elapsed: 0.000s  Memory: 289.00M
START: 64/20 (nwell)
"width" in: sky130A_mr.drc:258
    Edge pairs: 0 (flat)  0 (hierarchical)
    Elapsed: 0.200s  Memory: 297.00M
"output" in: sky130A_mr.drc:258
    Edge pairs: 0 (flat)  0 (hierarchical)
    Elapsed: 0.000s  Memory: 297.00M
"space" in: sky130A_mr.drc:259
    Edge pairs: 0 (flat)  0 (hierarchical)
    Elapsed: 0.900s  Memory: 849.00M
"output" in: sky130A_mr.drc:259
    Edge pairs: 0 (flat)  0 (hierarchical)
    Elapsed: 0.010s  Memory: 841.00M
"&" in: sky130A_mr.drc:260
    Polygons (raw): 19926 (flat)  114 (hierarchical)
    Elapsed: 0.450s  Memory: 841.00M
"merge" in: sky130A_mr.drc:260
    Polygons (raw): 60 (flat)  60 (hierarchical)
    Elapsed: 0.210s  Memory: 842.00M
"holes" in: sky130A_mr.drc:261
    Polygons (raw): 0 (flat)  0 (hierarchical)
    Elapsed: 0.010s  Memory: 842.00M
"enclosing" in: sky130A_mr.drc:261
    Edge pairs: 0 (flat)  0 (hierarchical)
    Elapsed: 0.010s  Memory: 842.00M
"output" in: sky130A_mr.drc:261
    Edge pairs: 0 (flat)  0 (hierarchical)
    Elapsed: 0.000s  Memory: 842.00M
END: 64/20 (nwell)
START: 78/44 (hvtp)
"width" in: sky130A_mr.drc:266
    Edge pairs: 0 (flat)  0 (hierarchical)
    Elapsed: 0.180s  Memory: 842.00M
"output" in: sky130A_mr.drc:266
    Edge pairs: 0 (flat)  0 (hierarchical)
    Elapsed: 0.000s  Memory: 842.00M
"space" in: sky130A_mr.drc:267
    Edge pairs: 0 (flat)  0 (hierarchical)
    Elapsed: 0.510s  Memory: 874.00M
"output" in: sky130A_mr.drc:267
    Edge pairs: 0 (flat)  0 (hierarchical)
    Elapsed: 0.000s  Memory: 850.00M
END: 78/44 (hvtp)
START: 18/20 (htvr)
"width" in: sky130A_mr.drc:272
    Edge pairs: 0 (flat)  0 (hierarchical)
    Elapsed: 0.000s  Memory: 842.00M
"output" in: sky130A_mr.drc:272
    Edge pairs: 0 (flat)  0 (hierarchical)
    Elapsed: 0.010s  Memory: 842.00M
"separation" in: sky130A_mr.drc:273
    Edge pairs: 0 (flat)  0 (hierarchical)
    Elapsed: 0.000s  Memory: 842.00M
"output" in: sky130A_mr.drc:273
    Edge pairs: 0 (flat)  0 (hierarchical)
    Elapsed: 0.000s  Memory: 842.00M
"&" in: sky130A_mr.drc:274
    Polygons (raw): 0 (flat)  0 (hierarchical)
    Elapsed: 0.000s  Memory: 842.00M
"output" in: sky130A_mr.drc:274
    Polygons (raw): 0 (flat)  0 (hierarchical)
    Elapsed: 0.000s  Memory: 842.00M
END: 18/20 (htvr)
START: 25/44 (lvtn)
"width" in: sky130A_mr.drc:279
    Edge pairs: 0 (flat)  0 (hierarchical)
    Elapsed: 0.010s  Memory: 842.00M
"output" in: sky130A_mr.drc:279
    Edge pairs: 0 (flat)  0 (hierarchical)
    Elapsed: 0.000s  Memory: 842.00M
"space" in: sky130A_mr.drc:280
    Edge pairs: 0 (flat)  0 (hierarchical)
    Elapsed: 0.000s  Memory: 842.00M
"output" in: sky130A_mr.drc:280
    Edge pairs: 0 (flat)  0 (hierarchical)
    Elapsed: 0.000s  Memory: 842.00M
END: 25/44 (lvtn)
START: 92/44 (ncm)
"width" in: sky130A_mr.drc:285
    Edge pairs: 0 (flat)  0 (hierarchical)
    Elapsed: 0.010s  Memory: 842.00M
"output" in: sky130A_mr.drc:285
    Edge pairs: 0 (flat)  0 (hierarchical)
    Elapsed: 0.000s  Memory: 842.00M
"space" in: sky130A_mr.drc:286
    Edge pairs: 0 (flat)  0 (hierarchical)
    Elapsed: 0.000s  Memory: 842.00M
"output" in: sky130A_mr.drc:286
    Edge pairs: 0 (flat)  0 (hierarchical)
    Elapsed: 0.000s  Memory: 842.00M
END: 92/44 (ncm)
START: 65/20 (diff)
"or" in: sky130A_mr.drc:291
    Polygons (raw): 35578 (flat)  315 (hierarchical)
    Elapsed: 0.040s  Memory: 842.00M
"rectangles" in: sky130A_mr.drc:292
    Polygons (raw): 22668 (flat)  226 (hierarchical)
    Elapsed: 0.030s  Memory: 842.00M
"width" in: sky130A_mr.drc:292
    Edge pairs: 0 (flat)  0 (hierarchical)
    Elapsed: 0.000s  Memory: 842.00M
"polygons" in: sky130A_mr.drc:292
    Polygons (raw): 0 (flat)  0 (hierarchical)
    Elapsed: 0.000s  Memory: 842.00M
"edges" in: sky130A_mr.drc:293
    Edges: 0 (flat)  0 (hierarchical)
    Elapsed: 0.000s  Memory: 842.00M
"outside_part" in: sky130A_mr.drc:293
    Edges: 0 (flat)  0 (hierarchical)
    Elapsed: 0.000s  Memory: 842.00M
"outside" in: sky130A_mr.drc:293
    Polygons (raw): 0 (flat)  0 (hierarchical)
    Elapsed: 0.000s  Memory: 842.00M
"edges" in: sky130A_mr.drc:293
    Edges: 0 (flat)  0 (hierarchical)
    Elapsed: 0.010s  Memory: 842.00M
"-" in: sky130A_mr.drc:293
    Edges: 0 (flat)  0 (hierarchical)
    Elapsed: 0.000s  Memory: 842.00M
"output" in: sky130A_mr.drc:294
    Edges: 0 (flat)  0 (hierarchical)
    Elapsed: 0.000s  Memory: 842.00M
"outside" in: sky130A_mr.drc:295
    Polygons (raw): 32434 (flat)  317 (hierarchical)
    Elapsed: 0.010s  Memory: 842.00M
"width" in: sky130A_mr.drc:295
    Edge pairs: 0 (flat)  0 (hierarchical)
    Elapsed: 0.000s  Memory: 842.00M
"output" in: sky130A_mr.drc:295
    Edge pairs: 0 (flat)  0 (hierarchical)
    Elapsed: 0.010s  Memory: 842.00M
END: 65/20 (diff)
START: 65/44 (tap)
"rectangles" in: sky130A_mr.drc:299
    Polygons (raw): 3172 (flat)  2 (hierarchical)
    Elapsed: 0.000s  Memory: 842.00M
"width" in: sky130A_mr.drc:299
    Edge pairs: 0 (flat)  0 (hierarchical)
    Elapsed: 0.000s  Memory: 842.00M
"polygons" in: sky130A_mr.drc:299
    Polygons (raw): 0 (flat)  0 (hierarchical)
    Elapsed: 0.000s  Memory: 842.00M
"edges" in: sky130A_mr.drc:300
    Edges: 0 (flat)  0 (hierarchical)
    Elapsed: 0.000s  Memory: 842.00M
"outside_part" in: sky130A_mr.drc:300
    Edges: 0 (flat)  0 (hierarchical)
    Elapsed: 0.000s  Memory: 842.00M
"outside" in: sky130A_mr.drc:300
    Polygons (raw): 0 (flat)  0 (hierarchical)
    Elapsed: 0.000s  Memory: 842.00M
"edges" in: sky130A_mr.drc:300
    Edges: 0 (flat)  0 (hierarchical)
    Elapsed: 0.000s  Memory: 842.00M
"-" in: sky130A_mr.drc:300
    Edges: 0 (flat)  0 (hierarchical)
    Elapsed: 0.000s  Memory: 842.00M
"output" in: sky130A_mr.drc:301
    Edges: 0 (flat)  0 (hierarchical)
    Elapsed: 0.000s  Memory: 842.00M
"-" in: sky130A_mr.drc:302
    Polygons (raw): 3172 (flat)  2 (hierarchical)
    Elapsed: 0.000s  Memory: 842.00M
"width" in: sky130A_mr.drc:302
    Edge pairs: 0 (flat)  0 (hierarchical)
    Elapsed: 0.010s  Memory: 842.00M
"output" in: sky130A_mr.drc:302
    Edge pairs: 0 (flat)  0 (hierarchical)
    Elapsed: 0.000s  Memory: 842.00M
END: 65/44 (tap)
"space" in: sky130A_mr.drc:305
    Edge pairs: 0 (flat)  0 (hierarchical)
    Elapsed: 0.080s  Memory: 850.00M
"output" in: sky130A_mr.drc:305
    Edge pairs: 0 (flat)  0 (hierarchical)
    Elapsed: 0.000s  Memory: 842.00M
START: 80/20 (tunm)
"width" in: sky130A_mr.drc:309
    Edge pairs: 0 (flat)  0 (hierarchical)
    Elapsed: 0.010s  Memory: 842.00M
"output" in: sky130A_mr.drc:309
    Edge pairs: 0 (flat)  0 (hierarchical)
    Elapsed: 0.000s  Memory: 842.00M
"space" in: sky130A_mr.drc:310
    Edge pairs: 0 (flat)  0 (hierarchical)
    Elapsed: 0.000s  Memory: 842.00M
"output" in: sky130A_mr.drc:310
    Edge pairs: 0 (flat)  0 (hierarchical)
    Elapsed: 0.000s  Memory: 842.00M
END: 80/20 (tunm)
START: 66/20 (poly)
"width" in: sky130A_mr.drc:315
    Edge pairs: 0 (flat)  0 (hierarchical)
    Elapsed: 0.030s  Memory: 842.00M
"output" in: sky130A_mr.drc:315
    Edge pairs: 0 (flat)  0 (hierarchical)
    Elapsed: 0.000s  Memory: 842.00M
"-" in: sky130A_mr.drc:316
    Polygons (raw): 63331 (flat)  692 (hierarchical)
    Elapsed: 0.000s  Memory: 842.00M
"space" in: sky130A_mr.drc:316
    Edge pairs: 0 (flat)  0 (hierarchical)
    Elapsed: 0.050s  Memory: 842.00M
"output" in: sky130A_mr.drc:316
    Edge pairs: 0 (flat)  0 (hierarchical)
    Elapsed: 0.000s  Memory: 842.00M
START: 86/20 (rpm)
"width" in: sky130A_mr.drc:321
    Edge pairs: 0 (flat)  0 (hierarchical)
    Elapsed: 0.000s  Memory: 842.00M
"output" in: sky130A_mr.drc:321
    Edge pairs: 0 (flat)  0 (hierarchical)
    Elapsed: 0.000s  Memory: 842.00M
"space" in: sky130A_mr.drc:322
    Edge pairs: 0 (flat)  0 (hierarchical)
    Elapsed: 0.000s  Memory: 842.00M
"output" in: sky130A_mr.drc:322
    Edge pairs: 0 (flat)  0 (hierarchical)
    Elapsed: 0.010s  Memory: 842.00M
END: 86/20 (rpm)
START: 79/20 (urpm)
"width" in: sky130A_mr.drc:327
    Edge pairs: 0 (flat)  0 (hierarchical)
    Elapsed: 0.000s  Memory: 842.00M
"output" in: sky130A_mr.drc:327
    Edge pairs: 0 (flat)  0 (hierarchical)
    Elapsed: 0.000s  Memory: 842.00M
"space" in: sky130A_mr.drc:328
    Edge pairs: 0 (flat)  0 (hierarchical)
    Elapsed: 0.000s  Memory: 842.00M
"output" in: sky130A_mr.drc:328
    Edge pairs: 0 (flat)  0 (hierarchical)
    Elapsed: 0.000s  Memory: 842.00M
END: 79/20 (urpm)
START: 95/20 (npc)
"width" in: sky130A_mr.drc:333
    Edge pairs: 0 (flat)  0 (hierarchical)
    Elapsed: 0.100s  Memory: 842.00M
"output" in: sky130A_mr.drc:333
    Edge pairs: 0 (flat)  0 (hierarchical)
    Elapsed: 0.000s  Memory: 842.00M
"space" in: sky130A_mr.drc:334
    Edge pairs: 0 (flat)  0 (hierarchical)
    Elapsed: 0.100s  Memory: 850.00M
"output" in: sky130A_mr.drc:334
    Edge pairs: 0 (flat)  0 (hierarchical)
    Elapsed: 0.020s  Memory: 842.00M
END: 95/20 (npc)
START: 93/44 (nsdm)
"outside" in: sky130A_mr.drc:339
    Polygons (raw): 21512 (flat)  115 (hierarchical)
    Elapsed: 0.000s  Memory: 842.00M
"width" in: sky130A_mr.drc:339
    Edge pairs: 0 (flat)  0 (hierarchical)
    Elapsed: 0.200s  Memory: 843.00M
"output" in: sky130A_mr.drc:339
    Edge pairs: 0 (flat)  0 (hierarchical)
    Elapsed: 0.000s  Memory: 843.00M
"-" in: sky130A_mr.drc:340
    Polygons (raw): 21512 (flat)  115 (hierarchical)
    Elapsed: 0.010s  Memory: 843.00M
"space" in: sky130A_mr.drc:340
    Edge pairs: 0 (flat)  0 (hierarchical)
    Elapsed: 0.680s  Memory: 851.00M
"output" in: sky130A_mr.drc:340
    Edge pairs: 0 (flat)  0 (hierarchical)
    Elapsed: 0.010s  Memory: 843.00M
END: 93/44 (nsdm)
START: 94/20 (psdm)
"outside" in: sky130A_mr.drc:345
    Polygons (raw): 21521 (flat)  116 (hierarchical)
    Elapsed: 0.000s  Memory: 843.00M
"width" in: sky130A_mr.drc:345
    Edge pairs: 0 (flat)  0 (hierarchical)
    Elapsed: 0.250s  Memory: 843.00M
"output" in: sky130A_mr.drc:345
    Edge pairs: 0 (flat)  0 (hierarchical)
    Elapsed: 0.000s  Memory: 843.00M
"-" in: sky130A_mr.drc:346
    Polygons (raw): 21521 (flat)  116 (hierarchical)
    Elapsed: 0.000s  Memory: 843.00M
"space" in: sky130A_mr.drc:346
    Edge pairs: 0 (flat)  0 (hierarchical)
    Elapsed: 0.750s  Memory: 867.00M
"output" in: sky130A_mr.drc:346
    Edge pairs: 0 (flat)  0 (hierarchical)
    Elapsed: 0.020s  Memory: 843.00M
END: 94/20 (psdm)
START: 66/44 (licon)
"drc" in: sky130A_mr.drc:352
    Polygons (raw): 0 (flat)  0 (hierarchical)
    Elapsed: 0.110s  Memory: 867.00M
"-" in: sky130A_mr.drc:353
    Polygons (raw): 206311 (flat)  3191 (hierarchical)
    Elapsed: 0.000s  Memory: 843.00M
"-" in: sky130A_mr.drc:357
    Polygons (raw): 118479 (flat)  1768 (hierarchical)
    Elapsed: 0.070s  Memory: 843.00M
"&" in: sky130A_mr.drc:358
    Polygons (raw): 160462 (flat)  2523 (hierarchical)
    Elapsed: 0.090s  Memory: 843.00M
"interacting" in: sky130A_mr.drc:358
    Polygons (raw): 160462 (flat)  2523 (hierarchical)
    Elapsed: 0.090s  Memory: 843.00M
"-" in: sky130A_mr.drc:359
    Polygons (raw): 160462 (flat)  2523 (hierarchical)
    Elapsed: 0.010s  Memory: 843.00M
"non_rectangles" in: sky130A_mr.drc:360
    Polygons (raw): 0 (flat)  0 (hierarchical)
    Elapsed: 0.040s  Memory: 843.00M
"output" in: sky130A_mr.drc:360
    Polygons (raw): 0 (flat)  0 (hierarchical)
    Elapsed: 0.000s  Memory: 843.00M
"or" in: sky130A_mr.drc:361
    Polygons (raw): 0 (flat)  0 (hierarchical)
    Elapsed: 0.000s  Memory: 843.00M
"-" in: sky130A_mr.drc:361
    Polygons (raw): 206311 (flat)  3191 (hierarchical)
    Elapsed: 0.000s  Memory: 843.00M
"edges" in: sky130A_mr.drc:361
    Edges: 825244 (flat)  12764 (hierarchical)
    Elapsed: 0.090s  Memory: 843.00M
"without_length" in: sky130A_mr.drc:361
    Edges: 0 (flat)  0 (hierarchical)
    Elapsed: 0.060s  Memory: 843.00M
"output" in: sky130A_mr.drc:361
    Edges: 0 (flat)  0 (hierarchical)
    Elapsed: 0.010s  Memory: 843.00M
"separation" in: sky130A_mr.drc:362
    Edge pairs: 0 (flat)  0 (hierarchical)
    Elapsed: 0.060s  Memory: 843.00M
"output" in: sky130A_mr.drc:362
    Edge pairs: 0 (flat)  0 (hierarchical)
    Elapsed: 0.000s  Memory: 843.00M
"&" in: sky130A_mr.drc:363
    Polygons (raw): 0 (flat)  0 (hierarchical)
    Elapsed: 0.060s  Memory: 843.00M
"output" in: sky130A_mr.drc:363
    Polygons (raw): 0 (flat)  0 (hierarchical)
    Elapsed: 0.000s  Memory: 843.00M
"interacting" in: sky130A_mr.drc:364
    Polygons (raw): 45849 (flat)  668 (hierarchical)
    Elapsed: 0.090s  Memory: 843.00M
"interacting" in: sky130A_mr.drc:364
    Polygons (raw): 160462 (flat)  2523 (hierarchical)
    Elapsed: 0.090s  Memory: 843.00M
"&" in: sky130A_mr.drc:364
    Polygons (raw): 0 (flat)  0 (hierarchical)
    Elapsed: 0.060s  Memory: 843.00M
"output" in: sky130A_mr.drc:364
    Polygons (raw): 0 (flat)  0 (hierarchical)
    Elapsed: 0.000s  Memory: 843.00M
END: 66/44 (licon)
START: 89/44 (capm)
"width" in: sky130A_mr.drc:369
    Edge pairs: 0 (flat)  0 (hierarchical)
    Elapsed: 0.000s  Memory: 843.00M
"output" in: sky130A_mr.drc:369
    Edge pairs: 0 (flat)  0 (hierarchical)
    Elapsed: 0.000s  Memory: 843.00M
"space" in: sky130A_mr.drc:370
    Edge pairs: 0 (flat)  0 (hierarchical)
    Elapsed: 0.000s  Memory: 843.00M
"output" in: sky130A_mr.drc:370
    Edge pairs: 0 (flat)  0 (hierarchical)
    Elapsed: 0.010s  Memory: 843.00M
"interacting" in: sky130A_mr.drc:371
    Polygons (raw): 0 (flat)  0 (hierarchical)
    Elapsed: 0.000s  Memory: 843.00M
"isolated" in: sky130A_mr.drc:371
    Edge pairs: 0 (flat)  0 (hierarchical)
    Elapsed: 0.000s  Memory: 843.00M
"output" in: sky130A_mr.drc:371
    Edge pairs: 0 (flat)  0 (hierarchical)
    Elapsed: 0.000s  Memory: 843.00M
"interacting" in: sky130A_mr.drc:372
    Polygons (raw): 0 (flat)  0 (hierarchical)
    Elapsed: 0.000s  Memory: 843.00M
"isolated" in: sky130A_mr.drc:372
    Edge pairs: 0 (flat)  0 (hierarchical)
    Elapsed: 0.000s  Memory: 843.00M
"output" in: sky130A_mr.drc:372
    Edge pairs: 0 (flat)  0 (hierarchical)
    Elapsed: 0.010s  Memory: 843.00M
"&" in: sky130A_mr.drc:373
    Polygons (raw): 0 (flat)  0 (hierarchical)
    Elapsed: 0.000s  Memory: 843.00M
"enclosing" in: sky130A_mr.drc:373
    Edge pairs: 0 (flat)  0 (hierarchical)
    Elapsed: 0.000s  Memory: 843.00M
"output" in: sky130A_mr.drc:373
    Edge pairs: 0 (flat)  0 (hierarchical)
    Elapsed: 0.010s  Memory: 843.00M
"enclosing" in: sky130A_mr.drc:374
    Edge pairs: 0 (flat)  0 (hierarchical)
    Elapsed: 0.000s  Memory: 843.00M
"output" in: sky130A_mr.drc:374
    Edge pairs: 0 (flat)  0 (hierarchical)
    Elapsed: 0.000s  Memory: 843.00M
"enclosing" in: sky130A_mr.drc:375
    Edge pairs: 0 (flat)  0 (hierarchical)
    Elapsed: 0.010s  Memory: 843.00M
"output" in: sky130A_mr.drc:375
    Edge pairs: 0 (flat)  0 (hierarchical)
    Elapsed: 0.000s  Memory: 843.00M
"separation" in: sky130A_mr.drc:376
    Edge pairs: 0 (flat)  0 (hierarchical)
    Elapsed: 0.000s  Memory: 843.00M
"output" in: sky130A_mr.drc:376
    Edge pairs: 0 (flat)  0 (hierarchical)
    Elapsed: 0.000s  Memory: 843.00M
"not_interacting" in: sky130A_mr.drc:377
    Polygons (raw): 10287 (flat)  10287 (hierarchical)
    Elapsed: 0.000s  Memory: 843.00M
"separation" in: sky130A_mr.drc:377
    Edge pairs: 0 (flat)  0 (hierarchical)
    Elapsed: 0.010s  Memory: 843.00M
"output" in: sky130A_mr.drc:377
    Edge pairs: 0 (flat)  0 (hierarchical)
    Elapsed: 0.010s  Memory: 843.00M
END: 89/44 (capm)
START: 97/44 (cap2m)
"width" in: sky130A_mr.drc:382
    Edge pairs: 0 (flat)  0 (hierarchical)
    Elapsed: 0.000s  Memory: 843.00M
"output" in: sky130A_mr.drc:382
    Edge pairs: 0 (flat)  0 (hierarchical)
    Elapsed: 0.000s  Memory: 843.00M
"space" in: sky130A_mr.drc:383
    Edge pairs: 0 (flat)  0 (hierarchical)
    Elapsed: 0.000s  Memory: 843.00M
"output" in: sky130A_mr.drc:383
    Edge pairs: 0 (flat)  0 (hierarchical)
    Elapsed: 0.000s  Memory: 843.00M
"interacting" in: sky130A_mr.drc:384
    Polygons (raw): 0 (flat)  0 (hierarchical)
    Elapsed: 0.000s  Memory: 843.00M
"isolated" in: sky130A_mr.drc:384
    Edge pairs: 0 (flat)  0 (hierarchical)
    Elapsed: 0.000s  Memory: 843.00M
"output" in: sky130A_mr.drc:384
    Edge pairs: 0 (flat)  0 (hierarchical)
    Elapsed: 0.000s  Memory: 843.00M
"interacting" in: sky130A_mr.drc:385
    Polygons (raw): 0 (flat)  0 (hierarchical)
    Elapsed: 0.010s  Memory: 843.00M
"isolated" in: sky130A_mr.drc:385
    Edge pairs: 0 (flat)  0 (hierarchical)
    Elapsed: 0.000s  Memory: 843.00M
"output" in: sky130A_mr.drc:385
    Edge pairs: 0 (flat)  0 (hierarchical)
    Elapsed: 0.010s  Memory: 843.00M
"&" in: sky130A_mr.drc:386
    Polygons (raw): 0 (flat)  0 (hierarchical)
    Elapsed: 0.000s  Memory: 843.00M
"enclosing" in: sky130A_mr.drc:386
    Edge pairs: 0 (flat)  0 (hierarchical)
    Elapsed: 0.000s  Memory: 843.00M
"output" in: sky130A_mr.drc:386
    Edge pairs: 0 (flat)  0 (hierarchical)
    Elapsed: 0.000s  Memory: 843.00M
"enclosing" in: sky130A_mr.drc:387
    Edge pairs: 0 (flat)  0 (hierarchical)
    Elapsed: 0.000s  Memory: 843.00M
"output" in: sky130A_mr.drc:387
    Edge pairs: 0 (flat)  0 (hierarchical)
    Elapsed: 0.000s  Memory: 843.00M
"enclosing" in: sky130A_mr.drc:388
    Edge pairs: 0 (flat)  0 (hierarchical)
    Elapsed: 0.000s  Memory: 843.00M
"output" in: sky130A_mr.drc:388
    Edge pairs: 0 (flat)  0 (hierarchical)
    Elapsed: 0.000s  Memory: 843.00M
"separation" in: sky130A_mr.drc:389
    Edge pairs: 0 (flat)  0 (hierarchical)
    Elapsed: 0.000s  Memory: 843.00M
"output" in: sky130A_mr.drc:389
    Edge pairs: 0 (flat)  0 (hierarchical)
    Elapsed: 0.000s  Memory: 843.00M
"not_interacting" in: sky130A_mr.drc:390
    Polygons (raw): 1149 (flat)  1149 (hierarchical)
    Elapsed: 0.000s  Memory: 843.00M
"separation" in: sky130A_mr.drc:390
    Edge pairs: 0 (flat)  0 (hierarchical)
    Elapsed: 0.000s  Memory: 843.00M
"output" in: sky130A_mr.drc:390
    Edge pairs: 0 (flat)  0 (hierarchical)
    Elapsed: 0.010s  Memory: 843.00M
END: 97/44 (cap2m)
BEOL section
START: 67/20 (li)
"interacting" in: sky130A_mr.drc:399
    Polygons (raw): 0 (flat)  0 (hierarchical)
    Elapsed: 0.000s  Memory: 843.00M
"-" in: sky130A_mr.drc:399
    Polygons (raw): 152859 (flat)  25074 (hierarchical)
    Elapsed: 0.000s  Memory: 843.00M
"width" in: sky130A_mr.drc:400
    Edge pairs: 0 (flat)  0 (hierarchical)
    Elapsed: 1.040s  Memory: 866.00M
"output" in: sky130A_mr.drc:400
    Edge pairs: 0 (flat)  0 (hierarchical)
    Elapsed: 0.020s  Memory: 866.00M
"edges" in: sky130A_mr.drc:402
    Edges: 631198 (flat)  349660 (hierarchical)
    Elapsed: 0.030s  Memory: 876.00M
"space" in: sky130A_mr.drc:402
    Edge pairs: 0 (flat)  0 (hierarchical)
    Elapsed: 1.180s  Memory: 940.00M
"output" in: sky130A_mr.drc:402
    Edge pairs: 0 (flat)  0 (hierarchical)
    Elapsed: 0.020s  Memory: 933.00M
"-" in: sky130A_mr.drc:403
    Polygons (raw): 206311 (flat)  3191 (hierarchical)
    Elapsed: 0.000s  Memory: 933.00M
"enclosing" in: sky130A_mr.drc:404
    Edge pairs: 250240 (flat)  138520 (hierarchical)
    Elapsed: 4.440s  Memory: 938.00M
"second_edges" in: sky130A_mr.drc:404
    Edges: 250240 (flat)  138520 (hierarchical)
    Elapsed: 0.010s  Memory: 941.00M
"width" in: sky130A_mr.drc:405
    Edge pairs: 0 (flat)  0 (hierarchical)
    Elapsed: 0.580s  Memory: 965.00M
"polygons" in: sky130A_mr.drc:406
    Polygons (raw): 0 (flat)  0 (hierarchical)
    Elapsed: 0.010s  Memory: 965.00M
"interacting" in: sky130A_mr.drc:406
    Polygons (raw): 0 (flat)  0 (hierarchical)
    Elapsed: 0.000s  Memory: 965.00M
"output" in: sky130A_mr.drc:407
    Polygons (raw): 0 (flat)  0 (hierarchical)
    Elapsed: 0.000s  Memory: 965.00M
"with_area" in: sky130A_mr.drc:408
    Polygons (raw): 0 (flat)  0 (hierarchical)
    Elapsed: 0.010s  Memory: 965.00M
"output" in: sky130A_mr.drc:408
    Polygons (raw): 0 (flat)  0 (hierarchical)
    Elapsed: 0.010s  Memory: 965.00M
END: 67/20 (li)
START: 67/44 (mcon)
"-" in: sky130A_mr.drc:413
    Polygons (raw): 211304 (flat)  25604 (hierarchical)
    Elapsed: 0.000s  Memory: 965.00M
"drc" in: sky130A_mr.drc:415
    Polygons (raw): 0 (flat)  0 (hierarchical)
    Elapsed: 1.200s  Memory: 970.00M
"-" in: sky130A_mr.drc:416
    Polygons (raw): 211304 (flat)  25604 (hierarchical)
    Elapsed: 0.000s  Memory: 970.00M
"-" in: sky130A_mr.drc:420
    Polygons (raw): 211304 (flat)  25604 (hierarchical)
    Elapsed: 0.000s  Memory: 970.00M
"non_rectangles" in: sky130A_mr.drc:421
    Polygons (raw): 0 (flat)  0 (hierarchical)
    Elapsed: 1.100s  Memory: 974.00M
"output" in: sky130A_mr.drc:421
    Polygons (raw): 0 (flat)  0 (hierarchical)
    Elapsed: 0.010s  Memory: 974.00M
"drc" in: sky130A_mr.drc:423
    Edge pairs: 0 (flat)  0 (hierarchical)
    Elapsed: 1.280s  Memory: 977.00M
"output" in: sky130A_mr.drc:423
    Edge pairs: 0 (flat)  0 (hierarchical)
    Elapsed: 0.000s  Memory: 977.00M
"drc" in: sky130A_mr.drc:424
    Edges: 0 (flat)  0 (hierarchical)
    Elapsed: 0.210s  Memory: 977.00M
"output" in: sky130A_mr.drc:424
    Edges: 0 (flat)  0 (hierarchical)
    Elapsed: 0.000s  Memory: 977.00M
"space" in: sky130A_mr.drc:425
    Edge pairs: 0 (flat)  0 (hierarchical)
    Elapsed: 1.790s  Memory: 1009.00M
"output" in: sky130A_mr.drc:425
    Edge pairs: 0 (flat)  0 (hierarchical)
    Elapsed: 0.010s  Memory: 913.00M
"width" in: sky130A_mr.drc:427
    Edge pairs: 0 (flat)  0 (hierarchical)
    Elapsed: 0.000s  Memory: 913.00M
"output" in: sky130A_mr.drc:427
    Edge pairs: 0 (flat)  0 (hierarchical)
    Elapsed: 0.000s  Memory: 913.00M
"drc" in: sky130A_mr.drc:428
    Edge pairs: 0 (flat)  0 (hierarchical)
    Elapsed: 0.010s  Memory: 913.00M
"output" in: sky130A_mr.drc:428
    Edge pairs: 0 (flat)  0 (hierarchical)
    Elapsed: 0.010s  Memory: 913.00M
"-" in: sky130A_mr.drc:429
    Polygons (raw): 0 (flat)  0 (hierarchical)
    Elapsed: 0.000s  Memory: 913.00M
"output" in: sky130A_mr.drc:429
    Polygons (raw): 0 (flat)  0 (hierarchical)
    Elapsed: 0.000s  Memory: 913.00M
"-" in: sky130A_mr.drc:431
    Polygons (raw): 0 (flat)  0 (hierarchical)
    Elapsed: 1.500s  Memory: 921.00M
"output" in: sky130A_mr.drc:431
    Polygons (raw): 0 (flat)  0 (hierarchical)
    Elapsed: 0.010s  Memory: 913.00M
END: 67/44 (mcon)
START: 68/20 (m1)
"width" in: sky130A_mr.drc:436
    Edge pairs: 0 (flat)  0 (hierarchical)
    Elapsed: 0.850s  Memory: 918.00M
"output" in: sky130A_mr.drc:436
    Edge pairs: 0 (flat)  0 (hierarchical)
    Elapsed: 0.010s  Memory: 918.00M
"sized" in: sky130A_mr.drc:437
    Polygons (raw): 0 (flat)  0 (hierarchical)
    Elapsed: 0.250s  Memory: 918.00M
"sized" in: sky130A_mr.drc:437
    Polygons (raw): 0 (flat)  0 (hierarchical)
    Elapsed: 0.000s  Memory: 918.00M
"snap" in: sky130A_mr.drc:437
    Polygons (raw): 0 (flat)  0 (hierarchical)
    Elapsed: 0.000s  Memory: 918.00M
"&" in: sky130A_mr.drc:437
    Polygons (raw): 0 (flat)  0 (hierarchical)
    Elapsed: 0.000s  Memory: 918.00M
"edges" in: sky130A_mr.drc:438
    Edges: 351636 (flat)  280920 (hierarchical)
    Elapsed: 0.010s  Memory: 931.00M
"-" in: sky130A_mr.drc:438
    Edges: 351636 (flat)  280920 (hierarchical)
    Elapsed: 0.000s  Memory: 931.00M
"edges" in: sky130A_mr.drc:439
    Edges: 0 (flat)  0 (hierarchical)
    Elapsed: 0.000s  Memory: 931.00M
"merged" in: sky130A_mr.drc:439
    Polygons (raw): 26450 (flat)  22269 (hierarchical)
    Elapsed: 0.000s  Memory: 931.00M
"outside_part" in: sky130A_mr.drc:439
    Edges: 0 (flat)  0 (hierarchical)
    Elapsed: 0.010s  Memory: 931.00M
"space" in: sky130A_mr.drc:441
    Edge pairs: 0 (flat)  0 (hierarchical)
    Elapsed: 0.840s  Memory: 1027.00M
"output" in: sky130A_mr.drc:441
    Edge pairs: 0 (flat)  0 (hierarchical)
    Elapsed: 0.020s  Memory: 931.00M
"separation" in: sky130A_mr.drc:443
    Edge pairs: 0 (flat)  0 (hierarchical)
    Elapsed: 0.020s  Memory: 931.00M
"space" in: sky130A_mr.drc:443
    Edge pairs: 0 (flat)  0 (hierarchical)
    Elapsed: 0.010s  Memory: 931.00M
"+" in: sky130A_mr.drc:443
    Edge pairs: 0 (flat)  0 (hierarchical)
    Elapsed: 0.000s  Memory: 931.00M
"output" in: sky130A_mr.drc:443
    Edge pairs: 0 (flat)  0 (hierarchical)
    Elapsed: 0.000s  Memory: 931.00M
"input" in: sky130A_mr.drc:447
    Polygons (raw): 152876 (flat)  106486 (hierarchical)
    Elapsed: 0.050s  Memory: 931.00M
"enclosing" in: sky130A_mr.drc:449
    Edge pairs: 0 (flat)  0 (hierarchical)
    Elapsed: 2.170s  Memory: 931.00M
"output" in: sky130A_mr.drc:449
    Edge pairs: 0 (flat)  0 (hierarchical)
    Elapsed: 0.010s  Memory: 931.00M
"-" in: sky130A_mr.drc:450
    Polygons (raw): 0 (flat)  0 (hierarchical)
    Elapsed: 1.690s  Memory: 939.00M
"output" in: sky130A_mr.drc:450
    Polygons (raw): 0 (flat)  0 (hierarchical)
    Elapsed: 0.000s  Memory: 931.00M
"input" in: sky130A_mr.drc:452
    Polygons (raw): 0 (flat)  0 (hierarchical)
    Elapsed: 0.000s  Memory: 931.00M
"enclosing" in: sky130A_mr.drc:453
    Edge pairs: 0 (flat)  0 (hierarchical)
    Elapsed: 0.000s  Memory: 931.00M
"output" in: sky130A_mr.drc:453
    Edge pairs: 0 (flat)  0 (hierarchical)
    Elapsed: 0.000s  Memory: 931.00M
"-" in: sky130A_mr.drc:455
    Polygons (raw): 0 (flat)  0 (hierarchical)
    Elapsed: 0.000s  Memory: 931.00M
"output" in: sky130A_mr.drc:455
    Polygons (raw): 0 (flat)  0 (hierarchical)
    Elapsed: 0.000s  Memory: 931.00M
"with_area" in: sky130A_mr.drc:457
    Polygons (raw): 0 (flat)  0 (hierarchical)
    Elapsed: 0.010s  Memory: 931.00M
"output" in: sky130A_mr.drc:457
    Polygons (raw): 0 (flat)  0 (hierarchical)
    Elapsed: 0.000s  Memory: 931.00M
"holes" in: sky130A_mr.drc:459
    Polygons (raw): 0 (flat)  0 (hierarchical)
    Elapsed: 0.010s  Memory: 931.00M
"with_area" in: sky130A_mr.drc:459
    Polygons (raw): 0 (flat)  0 (hierarchical)
    Elapsed: 0.000s  Memory: 931.00M
"output" in: sky130A_mr.drc:459
    Polygons (raw): 0 (flat)  0 (hierarchical)
    Elapsed: 0.000s  Memory: 931.00M
"enclosing" in: sky130A_mr.drc:466
    Edge pairs: 73748 (flat)  51888 (hierarchical)
    Elapsed: 1.150s  Memory: 931.00M
"second_edges" in: sky130A_mr.drc:466
    Edges: 73748 (flat)  51888 (hierarchical)
    Elapsed: 0.010s  Memory: 931.00M
"width" in: sky130A_mr.drc:467
    Edge pairs: 0 (flat)  0 (hierarchical)
    Elapsed: 0.160s  Memory: 937.00M
"polygons" in: sky130A_mr.drc:468
    Polygons (raw): 0 (flat)  0 (hierarchical)
    Elapsed: 0.000s  Memory: 937.00M
"interacting" in: sky130A_mr.drc:468
    Polygons (raw): 0 (flat)  0 (hierarchical)
    Elapsed: 0.000s  Memory: 937.00M
"output" in: sky130A_mr.drc:469
    Polygons (raw): 0 (flat)  0 (hierarchical)
    Elapsed: 0.000s  Memory: 937.00M
END: 68/20 (m1)
START: 68/44 (via)
"drc" in: sky130A_mr.drc:477
    Polygons (raw): 0 (flat)  0 (hierarchical)
    Elapsed: 0.150s  Memory: 937.00M
"-" in: sky130A_mr.drc:478
    Polygons (raw): 31724 (flat)  31724 (hierarchical)
    Elapsed: 0.000s  Memory: 937.00M
"-" in: sky130A_mr.drc:483
    Polygons (raw): 31724 (flat)  31724 (hierarchical)
    Elapsed: 0.010s  Memory: 937.00M
"non_rectangles" in: sky130A_mr.drc:485
    Polygons (raw): 0 (flat)  0 (hierarchical)
    Elapsed: 0.120s  Memory: 937.00M
"output" in: sky130A_mr.drc:485
    Polygons (raw): 0 (flat)  0 (hierarchical)
    Elapsed: 0.000s  Memory: 937.00M
"width" in: sky130A_mr.drc:486
    Edge pairs: 0 (flat)  0 (hierarchical)
    Elapsed: 0.010s  Memory: 937.00M
"output" in: sky130A_mr.drc:486
    Edge pairs: 0 (flat)  0 (hierarchical)
    Elapsed: 0.010s  Memory: 937.00M
"drc" in: sky130A_mr.drc:488
    Edges: 0 (flat)  0 (hierarchical)
    Elapsed: 0.050s  Memory: 937.00M
"output" in: sky130A_mr.drc:488
    Edges: 0 (flat)  0 (hierarchical)
    Elapsed: 0.000s  Memory: 937.00M
"space" in: sky130A_mr.drc:490
    Edge pairs: 0 (flat)  0 (hierarchical)
    Elapsed: 0.050s  Memory: 937.00M
"output" in: sky130A_mr.drc:490
    Edge pairs: 0 (flat)  0 (hierarchical)
    Elapsed: 0.000s  Memory: 937.00M
"width" in: sky130A_mr.drc:493
    Edge pairs: 0 (flat)  0 (hierarchical)
    Elapsed: 0.000s  Memory: 937.00M
"output" in: sky130A_mr.drc:493
    Edge pairs: 0 (flat)  0 (hierarchical)
    Elapsed: 0.010s  Memory: 937.00M
"drc" in: sky130A_mr.drc:494
    Edge pairs: 0 (flat)  0 (hierarchical)
    Elapsed: 0.010s  Memory: 937.00M
"output" in: sky130A_mr.drc:494
    Edge pairs: 0 (flat)  0 (hierarchical)
    Elapsed: 0.000s  Memory: 937.00M
"-" in: sky130A_mr.drc:495
    Polygons (raw): 0 (flat)  0 (hierarchical)
    Elapsed: 0.000s  Memory: 937.00M
"output" in: sky130A_mr.drc:495
    Polygons (raw): 0 (flat)  0 (hierarchical)
    Elapsed: 0.010s  Memory: 937.00M
"edges" in: sky130A_mr.drc:498
    Edges: 351636 (flat)  280920 (hierarchical)
    Elapsed: 0.010s  Memory: 937.00M
"drc" in: sky130A_mr.drc:498
    Edges: 126896 (flat)  126896 (hierarchical)
    Elapsed: 0.320s  Memory: 937.00M
"enclosing" in: sky130A_mr.drc:498
    Edge pairs: 0 (flat)  0 (hierarchical)
    Elapsed: 0.100s  Memory: 937.00M
"output" in: sky130A_mr.drc:498
    Edge pairs: 0 (flat)  0 (hierarchical)
    Elapsed: 0.000s  Memory: 937.00M
"squares" in: sky130A_mr.drc:499
    Polygons (raw): 31724 (flat)  31724 (hierarchical)
    Elapsed: 0.010s  Memory: 937.00M
"drc" in: sky130A_mr.drc:499
    Edges: 126896 (flat)  126896 (hierarchical)
    Elapsed: 0.210s  Memory: 937.00M
"-" in: sky130A_mr.drc:499
    Edges: 0 (flat)  0 (hierarchical)
    Elapsed: 0.750s  Memory: 937.00M
"output" in: sky130A_mr.drc:499
    Edges: 0 (flat)  0 (hierarchical)
    Elapsed: 0.020s  Memory: 937.00M
"edges" in: sky130A_mr.drc:501
    Edges: 351636 (flat)  280920 (hierarchical)
    Elapsed: 0.010s  Memory: 937.00M
"drc" in: sky130A_mr.drc:501
    Edges: 126896 (flat)  126896 (hierarchical)
    Elapsed: 0.220s  Memory: 937.00M
"enclosing" in: sky130A_mr.drc:501
    Edge pairs: 56069 (flat)  56069 (hierarchical)
    Elapsed: 0.420s  Memory: 937.00M
"second_edges" in: sky130A_mr.drc:501
    Edges: 56069 (flat)  56069 (hierarchical)
    Elapsed: 0.010s  Memory: 937.00M
"width" in: sky130A_mr.drc:502
    Edge pairs: 0 (flat)  0 (hierarchical)
    Elapsed: 0.150s  Memory: 937.00M
"polygons" in: sky130A_mr.drc:503
    Polygons (raw): 0 (flat)  0 (hierarchical)
    Elapsed: 0.000s  Memory: 937.00M
"interacting" in: sky130A_mr.drc:503
    Polygons (raw): 0 (flat)  0 (hierarchical)
    Elapsed: 0.000s  Memory: 937.00M
"output" in: sky130A_mr.drc:504
    Polygons (raw): 0 (flat)  0 (hierarchical)
    Elapsed: 0.000s  Memory: 937.00M
END: 68/44 (via)
START: 69/20 (m2)
"width" in: sky130A_mr.drc:511
    Edge pairs: 0 (flat)  0 (hierarchical)
    Elapsed: 0.160s  Memory: 937.00M
"output" in: sky130A_mr.drc:511
    Edge pairs: 0 (flat)  0 (hierarchical)
    Elapsed: 0.000s  Memory: 937.00M
"sized" in: sky130A_mr.drc:513
    Polygons (raw): 0 (flat)  0 (hierarchical)
    Elapsed: 0.130s  Memory: 937.00M
"sized" in: sky130A_mr.drc:513
    Polygons (raw): 0 (flat)  0 (hierarchical)
    Elapsed: 0.000s  Memory: 937.00M
"snap" in: sky130A_mr.drc:513
    Polygons (raw): 0 (flat)  0 (hierarchical)
    Elapsed: 0.000s  Memory: 937.00M
"&" in: sky130A_mr.drc:513
    Polygons (raw): 0 (flat)  0 (hierarchical)
    Elapsed: 0.000s  Memory: 937.00M
"edges" in: sky130A_mr.drc:514
    Edges: 202084 (flat)  202084 (hierarchical)
    Elapsed: 0.020s  Memory: 937.00M
"-" in: sky130A_mr.drc:514
    Edges: 202084 (flat)  202084 (hierarchical)
    Elapsed: 0.000s  Memory: 937.00M
"edges" in: sky130A_mr.drc:515
    Edges: 0 (flat)  0 (hierarchical)
    Elapsed: 0.000s  Memory: 937.00M
"merged" in: sky130A_mr.drc:515
    Polygons (raw): 13414 (flat)  13414 (hierarchical)
    Elapsed: 0.000s  Memory: 937.00M
"outside_part" in: sky130A_mr.drc:515
    Edges: 0 (flat)  0 (hierarchical)
    Elapsed: 0.010s  Memory: 937.00M
"-" in: sky130A_mr.drc:516
    Polygons (raw): 31724 (flat)  31724 (hierarchical)
    Elapsed: 0.000s  Memory: 937.00M
"space" in: sky130A_mr.drc:518
    Edge pairs: 0 (flat)  0 (hierarchical)
    Elapsed: 0.480s  Memory: 937.00M
"output" in: sky130A_mr.drc:518
    Edge pairs: 0 (flat)  0 (hierarchical)
    Elapsed: 0.020s  Memory: 937.00M
"separation" in: sky130A_mr.drc:520
    Edge pairs: 0 (flat)  0 (hierarchical)
    Elapsed: 0.010s  Memory: 937.00M
"space" in: sky130A_mr.drc:520
    Edge pairs: 0 (flat)  0 (hierarchical)
    Elapsed: 0.010s  Memory: 937.00M
"+" in: sky130A_mr.drc:520
    Edge pairs: 0 (flat)  0 (hierarchical)
    Elapsed: 0.000s  Memory: 937.00M
"output" in: sky130A_mr.drc:520
    Edge pairs: 0 (flat)  0 (hierarchical)
    Elapsed: 0.000s  Memory: 937.00M
"with_area" in: sky130A_mr.drc:522
    Polygons (raw): 0 (flat)  0 (hierarchical)
    Elapsed: 0.010s  Memory: 937.00M
"output" in: sky130A_mr.drc:522
    Polygons (raw): 0 (flat)  0 (hierarchical)
    Elapsed: 0.000s  Memory: 937.00M
"holes" in: sky130A_mr.drc:523
    Polygons (raw): 0 (flat)  0 (hierarchical)
    Elapsed: 0.010s  Memory: 937.00M
"with_area" in: sky130A_mr.drc:523
    Polygons (raw): 0 (flat)  0 (hierarchical)
    Elapsed: 0.000s  Memory: 937.00M
"output" in: sky130A_mr.drc:523
    Polygons (raw): 0 (flat)  0 (hierarchical)
    Elapsed: 0.000s  Memory: 937.00M
"enclosing" in: sky130A_mr.drc:528
    Edge pairs: 0 (flat)  0 (hierarchical)
    Elapsed: 0.160s  Memory: 937.00M
"output" in: sky130A_mr.drc:528
    Edge pairs: 0 (flat)  0 (hierarchical)
    Elapsed: 0.010s  Memory: 937.00M
"-" in: sky130A_mr.drc:529
    Polygons (raw): 0 (flat)  0 (hierarchical)
    Elapsed: 0.120s  Memory: 937.00M
"output" in: sky130A_mr.drc:529
    Polygons (raw): 0 (flat)  0 (hierarchical)
    Elapsed: 0.010s  Memory: 937.00M
"enclosing" in: sky130A_mr.drc:530
    Edge pairs: 58830 (flat)  58830 (hierarchical)
    Elapsed: 0.290s  Memory: 937.00M
"second_edges" in: sky130A_mr.drc:530
    Edges: 58830 (flat)  58830 (hierarchical)
    Elapsed: 0.010s  Memory: 937.00M
"width" in: sky130A_mr.drc:531
    Edge pairs: 0 (flat)  0 (hierarchical)
    Elapsed: 0.120s  Memory: 942.00M
"polygons" in: sky130A_mr.drc:532
    Polygons (raw): 0 (flat)  0 (hierarchical)
    Elapsed: 0.000s  Memory: 942.00M
"interacting" in: sky130A_mr.drc:532
    Polygons (raw): 0 (flat)  0 (hierarchical)
    Elapsed: 0.000s  Memory: 942.00M
"output" in: sky130A_mr.drc:533
    Polygons (raw): 0 (flat)  0 (hierarchical)
    Elapsed: 0.010s  Memory: 942.00M
END: 69/20 (m2)
START: 69/44 (via2)
"drc" in: sky130A_mr.drc:542
    Polygons (raw): 0 (flat)  0 (hierarchical)
    Elapsed: 0.040s  Memory: 942.00M
"-" in: sky130A_mr.drc:543
    Polygons (raw): 6218 (flat)  6218 (hierarchical)
    Elapsed: 0.010s  Memory: 942.00M
"-" in: sky130A_mr.drc:548
    Polygons (raw): 6218 (flat)  6218 (hierarchical)
    Elapsed: 0.000s  Memory: 942.00M
"non_rectangles" in: sky130A_mr.drc:549
    Polygons (raw): 0 (flat)  0 (hierarchical)
    Elapsed: 0.030s  Memory: 942.00M
"output" in: sky130A_mr.drc:549
    Polygons (raw): 0 (flat)  0 (hierarchical)
    Elapsed: 0.000s  Memory: 942.00M
"width" in: sky130A_mr.drc:550
    Edge pairs: 0 (flat)  0 (hierarchical)
    Elapsed: 0.000s  Memory: 942.00M
"output" in: sky130A_mr.drc:550
    Edge pairs: 0 (flat)  0 (hierarchical)
    Elapsed: 0.010s  Memory: 942.00M
"edges" in: sky130A_mr.drc:551
    Edges: 24872 (flat)  24872 (hierarchical)
    Elapsed: 0.000s  Memory: 942.00M
"without_length" in: sky130A_mr.drc:551
    Edges: 0 (flat)  0 (hierarchical)
    Elapsed: 0.000s  Memory: 942.00M
"output" in: sky130A_mr.drc:551
    Edges: 0 (flat)  0 (hierarchical)
    Elapsed: 0.000s  Memory: 942.00M
"space" in: sky130A_mr.drc:552
    Edge pairs: 0 (flat)  0 (hierarchical)
    Elapsed: 0.010s  Memory: 942.00M
"output" in: sky130A_mr.drc:552
    Edge pairs: 0 (flat)  0 (hierarchical)
    Elapsed: 0.010s  Memory: 942.00M
"width" in: sky130A_mr.drc:555
    Edge pairs: 0 (flat)  0 (hierarchical)
    Elapsed: 0.000s  Memory: 942.00M
"output" in: sky130A_mr.drc:555
    Edge pairs: 0 (flat)  0 (hierarchical)
    Elapsed: 0.000s  Memory: 942.00M
"drc" in: sky130A_mr.drc:556
    Edge pairs: 0 (flat)  0 (hierarchical)
    Elapsed: 0.010s  Memory: 942.00M
"output" in: sky130A_mr.drc:556
    Edge pairs: 0 (flat)  0 (hierarchical)
    Elapsed: 0.000s  Memory: 942.00M
"-" in: sky130A_mr.drc:557
    Polygons (raw): 0 (flat)  0 (hierarchical)
    Elapsed: 0.000s  Memory: 942.00M
"output" in: sky130A_mr.drc:557
    Polygons (raw): 0 (flat)  0 (hierarchical)
    Elapsed: 0.000s  Memory: 942.00M
"enclosing" in: sky130A_mr.drc:560
    Edge pairs: 0 (flat)  0 (hierarchical)
    Elapsed: 0.030s  Memory: 942.00M
"output" in: sky130A_mr.drc:560
    Edge pairs: 0 (flat)  0 (hierarchical)
    Elapsed: 0.010s  Memory: 942.00M
"-" in: sky130A_mr.drc:561
    Polygons (raw): 0 (flat)  0 (hierarchical)
    Elapsed: 0.030s  Memory: 942.00M
"output" in: sky130A_mr.drc:561
    Polygons (raw): 0 (flat)  0 (hierarchical)
    Elapsed: 0.000s  Memory: 942.00M
"enclosing" in: sky130A_mr.drc:563
    Edge pairs: 7402 (flat)  7402 (hierarchical)
    Elapsed: 0.050s  Memory: 942.00M
"second_edges" in: sky130A_mr.drc:563
    Edges: 7402 (flat)  7402 (hierarchical)
    Elapsed: 0.000s  Memory: 942.00M
"width" in: sky130A_mr.drc:564
    Edge pairs: 0 (flat)  0 (hierarchical)
    Elapsed: 0.030s  Memory: 942.00M
"polygons" in: sky130A_mr.drc:565
    Polygons (raw): 0 (flat)  0 (hierarchical)
    Elapsed: 0.000s  Memory: 942.00M
"interacting" in: sky130A_mr.drc:565
    Polygons (raw): 0 (flat)  0 (hierarchical)
    Elapsed: 0.000s  Memory: 942.00M
"output" in: sky130A_mr.drc:566
    Polygons (raw): 0 (flat)  0 (hierarchical)
    Elapsed: 0.000s  Memory: 942.00M
END: 69/44 (via2)
START: 70/20 (m3)
"width" in: sky130A_mr.drc:572
    Edge pairs: 0 (flat)  0 (hierarchical)
    Elapsed: 0.040s  Memory: 942.00M
"output" in: sky130A_mr.drc:572
    Edge pairs: 0 (flat)  0 (hierarchical)
    Elapsed: 0.010s  Memory: 942.00M
"sized" in: sky130A_mr.drc:574
    Polygons (raw): 0 (flat)  0 (hierarchical)
    Elapsed: 0.020s  Memory: 942.00M
"sized" in: sky130A_mr.drc:574
    Polygons (raw): 0 (flat)  0 (hierarchical)
    Elapsed: 0.000s  Memory: 942.00M
"snap" in: sky130A_mr.drc:574
    Polygons (raw): 0 (flat)  0 (hierarchical)
    Elapsed: 0.000s  Memory: 942.00M
"&" in: sky130A_mr.drc:574
    Polygons (raw): 0 (flat)  0 (hierarchical)
    Elapsed: 0.000s  Memory: 942.00M
"edges" in: sky130A_mr.drc:575
    Edges: 26922 (flat)  26922 (hierarchical)
    Elapsed: 0.000s  Memory: 942.00M
"-" in: sky130A_mr.drc:575
    Edges: 26922 (flat)  26922 (hierarchical)
    Elapsed: 0.010s  Memory: 942.00M
"edges" in: sky130A_mr.drc:576
    Edges: 0 (flat)  0 (hierarchical)
    Elapsed: 0.000s  Memory: 942.00M
"merged" in: sky130A_mr.drc:576
    Polygons (raw): 2524 (flat)  2524 (hierarchical)
    Elapsed: 0.000s  Memory: 942.00M
"outside_part" in: sky130A_mr.drc:576
    Edges: 0 (flat)  0 (hierarchical)
    Elapsed: 0.000s  Memory: 942.00M
"space" in: sky130A_mr.drc:578
    Edge pairs: 0 (flat)  0 (hierarchical)
    Elapsed: 0.050s  Memory: 942.00M
"output" in: sky130A_mr.drc:578
    Edge pairs: 0 (flat)  0 (hierarchical)
    Elapsed: 0.000s  Memory: 942.00M
"with_area" in: sky130A_mr.drc:580
    Polygons (raw): 0 (flat)  0 (hierarchical)
    Elapsed: 0.010s  Memory: 942.00M
"output" in: sky130A_mr.drc:580
    Polygons (raw): 0 (flat)  0 (hierarchical)
    Elapsed: 0.000s  Memory: 942.00M
"separation" in: sky130A_mr.drc:582
    Edge pairs: 0 (flat)  0 (hierarchical)
    Elapsed: 0.000s  Memory: 942.00M
"space" in: sky130A_mr.drc:582
    Edge pairs: 0 (flat)  0 (hierarchical)
    Elapsed: 0.000s  Memory: 942.00M
"+" in: sky130A_mr.drc:582
    Edge pairs: 0 (flat)  0 (hierarchical)
    Elapsed: 0.010s  Memory: 942.00M
"output" in: sky130A_mr.drc:582
    Edge pairs: 0 (flat)  0 (hierarchical)
    Elapsed: 0.000s  Memory: 942.00M
"enclosing" in: sky130A_mr.drc:587
    Edge pairs: 0 (flat)  0 (hierarchical)
    Elapsed: 0.020s  Memory: 942.00M
"output" in: sky130A_mr.drc:587
    Edge pairs: 0 (flat)  0 (hierarchical)
    Elapsed: 0.000s  Memory: 942.00M
"-" in: sky130A_mr.drc:588
    Polygons (raw): 0 (flat)  0 (hierarchical)
    Elapsed: 0.020s  Memory: 942.00M
"output" in: sky130A_mr.drc:588
    Polygons (raw): 0 (flat)  0 (hierarchical)
    Elapsed: 0.000s  Memory: 942.00M
END: 70/20 (m3)
START: 70/44 (via3)
"drc" in: sky130A_mr.drc:596
    Polygons (raw): 0 (flat)  0 (hierarchical)
    Elapsed: 0.030s  Memory: 942.00M
"-" in: sky130A_mr.drc:597
    Polygons (raw): 4111 (flat)  4111 (hierarchical)
    Elapsed: 0.010s  Memory: 942.00M
"-" in: sky130A_mr.drc:602
    Polygons (raw): 4111 (flat)  4111 (hierarchical)
    Elapsed: 0.000s  Memory: 942.00M
"non_rectangles" in: sky130A_mr.drc:603
    Polygons (raw): 0 (flat)  0 (hierarchical)
    Elapsed: 0.020s  Memory: 942.00M
"output" in: sky130A_mr.drc:603
    Polygons (raw): 0 (flat)  0 (hierarchical)
    Elapsed: 0.000s  Memory: 942.00M
"width" in: sky130A_mr.drc:604
    Edge pairs: 0 (flat)  0 (hierarchical)
    Elapsed: 0.000s  Memory: 942.00M
"output" in: sky130A_mr.drc:604
    Edge pairs: 0 (flat)  0 (hierarchical)
    Elapsed: 0.000s  Memory: 942.00M
"edges" in: sky130A_mr.drc:605
    Edges: 16444 (flat)  16444 (hierarchical)
    Elapsed: 0.010s  Memory: 942.00M
"without_length" in: sky130A_mr.drc:605
    Edges: 0 (flat)  0 (hierarchical)
    Elapsed: 0.000s  Memory: 942.00M
"output" in: sky130A_mr.drc:605
    Edges: 0 (flat)  0 (hierarchical)
    Elapsed: 0.010s  Memory: 942.00M
"space" in: sky130A_mr.drc:607
    Edge pairs: 0 (flat)  0 (hierarchical)
    Elapsed: 0.010s  Memory: 942.00M
"output" in: sky130A_mr.drc:607
    Edge pairs: 0 (flat)  0 (hierarchical)
    Elapsed: 0.010s  Memory: 942.00M
"enclosing" in: sky130A_mr.drc:608
    Edge pairs: 0 (flat)  0 (hierarchical)
    Elapsed: 0.010s  Memory: 942.00M
"output" in: sky130A_mr.drc:608
    Edge pairs: 0 (flat)  0 (hierarchical)
    Elapsed: 0.000s  Memory: 942.00M
"-" in: sky130A_mr.drc:609
    Polygons (raw): 0 (flat)  0 (hierarchical)
    Elapsed: 0.020s  Memory: 942.00M
"output" in: sky130A_mr.drc:609
    Polygons (raw): 0 (flat)  0 (hierarchical)
    Elapsed: 0.000s  Memory: 942.00M
"enclosing" in: sky130A_mr.drc:611
    Edge pairs: 8613 (flat)  8613 (hierarchical)
    Elapsed: 0.030s  Memory: 942.00M
"second_edges" in: sky130A_mr.drc:611
    Edges: 8613 (flat)  8613 (hierarchical)
    Elapsed: 0.000s  Memory: 942.00M
"width" in: sky130A_mr.drc:612
    Edge pairs: 0 (flat)  0 (hierarchical)
    Elapsed: 0.040s  Memory: 942.00M
"polygons" in: sky130A_mr.drc:613
    Polygons (raw): 0 (flat)  0 (hierarchical)
    Elapsed: 0.000s  Memory: 942.00M
"interacting" in: sky130A_mr.drc:613
    Polygons (raw): 0 (flat)  0 (hierarchical)
    Elapsed: 0.000s  Memory: 942.00M
"output" in: sky130A_mr.drc:614
    Polygons (raw): 0 (flat)  0 (hierarchical)
    Elapsed: 0.000s  Memory: 942.00M
END: 70/44 (via3)
START: 71/20 (m4)
"width" in: sky130A_mr.drc:620
    Edge pairs: 0 (flat)  0 (hierarchical)
    Elapsed: 0.010s  Memory: 942.00M
"output" in: sky130A_mr.drc:620
    Edge pairs: 0 (flat)  0 (hierarchical)
    Elapsed: 0.010s  Memory: 942.00M
"sized" in: sky130A_mr.drc:622
    Polygons (raw): 0 (flat)  0 (hierarchical)
    Elapsed: 0.000s  Memory: 942.00M
"sized" in: sky130A_mr.drc:622
    Polygons (raw): 0 (flat)  0 (hierarchical)
    Elapsed: 0.010s  Memory: 942.00M
"snap" in: sky130A_mr.drc:622
    Polygons (raw): 0 (flat)  0 (hierarchical)
    Elapsed: 0.010s  Memory: 942.00M
"&" in: sky130A_mr.drc:622
    Polygons (raw): 0 (flat)  0 (hierarchical)
    Elapsed: 0.010s  Memory: 942.00M
"edges" in: sky130A_mr.drc:623
    Edges: 4554 (flat)  4554 (hierarchical)
    Elapsed: 0.000s  Memory: 942.00M
"-" in: sky130A_mr.drc:623
    Edges: 4554 (flat)  4554 (hierarchical)
    Elapsed: 0.000s  Memory: 942.00M
"edges" in: sky130A_mr.drc:624
    Edges: 0 (flat)  0 (hierarchical)
    Elapsed: 0.000s  Memory: 942.00M
"merged" in: sky130A_mr.drc:624
    Polygons (raw): 346 (flat)  346 (hierarchical)
    Elapsed: 0.000s  Memory: 942.00M
"outside_part" in: sky130A_mr.drc:624
    Edges: 0 (flat)  0 (hierarchical)
    Elapsed: 0.000s  Memory: 942.00M
"space" in: sky130A_mr.drc:626
    Edge pairs: 0 (flat)  0 (hierarchical)
    Elapsed: 0.020s  Memory: 942.00M
"output" in: sky130A_mr.drc:626
    Edge pairs: 0 (flat)  0 (hierarchical)
    Elapsed: 0.000s  Memory: 942.00M
"with_area" in: sky130A_mr.drc:628
    Polygons (raw): 0 (flat)  0 (hierarchical)
    Elapsed: 0.000s  Memory: 942.00M
"output" in: sky130A_mr.drc:628
    Polygons (raw): 0 (flat)  0 (hierarchical)
    Elapsed: 0.000s  Memory: 942.00M
"separation" in: sky130A_mr.drc:630
    Edge pairs: 0 (flat)  0 (hierarchical)
    Elapsed: 0.010s  Memory: 942.00M
"space" in: sky130A_mr.drc:630
    Edge pairs: 0 (flat)  0 (hierarchical)
    Elapsed: 0.010s  Memory: 942.00M
"+" in: sky130A_mr.drc:630
    Edge pairs: 0 (flat)  0 (hierarchical)
    Elapsed: 0.000s  Memory: 942.00M
"output" in: sky130A_mr.drc:630
    Edge pairs: 0 (flat)  0 (hierarchical)
    Elapsed: 0.000s  Memory: 942.00M
"enclosing" in: sky130A_mr.drc:635
    Edge pairs: 0 (flat)  0 (hierarchical)
    Elapsed: 0.020s  Memory: 942.00M
"output" in: sky130A_mr.drc:635
    Edge pairs: 0 (flat)  0 (hierarchical)
    Elapsed: 0.000s  Memory: 942.00M
"-" in: sky130A_mr.drc:636
    Polygons (raw): 0 (flat)  0 (hierarchical)
    Elapsed: 0.010s  Memory: 942.00M
"output" in: sky130A_mr.drc:636
    Polygons (raw): 0 (flat)  0 (hierarchical)
    Elapsed: 0.000s  Memory: 942.00M
END: 71/20 (m4)
START: 71/44 (via4)
"drc" in: sky130A_mr.drc:643
    Polygons (raw): 0 (flat)  0 (hierarchical)
    Elapsed: 0.010s  Memory: 942.00M
"-" in: sky130A_mr.drc:644
    Polygons (raw): 100 (flat)  100 (hierarchical)
    Elapsed: 0.000s  Memory: 942.00M
"-" in: sky130A_mr.drc:649
    Polygons (raw): 100 (flat)  100 (hierarchical)
    Elapsed: 0.000s  Memory: 942.00M
"non_rectangles" in: sky130A_mr.drc:650
    Polygons (raw): 0 (flat)  0 (hierarchical)
    Elapsed: 0.000s  Memory: 942.00M
"output" in: sky130A_mr.drc:650
    Polygons (raw): 0 (flat)  0 (hierarchical)
    Elapsed: 0.000s  Memory: 942.00M
"width" in: sky130A_mr.drc:651
    Edge pairs: 0 (flat)  0 (hierarchical)
    Elapsed: 0.010s  Memory: 942.00M
"output" in: sky130A_mr.drc:651
    Edge pairs: 0 (flat)  0 (hierarchical)
    Elapsed: 0.000s  Memory: 942.00M
"drc" in: sky130A_mr.drc:652
    Edges: 0 (flat)  0 (hierarchical)
    Elapsed: 0.010s  Memory: 942.00M
"output" in: sky130A_mr.drc:652
    Edges: 0 (flat)  0 (hierarchical)
    Elapsed: 0.000s  Memory: 942.00M
"space" in: sky130A_mr.drc:654
    Edge pairs: 0 (flat)  0 (hierarchical)
    Elapsed: 0.000s  Memory: 942.00M
"polygons" in: sky130A_mr.drc:654
    Polygons (raw): 0 (flat)  0 (hierarchical)
    Elapsed: 0.000s  Memory: 942.00M
"output" in: sky130A_mr.drc:654
    Polygons (raw): 0 (flat)  0 (hierarchical)
    Elapsed: 0.000s  Memory: 942.00M
"width" in: sky130A_mr.drc:657
    Edge pairs: 0 (flat)  0 (hierarchical)
    Elapsed: 0.000s  Memory: 942.00M
"output" in: sky130A_mr.drc:657
    Edge pairs: 0 (flat)  0 (hierarchical)
    Elapsed: 0.010s  Memory: 942.00M
"drc" in: sky130A_mr.drc:658
    Edge pairs: 0 (flat)  0 (hierarchical)
    Elapsed: 0.010s  Memory: 942.00M
"output" in: sky130A_mr.drc:658
    Edge pairs: 0 (flat)  0 (hierarchical)
    Elapsed: 0.000s  Memory: 942.00M
"-" in: sky130A_mr.drc:659
    Polygons (raw): 0 (flat)  0 (hierarchical)
    Elapsed: 0.000s  Memory: 942.00M
"output" in: sky130A_mr.drc:659
    Polygons (raw): 0 (flat)  0 (hierarchical)
    Elapsed: 0.010s  Memory: 942.00M
"enclosing" in: sky130A_mr.drc:662
    Edge pairs: 0 (flat)  0 (hierarchical)
    Elapsed: 0.010s  Memory: 942.00M
"output" in: sky130A_mr.drc:662
    Edge pairs: 0 (flat)  0 (hierarchical)
    Elapsed: 0.000s  Memory: 942.00M
"-" in: sky130A_mr.drc:663
    Polygons (raw): 0 (flat)  0 (hierarchical)
    Elapsed: 0.010s  Memory: 942.00M
"output" in: sky130A_mr.drc:663
    Polygons (raw): 0 (flat)  0 (hierarchical)
    Elapsed: 0.000s  Memory: 942.00M
END: 71/44 (via4)
START: 72/20 (m5)
"width" in: sky130A_mr.drc:668
    Edge pairs: 0 (flat)  0 (hierarchical)
    Elapsed: 0.000s  Memory: 942.00M
"output" in: sky130A_mr.drc:668
    Edge pairs: 0 (flat)  0 (hierarchical)
    Elapsed: 0.000s  Memory: 942.00M
"space" in: sky130A_mr.drc:670
    Edge pairs: 0 (flat)  0 (hierarchical)
    Elapsed: 0.000s  Memory: 942.00M
"output" in: sky130A_mr.drc:670
    Edge pairs: 0 (flat)  0 (hierarchical)
    Elapsed: 0.010s  Memory: 942.00M
"enclosing" in: sky130A_mr.drc:672
    Edge pairs: 0 (flat)  0 (hierarchical)
    Elapsed: 0.010s  Memory: 942.00M
"output" in: sky130A_mr.drc:672
    Edge pairs: 0 (flat)  0 (hierarchical)
    Elapsed: 0.000s  Memory: 942.00M
"-" in: sky130A_mr.drc:673
    Polygons (raw): 0 (flat)  0 (hierarchical)
    Elapsed: 0.000s  Memory: 942.00M
"output" in: sky130A_mr.drc:673
    Polygons (raw): 0 (flat)  0 (hierarchical)
    Elapsed: 0.000s  Memory: 942.00M
"with_area" in: sky130A_mr.drc:677
    Polygons (raw): 0 (flat)  0 (hierarchical)
    Elapsed: 0.000s  Memory: 942.00M
"output" in: sky130A_mr.drc:677
    Polygons (raw): 0 (flat)  0 (hierarchical)
    Elapsed: 0.000s  Memory: 942.00M
END: 72/20 (m5)
START: 76/20 (pad)
"space" in: sky130A_mr.drc:682
    Edge pairs: 0 (flat)  0 (hierarchical)
    Elapsed: 0.000s  Memory: 942.00M
"output" in: sky130A_mr.drc:682
    Edge pairs: 0 (flat)  0 (hierarchical)
    Elapsed: 0.010s  Memory: 942.00M
END: 76/20 (pad)
FEOL section
START: 75/20 (hvi)
"-" in: sky130A_mr.drc:692
    Polygons (raw): 0 (flat)  0 (hierarchical)
    Elapsed: 0.000s  Memory: 942.00M
"width" in: sky130A_mr.drc:693
    Edge pairs: 0 (flat)  0 (hierarchical)
    Elapsed: 0.000s  Memory: 942.00M
"output" in: sky130A_mr.drc:693
    Edge pairs: 0 (flat)  0 (hierarchical)
    Elapsed: 0.010s  Memory: 942.00M
"space" in: sky130A_mr.drc:694
    Edge pairs: 0 (flat)  0 (hierarchical)
    Elapsed: 0.000s  Memory: 942.00M
"output" in: sky130A_mr.drc:694
    Edge pairs: 0 (flat)  0 (hierarchical)
    Elapsed: 0.000s  Memory: 942.00M
END: 75/20 (hvi)
START: 125/20 (hvntm)
"-" in: sky130A_mr.drc:699
    Polygons (raw): 0 (flat)  0 (hierarchical)
    Elapsed: 0.000s  Memory: 942.00M
"width" in: sky130A_mr.drc:700
    Edge pairs: 0 (flat)  0 (hierarchical)
    Elapsed: 0.000s  Memory: 942.00M
"output" in: sky130A_mr.drc:700
    Edge pairs: 0 (flat)  0 (hierarchical)
    Elapsed: 0.000s  Memory: 942.00M
"space" in: sky130A_mr.drc:701
    Edge pairs: 0 (flat)  0 (hierarchical)
    Elapsed: 0.000s  Memory: 942.00M
"output" in: sky130A_mr.drc:701
    Edge pairs: 0 (flat)  0 (hierarchical)
    Elapsed: 0.000s  Memory: 942.00M
END: 125/20 (hvntm)
Writing report database: /openlane/designs/RegFileALU/runs/RUN_2025.05.19_20.31.36/reports/signoff/violations.xml ..
Total elapsed: 34.580s  Memory: 940.00M
 
Cell exclusion list:
   rule    | cell
   nwell.6 | sky130_fd_io__gpiov2_amux, sky130_fd_io__simple_pad_and_busses, sram
   nsd.1   | sram
   nsd.2   | sram
   psd.1   | sram
   psd.2   | sram
 
release 2023.6.14_01.08
