OpenROAD b16bda7e82721d10566ff7e2b68f1ff0be9f9e38 
Features included (+) or not (-): +Charts +GPU +GUI +Python
This program is licensed under the BSD-3 license. See the LICENSE file for details.
Components of this program may be licensed under more restrictive licenses which must be honored.
define_corners Typical
read_liberty -corner Typical /home/omers/.volare/sky130A/libs.ref/sky130_fd_sc_hd/lib/sky130_fd_sc_hd__tt_025C_1v80.lib
Using 1e-12 for capacitance...
Using 1e+03 for resistance...
Using 1e-09 for time...
Using 1e+00 for voltage...
Using 1e-03 for current...
Using 1e-09 for power...
Using 1e-06 for distance...
[INFO]: Reading ODB at '/openlane/designs/RegFileALU/runs/RUN_2025.05.19_20.31.36/tmp/routing/26-fill.odb'…
Reading design constraints file at '/openlane/designs/RegFileALU/src/RegFileALU.sdc'…
[INFO ORD-0030] Using 2 thread(s).
[INFO DRT-0149] Reading tech and libs.
[WARNING DRT-0349] LEF58_ENCLOSURE with no CUTCLASS is not supported. Skipping for layer mcon
[WARNING DRT-0349] LEF58_ENCLOSURE with no CUTCLASS is not supported. Skipping for layer mcon
[WARNING DRT-0349] LEF58_ENCLOSURE with no CUTCLASS is not supported. Skipping for layer via
[WARNING DRT-0349] LEF58_ENCLOSURE with no CUTCLASS is not supported. Skipping for layer via
[WARNING DRT-0349] LEF58_ENCLOSURE with no CUTCLASS is not supported. Skipping for layer via2
[WARNING DRT-0349] LEF58_ENCLOSURE with no CUTCLASS is not supported. Skipping for layer via2
[WARNING DRT-0349] LEF58_ENCLOSURE with no CUTCLASS is not supported. Skipping for layer via3
[WARNING DRT-0349] LEF58_ENCLOSURE with no CUTCLASS is not supported. Skipping for layer via3
[WARNING DRT-0349] LEF58_ENCLOSURE with no CUTCLASS is not supported. Skipping for layer via4
[WARNING DRT-0349] LEF58_ENCLOSURE with no CUTCLASS is not supported. Skipping for layer via4

Units:                1000
Number of layers:     13
Number of macros:     441
Number of vias:       29
Number of viarulegen: 25

[INFO DRT-0150] Reading design.

Design:                   RegFileALU
Die area:                 ( 0 0 ) ( 350000 350000 )
Number of track patterns: 12
Number of DEF vias:       0
Number of components:     19926
Number of terminals:      149
Number of snets:          2
Number of nets:           5668

[INFO DRT-0167] List of default vias:
  Layer via
    default via: M1M2_PR
  Layer via2
    default via: M2M3_PR
  Layer via3
    default via: M3M4_PR
  Layer via4
    default via: M4M5_PR
[INFO DRT-0162] Library cell analysis.
[INFO DRT-0163] Instance analysis.
[INFO DRT-0164] Number of unique instances = 284.
[INFO DRT-0168] Init region query.
[INFO DRT-0024]   Complete FR_MASTERSLICE.
[INFO DRT-0024]   Complete Fr_VIA.
[INFO DRT-0024]   Complete li1.
[INFO DRT-0024]   Complete mcon.
[INFO DRT-0024]   Complete met1.
[INFO DRT-0024]   Complete via.
[INFO DRT-0024]   Complete met2.
[INFO DRT-0024]   Complete via2.
[INFO DRT-0024]   Complete met3.
[INFO DRT-0024]   Complete via3.
[INFO DRT-0024]   Complete met4.
[INFO DRT-0024]   Complete via4.
[INFO DRT-0024]   Complete met5.
[INFO DRT-0033] FR_MASTERSLICE shape region query size = 0.
[INFO DRT-0033] FR_VIA shape region query size = 0.
[INFO DRT-0033] li1 shape region query size = 252787.
[INFO DRT-0033] mcon shape region query size = 8160.
[INFO DRT-0033] met1 shape region query size = 56046.
[INFO DRT-0033] via shape region query size = 4235.
[INFO DRT-0033] met2 shape region query size = 2541.
[INFO DRT-0033] via2 shape region query size = 3388.
[INFO DRT-0033] met3 shape region query size = 2688.
[INFO DRT-0033] via3 shape region query size = 3388.
[INFO DRT-0033] met4 shape region query size = 973.
[INFO DRT-0033] via4 shape region query size = 98.
[INFO DRT-0033] met5 shape region query size = 126.
[INFO DRT-0165] Start pin access.
[INFO DRT-0076]   Complete 1000 pins.
[INFO DRT-0078]   Complete 1002 pins.
[INFO DRT-0079]   Complete 100 unique inst patterns.
[INFO DRT-0079]   Complete 200 unique inst patterns.
[INFO DRT-0081]   Complete 266 unique inst patterns.
[INFO DRT-0084]   Complete 7166 groups.
#scanned instances     = 19926
#unique  instances     = 284
#stdCellGenAp          = 7433
#stdCellValidPlanarAp  = 70
#stdCellValidViaAp     = 5789
#stdCellPinNoAp        = 0
#stdCellPinCnt         = 19389
#instTermValidViaApCnt = 0
#macroGenAp            = 0
#macroValidPlanarAp    = 0
#macroValidViaAp       = 0
#macroNoAp             = 0
[INFO DRT-0166] Complete pin access.
[INFO DRT-0267] cpu time = 00:00:29, elapsed time = 00:00:13, memory = 187.01 (MB), peak = 187.01 (MB)

Number of guides:     56157

[INFO DRT-0169] Post process guides.
[INFO DRT-0176] GCELLGRID X 0 DO 50 STEP 6900 ;
[INFO DRT-0177] GCELLGRID Y 0 DO 50 STEP 6900 ;
[INFO DRT-0028]   Complete FR_MASTERSLICE.
[INFO DRT-0028]   Complete Fr_VIA.
[INFO DRT-0028]   Complete li1.
[INFO DRT-0028]   Complete mcon.
[INFO DRT-0028]   Complete met1.
[INFO DRT-0028]   Complete via.
[INFO DRT-0028]   Complete met2.
[INFO DRT-0028]   Complete via2.
[INFO DRT-0028]   Complete met3.
[INFO DRT-0028]   Complete via3.
[INFO DRT-0028]   Complete met4.
[INFO DRT-0028]   Complete via4.
[INFO DRT-0028]   Complete met5.
[INFO DRT-0178] Init guide query.
[INFO DRT-0035]   Complete FR_MASTERSLICE (guide).
[INFO DRT-0035]   Complete Fr_VIA (guide).
[INFO DRT-0035]   Complete li1 (guide).
[INFO DRT-0035]   Complete mcon (guide).
[INFO DRT-0035]   Complete met1 (guide).
[INFO DRT-0035]   Complete via (guide).
[INFO DRT-0035]   Complete met2 (guide).
[INFO DRT-0035]   Complete via2 (guide).
[INFO DRT-0035]   Complete met3 (guide).
[INFO DRT-0035]   Complete via3 (guide).
[INFO DRT-0035]   Complete met4 (guide).
[INFO DRT-0035]   Complete via4 (guide).
[INFO DRT-0035]   Complete met5 (guide).
[INFO DRT-0036] FR_MASTERSLICE guide region query size = 0.
[INFO DRT-0036] FR_VIA guide region query size = 0.
[INFO DRT-0036] li1 guide region query size = 18407.
[INFO DRT-0036] mcon guide region query size = 0.
[INFO DRT-0036] met1 guide region query size = 14477.
[INFO DRT-0036] via guide region query size = 0.
[INFO DRT-0036] met2 guide region query size = 8466.
[INFO DRT-0036] via2 guide region query size = 0.
[INFO DRT-0036] met3 guide region query size = 1166.
[INFO DRT-0036] via3 guide region query size = 0.
[INFO DRT-0036] met4 guide region query size = 417.
[INFO DRT-0036] via4 guide region query size = 0.
[INFO DRT-0036] met5 guide region query size = 1.
[INFO DRT-0179] Init gr pin query.
[INFO DRT-0245] skipped writing guide updates to database.
[INFO DRT-0185] Post process initialize RPin region query.
[INFO DRT-0181] Start track assignment.
[INFO DRT-0184] Done with 27290 vertical wires in 1 frboxes and 15644 horizontal wires in 1 frboxes.
[INFO DRT-0186] Done with 3309 vertical wires in 1 frboxes and 5629 horizontal wires in 1 frboxes.
[INFO DRT-0182] Complete track assignment.
[INFO DRT-0267] cpu time = 00:00:03, elapsed time = 00:00:02, memory = 271.57 (MB), peak = 271.57 (MB)
[INFO DRT-0187] Start routing data preparation.
[INFO DRT-0267] cpu time = 00:00:00, elapsed time = 00:00:00, memory = 271.57 (MB), peak = 271.57 (MB)
[INFO DRT-0194] Start detail routing.
[INFO DRT-0195] Start 0th optimization iteration.
    Completing 10% with 0 violations.
    elapsed time = 00:00:06, memory = 336.89 (MB).
    Completing 20% with 0 violations.
    elapsed time = 00:00:13, memory = 435.36 (MB).
    Completing 30% with 828 violations.
    elapsed time = 00:00:21, memory = 458.30 (MB).
    Completing 40% with 828 violations.
    elapsed time = 00:00:31, memory = 474.47 (MB).
    Completing 50% with 828 violations.
    elapsed time = 00:00:39, memory = 474.81 (MB).
    Completing 60% with 1748 violations.
    elapsed time = 00:00:52, memory = 479.38 (MB).
    Completing 70% with 1748 violations.
    elapsed time = 00:00:54, memory = 479.38 (MB).
    Completing 80% with 2601 violations.
    elapsed time = 00:01:08, memory = 517.62 (MB).
    Completing 90% with 2601 violations.
    elapsed time = 00:01:13, memory = 517.62 (MB).
    Completing 100% with 3343 violations.
    elapsed time = 00:01:21, memory = 456.85 (MB).
[INFO DRT-0199]   Number of violations = 5494.
Viol/Layer         li1   mcon   met1    via   met2   met3   via3   met4
Cut Spacing          0      8      0      0      0      0      0      0
Metal Spacing       34      0    539      0    180     21      0      3
Min Hole             0      0      1      0      0      0      0      0
Recheck              1      0   1306      0    679    136      0     29
Short                0      0   2102      3    427     22      1      2
[INFO DRT-0267] cpu time = 00:02:35, elapsed time = 00:01:21, memory = 724.62 (MB), peak = 724.62 (MB)
Total wire length = 260549 um.
Total wire length on LAYER li1 = 0 um.
Total wire length on LAYER met1 = 106392 um.
Total wire length on LAYER met2 = 108912 um.
Total wire length on LAYER met3 = 29791 um.
Total wire length on LAYER met4 = 15221 um.
Total wire length on LAYER met5 = 231 um.
Total number of vias = 54404.
Up-via summary (total 54404):

------------------------
 FR_MASTERSLICE        0
            li1    23680
           met1    28061
           met2     1969
           met3      692
           met4        2
------------------------
                   54404


[INFO DRT-0195] Start 1st optimization iteration.
    Completing 10% with 5494 violations.
    elapsed time = 00:00:04, memory = 725.43 (MB).
    Completing 20% with 5494 violations.
    elapsed time = 00:00:10, memory = 725.43 (MB).
    Completing 30% with 4490 violations.
    elapsed time = 00:00:17, memory = 739.40 (MB).
    Completing 40% with 4490 violations.
    elapsed time = 00:00:25, memory = 739.40 (MB).
    Completing 50% with 4490 violations.
    elapsed time = 00:00:32, memory = 752.98 (MB).
    Completing 60% with 3769 violations.
    elapsed time = 00:00:41, memory = 752.98 (MB).
    Completing 70% with 3769 violations.
    elapsed time = 00:00:45, memory = 752.98 (MB).
    Completing 80% with 2561 violations.
    elapsed time = 00:00:56, memory = 757.30 (MB).
    Completing 90% with 2561 violations.
    elapsed time = 00:01:01, memory = 761.10 (MB).
    Completing 100% with 1635 violations.
    elapsed time = 00:01:06, memory = 761.10 (MB).
[INFO DRT-0199]   Number of violations = 1647.
Viol/Layer        met1    via   met2   met3
Metal Spacing      220      0    107      3
Recheck              8      0      4      0
Short             1119      1    185      0
[INFO DRT-0267] cpu time = 00:02:06, elapsed time = 00:01:07, memory = 767.15 (MB), peak = 767.15 (MB)
Total wire length = 258048 um.
Total wire length on LAYER li1 = 0 um.
Total wire length on LAYER met1 = 105455 um.
Total wire length on LAYER met2 = 107464 um.
Total wire length on LAYER met3 = 29814 um.
Total wire length on LAYER met4 = 15085 um.
Total wire length on LAYER met5 = 230 um.
Total number of vias = 54231.
Up-via summary (total 54231):

------------------------
 FR_MASTERSLICE        0
            li1    23674
           met1    27864
           met2     2040
           met3      651
           met4        2
------------------------
                   54231


[INFO DRT-0195] Start 2nd optimization iteration.
    Completing 10% with 1647 violations.
    elapsed time = 00:00:02, memory = 767.15 (MB).
    Completing 20% with 1647 violations.
    elapsed time = 00:00:11, memory = 767.15 (MB).
    Completing 30% with 1634 violations.
    elapsed time = 00:00:14, memory = 767.15 (MB).
    Completing 40% with 1634 violations.
    elapsed time = 00:00:21, memory = 767.15 (MB).
    Completing 50% with 1634 violations.
    elapsed time = 00:00:30, memory = 767.15 (MB).
    Completing 60% with 1619 violations.
    elapsed time = 00:00:38, memory = 767.15 (MB).
    Completing 70% with 1619 violations.
    elapsed time = 00:00:47, memory = 767.15 (MB).
    Completing 80% with 1586 violations.
    elapsed time = 00:00:58, memory = 767.15 (MB).
    Completing 90% with 1586 violations.
    elapsed time = 00:01:02, memory = 767.15 (MB).
    Completing 100% with 1459 violations.
    elapsed time = 00:01:10, memory = 767.15 (MB).
[INFO DRT-0199]   Number of violations = 1459.
Viol/Layer        mcon   met1   met2
Cut Spacing          1      0      0
Metal Spacing        0    217    124
Short                0    966    151
[INFO DRT-0267] cpu time = 00:02:21, elapsed time = 00:01:11, memory = 733.49 (MB), peak = 767.15 (MB)
Total wire length = 257283 um.
Total wire length on LAYER li1 = 0 um.
Total wire length on LAYER met1 = 104977 um.
Total wire length on LAYER met2 = 107056 um.
Total wire length on LAYER met3 = 29836 um.
Total wire length on LAYER met4 = 15183 um.
Total wire length on LAYER met5 = 230 um.
Total number of vias = 54008.
Up-via summary (total 54008):

------------------------
 FR_MASTERSLICE        0
            li1    23674
           met1    27649
           met2     2015
           met3      668
           met4        2
------------------------
                   54008


[INFO DRT-0195] Start 3rd optimization iteration.
    Completing 10% with 1459 violations.
    elapsed time = 00:00:01, memory = 733.49 (MB).
    Completing 20% with 1459 violations.
    elapsed time = 00:00:03, memory = 733.49 (MB).
    Completing 30% with 1124 violations.
    elapsed time = 00:00:06, memory = 733.64 (MB).
    Completing 40% with 1124 violations.
    elapsed time = 00:00:11, memory = 733.64 (MB).
    Completing 50% with 1124 violations.
    elapsed time = 00:00:15, memory = 733.64 (MB).
    Completing 60% with 743 violations.
    elapsed time = 00:00:20, memory = 733.64 (MB).
    Completing 70% with 743 violations.
    elapsed time = 00:00:21, memory = 733.64 (MB).
    Completing 80% with 435 violations.
    elapsed time = 00:00:27, memory = 733.64 (MB).
    Completing 90% with 435 violations.
    elapsed time = 00:00:27, memory = 733.64 (MB).
    Completing 100% with 99 violations.
    elapsed time = 00:00:35, memory = 733.64 (MB).
[INFO DRT-0199]   Number of violations = 106.
Viol/Layer        met1    via   met2   met3
Cut Spacing          0      1      0      0
Metal Spacing       33      0      8      0
Min Hole             1      0      0      0
Recheck              2      0      4      1
Short               44      0     12      0
[INFO DRT-0267] cpu time = 00:01:03, elapsed time = 00:00:35, memory = 733.64 (MB), peak = 767.15 (MB)
Total wire length = 256535 um.
Total wire length on LAYER li1 = 0 um.
Total wire length on LAYER met1 = 98264 um.
Total wire length on LAYER met2 = 106258 um.
Total wire length on LAYER met3 = 35892 um.
Total wire length on LAYER met4 = 15889 um.
Total wire length on LAYER met5 = 230 um.
Total number of vias = 54723.
Up-via summary (total 54723):

------------------------
 FR_MASTERSLICE        0
            li1    23674
           met1    27499
           met2     2826
           met3      722
           met4        2
------------------------
                   54723


[INFO DRT-0195] Start 4th optimization iteration.
    Completing 10% with 106 violations.
    elapsed time = 00:00:00, memory = 733.64 (MB).
    Completing 20% with 106 violations.
    elapsed time = 00:00:00, memory = 733.64 (MB).
    Completing 30% with 104 violations.
    elapsed time = 00:00:00, memory = 733.64 (MB).
    Completing 40% with 104 violations.
    elapsed time = 00:00:00, memory = 733.64 (MB).
    Completing 50% with 104 violations.
    elapsed time = 00:00:01, memory = 733.64 (MB).
    Completing 60% with 88 violations.
    elapsed time = 00:00:02, memory = 733.64 (MB).
    Completing 70% with 88 violations.
    elapsed time = 00:00:02, memory = 733.64 (MB).
    Completing 80% with 42 violations.
    elapsed time = 00:00:03, memory = 733.64 (MB).
    Completing 90% with 42 violations.
    elapsed time = 00:00:03, memory = 733.64 (MB).
    Completing 100% with 0 violations.
    elapsed time = 00:00:04, memory = 733.64 (MB).
[INFO DRT-0199]   Number of violations = 0.
[INFO DRT-0267] cpu time = 00:00:07, elapsed time = 00:00:04, memory = 733.64 (MB), peak = 767.15 (MB)
Total wire length = 256478 um.
Total wire length on LAYER li1 = 0 um.
Total wire length on LAYER met1 = 98188 um.
Total wire length on LAYER met2 = 106194 um.
Total wire length on LAYER met3 = 35936 um.
Total wire length on LAYER met4 = 15928 um.
Total wire length on LAYER met5 = 230 um.
Total number of vias = 54718.
Up-via summary (total 54718):

------------------------
 FR_MASTERSLICE        0
            li1    23674
           met1    27489
           met2     2830
           met3      723
           met4        2
------------------------
                   54718


[INFO DRT-0198] Complete detail routing.
Total wire length = 256478 um.
Total wire length on LAYER li1 = 0 um.
Total wire length on LAYER met1 = 98188 um.
Total wire length on LAYER met2 = 106194 um.
Total wire length on LAYER met3 = 35936 um.
Total wire length on LAYER met4 = 15928 um.
Total wire length on LAYER met5 = 230 um.
Total number of vias = 54718.
Up-via summary (total 54718):

------------------------
 FR_MASTERSLICE        0
            li1    23674
           met1    27489
           met2     2830
           met3      723
           met4        2
------------------------
                   54718


[INFO DRT-0267] cpu time = 00:08:14, elapsed time = 00:04:20, memory = 733.64 (MB), peak = 767.15 (MB)

[INFO DRT-0180] Post processing.
Setting global connections for newly added cells…
Writing OpenROAD database to '/openlane/designs/RegFileALU/runs/RUN_2025.05.19_20.31.36/results/routing/RegFileALU.odb'…
Writing netlist to '/openlane/designs/RegFileALU/runs/RUN_2025.05.19_20.31.36/results/routing/RegFileALU.nl.v'…
Writing powered netlist to '/openlane/designs/RegFileALU/runs/RUN_2025.05.19_20.31.36/results/routing/RegFileALU.pnl.v'…
Writing layout to '/openlane/designs/RegFileALU/runs/RUN_2025.05.19_20.31.36/results/routing/RegFileALU.def'…
