
===========================================================================
report_checks -unconstrained
===========================================================================
======================= Fastest Corner ===================================

Startpoint: _330_ (rising edge-triggered flip-flop clocked by core_clock)
Endpoint: _341_ (rising edge-triggered flip-flop clocked by core_clock)
Path Group: core_clock
Path Type: max
Corner: Fastest

Fanout     Cap    Slew   Delay    Time   Description
-----------------------------------------------------------------------------
                          0.00    0.00   clock core_clock (rise edge)
                          0.00    0.00   clock source latency
     1    0.03    0.00    0.00    0.00 ^ clk (in)
                                         clk (net)
                  0.00    0.00    0.00 ^ clkbuf_0_clk/A (sky130_fd_sc_hd__clkbuf_16)
     4    0.05    0.05    0.09    0.09 ^ clkbuf_0_clk/X (sky130_fd_sc_hd__clkbuf_16)
                                         clknet_0_clk (net)
                  0.05    0.00    0.10 ^ clkbuf_2_3__f_clk/A (sky130_fd_sc_hd__clkbuf_16)
     9    0.04    0.04    0.10    0.20 ^ clkbuf_2_3__f_clk/X (sky130_fd_sc_hd__clkbuf_16)
                                         clknet_2_3__leaf_clk (net)
                  0.04    0.00    0.20 ^ _330_/CLK (sky130_fd_sc_hd__dfrtp_4)
     7    0.05    0.09    0.35    0.55 v _330_/Q (sky130_fd_sc_hd__dfrtp_4)
                                         one_second_counter[0] (net)
                  0.10    0.01    0.56 v _177_/D (sky130_fd_sc_hd__and4_4)
     8    0.07    0.08    0.20    0.76 v _177_/X (sky130_fd_sc_hd__and4_4)
                                         _075_ (net)
                  0.08    0.01    0.77 v _179_/A (sky130_fd_sc_hd__and2_2)
     5    0.05    0.09    0.19    0.96 v _179_/X (sky130_fd_sc_hd__and2_2)
                                         _077_ (net)
                  0.09    0.00    0.97 v _184_/A2 (sky130_fd_sc_hd__o31a_1)
     1    0.02    0.07    0.23    1.20 v _184_/X (sky130_fd_sc_hd__o31a_1)
                                         _082_ (net)
                  0.07    0.00    1.20 v _186_/A2 (sky130_fd_sc_hd__o211ai_4)
     2    0.02    0.18    0.18    1.38 ^ _186_/Y (sky130_fd_sc_hd__o211ai_4)
                                         _084_ (net)
                  0.18    0.00    1.38 ^ _187_/A2 (sky130_fd_sc_hd__a21bo_2)
     9    0.06    0.25    0.25    1.63 ^ _187_/X (sky130_fd_sc_hd__a21bo_2)
                                         _085_ (net)
                  0.25    0.01    1.64 ^ _188_/A (sky130_fd_sc_hd__inv_2)
     2    0.03    0.08    0.07    1.71 v _188_/Y (sky130_fd_sc_hd__inv_2)
                                         _086_ (net)
                  0.08    0.00    1.71 v _189_/A (sky130_fd_sc_hd__clkbuf_4)
    10    0.08    0.11    0.19    1.89 v _189_/X (sky130_fd_sc_hd__clkbuf_4)
                                         _027_ (net)
                  0.11    0.00    1.90 v _229_/A (sky130_fd_sc_hd__nor3_1)
     1    0.02    0.42    0.38    2.28 ^ _229_/Y (sky130_fd_sc_hd__nor3_1)
                                         _002_ (net)
                  0.42    0.00    2.28 ^ _341_/D (sky130_fd_sc_hd__dfrtp_2)
                                  2.28   data arrival time

                         10.00   10.00   clock core_clock (rise edge)
                          0.00   10.00   clock source latency
     1    0.03    0.00    0.00   10.00 ^ clk (in)
                                         clk (net)
                  0.00    0.00   10.00 ^ clkbuf_0_clk/A (sky130_fd_sc_hd__clkbuf_16)
     4    0.05    0.05    0.09   10.09 ^ clkbuf_0_clk/X (sky130_fd_sc_hd__clkbuf_16)
                                         clknet_0_clk (net)
                  0.05    0.00   10.10 ^ clkbuf_2_1__f_clk/A (sky130_fd_sc_hd__clkbuf_16)
    10    0.04    0.04    0.10   10.20 ^ clkbuf_2_1__f_clk/X (sky130_fd_sc_hd__clkbuf_16)
                                         clknet_2_1__leaf_clk (net)
                  0.04    0.00   10.20 ^ _341_/CLK (sky130_fd_sc_hd__dfrtp_2)
                          0.00   10.20   clock reconvergence pessimism
                         -0.08   10.12   library setup time
                                 10.12   data required time
-----------------------------------------------------------------------------
                                 10.12   data required time
                                 -2.28   data arrival time
-----------------------------------------------------------------------------
                                  7.84   slack (MET)



======================= Slowest Corner ===================================

Startpoint: _342_ (rising edge-triggered flip-flop clocked by core_clock)
Endpoint: _341_ (rising edge-triggered flip-flop clocked by core_clock)
Path Group: core_clock
Path Type: max
Corner: Slowest

Fanout     Cap    Slew   Delay    Time   Description
-----------------------------------------------------------------------------
                          0.00    0.00   clock core_clock (rise edge)
                          0.00    0.00   clock source latency
     1    0.03    0.00    0.00    0.00 ^ clk (in)
                                         clk (net)
                  0.00    0.00    0.00 ^ clkbuf_0_clk/A (sky130_fd_sc_hd__clkbuf_16)
     4    0.05    0.11    0.23    0.23 ^ clkbuf_0_clk/X (sky130_fd_sc_hd__clkbuf_16)
                                         clknet_0_clk (net)
                  0.11    0.00    0.23 ^ clkbuf_2_3__f_clk/A (sky130_fd_sc_hd__clkbuf_16)
     9    0.03    0.09    0.26    0.49 ^ clkbuf_2_3__f_clk/X (sky130_fd_sc_hd__clkbuf_16)
                                         clknet_2_3__leaf_clk (net)
                  0.09    0.00    0.49 ^ _342_/CLK (sky130_fd_sc_hd__dfrtp_4)
     5    0.04    0.20    1.11    1.61 v _342_/Q (sky130_fd_sc_hd__dfrtp_4)
                                         one_second_counter[12] (net)
                  0.20    0.00    1.61 v _180_/C (sky130_fd_sc_hd__and4_1)
     2    0.02    0.21    0.59    2.19 v _180_/X (sky130_fd_sc_hd__and4_1)
                                         _078_ (net)
                  0.21    0.00    2.20 v _181_/D (sky130_fd_sc_hd__or4_1)
     1    0.01    0.23    1.08    3.28 v _181_/X (sky130_fd_sc_hd__or4_1)
                                         _079_ (net)
                  0.23    0.00    3.28 v _184_/A3 (sky130_fd_sc_hd__o31a_1)
     1    0.02    0.19    0.63    3.91 v _184_/X (sky130_fd_sc_hd__o31a_1)
                                         _082_ (net)
                  0.19    0.00    3.91 v _186_/A2 (sky130_fd_sc_hd__o211ai_4)
     2    0.02    0.38    0.43    4.34 ^ _186_/Y (sky130_fd_sc_hd__o211ai_4)
                                         _084_ (net)
                  0.38    0.00    4.34 ^ _187_/A2 (sky130_fd_sc_hd__a21bo_2)
     9    0.06    0.49    0.69    5.03 ^ _187_/X (sky130_fd_sc_hd__a21bo_2)
                                         _085_ (net)
                  0.49    0.01    5.04 ^ _188_/A (sky130_fd_sc_hd__inv_2)
     2    0.03    0.17    0.30    5.34 v _188_/Y (sky130_fd_sc_hd__inv_2)
                                         _086_ (net)
                  0.17    0.00    5.34 v _189_/A (sky130_fd_sc_hd__clkbuf_4)
    10    0.08    0.28    0.48    5.82 v _189_/X (sky130_fd_sc_hd__clkbuf_4)
                                         _027_ (net)
                  0.28    0.00    5.82 v _229_/A (sky130_fd_sc_hd__nor3_1)
     1    0.02    1.02    0.98    6.80 ^ _229_/Y (sky130_fd_sc_hd__nor3_1)
                                         _002_ (net)
                  1.02    0.00    6.80 ^ _341_/D (sky130_fd_sc_hd__dfrtp_2)
                                  6.80   data arrival time

                         10.00   10.00   clock core_clock (rise edge)
                          0.00   10.00   clock source latency
     1    0.03    0.00    0.00   10.00 ^ clk (in)
                                         clk (net)
                  0.00    0.00   10.00 ^ clkbuf_0_clk/A (sky130_fd_sc_hd__clkbuf_16)
     4    0.05    0.11    0.23   10.23 ^ clkbuf_0_clk/X (sky130_fd_sc_hd__clkbuf_16)
                                         clknet_0_clk (net)
                  0.11    0.00   10.23 ^ clkbuf_2_1__f_clk/A (sky130_fd_sc_hd__clkbuf_16)
    10    0.03    0.09    0.26   10.49 ^ clkbuf_2_1__f_clk/X (sky130_fd_sc_hd__clkbuf_16)
                                         clknet_2_1__leaf_clk (net)
                  0.09    0.00   10.49 ^ _341_/CLK (sky130_fd_sc_hd__dfrtp_2)
                          0.00   10.49   clock reconvergence pessimism
                         -0.38   10.12   library setup time
                                 10.12   data required time
-----------------------------------------------------------------------------
                                 10.12   data required time
                                 -6.80   data arrival time
-----------------------------------------------------------------------------
                                  3.32   slack (MET)



======================= Typical Corner ===================================

Startpoint: _342_ (rising edge-triggered flip-flop clocked by core_clock)
Endpoint: _341_ (rising edge-triggered flip-flop clocked by core_clock)
Path Group: core_clock
Path Type: max
Corner: Typical

Fanout     Cap    Slew   Delay    Time   Description
-----------------------------------------------------------------------------
                          0.00    0.00   clock core_clock (rise edge)
                          0.00    0.00   clock source latency
     1    0.03    0.00    0.00    0.00 ^ clk (in)
                                         clk (net)
                  0.00    0.00    0.00 ^ clkbuf_0_clk/A (sky130_fd_sc_hd__clkbuf_16)
     4    0.05    0.07    0.13    0.13 ^ clkbuf_0_clk/X (sky130_fd_sc_hd__clkbuf_16)
                                         clknet_0_clk (net)
                  0.07    0.00    0.14 ^ clkbuf_2_3__f_clk/A (sky130_fd_sc_hd__clkbuf_16)
     9    0.03    0.05    0.15    0.28 ^ clkbuf_2_3__f_clk/X (sky130_fd_sc_hd__clkbuf_16)
                                         clknet_2_3__leaf_clk (net)
                  0.05    0.00    0.28 ^ _342_/CLK (sky130_fd_sc_hd__dfrtp_4)
     5    0.04    0.11    0.54    0.82 v _342_/Q (sky130_fd_sc_hd__dfrtp_4)
                                         one_second_counter[12] (net)
                  0.11    0.00    0.82 v _180_/C (sky130_fd_sc_hd__and4_1)
     2    0.02    0.11    0.29    1.11 v _180_/X (sky130_fd_sc_hd__and4_1)
                                         _078_ (net)
                  0.11    0.00    1.11 v _181_/D (sky130_fd_sc_hd__or4_1)
     1    0.01    0.11    0.45    1.56 v _181_/X (sky130_fd_sc_hd__or4_1)
                                         _079_ (net)
                  0.11    0.00    1.56 v _184_/A3 (sky130_fd_sc_hd__o31a_1)
     1    0.02    0.10    0.32    1.88 v _184_/X (sky130_fd_sc_hd__o31a_1)
                                         _082_ (net)
                  0.10    0.00    1.88 v _186_/A2 (sky130_fd_sc_hd__o211ai_4)
     2    0.02    0.24    0.25    2.14 ^ _186_/Y (sky130_fd_sc_hd__o211ai_4)
                                         _084_ (net)
                  0.24    0.00    2.14 ^ _187_/A2 (sky130_fd_sc_hd__a21bo_2)
     9    0.06    0.32    0.38    2.51 ^ _187_/X (sky130_fd_sc_hd__a21bo_2)
                                         _085_ (net)
                  0.32    0.01    2.52 ^ _188_/A (sky130_fd_sc_hd__inv_2)
     2    0.03    0.11    0.13    2.66 v _188_/Y (sky130_fd_sc_hd__inv_2)
                                         _086_ (net)
                  0.11    0.00    2.66 v _189_/A (sky130_fd_sc_hd__clkbuf_4)
    10    0.08    0.16    0.27    2.93 v _189_/X (sky130_fd_sc_hd__clkbuf_4)
                                         _027_ (net)
                  0.16    0.00    2.93 v _229_/A (sky130_fd_sc_hd__nor3_1)
     1    0.02    0.61    0.56    3.49 ^ _229_/Y (sky130_fd_sc_hd__nor3_1)
                                         _002_ (net)
                  0.61    0.00    3.49 ^ _341_/D (sky130_fd_sc_hd__dfrtp_2)
                                  3.49   data arrival time

                         10.00   10.00   clock core_clock (rise edge)
                          0.00   10.00   clock source latency
     1    0.03    0.00    0.00   10.00 ^ clk (in)
                                         clk (net)
                  0.00    0.00   10.00 ^ clkbuf_0_clk/A (sky130_fd_sc_hd__clkbuf_16)
     4    0.05    0.07    0.13   10.13 ^ clkbuf_0_clk/X (sky130_fd_sc_hd__clkbuf_16)
                                         clknet_0_clk (net)
                  0.07    0.00   10.14 ^ clkbuf_2_1__f_clk/A (sky130_fd_sc_hd__clkbuf_16)
    10    0.04    0.06    0.15   10.28 ^ clkbuf_2_1__f_clk/X (sky130_fd_sc_hd__clkbuf_16)
                                         clknet_2_1__leaf_clk (net)
                  0.06    0.00   10.29 ^ _341_/CLK (sky130_fd_sc_hd__dfrtp_2)
                          0.00   10.29   clock reconvergence pessimism
                         -0.18   10.11   library setup time
                                 10.11   data required time
-----------------------------------------------------------------------------
                                 10.11   data required time
                                 -3.49   data arrival time
-----------------------------------------------------------------------------
                                  6.61   slack (MET)




===========================================================================
report_checks --slack_max -0.01
============================================================================
======================= Fastest Corner ===================================

No paths found.

======================= Slowest Corner ===================================

No paths found.

======================= Typical Corner ===================================

No paths found.


===========================================================================
 report_check_types -max_slew -max_cap -max_fanout -violators
============================================================================
======================= Fastest Corner ===================================


max slew violations count Fastest: 0
max fanout violations count Fastest: 0
max cap violations count Fastest: 0
======================= Slowest Corner ===================================


max slew violations count Slowest: 0
max fanout violations count Slowest: 0
max cap violations count Slowest: 0
======================= Typical Corner ===================================


max slew violations count Typical: 0
max fanout violations count Typical: 0
max cap violations count Typical: 0

===========================================================================
report_parasitic_annotation -report_unannotated
============================================================================
Found 11 unannotated drivers.
 ZeroToFiveCounter_10/LO
 ZeroToFiveCounter_11/LO
 ZeroToFiveCounter_12/LO
 ZeroToFiveCounter_13/LO
 ZeroToFiveCounter_14/LO
 ZeroToFiveCounter_15/LO
 ZeroToFiveCounter_16/LO
 ZeroToFiveCounter_9/HI
 clkload0/X
 clkload1/Y
 clkload2/X
Found 0 partially unannotated drivers.

===========================================================================
max slew violation count 0
max fanout violation count 0
max cap violation count 0
============================================================================

===========================================================================
check_setup -verbose -unconstrained_endpoints -multiple_clock -no_clock -no_input_delay -loops -generated_clocks
===========================================================================
Warning: There is 1 input port missing set_input_delay.
  rst
Warning: There are 15 unconstrained endpoints.
  an[0]
  an[1]
  an[2]
  an[3]
  an[4]
  an[5]
  an[6]
  an[7]
  seg[0]
  seg[1]
  seg[2]
  seg[3]
  seg[4]
  seg[5]
  seg[6]
