
===========================================================================
 report_power
============================================================================
======================= Fastest Corner ===================================

Group                  Internal  Switching    Leakage      Total
                          Power      Power      Power      Power (Watts)
----------------------------------------------------------------
Sequential             1.51e-04   0.00e+00   3.05e-08   1.51e-04  44.8%
Combinational          3.19e-14   1.55e-13   9.49e-10   9.50e-10   0.0%
Clock                  1.12e-04   7.42e-05   1.42e-09   1.86e-04  55.2%
Macro                  0.00e+00   0.00e+00   0.00e+00   0.00e+00   0.0%
Pad                    0.00e+00   0.00e+00   0.00e+00   0.00e+00   0.0%
----------------------------------------------------------------
Total                  2.62e-04   7.42e-05   3.29e-08   3.37e-04 100.0%
                          78.0%      22.0%       0.0%

======================= Slowest Corner ===================================

Group                  Internal  Switching    Leakage      Total
                          Power      Power      Power      Power (Watts)
----------------------------------------------------------------
Sequential             9.93e-05   0.00e+00   6.25e-07   9.99e-05  43.6%
Combinational          2.19e-14   1.03e-13   7.59e-07   7.59e-07   0.3%
Clock                  8.00e-05   4.85e-05   1.14e-07   1.29e-04  56.1%
Macro                  0.00e+00   0.00e+00   0.00e+00   0.00e+00   0.0%
Pad                    0.00e+00   0.00e+00   0.00e+00   0.00e+00   0.0%
----------------------------------------------------------------
Total                  1.79e-04   4.85e-05   1.50e-06   2.29e-04 100.0%
                          78.2%      21.2%       0.7%

======================= Typical Corner ===================================

Group                  Internal  Switching    Leakage      Total
                          Power      Power      Power      Power (Watts)
----------------------------------------------------------------
Sequential             1.29e-04   0.00e+00   3.00e-08   1.29e-04  44.7%
Combinational          2.69e-14   1.32e-13   6.33e-10   6.34e-10   0.0%
Clock                  9.76e-05   6.23e-05   1.13e-09   1.60e-04  55.3%
Macro                  0.00e+00   0.00e+00   0.00e+00   0.00e+00   0.0%
Pad                    0.00e+00   0.00e+00   0.00e+00   0.00e+00   0.0%
----------------------------------------------------------------
Total                  2.27e-04   6.23e-05   3.18e-08   2.89e-04 100.0%
                          78.5%      21.5%       0.0%

