OpenROAD b16bda7e82721d10566ff7e2b68f1ff0be9f9e38 
Features included (+) or not (-): +Charts +GPU +GUI +Python
This program is licensed under the BSD-3 license. See the LICENSE file for details.
Components of this program may be licensed under more restrictive licenses which must be honored.
Top-level design name: ZeroToFiveCounter
Block boundaries: 0 0 120000 120000
Horizontal Tracks Origin: 340, Count: 176, Step: 680
Vertical Tracks Origin: 230, Count: 261, Step: 460
Placement details for the #E side
Virtual pin count:  0
Actual pin count:  15
Total pin count:  15
Tracks count:  88
Tracks per pin:  5
Used tracks count:  71
Unused track count:  17
Starting track index:  8
Placement Map:
[340, 1700, 3060, 4420, 5780, 7140, 8500, 9860, [91m11220[0m, 12580, 13940, 15300, 16660, [91m18020[0m, 19380, 20740, 22100, 23460, [91m24820[0m, 26180, 27540, 28900, 30260, [91m31620[0m, 32980, 34340, 35700, 37060, [91m38420[0m, 39780, 41140, 42500, 43860, [91m45220[0m, 46580, 47940, 49300, 50660, [91m52020[0m, 53380, 54740, 56100, 57460, [91m58820[0m, 60180, 61540, 62900, 64260, [91m65620[0m, 66980, 68340, 69700, 71060, [91m72420[0m, 73780, 75140, 76500, 77860, [91m79220[0m, 80580, 81940, 83300, 84660, [91m86020[0m, 87380, 88740, 90100, 91460, [91m92820[0m, 94180, 95540, 96900, 98260, [91m99620[0m, 100980, 102340, 103700, 105060, [91m106420[0m, 107780, 109140, 110500, 111860, 113220, 114580, 115940, 117300, 118660, ]
Indices of used tracks: [8, 13, 18, 23, 28, 33, 38, 43, 48, 53, 58, 63, 68, 73, 78]
---
Placement details for the #W side
Virtual pin count:  0
Actual pin count:  2
Total pin count:  2
Tracks count:  88
Tracks per pin:  44
Used tracks count:  45
Unused track count:  43
Starting track index:  21
Placement Map:
[340, 1700, 3060, 4420, 5780, 7140, 8500, 9860, 11220, 12580, 13940, 15300, 16660, 18020, 19380, 20740, 22100, 23460, 24820, 26180, 27540, [91m28900[0m, 30260, 31620, 32980, 34340, 35700, 37060, 38420, 39780, 41140, 42500, 43860, 45220, 46580, 47940, 49300, 50660, 52020, 53380, 54740, 56100, 57460, 58820, 60180, 61540, 62900, 64260, 65620, 66980, 68340, 69700, 71060, 72420, 73780, 75140, 76500, 77860, 79220, 80580, 81940, 83300, 84660, 86020, 87380, [91m88740[0m, 90100, 91460, 92820, 94180, 95540, 96900, 98260, 99620, 100980, 102340, 103700, 105060, 106420, 107780, 109140, 110500, 111860, 113220, 114580, 115940, 117300, 118660, ]
Indices of used tracks: [21, 65]
---
