
===========================================================================
 report_power
============================================================================
======================= Fastest Corner ===================================

Group                  Internal  Switching    Leakage      Total
                          Power      Power      Power      Power (Watts)
----------------------------------------------------------------
Sequential             1.07e-03   1.13e-04   1.11e-07   1.18e-03  17.8%
Combinational          1.77e-03   2.88e-03   8.79e-09   4.65e-03  69.8%
Clock                  4.04e-04   4.25e-04   4.94e-09   8.29e-04  12.4%
Macro                  0.00e+00   0.00e+00   0.00e+00   0.00e+00   0.0%
Pad                    0.00e+00   0.00e+00   0.00e+00   0.00e+00   0.0%
----------------------------------------------------------------
Total                  3.25e-03   3.42e-03   1.25e-07   6.66e-03 100.0%
                          48.7%      51.3%       0.0%

======================= Slowest Corner ===================================

Group                  Internal  Switching    Leakage      Total
                          Power      Power      Power      Power (Watts)
----------------------------------------------------------------
Sequential             7.11e-04   7.47e-05   3.54e-06   7.90e-04  17.3%
Combinational          1.30e-03   1.90e-03   7.10e-06   3.20e-03  70.3%
Clock                  2.91e-04   2.75e-04   4.51e-07   5.66e-04  12.4%
Macro                  0.00e+00   0.00e+00   0.00e+00   0.00e+00   0.0%
Pad                    0.00e+00   0.00e+00   0.00e+00   0.00e+00   0.0%
----------------------------------------------------------------
Total                  2.30e-03   2.25e-03   1.11e-05   4.56e-03 100.0%
                          50.5%      49.3%       0.2%

======================= Typical Corner ===================================

Group                  Internal  Switching    Leakage      Total
                          Power      Power      Power      Power (Watts)
----------------------------------------------------------------
Sequential             9.23e-04   9.53e-05   1.11e-07   1.02e-03  17.7%
Combinational          1.60e-03   2.42e-03   5.60e-09   4.02e-03  69.9%
Clock                  3.54e-04   3.56e-04   3.84e-09   7.10e-04  12.4%
Macro                  0.00e+00   0.00e+00   0.00e+00   0.00e+00   0.0%
Pad                    0.00e+00   0.00e+00   0.00e+00   0.00e+00   0.0%
----------------------------------------------------------------
Total                  2.87e-03   2.87e-03   1.20e-07   5.75e-03 100.0%
                          50.0%      50.0%       0.0%

