
 /----------------------------------------------------------------------------\
 |                                                                            |
 |  yosys -- Yosys Open SYnthesis Suite                                       |
 |                                                                            |
 |  Copyright (C) 2012 - 2020  Claire Xenia Wolf <claire@yosyshq.com>         |
 |                                                                            |
 |  Permission to use, copy, modify, and/or distribute this software for any  |
 |  purpose with or without fee is hereby granted, provided that the above    |
 |  copyright notice and this permission notice appear in all copies.         |
 |                                                                            |
 |  THE SOFTWARE IS PROVIDED "AS IS" AND THE AUTHOR DISCLAIMS ALL WARRANTIES  |
 |  WITH REGARD TO THIS SOFTWARE INCLUDING ALL IMPLIED WARRANTIES OF          |
 |  MERCHANTABILITY AND FITNESS. IN NO EVENT SHALL THE AUTHOR BE LIABLE FOR   |
 |  ANY SPECIAL, DIRECT, INDIRECT, OR CONSEQUENTIAL DAMAGES OR ANY DAMAGES    |
 |  WHATSOEVER RESULTING FROM LOSS OF USE, DATA OR PROFITS, WHETHER IN AN     |
 |  ACTION OF CONTRACT, NEGLIGENCE OR OTHER TORTIOUS ACTION, ARISING OUT OF   |
 |  OR IN CONNECTION WITH THE USE OR PERFORMANCE OF THIS SOFTWARE.            |
 |                                                                            |
 \----------------------------------------------------------------------------/

 Yosys 0.38 (git sha1 543faed9c8c, clang++ 17.0.6 -fPIC -Os)

[TCL: yosys -import] Command name collision: found pre-existing command `cd' -> skip.
[TCL: yosys -import] Command name collision: found pre-existing command `eval' -> skip.
[TCL: yosys -import] Command name collision: found pre-existing command `exec' -> skip.
[TCL: yosys -import] Command name collision: found pre-existing command `read' -> skip.
[TCL: yosys -import] Command name collision: found pre-existing command `trace' -> skip.

1. Executing Liberty frontend: /home/omers/.volare/sky130A/libs.ref/sky130_fd_sc_hd/lib/sky130_fd_sc_hd__tt_025C_1v80.lib
Imported 428 cell types from liberty file.

2. Executing Verilog-2005 frontend: /openlane/designs/RegFileALU/src/RegFileALU.v
Parsing SystemVerilog input from `/openlane/designs/RegFileALU/src/RegFileALU.v' to AST representation.
Storing AST representation for module `$abstract\RegFileALU'.
Successfully finished Verilog frontend.

3. Executing HIERARCHY pass (managing design hierarchy).

4. Executing AST frontend in derive mode using pre-parsed AST for module `\RegFileALU'.
Generating RTLIL representation for module `\RegFileALU'.

4.1. Analyzing design hierarchy..
Top module:  \RegFileALU

4.2. Analyzing design hierarchy..
Top module:  \RegFileALU
Removing unused module `$abstract\RegFileALU'.
Removed 1 unused modules.

5. Generating Graphviz representation of design.
Writing dot description to `/openlane/designs/RegFileALU/runs/RUN_2025.05.19_20.31.36/tmp/synthesis/hierarchy.dot'.
Dumping module RegFileALU to page 1.
Renaming module RegFileALU to RegFileALU.

6. Executing TRIBUF pass.

7. Executing HIERARCHY pass (managing design hierarchy).

7.1. Analyzing design hierarchy..
Top module:  \RegFileALU

7.2. Analyzing design hierarchy..
Top module:  \RegFileALU
Removed 0 unused modules.

8. Executing PROC_CLEAN pass (remove empty switches from decision trees).
Cleaned up 0 empty switches.

9. Executing PROC_RMDEAD pass (remove dead branches from decision trees).
Removed 1 dead cases from process $proc$/openlane/designs/RegFileALU/src/RegFileALU.v:25$11 in module RegFileALU.
Marked 1 switch rules as full_case in process $proc$/openlane/designs/RegFileALU/src/RegFileALU.v:25$11 in module RegFileALU.
Marked 1 switch rules as full_case in process $proc$/openlane/designs/RegFileALU/src/RegFileALU.v:19$4 in module RegFileALU.
Removed a total of 1 dead cases.

10. Executing PROC_PRUNE pass (remove redundant assignments in processes).
Removed 0 redundant assignments.
Promoted 4 assignments to connections.

11. Executing PROC_INIT pass (extract init attributes).

12. Executing PROC_ARST pass (detect async resets in processes).

13. Executing PROC_ROM pass (convert switches to ROMs).
Converted 0 switches.
<suppressed ~2 debug messages>

14. Executing PROC_MUX pass (convert decision trees to multiplexers).
Creating decoders for process `\RegFileALU.$proc$/openlane/designs/RegFileALU/src/RegFileALU.v:25$11'.
     1/1: $1\alu_result[31:0]
Creating decoders for process `\RegFileALU.$proc$/openlane/designs/RegFileALU/src/RegFileALU.v:19$4'.
     1/3: $1$memwr$\registers$/openlane/designs/RegFileALU/src/RegFileALU.v:21$1_EN[31:0]$10
     2/3: $1$memwr$\registers$/openlane/designs/RegFileALU/src/RegFileALU.v:21$1_DATA[31:0]$9
     3/3: $1$memwr$\registers$/openlane/designs/RegFileALU/src/RegFileALU.v:21$1_ADDR[4:0]$8

15. Executing PROC_DLATCH pass (convert process syncs to latches).
No latch inferred for signal `\RegFileALU.\alu_result' from process `\RegFileALU.$proc$/openlane/designs/RegFileALU/src/RegFileALU.v:25$11'.

16. Executing PROC_DFF pass (convert process syncs to FFs).
Creating register for signal `\RegFileALU.$memwr$\registers$/openlane/designs/RegFileALU/src/RegFileALU.v:21$1_ADDR' using process `\RegFileALU.$proc$/openlane/designs/RegFileALU/src/RegFileALU.v:19$4'.
  created $dff cell `$procdff$30' with positive edge clock.
Creating register for signal `\RegFileALU.$memwr$\registers$/openlane/designs/RegFileALU/src/RegFileALU.v:21$1_DATA' using process `\RegFileALU.$proc$/openlane/designs/RegFileALU/src/RegFileALU.v:19$4'.
  created $dff cell `$procdff$31' with positive edge clock.
Creating register for signal `\RegFileALU.$memwr$\registers$/openlane/designs/RegFileALU/src/RegFileALU.v:21$1_EN' using process `\RegFileALU.$proc$/openlane/designs/RegFileALU/src/RegFileALU.v:19$4'.
  created $dff cell `$procdff$32' with positive edge clock.

17. Executing PROC_MEMWR pass (convert process memory writes to cells).

18. Executing PROC_CLEAN pass (remove empty switches from decision trees).
Found and cleaned up 1 empty switch in `\RegFileALU.$proc$/openlane/designs/RegFileALU/src/RegFileALU.v:25$11'.
Removing empty process `RegFileALU.$proc$/openlane/designs/RegFileALU/src/RegFileALU.v:25$11'.
Found and cleaned up 1 empty switch in `\RegFileALU.$proc$/openlane/designs/RegFileALU/src/RegFileALU.v:19$4'.
Removing empty process `RegFileALU.$proc$/openlane/designs/RegFileALU/src/RegFileALU.v:19$4'.
Cleaned up 2 empty switches.

19. Executing CHECK pass (checking for obvious problems).
Checking module RegFileALU...
Found and reported 0 problems.

20. Executing OPT_EXPR pass (perform const folding).
Optimizing module RegFileALU.
<suppressed ~1 debug messages>

21. Executing FLATTEN pass (flatten design).

22. Executing OPT_EXPR pass (perform const folding).
Optimizing module RegFileALU.

23. Executing OPT_CLEAN pass (remove unused cells and wires).
Finding unused cells or wires in module \RegFileALU..
Removed 3 unused cells and 17 unused wires.
<suppressed ~4 debug messages>

24. Executing OPT pass (performing simple optimizations).

24.1. Executing OPT_EXPR pass (perform const folding).
Optimizing module RegFileALU.

24.2. Executing OPT_MERGE pass (detect identical cells).
Finding identical cells in module `\RegFileALU'.
Removed a total of 0 cells.

24.3. Executing OPT_MUXTREE pass (detect dead branches in mux trees).
Running muxtree optimizer on module \RegFileALU..
  Creating internal representation of mux trees.
  Evaluating internal representation of mux trees.
  Analyzing evaluation results.
Removed 0 multiplexer ports.
<suppressed ~4 debug messages>

24.4. Executing OPT_REDUCE pass (consolidate $*mux and $reduce_* inputs).
  Optimizing cells in module \RegFileALU.
    Consolidated identical input bits for $mux cell $procmux$22:
      Old ports: A=0, B=32'11111111111111111111111111111111, Y=$0$memwr$\registers$/openlane/designs/RegFileALU/src/RegFileALU.v:21$1_EN[31:0]$7
      New ports: A=1'0, B=1'1, Y=$0$memwr$\registers$/openlane/designs/RegFileALU/src/RegFileALU.v:21$1_EN[31:0]$7 [0]
      New connections: $0$memwr$\registers$/openlane/designs/RegFileALU/src/RegFileALU.v:21$1_EN[31:0]$7 [31:1] = { $0$memwr$\registers$/openlane/designs/RegFileALU/src/RegFileALU.v:21$1_EN[31:0]$7 [0] $0$memwr$\registers$/openlane/designs/RegFileALU/src/RegFileALU.v:21$1_EN[31:0]$7 [0] $0$memwr$\registers$/openlane/designs/RegFileALU/src/RegFileALU.v:21$1_EN[31:0]$7 [0] $0$memwr$\registers$/openlane/designs/RegFileALU/src/RegFileALU.v:21$1_EN[31:0]$7 [0] $0$memwr$\registers$/openlane/designs/RegFileALU/src/RegFileALU.v:21$1_EN[31:0]$7 [0] $0$memwr$\registers$/openlane/designs/RegFileALU/src/RegFileALU.v:21$1_EN[31:0]$7 [0] $0$memwr$\registers$/openlane/designs/RegFileALU/src/RegFileALU.v:21$1_EN[31:0]$7 [0] $0$memwr$\registers$/openlane/designs/RegFileALU/src/RegFileALU.v:21$1_EN[31:0]$7 [0] $0$memwr$\registers$/openlane/designs/RegFileALU/src/RegFileALU.v:21$1_EN[31:0]$7 [0] $0$memwr$\registers$/openlane/designs/RegFileALU/src/RegFileALU.v:21$1_EN[31:0]$7 [0] $0$memwr$\registers$/openlane/designs/RegFileALU/src/RegFileALU.v:21$1_EN[31:0]$7 [0] $0$memwr$\registers$/openlane/designs/RegFileALU/src/RegFileALU.v:21$1_EN[31:0]$7 [0] $0$memwr$\registers$/openlane/designs/RegFileALU/src/RegFileALU.v:21$1_EN[31:0]$7 [0] $0$memwr$\registers$/openlane/designs/RegFileALU/src/RegFileALU.v:21$1_EN[31:0]$7 [0] $0$memwr$\registers$/openlane/designs/RegFileALU/src/RegFileALU.v:21$1_EN[31:0]$7 [0] $0$memwr$\registers$/openlane/designs/RegFileALU/src/RegFileALU.v:21$1_EN[31:0]$7 [0] $0$memwr$\registers$/openlane/designs/RegFileALU/src/RegFileALU.v:21$1_EN[31:0]$7 [0] $0$memwr$\registers$/openlane/designs/RegFileALU/src/RegFileALU.v:21$1_EN[31:0]$7 [0] $0$memwr$\registers$/openlane/designs/RegFileALU/src/RegFileALU.v:21$1_EN[31:0]$7 [0] $0$memwr$\registers$/openlane/designs/RegFileALU/src/RegFileALU.v:21$1_EN[31:0]$7 [0] $0$memwr$\registers$/openlane/designs/RegFileALU/src/RegFileALU.v:21$1_EN[31:0]$7 [0] $0$memwr$\registers$/openlane/designs/RegFileALU/src/RegFileALU.v:21$1_EN[31:0]$7 [0] $0$memwr$\registers$/openlane/designs/RegFileALU/src/RegFileALU.v:21$1_EN[31:0]$7 [0] $0$memwr$\registers$/openlane/designs/RegFileALU/src/RegFileALU.v:21$1_EN[31:0]$7 [0] $0$memwr$\registers$/openlane/designs/RegFileALU/src/RegFileALU.v:21$1_EN[31:0]$7 [0] $0$memwr$\registers$/openlane/designs/RegFileALU/src/RegFileALU.v:21$1_EN[31:0]$7 [0] $0$memwr$\registers$/openlane/designs/RegFileALU/src/RegFileALU.v:21$1_EN[31:0]$7 [0] $0$memwr$\registers$/openlane/designs/RegFileALU/src/RegFileALU.v:21$1_EN[31:0]$7 [0] $0$memwr$\registers$/openlane/designs/RegFileALU/src/RegFileALU.v:21$1_EN[31:0]$7 [0] $0$memwr$\registers$/openlane/designs/RegFileALU/src/RegFileALU.v:21$1_EN[31:0]$7 [0] $0$memwr$\registers$/openlane/designs/RegFileALU/src/RegFileALU.v:21$1_EN[31:0]$7 [0] }
  Optimizing cells in module \RegFileALU.
Performed a total of 1 changes.

24.5. Executing OPT_MERGE pass (detect identical cells).
Finding identical cells in module `\RegFileALU'.
Removed a total of 0 cells.

24.6. Executing OPT_DFF pass (perform DFF optimizations).

24.7. Executing OPT_CLEAN pass (remove unused cells and wires).
Finding unused cells or wires in module \RegFileALU..

24.8. Executing OPT_EXPR pass (perform const folding).
Optimizing module RegFileALU.

24.9. Rerunning OPT passes. (Maybe there is more to do..)

24.10. Executing OPT_MUXTREE pass (detect dead branches in mux trees).
Running muxtree optimizer on module \RegFileALU..
  Creating internal representation of mux trees.
  Evaluating internal representation of mux trees.
  Analyzing evaluation results.
Removed 0 multiplexer ports.
<suppressed ~4 debug messages>

24.11. Executing OPT_REDUCE pass (consolidate $*mux and $reduce_* inputs).
  Optimizing cells in module \RegFileALU.
Performed a total of 0 changes.

24.12. Executing OPT_MERGE pass (detect identical cells).
Finding identical cells in module `\RegFileALU'.
Removed a total of 0 cells.

24.13. Executing OPT_DFF pass (perform DFF optimizations).

24.14. Executing OPT_CLEAN pass (remove unused cells and wires).
Finding unused cells or wires in module \RegFileALU..

24.15. Executing OPT_EXPR pass (perform const folding).
Optimizing module RegFileALU.

24.16. Finished OPT passes. (There is nothing left to do.)

25. Executing FSM pass (extract and optimize FSM).

25.1. Executing FSM_DETECT pass (finding FSMs in design).

25.2. Executing FSM_EXTRACT pass (extracting FSM from design).

25.3. Executing FSM_OPT pass (simple optimizations of FSMs).

25.4. Executing OPT_CLEAN pass (remove unused cells and wires).
Finding unused cells or wires in module \RegFileALU..

25.5. Executing FSM_OPT pass (simple optimizations of FSMs).

25.6. Executing FSM_RECODE pass (re-assigning FSM state encoding).

25.7. Executing FSM_INFO pass (dumping all available information on FSM cells).

25.8. Executing FSM_MAP pass (mapping FSMs to basic logic).

26. Executing OPT pass (performing simple optimizations).

26.1. Executing OPT_EXPR pass (perform const folding).
Optimizing module RegFileALU.

26.2. Executing OPT_MERGE pass (detect identical cells).
Finding identical cells in module `\RegFileALU'.
Removed a total of 0 cells.

26.3. Executing OPT_MUXTREE pass (detect dead branches in mux trees).
Running muxtree optimizer on module \RegFileALU..
  Creating internal representation of mux trees.
  Evaluating internal representation of mux trees.
  Analyzing evaluation results.
Removed 0 multiplexer ports.
<suppressed ~4 debug messages>

26.4. Executing OPT_REDUCE pass (consolidate $*mux and $reduce_* inputs).
  Optimizing cells in module \RegFileALU.
Performed a total of 0 changes.

26.5. Executing OPT_MERGE pass (detect identical cells).
Finding identical cells in module `\RegFileALU'.
Removed a total of 0 cells.

26.6. Executing OPT_DFF pass (perform DFF optimizations).

26.7. Executing OPT_CLEAN pass (remove unused cells and wires).
Finding unused cells or wires in module \RegFileALU..

26.8. Executing OPT_EXPR pass (perform const folding).
Optimizing module RegFileALU.

26.9. Finished OPT passes. (There is nothing left to do.)

27. Executing WREDUCE pass (reducing word size of cells).
Removed top 1 bits (of 2) from port B of cell RegFileALU.$procmux$19_CMP0 ($eq).

28. Executing PEEPOPT pass (run peephole optimizers).

29. Executing OPT_CLEAN pass (remove unused cells and wires).
Finding unused cells or wires in module \RegFileALU..

30. Executing ALUMACC pass (create $alu and $macc cells).
Extracting $alu and $macc cells in module RegFileALU:
  creating $macc model for $add$/openlane/designs/RegFileALU/src/RegFileALU.v:27$12 ($add).
  creating $macc model for $sub$/openlane/designs/RegFileALU/src/RegFileALU.v:28$13 ($sub).
  creating $alu model for $macc $sub$/openlane/designs/RegFileALU/src/RegFileALU.v:28$13.
  creating $alu model for $macc $add$/openlane/designs/RegFileALU/src/RegFileALU.v:27$12.
  creating $alu cell for $add$/openlane/designs/RegFileALU/src/RegFileALU.v:27$12: $auto$alumacc.cc:485:replace_alu$34
  creating $alu cell for $sub$/openlane/designs/RegFileALU/src/RegFileALU.v:28$13: $auto$alumacc.cc:485:replace_alu$37
  created 2 $alu and 0 $macc cells.

31. Executing SHARE pass (SAT-based resource sharing).
Found 2 cells in module RegFileALU that may be considered for resource sharing.
  Analyzing resource sharing options for $shr$/openlane/designs/RegFileALU/src/RegFileALU.v:30$15 ($shr):
    Found 1 activation_patterns using ctrl signal $procmux$17_CMP.
    No candidates found.
  Analyzing resource sharing options for $shl$/openlane/designs/RegFileALU/src/RegFileALU.v:29$14 ($shl):
    Found 1 activation_patterns using ctrl signal $procmux$18_CMP.
    No candidates found.

32. Executing OPT pass (performing simple optimizations).

32.1. Executing OPT_EXPR pass (perform const folding).
Optimizing module RegFileALU.

32.2. Executing OPT_MERGE pass (detect identical cells).
Finding identical cells in module `\RegFileALU'.
Removed a total of 0 cells.

32.3. Executing OPT_MUXTREE pass (detect dead branches in mux trees).
Running muxtree optimizer on module \RegFileALU..
  Creating internal representation of mux trees.
  Evaluating internal representation of mux trees.
  Analyzing evaluation results.
Removed 0 multiplexer ports.
<suppressed ~4 debug messages>

32.4. Executing OPT_REDUCE pass (consolidate $*mux and $reduce_* inputs).
  Optimizing cells in module \RegFileALU.
Performed a total of 0 changes.

32.5. Executing OPT_MERGE pass (detect identical cells).
Finding identical cells in module `\RegFileALU'.
Removed a total of 0 cells.

32.6. Executing OPT_DFF pass (perform DFF optimizations).

32.7. Executing OPT_CLEAN pass (remove unused cells and wires).
Finding unused cells or wires in module \RegFileALU..

32.8. Executing OPT_EXPR pass (perform const folding).
Optimizing module RegFileALU.

32.9. Finished OPT passes. (There is nothing left to do.)

33. Executing MEMORY pass.

33.1. Executing OPT_MEM pass (optimize memories).
Performed a total of 0 transformations.

33.2. Executing OPT_MEM_PRIORITY pass (removing unnecessary memory write priority relations).
Performed a total of 0 transformations.

33.3. Executing OPT_MEM_FEEDBACK pass (finding memory read-to-write feedback paths).
  Analyzing RegFileALU.registers write port 0.

33.4. Executing MEMORY_BMUX2ROM pass (converting muxes to ROMs).

33.5. Executing MEMORY_DFF pass (merging $dff cells to $memrd).
Checking read port `\registers'[0] in module `\RegFileALU': no output FF found.
Checking read port `\registers'[1] in module `\RegFileALU': no output FF found.
Checking read port address `\registers'[0] in module `\RegFileALU': no address FF found.
Checking read port address `\registers'[1] in module `\RegFileALU': no address FF found.

33.6. Executing OPT_CLEAN pass (remove unused cells and wires).
Finding unused cells or wires in module \RegFileALU..

33.7. Executing MEMORY_SHARE pass (consolidating $memrd/$memwr cells).
Consolidating read ports of memory RegFileALU.registers by address:

33.8. Executing OPT_MEM_WIDEN pass (optimize memories where all ports are wide).
Performed a total of 0 transformations.

33.9. Executing OPT_CLEAN pass (remove unused cells and wires).
Finding unused cells or wires in module \RegFileALU..

33.10. Executing MEMORY_COLLECT pass (generating $mem cells).

34. Executing OPT_CLEAN pass (remove unused cells and wires).
Finding unused cells or wires in module \RegFileALU..

35. Executing OPT pass (performing simple optimizations).

35.1. Executing OPT_EXPR pass (perform const folding).
Optimizing module RegFileALU.
<suppressed ~4 debug messages>

35.2. Executing OPT_MERGE pass (detect identical cells).
Finding identical cells in module `\RegFileALU'.
Removed a total of 0 cells.

35.3. Executing OPT_DFF pass (perform DFF optimizations).

35.4. Executing OPT_CLEAN pass (remove unused cells and wires).
Finding unused cells or wires in module \RegFileALU..
Removed 1 unused cells and 4 unused wires.
<suppressed ~2 debug messages>

35.5. Finished fast OPT passes.

36. Executing MEMORY_MAP pass (converting memories to logic and flip-flops).
Mapping memory \registers in module \RegFileALU:
  created 32 $dff cells and 0 static cells of width 32.
  read interface: 0 $dff and 62 $mux cells.
  write interface: 32 write mux blocks.

37. Executing OPT pass (performing simple optimizations).

37.1. Executing OPT_EXPR pass (perform const folding).
Optimizing module RegFileALU.
<suppressed ~10 debug messages>

37.2. Executing OPT_MERGE pass (detect identical cells).
Finding identical cells in module `\RegFileALU'.
Removed a total of 0 cells.

37.3. Executing OPT_MUXTREE pass (detect dead branches in mux trees).
Running muxtree optimizer on module \RegFileALU..
  Creating internal representation of mux trees.
  Evaluating internal representation of mux trees.
  Analyzing evaluation results.
Removed 0 multiplexer ports.
<suppressed ~35 debug messages>

37.4. Executing OPT_REDUCE pass (consolidate $*mux and $reduce_* inputs).
  Optimizing cells in module \RegFileALU.
Performed a total of 0 changes.

37.5. Executing OPT_MERGE pass (detect identical cells).
Finding identical cells in module `\RegFileALU'.
Removed a total of 0 cells.

37.6. Executing OPT_SHARE pass.
    Found cells that share an operand and can be merged by moving the $pmux $procmux$16 in front of them:
        $auto$alumacc.cc:485:replace_alu$37
        $auto$alumacc.cc:485:replace_alu$34

37.7. Executing OPT_DFF pass (perform DFF optimizations).

37.8. Executing OPT_CLEAN pass (remove unused cells and wires).
Finding unused cells or wires in module \RegFileALU..
Removed 0 unused cells and 107 unused wires.
<suppressed ~1 debug messages>

37.9. Executing OPT_EXPR pass (perform const folding).
Optimizing module RegFileALU.

37.10. Rerunning OPT passes. (Maybe there is more to do..)

37.11. Executing OPT_MUXTREE pass (detect dead branches in mux trees).
Running muxtree optimizer on module \RegFileALU..
  Creating internal representation of mux trees.
  Evaluating internal representation of mux trees.
  Analyzing evaluation results.
Removed 0 multiplexer ports.
<suppressed ~36 debug messages>

37.12. Executing OPT_REDUCE pass (consolidate $*mux and $reduce_* inputs).
  Optimizing cells in module \RegFileALU.
    New ctrl vector for $pmux cell $procmux$16: { $procmux$18_CMP $procmux$17_CMP }
  Optimizing cells in module \RegFileALU.
Performed a total of 1 changes.

37.13. Executing OPT_MERGE pass (detect identical cells).
Finding identical cells in module `\RegFileALU'.
Removed a total of 0 cells.

37.14. Executing OPT_SHARE pass.

37.15. Executing OPT_DFF pass (perform DFF optimizations).
Adding EN signal on $memory\registers[9]$62 ($dff) from module RegFileALU (D = \wd3, Q = \registers[9]).
Adding EN signal on $memory\registers[8]$60 ($dff) from module RegFileALU (D = \wd3, Q = \registers[8]).
Adding EN signal on $memory\registers[7]$58 ($dff) from module RegFileALU (D = \wd3, Q = \registers[7]).
Adding EN signal on $memory\registers[6]$56 ($dff) from module RegFileALU (D = \wd3, Q = \registers[6]).
Adding EN signal on $memory\registers[5]$54 ($dff) from module RegFileALU (D = \wd3, Q = \registers[5]).
Adding EN signal on $memory\registers[4]$52 ($dff) from module RegFileALU (D = \wd3, Q = \registers[4]).
Adding EN signal on $memory\registers[3]$50 ($dff) from module RegFileALU (D = \wd3, Q = \registers[3]).
Adding EN signal on $memory\registers[31]$106 ($dff) from module RegFileALU (D = \wd3, Q = \registers[31]).
Adding EN signal on $memory\registers[30]$104 ($dff) from module RegFileALU (D = \wd3, Q = \registers[30]).
Adding EN signal on $memory\registers[2]$48 ($dff) from module RegFileALU (D = \wd3, Q = \registers[2]).
Adding EN signal on $memory\registers[29]$102 ($dff) from module RegFileALU (D = \wd3, Q = \registers[29]).
Adding EN signal on $memory\registers[28]$100 ($dff) from module RegFileALU (D = \wd3, Q = \registers[28]).
Adding EN signal on $memory\registers[27]$98 ($dff) from module RegFileALU (D = \wd3, Q = \registers[27]).
Adding EN signal on $memory\registers[26]$96 ($dff) from module RegFileALU (D = \wd3, Q = \registers[26]).
Adding EN signal on $memory\registers[25]$94 ($dff) from module RegFileALU (D = \wd3, Q = \registers[25]).
Adding EN signal on $memory\registers[24]$92 ($dff) from module RegFileALU (D = \wd3, Q = \registers[24]).
Adding EN signal on $memory\registers[23]$90 ($dff) from module RegFileALU (D = \wd3, Q = \registers[23]).
Adding EN signal on $memory\registers[22]$88 ($dff) from module RegFileALU (D = \wd3, Q = \registers[22]).
Adding EN signal on $memory\registers[21]$86 ($dff) from module RegFileALU (D = \wd3, Q = \registers[21]).
Adding EN signal on $memory\registers[20]$84 ($dff) from module RegFileALU (D = \wd3, Q = \registers[20]).
Adding EN signal on $memory\registers[1]$46 ($dff) from module RegFileALU (D = \wd3, Q = \registers[1]).
Adding EN signal on $memory\registers[19]$82 ($dff) from module RegFileALU (D = \wd3, Q = \registers[19]).
Adding EN signal on $memory\registers[18]$80 ($dff) from module RegFileALU (D = \wd3, Q = \registers[18]).
Adding EN signal on $memory\registers[17]$78 ($dff) from module RegFileALU (D = \wd3, Q = \registers[17]).
Adding EN signal on $memory\registers[16]$76 ($dff) from module RegFileALU (D = \wd3, Q = \registers[16]).
Adding EN signal on $memory\registers[15]$74 ($dff) from module RegFileALU (D = \wd3, Q = \registers[15]).
Adding EN signal on $memory\registers[14]$72 ($dff) from module RegFileALU (D = \wd3, Q = \registers[14]).
Adding EN signal on $memory\registers[13]$70 ($dff) from module RegFileALU (D = \wd3, Q = \registers[13]).
Adding EN signal on $memory\registers[12]$68 ($dff) from module RegFileALU (D = \wd3, Q = \registers[12]).
Adding EN signal on $memory\registers[11]$66 ($dff) from module RegFileALU (D = \wd3, Q = \registers[11]).
Adding EN signal on $memory\registers[10]$64 ($dff) from module RegFileALU (D = \wd3, Q = \registers[10]).
Adding EN signal on $memory\registers[0]$44 ($dff) from module RegFileALU (D = \wd3, Q = \registers[0]).

37.16. Executing OPT_CLEAN pass (remove unused cells and wires).
Finding unused cells or wires in module \RegFileALU..
Removed 32 unused cells and 32 unused wires.
<suppressed ~33 debug messages>

37.17. Executing OPT_EXPR pass (perform const folding).
Optimizing module RegFileALU.

37.18. Rerunning OPT passes. (Maybe there is more to do..)

37.19. Executing OPT_MUXTREE pass (detect dead branches in mux trees).
Running muxtree optimizer on module \RegFileALU..
  Creating internal representation of mux trees.
  Evaluating internal representation of mux trees.
  Analyzing evaluation results.
Removed 0 multiplexer ports.
<suppressed ~4 debug messages>

37.20. Executing OPT_REDUCE pass (consolidate $*mux and $reduce_* inputs).
  Optimizing cells in module \RegFileALU.
Performed a total of 0 changes.

37.21. Executing OPT_MERGE pass (detect identical cells).
Finding identical cells in module `\RegFileALU'.
Removed a total of 0 cells.

37.22. Executing OPT_SHARE pass.

37.23. Executing OPT_DFF pass (perform DFF optimizations).

37.24. Executing OPT_CLEAN pass (remove unused cells and wires).
Finding unused cells or wires in module \RegFileALU..

37.25. Executing OPT_EXPR pass (perform const folding).
Optimizing module RegFileALU.

37.26. Finished OPT passes. (There is nothing left to do.)

38. Executing TECHMAP pass (map to technology primitives).

38.1. Executing Verilog-2005 frontend: /nix/store/sx2v0i73mn1ih2z1nk61pm9n5gjgpidy-yosys/bin/../share/yosys/techmap.v
Parsing Verilog input from `/nix/store/sx2v0i73mn1ih2z1nk61pm9n5gjgpidy-yosys/bin/../share/yosys/techmap.v' to AST representation.
Generating RTLIL representation for module `\_90_simplemap_bool_ops'.
Generating RTLIL representation for module `\_90_simplemap_reduce_ops'.
Generating RTLIL representation for module `\_90_simplemap_logic_ops'.
Generating RTLIL representation for module `\_90_simplemap_compare_ops'.
Generating RTLIL representation for module `\_90_simplemap_various'.
Generating RTLIL representation for module `\_90_simplemap_registers'.
Generating RTLIL representation for module `\_90_shift_ops_shr_shl_sshl_sshr'.
Generating RTLIL representation for module `\_90_shift_shiftx'.
Generating RTLIL representation for module `\_90_fa'.
Generating RTLIL representation for module `\_90_lcu'.
Generating RTLIL representation for module `\_90_alu'.
Generating RTLIL representation for module `\_90_macc'.
Generating RTLIL representation for module `\_90_alumacc'.
Generating RTLIL representation for module `\$__div_mod_u'.
Generating RTLIL representation for module `\$__div_mod_trunc'.
Generating RTLIL representation for module `\_90_div'.
Generating RTLIL representation for module `\_90_mod'.
Generating RTLIL representation for module `\$__div_mod_floor'.
Generating RTLIL representation for module `\_90_divfloor'.
Generating RTLIL representation for module `\_90_modfloor'.
Generating RTLIL representation for module `\_90_pow'.
Generating RTLIL representation for module `\_90_pmux'.
Generating RTLIL representation for module `\_90_demux'.
Generating RTLIL representation for module `\_90_lut'.
Successfully finished Verilog frontend.

38.2. Continuing TECHMAP pass.
Using extmapper simplemap for cells of type $dffe.
Using template $paramod$fbc7873bff55778c0b3173955b7e4bce1d9d6834\_90_alu for cells of type $alu.
Using template $paramod$constmap:b9a86d073741c2a0f7bb241e73c2dd11747f3288$paramod$dce7c1188cb25d2520d170426d59301c3b73f9e7\_90_shift_ops_shr_shl_sshl_sshr for cells of type $shl.
Using template $paramod$constmap:b9a86d073741c2a0f7bb241e73c2dd11747f3288$paramod$56955d0f36f77738c952d3505dc563df3ee11b94\_90_shift_ops_shr_shl_sshl_sshr for cells of type $shr.
Using extmapper simplemap for cells of type $eq.
Using template $paramod$8fabc56b80a569262acfc42757a02ca0b8e91278\_90_pmux for cells of type $pmux.
Using extmapper simplemap for cells of type $not.
Using extmapper simplemap for cells of type $and.
Running "alumacc" on wrapper $extern:wrap:$neg:A_SIGNED=0:A_WIDTH=32:Y_WIDTH=32:394426c56d1a028ba8fdd5469b163e04011def47.
Using template $extern:wrap:$neg:A_SIGNED=0:A_WIDTH=32:Y_WIDTH=32:394426c56d1a028ba8fdd5469b163e04011def47 for cells of type $extern:wrap:$neg:A_SIGNED=0:A_WIDTH=32:Y_WIDTH=32:394426c56d1a028ba8fdd5469b163e04011def47.
Using extmapper simplemap for cells of type $xor.
Using template $paramod\_90_lcu\WIDTH=32'00000000000000000000000000100000 for cells of type $lcu.
Using extmapper simplemap for cells of type $pos.
Using template $paramod$c6baa65225090ac0a120feab1b920965244aa496\_90_alu for cells of type $alu.
Using extmapper simplemap for cells of type $or.
No more expansions possible.
<suppressed ~1665 debug messages>

39. Executing OPT pass (performing simple optimizations).

39.1. Executing OPT_EXPR pass (perform const folding).
Optimizing module RegFileALU.
<suppressed ~258 debug messages>

39.2. Executing OPT_MERGE pass (detect identical cells).
Finding identical cells in module `\RegFileALU'.
<suppressed ~180 debug messages>
Removed a total of 60 cells.

39.3. Executing OPT_DFF pass (perform DFF optimizations).

39.4. Executing OPT_CLEAN pass (remove unused cells and wires).
Finding unused cells or wires in module \RegFileALU..
Removed 21 unused cells and 286 unused wires.
<suppressed ~22 debug messages>

39.5. Finished fast OPT passes.

40. Executing ABC pass (technology mapping using ABC).

40.1. Extracting gate netlist of module `\RegFileALU' to `<abc-temp-dir>/input.blif'..
Extracted 3045 gates and 4088 wires to a netlist network with 1042 inputs and 128 outputs.

40.1.1. Executing ABC.
Running ABC command: "/nix/store/wq2q0njg3sx8wvj2akz7x1qxwyrv9xlr-yosys-abc/bin/abc" -s -f <abc-temp-dir>/abc.script 2>&1
ABC: ABC command line: "source <abc-temp-dir>/abc.script".
ABC: 
ABC: + read_blif <abc-temp-dir>/input.blif 
ABC: + read_library <abc-temp-dir>/stdcells.genlib 
ABC: Entered genlib library with 13 gates from file "<abc-temp-dir>/stdcells.genlib".
ABC: + strash 
ABC: + dretime 
ABC: + map 
ABC: + write_blif <abc-temp-dir>/output.blif 

40.1.2. Re-integrating ABC results.
ABC RESULTS:               AND cells:        1
ABC RESULTS:              XNOR cells:       12
ABC RESULTS:               NOR cells:       40
ABC RESULTS:               XOR cells:       82
ABC RESULTS:               MUX cells:     2305
ABC RESULTS:               NOT cells:      325
ABC RESULTS:             ORNOT cells:       13
ABC RESULTS:              NAND cells:       21
ABC RESULTS:                OR cells:      315
ABC RESULTS:            ANDNOT cells:      170
ABC RESULTS:        internal signals:     2918
ABC RESULTS:           input signals:     1042
ABC RESULTS:          output signals:      128
Removing temp directory.

41. Executing OPT pass (performing simple optimizations).

41.1. Executing OPT_EXPR pass (perform const folding).
Optimizing module RegFileALU.
<suppressed ~1216 debug messages>

41.2. Executing OPT_MERGE pass (detect identical cells).
Finding identical cells in module `\RegFileALU'.
Removed a total of 0 cells.

41.3. Executing OPT_DFF pass (perform DFF optimizations).

41.4. Executing OPT_CLEAN pass (remove unused cells and wires).
Finding unused cells or wires in module \RegFileALU..
Removed 10 unused cells and 1449 unused wires.
<suppressed ~11 debug messages>

41.5. Finished fast OPT passes.

42. Executing HIERARCHY pass (managing design hierarchy).

42.1. Analyzing design hierarchy..
Top module:  \RegFileALU

42.2. Analyzing design hierarchy..
Top module:  \RegFileALU
Removed 0 unused modules.

43. Printing statistics.

=== RegFileALU ===

   Number of wires:               3220
   Number of wire bits:           4349
   Number of public wires:          42
   Number of public wire bits:    1171
   Number of memories:               0
   Number of memory bits:            0
   Number of processes:              0
   Number of cells:               4298
     $_ANDNOT_                     170
     $_AND_                          1
     $_DFFE_PP_                   1024
     $_MUX_                       2305
     $_NAND_                        21
     $_NOR_                         40
     $_NOT_                        315
     $_ORNOT_                       13
     $_OR_                         315
     $_XNOR_                        12
     $_XOR_                         82

44. Executing CHECK pass (checking for obvious problems).
Checking module RegFileALU...
Found and reported 0 problems.

45. Generating Graphviz representation of design.
Writing dot description to `/openlane/designs/RegFileALU/runs/RUN_2025.05.19_20.31.36/tmp/synthesis/post_techmap.dot'.
Dumping module RegFileALU to page 1.

46. Executing SHARE pass (SAT-based resource sharing).

47. Executing OPT pass (performing simple optimizations).

47.1. Executing OPT_EXPR pass (perform const folding).
Optimizing module RegFileALU.

47.2. Executing OPT_MERGE pass (detect identical cells).
Finding identical cells in module `\RegFileALU'.
Removed a total of 0 cells.

47.3. Executing OPT_MUXTREE pass (detect dead branches in mux trees).
Running muxtree optimizer on module \RegFileALU..
  Creating internal representation of mux trees.
  No muxes found in this module.
Removed 0 multiplexer ports.

47.4. Executing OPT_REDUCE pass (consolidate $*mux and $reduce_* inputs).
  Optimizing cells in module \RegFileALU.
Performed a total of 0 changes.

47.5. Executing OPT_MERGE pass (detect identical cells).
Finding identical cells in module `\RegFileALU'.
Removed a total of 0 cells.

47.6. Executing OPT_DFF pass (perform DFF optimizations).

47.7. Executing OPT_CLEAN pass (remove unused cells and wires).
Finding unused cells or wires in module \RegFileALU..

47.8. Executing OPT_EXPR pass (perform const folding).
Optimizing module RegFileALU.

47.9. Finished OPT passes. (There is nothing left to do.)

48. Executing OPT_CLEAN pass (remove unused cells and wires).
Finding unused cells or wires in module \RegFileALU..

49. Printing statistics.

=== RegFileALU ===

   Number of wires:               3220
   Number of wire bits:           4349
   Number of public wires:          42
   Number of public wire bits:    1171
   Number of memories:               0
   Number of memory bits:            0
   Number of processes:              0
   Number of cells:               4298
     $_ANDNOT_                     170
     $_AND_                          1
     $_DFFE_PP_                   1024
     $_MUX_                       2305
     $_NAND_                        21
     $_NOR_                         40
     $_NOT_                        315
     $_ORNOT_                       13
     $_OR_                         315
     $_XNOR_                        12
     $_XOR_                         82

mapping tbuf

50. Executing TECHMAP pass (map to technology primitives).

50.1. Executing Verilog-2005 frontend: /home/omers/.volare/sky130A/libs.tech/openlane/sky130_fd_sc_hd/tribuff_map.v
Parsing Verilog input from `/home/omers/.volare/sky130A/libs.tech/openlane/sky130_fd_sc_hd/tribuff_map.v' to AST representation.
Generating RTLIL representation for module `\$_TBUF_'.
Successfully finished Verilog frontend.

50.2. Continuing TECHMAP pass.
No more expansions possible.
<suppressed ~3 debug messages>

51. Executing SIMPLEMAP pass (map simple cells to gate primitives).

52. Executing TECHMAP pass (map to technology primitives).

52.1. Executing Verilog-2005 frontend: /home/omers/.volare/sky130A/libs.tech/openlane/sky130_fd_sc_hd/latch_map.v
Parsing Verilog input from `/home/omers/.volare/sky130A/libs.tech/openlane/sky130_fd_sc_hd/latch_map.v' to AST representation.
Generating RTLIL representation for module `\$_DLATCH_P_'.
Generating RTLIL representation for module `\$_DLATCH_N_'.
Successfully finished Verilog frontend.

52.2. Continuing TECHMAP pass.
No more expansions possible.
<suppressed ~4 debug messages>

53. Executing SIMPLEMAP pass (map simple cells to gate primitives).

54. Executing DFFLIBMAP pass (mapping DFF cells to sequential cells from liberty file).
  cell sky130_fd_sc_hd__dfxtp_2 (noninv, pins=3, area=21.27) is a direct match for cell type $_DFF_P_.
  cell sky130_fd_sc_hd__dfrtp_2 (noninv, pins=4, area=26.28) is a direct match for cell type $_DFF_PN0_.
  cell sky130_fd_sc_hd__dfstp_2 (noninv, pins=4, area=26.28) is a direct match for cell type $_DFF_PN1_.
  cell sky130_fd_sc_hd__dfbbn_2 (noninv, pins=6, area=35.03) is a direct match for cell type $_DFFSR_NNN_.
  final dff cell mappings:
    unmapped dff cell: $_DFF_N_
    \sky130_fd_sc_hd__dfxtp_2 _DFF_P_ (.CLK( C), .D( D), .Q( Q));
    unmapped dff cell: $_DFF_NN0_
    unmapped dff cell: $_DFF_NN1_
    unmapped dff cell: $_DFF_NP0_
    unmapped dff cell: $_DFF_NP1_
    \sky130_fd_sc_hd__dfrtp_2 _DFF_PN0_ (.CLK( C), .D( D), .Q( Q), .RESET_B( R));
    \sky130_fd_sc_hd__dfstp_2 _DFF_PN1_ (.CLK( C), .D( D), .Q( Q), .SET_B( R));
    unmapped dff cell: $_DFF_PP0_
    unmapped dff cell: $_DFF_PP1_
    \sky130_fd_sc_hd__dfbbn_2 _DFFSR_NNN_ (.CLK_N( C), .D( D), .Q( Q), .Q_N(~Q), .RESET_B( R), .SET_B( S));
    unmapped dff cell: $_DFFSR_NNP_
    unmapped dff cell: $_DFFSR_NPN_
    unmapped dff cell: $_DFFSR_NPP_
    unmapped dff cell: $_DFFSR_PNN_
    unmapped dff cell: $_DFFSR_PNP_
    unmapped dff cell: $_DFFSR_PPN_
    unmapped dff cell: $_DFFSR_PPP_

54.1. Executing DFFLEGALIZE pass (convert FFs to types supported by the target).
Mapping DFF cells in module `\RegFileALU':
  mapped 1024 $_DFF_P_ cells to \sky130_fd_sc_hd__dfxtp_2 cells.

55. Printing statistics.

=== RegFileALU ===

   Number of wires:               4244
   Number of wire bits:           5373
   Number of public wires:          42
   Number of public wire bits:    1171
   Number of memories:               0
   Number of memory bits:            0
   Number of processes:              0
   Number of cells:               5322
     $_ANDNOT_                     170
     $_AND_                          1
     $_MUX_                       3329
     $_NAND_                        21
     $_NOR_                         40
     $_NOT_                        315
     $_ORNOT_                       13
     $_OR_                         315
     $_XNOR_                        12
     $_XOR_                         82
     sky130_fd_sc_hd__dfxtp_2     1024

[INFO]: USING STRATEGY AREA 0

56. Executing ABC pass (technology mapping using ABC).

56.1. Extracting gate netlist of module `\RegFileALU' to `/tmp/yosys-abc-PckJIG/input.blif'..
Extracted 4298 gates and 5372 wires to a netlist network with 1074 inputs and 1120 outputs.

56.1.1. Executing ABC.
Running ABC command: "/nix/store/wq2q0njg3sx8wvj2akz7x1qxwyrv9xlr-yosys-abc/bin/abc" -s -f /tmp/yosys-abc-PckJIG/abc.script 2>&1
ABC: ABC command line: "source /tmp/yosys-abc-PckJIG/abc.script".
ABC: 
ABC: + read_blif /tmp/yosys-abc-PckJIG/input.blif 
ABC: + read_lib -w /openlane/designs/RegFileALU/runs/RUN_2025.05.19_20.31.36/tmp/synthesis/trimmed.lib 
ABC: Parsing finished successfully.  Parsing time =     0.03 sec
ABC: Scl_LibertyReadGenlib() skipped sequential cell "sky130_fd_sc_hd__dfbbn_2".
ABC: Scl_LibertyReadGenlib() skipped sequential cell "sky130_fd_sc_hd__dfrbp_2".
ABC: Scl_LibertyReadGenlib() skipped sequential cell "sky130_fd_sc_hd__dfrtp_2".
ABC: Scl_LibertyReadGenlib() skipped sequential cell "sky130_fd_sc_hd__dfrtp_4".
ABC: Scl_LibertyReadGenlib() skipped sequential cell "sky130_fd_sc_hd__dfsbp_2".
ABC: Scl_LibertyReadGenlib() skipped sequential cell "sky130_fd_sc_hd__dfstp_2".
ABC: Scl_LibertyReadGenlib() skipped sequential cell "sky130_fd_sc_hd__dfstp_4".
ABC: Scl_LibertyReadGenlib() skipped sequential cell "sky130_fd_sc_hd__dfxbp_2".
ABC: Scl_LibertyReadGenlib() skipped sequential cell "sky130_fd_sc_hd__dfxtp_2".
ABC: Scl_LibertyReadGenlib() skipped sequential cell "sky130_fd_sc_hd__dfxtp_4".
ABC: Scl_LibertyReadGenlib() skipped sequential cell "sky130_fd_sc_hd__dlxtn_1".
ABC: Scl_LibertyReadGenlib() skipped sequential cell "sky130_fd_sc_hd__dlxtn_2".
ABC: Scl_LibertyReadGenlib() skipped sequential cell "sky130_fd_sc_hd__dlxtn_4".
ABC: Scl_LibertyReadGenlib() skipped sequential cell "sky130_fd_sc_hd__dlxtp_1".
ABC: Scl_LibertyReadGenlib() skipped three-state cell "sky130_fd_sc_hd__ebufn_2".
ABC: Scl_LibertyReadGenlib() skipped three-state cell "sky130_fd_sc_hd__ebufn_4".
ABC: Scl_LibertyReadGenlib() skipped three-state cell "sky130_fd_sc_hd__ebufn_8".
ABC: Library "sky130A_merged" from "/openlane/designs/RegFileALU/runs/RUN_2025.05.19_20.31.36/tmp/synthesis/trimmed.lib" has 175 cells (17 skipped: 14 seq; 3 tri-state; 0 no func; 0 dont_use).  Time =     0.05 sec
ABC: Memory =    9.54 MB. Time =     0.05 sec
ABC: Warning: Detected 2 multi-output gates (for example, "sky130_fd_sc_hd__fa_1").
ABC: + read_constr -v /openlane/designs/RegFileALU/runs/RUN_2025.05.19_20.31.36/tmp/synthesis/synthesis.sdc 
ABC: Setting driving cell to be "sky130_fd_sc_hd__inv_2".
ABC: Setting output load to be 33.442001.
ABC: + read_constr /openlane/designs/RegFileALU/runs/RUN_2025.05.19_20.31.36/tmp/synthesis/synthesis.sdc 
ABC: + fx 
ABC: + mfs 
ABC: + strash 
ABC: + drf -l 
ABC: + balance 
ABC: + drw -l 
ABC: + drf -l 
ABC: + balance 
ABC: + drw -l 
ABC: + drw -l -z 
ABC: + balance 
ABC: + drf -l -z 
ABC: + drw -l -z 
ABC: + balance 
ABC: + retime -D -D 10000 -M 5 
ABC: + scleanup 
ABC: Error: The network is combinational.
ABC: + fraig_store 
ABC: + balance 
ABC: + fraig_store 
ABC: + balance 
ABC: + drw -l 
ABC: + drf -l 
ABC: + balance 
ABC: + drw -l 
ABC: + drw -l -z 
ABC: + balance 
ABC: + drf -l -z 
ABC: + drw -l -z 
ABC: + balance 
ABC: + fraig_store 
ABC: + balance 
ABC: + drw -l 
ABC: + drf -l 
ABC: + balance 
ABC: + drw -l 
ABC: + drw -l -z 
ABC: + balance 
ABC: + drf -l -z 
ABC: + drw -l -z 
ABC: + balance 
ABC: + fraig_store 
ABC: + balance 
ABC: + drw -l 
ABC: + drf -l 
ABC: + balance 
ABC: + drw -l 
ABC: + drw -l -z 
ABC: + balance 
ABC: + drf -l -z 
ABC: + drw -l -z 
ABC: + balance 
ABC: + fraig_store 
ABC: + fraig_restore 
ABC: + amap -m -Q 0.1 -F 20 -A 20 -C 5000 
ABC: + retime -D -D 10000 
ABC: + &get -n 
ABC: + &st 
ABC: + &dch 
ABC: + &nf 
ABC: + &put 
ABC: + buffer -N 10 -S 750.0 
ABC: + upsize -D 10000 
ABC: Current delay (6436.22 ps) does not exceed the target delay (10000.00 ps). Upsizing is not performed.
ABC: + dnsize -D 10000 
ABC: + stime -p 
ABC: WireLoad = "none"  Gates =   4320 ( 35.3 %)   Cap = 12.4 ff ( 14.8 %)   Area =    40986.81 ( 52.3 %)   Delay =  7521.86 ps  (  6.6 %)               
ABC: Path  0 --       3 : 0    4 pi                       A =   0.00  Df =  30.0  -16.9 ps  S =  47.2 ps  Cin =  0.0 ff  Cout =   8.8 ff  Cmax =   0.0 ff  G =    0  
ABC: Path  1 --    2232 : 1   10 sky130_fd_sc_hd__buf_1   A =   3.75  Df = 489.2 -219.2 ps  S = 593.0 ps  Cin =  2.1 ff  Cout =  50.5 ff  Cmax = 130.0 ff  G = 2274  
ABC: Path  2 --    2374 : 1   10 sky130_fd_sc_hd__buf_1   A =   3.75  Df =1040.5 -408.7 ps  S = 629.6 ps  Cin =  2.1 ff  Cout =  54.1 ff  Cmax = 130.0 ff  G = 2434  
ABC: Path  3 --    2375 : 1   10 sky130_fd_sc_hd__buf_1   A =   3.75  Df =1566.1 -579.4 ps  S = 588.6 ps  Cin =  2.1 ff  Cout =  50.5 ff  Cmax = 130.0 ff  G = 2274  
ABC: Path  4 --    2379 : 1   10 sky130_fd_sc_hd__buf_1   A =   3.75  Df =2088.9 -753.3 ps  S = 588.8 ps  Cin =  2.1 ff  Cout =  50.5 ff  Cmax = 130.0 ff  G = 2274  
ABC: Path  5 --    2506 : 1   10 sky130_fd_sc_hd__buf_1   A =   3.75  Df =2611.8 -927.3 ps  S = 588.8 ps  Cin =  2.1 ff  Cout =  50.5 ff  Cmax = 130.0 ff  G = 2274  
ABC: Path  6 --    2624 : 1   10 sky130_fd_sc_hd__buf_1   A =   3.75  Df =3191.0-1131.7 ps  S = 670.6 ps  Cin =  2.1 ff  Cout =  57.7 ff  Cmax = 130.0 ff  G = 2593  
ABC: Path  7 --    2651 : 6    1 sky130_fd_sc_hd__mux4_2  A =  22.52  Df =3733.0-1143.7 ps  S =  75.1 ps  Cin =  2.6 ff  Cout =   1.8 ff  Cmax = 301.2 ff  G =   66  
ABC: Path  8 --    2652 : 6    1 sky130_fd_sc_hd__mux4_2  A =  22.52  Df =3949.9 -898.3 ps  S =  77.8 ps  Cin =  2.6 ff  Cout =   2.6 ff  Cmax = 301.2 ff  G =   91  
ABC: Path  9 --    2661 : 3    1 sky130_fd_sc_hd__o21a_2  A =   8.76  Df =4052.4 -805.9 ps  S =  32.2 ps  Cin =  2.4 ff  Cout =   2.2 ff  Cmax = 294.8 ff  G =   88  
ABC: Path 10 --    2662 : 1    5 sky130_fd_sc_hd__buf_1   A =   3.75  Df =4502.2 -979.1 ps  S = 586.9 ps  Cin =  2.1 ff  Cout =  50.1 ff  Cmax = 130.0 ff  G = 2351  
ABC: Path 11 --    3444 : 2    5 sky130_fd_sc_hd__or2_2   A =   6.26  Df =4773.6 -822.1 ps  S = 109.4 ps  Cin =  1.5 ff  Cout =  18.1 ff  Cmax = 299.4 ff  G = 1175  
ABC: Path 12 --    3446 : 3    1 sky130_fd_sc_hd__nor3_2  A =  10.01  Df =4831.6 -703.8 ps  S = 143.2 ps  Cin =  4.4 ff  Cout =   4.6 ff  Cmax =  92.5 ff  G =  101  
ABC: Path 13 --    3447 : 2    1 sky130_fd_sc_hd__nand2_2 A =   6.26  Df =4882.7 -701.0 ps  S =  31.0 ps  Cin =  4.4 ff  Cout =   1.4 ff  Cmax = 295.7 ff  G =   30  
ABC: Path 14 --    3448 : 4    8 sky130_fd_sc_hd__or4_2   A =   8.76  Df =5015.1 -159.7 ps  S = 140.4 ps  Cin =  1.5 ff  Cout =  13.4 ff  Cmax = 310.4 ff  G =  844  
ABC: Path 15 --    3449 : 1   10 sky130_fd_sc_hd__buf_1   A =   3.75  Df =5233.7 -189.1 ps  S = 230.1 ps  Cin =  2.1 ff  Cout =  18.9 ff  Cmax = 130.0 ff  G =  846  
ABC: Path 16 --    3450 : 1   10 sky130_fd_sc_hd__buf_1   A =   3.75  Df =5657.5 -356.9 ps  S = 487.7 ps  Cin =  2.1 ff  Cout =  41.4 ff  Cmax = 130.0 ff  G = 1849  
ABC: Path 17 --    3451 : 1   10 sky130_fd_sc_hd__buf_1   A =   3.75  Df =6123.7 -518.6 ps  S = 517.1 ps  Cin =  2.1 ff  Cout =  44.2 ff  Cmax = 130.0 ff  G = 1966  
ABC: Path 18 --    3569 : 3    2 sky130_fd_sc_hd__o21ai_2 A =   8.76  Df =6243.2 -417.3 ps  S = 158.6 ps  Cin =  4.5 ff  Cout =   9.1 ff  Cmax = 139.2 ff  G =  194  
ABC: Path 19 --    3976 : 2    2 sky130_fd_sc_hd__nand2_2 A =   6.26  Df =6325.8 -441.3 ps  S =  48.5 ps  Cin =  4.4 ff  Cout =   3.8 ff  Cmax = 295.7 ff  G =   80  
ABC: Path 20 --    3977 : 3    2 sky130_fd_sc_hd__mux2_2  A =  11.26  Df =6479.6 -322.0 ps  S =  58.8 ps  Cin =  2.3 ff  Cout =   6.7 ff  Cmax = 297.6 ff  G =  278  
ABC: Path 21 --    3979 : 3    2 sky130_fd_sc_hd__o21ai_2 A =   8.76  Df =6537.3 -241.7 ps  S = 149.1 ps  Cin =  4.5 ff  Cout =   7.2 ff  Cmax = 139.2 ff  G =  149  
ABC: Path 22 --    3980 : 4    1 sky130_fd_sc_hd__a22o_2  A =  10.01  Df =6760.7 -318.1 ps  S =  39.0 ps  Cin =  2.3 ff  Cout =   2.4 ff  Cmax = 301.2 ff  G =   96  
ABC: Path 23 --    3981 : 5    1 sky130_fd_sc_hd__a221o_2 A =  11.26  Df =7038.5 -510.7 ps  S =  46.7 ps  Cin =  2.3 ff  Cout =   1.5 ff  Cmax = 299.4 ff  G =   60  
ABC: Path 24 --    3982 : 2    1 sky130_fd_sc_hd__or2_2   A =   6.26  Df =7300.4 -687.4 ps  S =  51.4 ps  Cin =  1.5 ff  Cout =   2.2 ff  Cmax = 299.4 ff  G =  144  
ABC: Path 25 --    3983 : 1    1 sky130_fd_sc_hd__buf_1   A =   3.75  Df =7521.9 -592.8 ps  S = 395.7 ps  Cin =  2.1 ff  Cout =  33.4 ff  Cmax = 130.0 ff  G = 1590  
ABC: Start-point = pi2 (\a2 [0]).  End-point = po81 (\alu_result [17]).
ABC: + print_stats -m 
ABC: netlist                       : i/o = 1074/ 1120  lat =    0  nd =  4320  edge =  11345  area =40981.40  delay =26.00  lev = 26
ABC: + write_blif /tmp/yosys-abc-PckJIG/output.blif 

56.1.2. Re-integrating ABC results.
ABC RESULTS:   sky130_fd_sc_hd__a2111oi_2 cells:        1
ABC RESULTS:   sky130_fd_sc_hd__a221oi_2 cells:        2
ABC RESULTS:   sky130_fd_sc_hd__a2bb2o_2 cells:       22
ABC RESULTS:   sky130_fd_sc_hd__mux4_2 cells:      532
ABC RESULTS:   sky130_fd_sc_hd__and4b_2 cells:        1
ABC RESULTS:   sky130_fd_sc_hd__o221ai_2 cells:        2
ABC RESULTS:   sky130_fd_sc_hd__and4_2 cells:        3
ABC RESULTS:   sky130_fd_sc_hd__nand4_2 cells:        1
ABC RESULTS:   sky130_fd_sc_hd__a32o_2 cells:        3
ABC RESULTS:   sky130_fd_sc_hd__nor4_2 cells:        2
ABC RESULTS:   sky130_fd_sc_hd__o31ai_2 cells:        1
ABC RESULTS:   sky130_fd_sc_hd__or2b_2 cells:        3
ABC RESULTS:   sky130_fd_sc_hd__a31o_2 cells:       13
ABC RESULTS:   sky130_fd_sc_hd__o31a_2 cells:        5
ABC RESULTS:   sky130_fd_sc_hd__a41o_2 cells:        3
ABC RESULTS:   sky130_fd_sc_hd__a32oi_2 cells:        1
ABC RESULTS:   sky130_fd_sc_hd__a21bo_2 cells:        6
ABC RESULTS:   sky130_fd_sc_hd__or4b_2 cells:        2
ABC RESULTS:   sky130_fd_sc_hd__a311o_2 cells:        4
ABC RESULTS:   sky130_fd_sc_hd__o211ai_2 cells:        2
ABC RESULTS:   sky130_fd_sc_hd__or4_2 cells:        6
ABC RESULTS:   sky130_fd_sc_hd__o22a_2 cells:       21
ABC RESULTS:   sky130_fd_sc_hd__a22oi_2 cells:        1
ABC RESULTS:   sky130_fd_sc_hd__nor3_2 cells:        3
ABC RESULTS:   sky130_fd_sc_hd__a22o_2 cells:       15
ABC RESULTS:   sky130_fd_sc_hd__o21ba_2 cells:        5
ABC RESULTS:   sky130_fd_sc_hd__o2bb2a_2 cells:       16
ABC RESULTS:   sky130_fd_sc_hd__and2b_2 cells:       10
ABC RESULTS:   sky130_fd_sc_hd__a221o_2 cells:       26
ABC RESULTS:   sky130_fd_sc_hd__o21a_2 cells:       49
ABC RESULTS:   sky130_fd_sc_hd__o41a_2 cells:        4
ABC RESULTS:   sky130_fd_sc_hd__o32a_2 cells:        2
ABC RESULTS:   sky130_fd_sc_hd__o21bai_2 cells:        2
ABC RESULTS:   sky130_fd_sc_hd__a21oi_2 cells:       61
ABC RESULTS:   sky130_fd_sc_hd__xor2_2 cells:        9
ABC RESULTS:   sky130_fd_sc_hd__xnor2_2 cells:       55
ABC RESULTS:   sky130_fd_sc_hd__o211a_2 cells:       15
ABC RESULTS:   sky130_fd_sc_hd__a21o_2 cells:       38
ABC RESULTS:   sky130_fd_sc_hd__a211o_2 cells:       17
ABC RESULTS:   sky130_fd_sc_hd__o221a_2 cells:       18
ABC RESULTS:   sky130_fd_sc_hd__o21ai_2 cells:       67
ABC RESULTS:   sky130_fd_sc_hd__nand3_2 cells:        2
ABC RESULTS:   sky130_fd_sc_hd__or3_2 cells:        7
ABC RESULTS:   sky130_fd_sc_hd__or3b_2 cells:        7
ABC RESULTS:   sky130_fd_sc_hd__or2_2 cells:       92
ABC RESULTS:   sky130_fd_sc_hd__inv_2 cells:       83
ABC RESULTS:   sky130_fd_sc_hd__and3_2 cells:        9
ABC RESULTS:   sky130_fd_sc_hd__nand3b_2 cells:        1
ABC RESULTS:   sky130_fd_sc_hd__and3b_2 cells:        5
ABC RESULTS:   sky130_fd_sc_hd__and2_2 cells:       41
ABC RESULTS:   sky130_fd_sc_hd__nand2_2 cells:      135
ABC RESULTS:   sky130_fd_sc_hd__nor2_2 cells:       87
ABC RESULTS:   sky130_fd_sc_hd__mux2_2 cells:     1358
ABC RESULTS:   sky130_fd_sc_hd__buf_1 cells:     1444
ABC RESULTS:        internal signals:     3178
ABC RESULTS:           input signals:     1074
ABC RESULTS:          output signals:     1120
Removing temp directory.

57. Executing SETUNDEF pass (replace undef values with defined constants).

58. Executing HILOMAP pass (mapping to constant drivers).

59. Executing SPLITNETS pass (splitting up multi-bit signals).

60. Executing OPT_CLEAN pass (remove unused cells and wires).
Finding unused cells or wires in module \RegFileALU..
Removed 0 unused cells and 5372 unused wires.
<suppressed ~1 debug messages>

61. Executing INSBUF pass (insert buffer cells for connected wires).

62. Executing CHECK pass (checking for obvious problems).
Checking module RegFileALU...
Found and reported 0 problems.

63. Printing statistics.

=== RegFileALU ===

   Number of wires:               5258
   Number of wire bits:           5395
   Number of public wires:        1034
   Number of public wire bits:    1171
   Number of memories:               0
   Number of memory bits:            0
   Number of processes:              0
   Number of cells:               5344
     sky130_fd_sc_hd__a2111oi_2      1
     sky130_fd_sc_hd__a211o_2       17
     sky130_fd_sc_hd__a21bo_2        6
     sky130_fd_sc_hd__a21o_2        38
     sky130_fd_sc_hd__a21oi_2       61
     sky130_fd_sc_hd__a221o_2       26
     sky130_fd_sc_hd__a221oi_2       2
     sky130_fd_sc_hd__a22o_2        15
     sky130_fd_sc_hd__a22oi_2        1
     sky130_fd_sc_hd__a2bb2o_2      22
     sky130_fd_sc_hd__a311o_2        4
     sky130_fd_sc_hd__a31o_2        13
     sky130_fd_sc_hd__a32o_2         3
     sky130_fd_sc_hd__a32oi_2        1
     sky130_fd_sc_hd__a41o_2         3
     sky130_fd_sc_hd__and2_2        41
     sky130_fd_sc_hd__and2b_2       10
     sky130_fd_sc_hd__and3_2         9
     sky130_fd_sc_hd__and3b_2        5
     sky130_fd_sc_hd__and4_2         3
     sky130_fd_sc_hd__and4b_2        1
     sky130_fd_sc_hd__buf_1       1444
     sky130_fd_sc_hd__dfxtp_2     1024
     sky130_fd_sc_hd__inv_2         83
     sky130_fd_sc_hd__mux2_2      1358
     sky130_fd_sc_hd__mux4_2       532
     sky130_fd_sc_hd__nand2_2      135
     sky130_fd_sc_hd__nand3_2        2
     sky130_fd_sc_hd__nand3b_2       1
     sky130_fd_sc_hd__nand4_2        1
     sky130_fd_sc_hd__nor2_2        87
     sky130_fd_sc_hd__nor3_2         3
     sky130_fd_sc_hd__nor4_2         2
     sky130_fd_sc_hd__o211a_2       15
     sky130_fd_sc_hd__o211ai_2       2
     sky130_fd_sc_hd__o21a_2        49
     sky130_fd_sc_hd__o21ai_2       67
     sky130_fd_sc_hd__o21ba_2        5
     sky130_fd_sc_hd__o21bai_2       2
     sky130_fd_sc_hd__o221a_2       18
     sky130_fd_sc_hd__o221ai_2       2
     sky130_fd_sc_hd__o22a_2        21
     sky130_fd_sc_hd__o2bb2a_2      16
     sky130_fd_sc_hd__o31a_2         5
     sky130_fd_sc_hd__o31ai_2        1
     sky130_fd_sc_hd__o32a_2         2
     sky130_fd_sc_hd__o41a_2         4
     sky130_fd_sc_hd__or2_2         92
     sky130_fd_sc_hd__or2b_2         3
     sky130_fd_sc_hd__or3_2          7
     sky130_fd_sc_hd__or3b_2         7
     sky130_fd_sc_hd__or4_2          6
     sky130_fd_sc_hd__or4b_2         2
     sky130_fd_sc_hd__xnor2_2       55
     sky130_fd_sc_hd__xor2_2         9

   Chip area for module '\RegFileALU': 62767.699200

64. Executing Verilog backend.
Dumping module `\RegFileALU'.

65. Executing JSON backend.

End of script. Logfile hash: 9a00105b0a, CPU: user 1.09s system 0.04s, MEM: 45.80 MB peak
Yosys 0.38 (git sha1 543faed9c8c, clang++ 17.0.6 -fPIC -Os)
Time spent: 79% 2x abc (3 sec), 3% 24x opt_expr (0 sec), ...
