
===========================================================================
 report_power
============================================================================
======================= Fastest Corner ===================================

Group                  Internal  Switching    Leakage      Total
                          Power      Power      Power      Power (Watts)
----------------------------------------------------------------
Sequential             6.01e-03   8.16e-04   1.49e-08   6.83e-03  43.0%
Combinational          2.76e-03   2.09e-03   2.41e-08   4.85e-03  30.6%
Clock                  2.02e-03   2.16e-03   1.45e-08   4.19e-03  26.4%
Macro                  0.00e+00   0.00e+00   0.00e+00   0.00e+00   0.0%
Pad                    0.00e+00   0.00e+00   0.00e+00   0.00e+00   0.0%
----------------------------------------------------------------
Total                  1.08e-02   5.07e-03   5.35e-08   1.59e-02 100.0%
                          68.1%      31.9%       0.0%

======================= Slowest Corner ===================================

Group                  Internal  Switching    Leakage      Total
                          Power      Power      Power      Power (Watts)
----------------------------------------------------------------
Sequential             4.07e-03   5.20e-04   1.48e-05   4.61e-03  42.6%
Combinational          1.96e-03   1.37e-03   3.11e-05   3.36e-03  31.0%
Clock                  1.46e-03   1.40e-03   2.19e-06   2.86e-03  26.4%
Macro                  0.00e+00   0.00e+00   0.00e+00   0.00e+00   0.0%
Pad                    0.00e+00   0.00e+00   0.00e+00   0.00e+00   0.0%
----------------------------------------------------------------
Total                  7.49e-03   3.30e-03   4.81e-05   1.08e-02 100.0%
                          69.1%      30.4%       0.4%

======================= Typical Corner ===================================

Group                  Internal  Switching    Leakage      Total
                          Power      Power      Power      Power (Watts)
----------------------------------------------------------------
Sequential             5.21e-03   6.76e-04   8.57e-09   5.88e-03  42.9%
Combinational          2.47e-03   1.76e-03   2.00e-08   4.23e-03  30.9%
Clock                  1.77e-03   1.82e-03   9.32e-09   3.60e-03  26.2%
Macro                  0.00e+00   0.00e+00   0.00e+00   0.00e+00   0.0%
Pad                    0.00e+00   0.00e+00   0.00e+00   0.00e+00   0.0%
----------------------------------------------------------------
Total                  9.45e-03   4.26e-03   3.79e-08   1.37e-02 100.0%
                          69.0%      31.0%       0.0%

