OpenROAD b16bda7e82721d10566ff7e2b68f1ff0be9f9e38 
Features included (+) or not (-): +Charts +GPU +GUI +Python
This program is licensed under the BSD-3 license. See the LICENSE file for details.
Components of this program may be licensed under more restrictive licenses which must be honored.
Top-level design name: RegFileALU
Block boundaries: 0 0 350000 350000
Horizontal Tracks Origin: 340, Count: 514, Step: 680
Vertical Tracks Origin: 230, Count: 761, Step: 460
Placement details for the #E side
Virtual pin count:  0
Actual pin count:  96
Total pin count:  96
Tracks count:  257
Tracks per pin:  2
Used tracks count:  191
Unused track count:  66
Starting track index:  33
Placement Map:
[340, 1700, 3060, 4420, 5780, 7140, 8500, 9860, 11220, 12580, 13940, 15300, 16660, 18020, 19380, 20740, 22100, 23460, 24820, 26180, 27540, 28900, 30260, 31620, 32980, 34340, 35700, 37060, 38420, 39780, 41140, 42500, 43860, [91m45220[0m, 46580, [91m47940[0m, 49300, [91m50660[0m, 52020, [91m53380[0m, 54740, [91m56100[0m, 57460, [91m58820[0m, 60180, [91m61540[0m, 62900, [91m64260[0m, 65620, [91m66980[0m, 68340, [91m69700[0m, 71060, [91m72420[0m, 73780, [91m75140[0m, 76500, [91m77860[0m, 79220, [91m80580[0m, 81940, [91m83300[0m, 84660, [91m86020[0m, 87380, [91m88740[0m, 90100, [91m91460[0m, 92820, [91m94180[0m, 95540, [91m96900[0m, 98260, [91m99620[0m, 100980, [91m102340[0m, 103700, [91m105060[0m, 106420, [91m107780[0m, 109140, [91m110500[0m, 111860, [91m113220[0m, 114580, [91m115940[0m, 117300, [91m118660[0m, 120020, [91m121380[0m, 122740, [91m124100[0m, 125460, [91m126820[0m, 128180, [91m129540[0m, 130900, [91m132260[0m, 133620, [91m134980[0m, 136340, [91m137700[0m, 139060, [91m140420[0m, 141780, [91m143140[0m, 144500, [91m145860[0m, 147220, [91m148580[0m, 149940, [91m151300[0m, 152660, [91m154020[0m, 155380, [91m156740[0m, 158100, [91m159460[0m, 160820, [91m162180[0m, 163540, [91m164900[0m, 166260, [91m167620[0m, 168980, [91m170340[0m, 171700, [91m173060[0m, 174420, [91m175780[0m, 177140, [91m178500[0m, 179860, [91m181220[0m, 182580, [91m183940[0m, 185300, [91m186660[0m, 188020, [91m189380[0m, 190740, [91m192100[0m, 193460, [91m194820[0m, 196180, [91m197540[0m, 198900, [91m200260[0m, 201620, [91m202980[0m, 204340, [91m205700[0m, 207060, [91m208420[0m, 209780, [91m211140[0m, 212500, [91m213860[0m, 215220, [91m216580[0m, 217940, [91m219300[0m, 220660, [91m222020[0m, 223380, [91m224740[0m, 226100, [91m227460[0m, 228820, [91m230180[0m, 231540, [91m232900[0m, 234260, [91m235620[0m, 236980, [91m238340[0m, 239700, [91m241060[0m, 242420, [91m243780[0m, 245140, [91m246500[0m, 247860, [91m249220[0m, 250580, [91m251940[0m, 253300, [91m254660[0m, 256020, [91m257380[0m, 258740, [91m260100[0m, 261460, [91m262820[0m, 264180, [91m265540[0m, 266900, [91m268260[0m, 269620, [91m270980[0m, 272340, [91m273700[0m, 275060, [91m276420[0m, 277780, [91m279140[0m, 280500, [91m281860[0m, 283220, [91m284580[0m, 285940, [91m287300[0m, 288660, [91m290020[0m, 291380, [91m292740[0m, 294100, [91m295460[0m, 296820, [91m298180[0m, 299540, [91m300900[0m, 302260, [91m303620[0m, 304980, 306340, 307700, 309060, 310420, 311780, 313140, 314500, 315860, 317220, 318580, 319940, 321300, 322660, 324020, 325380, 326740, 328100, 329460, 330820, 332180, 333540, 334900, 336260, 337620, 338980, 340340, 341700, 343060, 344420, 345780, 347140, 348500, ]
Indices of used tracks: [33, 35, 37, 39, 41, 43, 45, 47, 49, 51, 53, 55, 57, 59, 61, 63, 65, 67, 69, 71, 73, 75, 77, 79, 81, 83, 85, 87, 89, 91, 93, 95, 97, 99, 101, 103, 105, 107, 109, 111, 113, 115, 117, 119, 121, 123, 125, 127, 129, 131, 133, 135, 137, 139, 141, 143, 145, 147, 149, 151, 153, 155, 157, 159, 161, 163, 165, 167, 169, 171, 173, 175, 177, 179, 181, 183, 185, 187, 189, 191, 193, 195, 197, 199, 201, 203, 205, 207, 209, 211, 213, 215, 217, 219, 221, 223]
---
Placement details for the #W side
Virtual pin count:  0
Actual pin count:  51
Total pin count:  51
Tracks count:  257
Tracks per pin:  5
Used tracks count:  251
Unused track count:  6
Starting track index:  3
Placement Map:
[340, 1700, 3060, [91m4420[0m, 5780, 7140, 8500, 9860, [91m11220[0m, 12580, 13940, 15300, 16660, [91m18020[0m, 19380, 20740, 22100, 23460, [91m24820[0m, 26180, 27540, 28900, 30260, [91m31620[0m, 32980, 34340, 35700, 37060, [91m38420[0m, 39780, 41140, 42500, 43860, [91m45220[0m, 46580, 47940, 49300, 50660, [91m52020[0m, 53380, 54740, 56100, 57460, [91m58820[0m, 60180, 61540, 62900, 64260, [91m65620[0m, 66980, 68340, 69700, 71060, [91m72420[0m, 73780, 75140, 76500, 77860, [91m79220[0m, 80580, 81940, 83300, 84660, [91m86020[0m, 87380, 88740, 90100, 91460, [91m92820[0m, 94180, 95540, 96900, 98260, [91m99620[0m, 100980, 102340, 103700, 105060, [91m106420[0m, 107780, 109140, 110500, 111860, [91m113220[0m, 114580, 115940, 117300, 118660, [91m120020[0m, 121380, 122740, 124100, 125460, [91m126820[0m, 128180, 129540, 130900, 132260, [91m133620[0m, 134980, 136340, 137700, 139060, [91m140420[0m, 141780, 143140, 144500, 145860, [91m147220[0m, 148580, 149940, 151300, 152660, [91m154020[0m, 155380, 156740, 158100, 159460, [91m160820[0m, 162180, 163540, 164900, 166260, [91m167620[0m, 168980, 170340, 171700, 173060, [91m174420[0m, 175780, 177140, 178500, 179860, [91m181220[0m, 182580, 183940, 185300, 186660, [91m188020[0m, 189380, 190740, 192100, 193460, [91m194820[0m, 196180, 197540, 198900, 200260, [91m201620[0m, 202980, 204340, 205700, 207060, [91m208420[0m, 209780, 211140, 212500, 213860, [91m215220[0m, 216580, 217940, 219300, 220660, [91m222020[0m, 223380, 224740, 226100, 227460, [91m228820[0m, 230180, 231540, 232900, 234260, [91m235620[0m, 236980, 238340, 239700, 241060, [91m242420[0m, 243780, 245140, 246500, 247860, [91m249220[0m, 250580, 251940, 253300, 254660, [91m256020[0m, 257380, 258740, 260100, 261460, [91m262820[0m, 264180, 265540, 266900, 268260, [91m269620[0m, 270980, 272340, 273700, 275060, [91m276420[0m, 277780, 279140, 280500, 281860, [91m283220[0m, 284580, 285940, 287300, 288660, [91m290020[0m, 291380, 292740, 294100, 295460, [91m296820[0m, 298180, 299540, 300900, 302260, [91m303620[0m, 304980, 306340, 307700, 309060, [91m310420[0m, 311780, 313140, 314500, 315860, [91m317220[0m, 318580, 319940, 321300, 322660, [91m324020[0m, 325380, 326740, 328100, 329460, [91m330820[0m, 332180, 333540, 334900, 336260, [91m337620[0m, 338980, 340340, 341700, 343060, [91m344420[0m, 345780, 347140, 348500, ]
Indices of used tracks: [3, 8, 13, 18, 23, 28, 33, 38, 43, 48, 53, 58, 63, 68, 73, 78, 83, 88, 93, 98, 103, 108, 113, 118, 123, 128, 133, 138, 143, 148, 153, 158, 163, 168, 173, 178, 183, 188, 193, 198, 203, 208, 213, 218, 223, 228, 233, 238, 243, 248, 253]
---
