Wed Jun 11 19:06:40 +0000 2025 - Executing "{openroad -exit -no_init -python /openlane/scripts/odbpy/lefutil.py get_metal_layers -o /openlane/designs/CPU/runs/RUN_2025.06.11_19.06.39/tmp/layers.list /home/omers/.volare/sky130A/libs.ref/sky130_fd_sc_hd/techlef/sky130_fd_sc_hd__nom.tlef}"

Wed Jun 11 19:06:41 +0000 2025 - Executing "{/openlane/scripts/mergeLef.py -o /openlane/designs/CPU/runs/RUN_2025.06.11_19.06.39/tmp/merged.nom.lef -i /home/omers/.volare/sky130A/libs.ref/sky130_fd_sc_hd/techlef/sky130_fd_sc_hd__nom.tlef {/home/omers/.volare/sky130A/libs.ref/sky130_fd_sc_hd/lef/sky130_fd_sc_hd.lef /home/omers/.volare/sky130A/libs.ref/sky130_fd_sc_hd/lef/sky130_ef_sc_hd.lef} |& tee /dev/null}"

Wed Jun 11 19:06:41 +0000 2025 - Executing "{/openlane/scripts/mergeLef.py -o /openlane/designs/CPU/runs/RUN_2025.06.11_19.06.39/tmp/merged.min.lef -i /home/omers/.volare/sky130A/libs.ref/sky130_fd_sc_hd/techlef/sky130_fd_sc_hd__min.tlef {/home/omers/.volare/sky130A/libs.ref/sky130_fd_sc_hd/lef/sky130_fd_sc_hd.lef /home/omers/.volare/sky130A/libs.ref/sky130_fd_sc_hd/lef/sky130_ef_sc_hd.lef} |& tee /dev/null}"

Wed Jun 11 19:06:41 +0000 2025 - Executing "{/openlane/scripts/mergeLef.py -o /openlane/designs/CPU/runs/RUN_2025.06.11_19.06.39/tmp/merged.max.lef -i /home/omers/.volare/sky130A/libs.ref/sky130_fd_sc_hd/techlef/sky130_fd_sc_hd__max.tlef {/home/omers/.volare/sky130A/libs.ref/sky130_fd_sc_hd/lef/sky130_fd_sc_hd.lef /home/omers/.volare/sky130A/libs.ref/sky130_fd_sc_hd/lef/sky130_ef_sc_hd.lef} |& tee /dev/null}"

Wed Jun 11 19:06:41 +0000 2025 - Executing "{python3 /openlane/scripts/mergeLib.py --output /openlane/designs/CPU/runs/RUN_2025.06.11_19.06.39/tmp/synthesis/merged.lib --name sky130A_merged /home/omers/.volare/sky130A/libs.ref/sky130_fd_sc_hd/lib/sky130_fd_sc_hd__tt_025C_1v80.lib}"

Wed Jun 11 19:06:41 +0000 2025 - Executing "{python3 /openlane/scripts/libtrim.py --cell-file /openlane/designs/CPU/runs/RUN_2025.06.11_19.06.39/tmp/synthesis/trimmed.lib.exclude.list --output /openlane/designs/CPU/runs/RUN_2025.06.11_19.06.39/tmp/synthesis/trimmed.lib /openlane/designs/CPU/runs/RUN_2025.06.11_19.06.39/tmp/synthesis/merged.lib}"

Wed Jun 11 19:06:41 +0000 2025 - Executing "{python3 /openlane/scripts/libtrim.py --cell-file /openlane/designs/CPU/runs/RUN_2025.06.11_19.06.39/tmp/cts/cts.lib.exclude.list --output /openlane/designs/CPU/runs/RUN_2025.06.11_19.06.39/tmp/cts/cts.lib /home/omers/.volare/sky130A/libs.ref/sky130_fd_sc_hd/lib/sky130_fd_sc_hd__tt_025C_1v80.lib}"

Wed Jun 11 19:06:41 +0000 2025 - Executing "{python3 /openlane/scripts/libtrim.py --cell-file /openlane/designs/CPU/runs/RUN_2025.06.11_19.06.39/tmp/cts/cts-fastest.lib.exclude.list --output /openlane/designs/CPU/runs/RUN_2025.06.11_19.06.39/tmp/cts/cts-fastest.lib /home/omers/.volare/sky130A/libs.ref/sky130_fd_sc_hd/lib/sky130_fd_sc_hd__ff_n40C_1v95.lib}"

Wed Jun 11 19:06:43 +0000 2025 - Executing "{python3 /openlane/scripts/libtrim.py --cell-file /openlane/designs/CPU/runs/RUN_2025.06.11_19.06.39/tmp/cts/cts-slowest.lib.exclude.list --output /openlane/designs/CPU/runs/RUN_2025.06.11_19.06.39/tmp/cts/cts-slowest.lib /home/omers/.volare/sky130A/libs.ref/sky130_fd_sc_hd/lib/sky130_fd_sc_hd__ss_100C_1v60.lib}"

Wed Jun 11 19:06:43 +0000 2025 - Executing "{python3 /openlane/scripts/new_tracks.py -i /home/omers/.volare/sky130A/libs.tech/openlane/sky130_fd_sc_hd/tracks.info -o /openlane/designs/CPU/runs/RUN_2025.06.11_19.06.39/tmp/routing/config.tracks}"

Wed Jun 11 19:06:43 +0000 2025 - Executing "{echo {OpenLane e73fb3c57e687a0023fcd4dcfd1566ecd478362a} > /openlane/designs/CPU/runs/RUN_2025.06.11_19.06.39/OPENLANE_COMMIT}"

Wed Jun 11 19:06:43 +0000 2025 - Executing "{yosys -c /openlane/scripts/yosys/blackbox.tcl}"

Wed Jun 11 19:06:44 +0000 2025 - Executing "{verilator -Wall --lint-only --Wno-DECLFILENAME --top-module CPU /openlane/designs/CPU/runs/RUN_2025.06.11_19.06.39/tmp/synthesis/blackbox/sky130_fd_sc_hd__blackbox.v /openlane/designs/CPU/src/CPU.v -Wno-fatal --relative-includes |& tee /openlane/designs/CPU/runs/RUN_2025.06.11_19.06.39/logs/synthesis/linter.log /dev/null}"

Wed Jun 11 19:06:44 +0000 2025 - Executing "{sed -E {s/^([[:space:]]+)pg_pin(.*)/\1pin\2\n\1    direction : "inout";/g} /home/omers/.volare/sky130A/libs.ref/sky130_fd_sc_hd/lib/sky130_fd_sc_hd__tt_025C_1v80.lib > /openlane/designs/CPU/runs/RUN_2025.06.11_19.06.39/tmp/synthesis/1-sky130_fd_sc_hd__tt_025C_1v80.no_pg.lib}"

Wed Jun 11 19:06:44 +0000 2025 - Executing "{sed -E {s/^([[:space:]]+)pg_pin(.*)/\1pin\2\n\1    direction : "inout";/g} /openlane/designs/CPU/runs/RUN_2025.06.11_19.06.39/tmp/synthesis/trimmed.lib > /openlane/designs/CPU/runs/RUN_2025.06.11_19.06.39/tmp/synthesis/1-trimmed.no_pg.lib}"

Wed Jun 11 19:06:44 +0000 2025 - Executing "yosys -c /openlane/scripts/yosys/synth.tcl |& tee /dev/null /openlane/designs/CPU/runs/RUN_2025.06.11_19.06.39/logs/synthesis/1-synthesis.log"

Wed Jun 11 19:06:44 +0000 2025 - Executing "{yosys -c /openlane/scripts/yosys/synth.tcl |& tee /dev/null /openlane/designs/CPU/runs/RUN_2025.06.11_19.06.39/logs/synthesis/1-synthesis.log}"

Wed Jun 11 19:06:51 +0000 2025 - Executing "{sed -i.bak -e {s/\(set ::env(CURRENT_NETLIST)\).*/\1 \/openlane\/designs\/CPU\/runs\/RUN_2025.06.11_19.06.39\/results\/synthesis\/CPU.v/} /openlane/designs/CPU/runs/RUN_2025.06.11_19.06.39/config.tcl}"

Wed Jun 11 19:06:51 +0000 2025 - Executing "{sed -i.bak /defparam/d /openlane/designs/CPU/runs/RUN_2025.06.11_19.06.39/results/synthesis/CPU.v}"

Wed Jun 11 19:06:51 +0000 2025 - Executing "sta -exit -no_init /openlane/scripts/openroad/sta/multi_corner.tcl |& tee /dev/null /openlane/designs/CPU/runs/RUN_2025.06.11_19.06.39/logs/synthesis/2-sta.log"

Wed Jun 11 19:06:51 +0000 2025 - Executing "{sta -exit -no_init /openlane/scripts/openroad/sta/multi_corner.tcl |& tee /dev/null /openlane/designs/CPU/runs/RUN_2025.06.11_19.06.39/logs/synthesis/2-sta.log}"

Wed Jun 11 19:06:52 +0000 2025 - Executing "openroad -exit /openlane/scripts/openroad/floorplan.tcl |& tee /dev/null /openlane/designs/CPU/runs/RUN_2025.06.11_19.06.39/logs/floorplan/3-initial_fp.log"

Wed Jun 11 19:06:52 +0000 2025 - Executing "{openroad -exit /openlane/scripts/openroad/floorplan.tcl |& tee /dev/null /openlane/designs/CPU/runs/RUN_2025.06.11_19.06.39/logs/floorplan/3-initial_fp.log}"

Wed Jun 11 19:06:52 +0000 2025 - Executing "{openroad -exit -no_init -python /openlane/scripts/odbpy/defutil.py extract_core_dims --output-data /openlane/designs/CPU/runs/RUN_2025.06.11_19.06.39/tmp/dimensions.txt --input-lef /openlane/designs/CPU/runs/RUN_2025.06.11_19.06.39/tmp/merged.nom.lef /openlane/designs/CPU/runs/RUN_2025.06.11_19.06.39/tmp/floorplan/3-initial_fp.def}"

Wed Jun 11 19:06:53 +0000 2025 - Executing "{openroad -exit -no_init -python /openlane/scripts/odbpy/io_place.py --config /openlane/designs/CPU/pin_order.cfg --hor-layer met3 --ver-layer met2 --ver-width-mult 2 --hor-width-mult 2 --hor-extension 0 --ver-extension 0 --length 4 --unmatched-error --input-lef /openlane/designs/CPU/runs/RUN_2025.06.11_19.06.39/tmp/merged.nom.lef --output-def /openlane/designs/CPU/runs/RUN_2025.06.11_19.06.39/tmp/floorplan/4-io.def --output /openlane/designs/CPU/runs/RUN_2025.06.11_19.06.39/tmp/floorplan/4-io.odb /openlane/designs/CPU/runs/RUN_2025.06.11_19.06.39/tmp/floorplan/3-initial_fp.odb |& tee /dev/null /openlane/designs/CPU/runs/RUN_2025.06.11_19.06.39/logs/floorplan/4-place_io.log}"

Wed Jun 11 19:06:53 +0000 2025 - Executing "openroad -exit /openlane/scripts/openroad/tapcell.tcl |& tee /dev/null /openlane/designs/CPU/runs/RUN_2025.06.11_19.06.39/logs/floorplan/5-tap.log"

Wed Jun 11 19:06:53 +0000 2025 - Executing "{openroad -exit /openlane/scripts/openroad/tapcell.tcl |& tee /dev/null /openlane/designs/CPU/runs/RUN_2025.06.11_19.06.39/logs/floorplan/5-tap.log}"

Wed Jun 11 19:06:54 +0000 2025 - Executing "openroad -exit /openlane/scripts/openroad/pdn.tcl |& tee /dev/null /openlane/designs/CPU/runs/RUN_2025.06.11_19.06.39/logs/floorplan/6-pdn.log"

Wed Jun 11 19:06:54 +0000 2025 - Executing "{openroad -exit /openlane/scripts/openroad/pdn.tcl |& tee /dev/null /openlane/designs/CPU/runs/RUN_2025.06.11_19.06.39/logs/floorplan/6-pdn.log}"

Wed Jun 11 19:06:55 +0000 2025 - Executing "openroad -exit /openlane/scripts/openroad/gpl.tcl |& tee /dev/null /openlane/designs/CPU/runs/RUN_2025.06.11_19.06.39/logs/placement/6-global.log"

Wed Jun 11 19:06:55 +0000 2025 - Executing "{openroad -exit /openlane/scripts/openroad/gpl.tcl |& tee /dev/null /openlane/designs/CPU/runs/RUN_2025.06.11_19.06.39/logs/placement/6-global.log}"

Wed Jun 11 19:06:59 +0000 2025 - Executing "{sed -i.bak -e {s/\(set ::env(CURRENT_NETLIST)\).*/\1 \/openlane\/designs\/CPU\/runs\/RUN_2025.06.11_19.06.39\/tmp\/placement\/7-global.nl.v/} /openlane/designs/CPU/runs/RUN_2025.06.11_19.06.39/config.tcl}"

Wed Jun 11 19:06:59 +0000 2025 - Executing "openroad -exit /openlane/scripts/openroad/sta/multi_corner.tcl |& tee /dev/null /openlane/designs/CPU/runs/RUN_2025.06.11_19.06.39/logs/placement/8-gpl_sta.log"

Wed Jun 11 19:06:59 +0000 2025 - Executing "{openroad -exit /openlane/scripts/openroad/sta/multi_corner.tcl |& tee /dev/null /openlane/designs/CPU/runs/RUN_2025.06.11_19.06.39/logs/placement/8-gpl_sta.log}"

Wed Jun 11 19:07:00 +0000 2025 - Executing "openroad -exit /openlane/scripts/openroad/resizer.tcl |& tee /dev/null /openlane/designs/CPU/runs/RUN_2025.06.11_19.06.39/logs/placement/9-resizer.log"

Wed Jun 11 19:07:00 +0000 2025 - Executing "{openroad -exit /openlane/scripts/openroad/resizer.tcl |& tee /dev/null /openlane/designs/CPU/runs/RUN_2025.06.11_19.06.39/logs/placement/9-resizer.log}"

Wed Jun 11 19:07:02 +0000 2025 - Executing "{sed -i.bak -e {s/\(set ::env(CURRENT_NETLIST)\).*/\1 \/openlane\/designs\/CPU\/runs\/RUN_2025.06.11_19.06.39\/tmp\/placement\/9-resizer.nl.v/} /openlane/designs/CPU/runs/RUN_2025.06.11_19.06.39/config.tcl}"

Wed Jun 11 19:07:02 +0000 2025 - Executing "openroad -exit /openlane/scripts/openroad/dpl.tcl |& tee /dev/null /openlane/designs/CPU/runs/RUN_2025.06.11_19.06.39/logs/placement/10-detailed.log"

Wed Jun 11 19:07:02 +0000 2025 - Executing "{openroad -exit /openlane/scripts/openroad/dpl.tcl |& tee /dev/null /openlane/designs/CPU/runs/RUN_2025.06.11_19.06.39/logs/placement/10-detailed.log}"

Wed Jun 11 19:07:03 +0000 2025 - Executing "{sed -i.bak -e {s/\(set ::env(CURRENT_NETLIST)\).*/\1 \/openlane\/designs\/CPU\/runs\/RUN_2025.06.11_19.06.39\/results\/placement\/CPU.nl.v/} /openlane/designs/CPU/runs/RUN_2025.06.11_19.06.39/config.tcl}"

Wed Jun 11 19:07:03 +0000 2025 - Executing "openroad -exit /openlane/scripts/openroad/sta/multi_corner.tcl |& tee /dev/null /openlane/designs/CPU/runs/RUN_2025.06.11_19.06.39/logs/placement/11-dpl_sta.log"

Wed Jun 11 19:07:03 +0000 2025 - Executing "{openroad -exit /openlane/scripts/openroad/sta/multi_corner.tcl |& tee /dev/null /openlane/designs/CPU/runs/RUN_2025.06.11_19.06.39/logs/placement/11-dpl_sta.log}"

Wed Jun 11 19:07:04 +0000 2025 - Executing "openroad -exit /openlane/scripts/openroad/cts.tcl |& tee /dev/null /openlane/designs/CPU/runs/RUN_2025.06.11_19.06.39/logs/cts/12-cts.log"

Wed Jun 11 19:07:04 +0000 2025 - Executing "{openroad -exit /openlane/scripts/openroad/cts.tcl |& tee /dev/null /openlane/designs/CPU/runs/RUN_2025.06.11_19.06.39/logs/cts/12-cts.log}"

Wed Jun 11 19:07:10 +0000 2025 - Executing "openroad -exit /openlane/scripts/openroad/sta/multi_corner.tcl |& tee /dev/null /openlane/designs/CPU/runs/RUN_2025.06.11_19.06.39/logs/cts/13-cts_sta.log"

Wed Jun 11 19:07:10 +0000 2025 - Executing "{openroad -exit /openlane/scripts/openroad/sta/multi_corner.tcl |& tee /dev/null /openlane/designs/CPU/runs/RUN_2025.06.11_19.06.39/logs/cts/13-cts_sta.log}"

Wed Jun 11 19:07:11 +0000 2025 - Executing "openroad -exit /openlane/scripts/openroad/resizer_timing.tcl |& tee /dev/null /openlane/designs/CPU/runs/RUN_2025.06.11_19.06.39/logs/cts/14-resizer.log"

Wed Jun 11 19:07:11 +0000 2025 - Executing "{openroad -exit /openlane/scripts/openroad/resizer_timing.tcl |& tee /dev/null /openlane/designs/CPU/runs/RUN_2025.06.11_19.06.39/logs/cts/14-resizer.log}"

Wed Jun 11 19:07:17 +0000 2025 - Executing "{sed -i.bak -e {s/\(set ::env(CURRENT_NETLIST)\).*/\1 \/openlane\/designs\/CPU\/runs\/RUN_2025.06.11_19.06.39\/tmp\/cts\/14-CPU.resized.nl.v/} /openlane/designs/CPU/runs/RUN_2025.06.11_19.06.39/config.tcl}"

Wed Jun 11 19:07:17 +0000 2025 - Executing "openroad -exit /openlane/scripts/openroad/resizer_routing_design.tcl |& tee /dev/null /openlane/designs/CPU/runs/RUN_2025.06.11_19.06.39/logs/routing/15-resizer_design.log"

Wed Jun 11 19:07:17 +0000 2025 - Executing "{openroad -exit /openlane/scripts/openroad/resizer_routing_design.tcl |& tee /dev/null /openlane/designs/CPU/runs/RUN_2025.06.11_19.06.39/logs/routing/15-resizer_design.log}"

Wed Jun 11 19:07:20 +0000 2025 - Executing "{sed -i.bak -e {s/\(set ::env(CURRENT_NETLIST)\).*/\1 \/openlane\/designs\/CPU\/runs\/RUN_2025.06.11_19.06.39\/tmp\/15-CPU.nl.v/} /openlane/designs/CPU/runs/RUN_2025.06.11_19.06.39/config.tcl}"

Wed Jun 11 19:07:20 +0000 2025 - Executing "openroad -exit /openlane/scripts/openroad/sta/multi_corner.tcl |& tee /dev/null /openlane/designs/CPU/runs/RUN_2025.06.11_19.06.39/logs/routing/16-rsz_design_sta.log"

Wed Jun 11 19:07:20 +0000 2025 - Executing "{openroad -exit /openlane/scripts/openroad/sta/multi_corner.tcl |& tee /dev/null /openlane/designs/CPU/runs/RUN_2025.06.11_19.06.39/logs/routing/16-rsz_design_sta.log}"

Wed Jun 11 19:07:21 +0000 2025 - Executing "openroad -exit /openlane/scripts/openroad/resizer_routing_timing.tcl |& tee /dev/null /openlane/designs/CPU/runs/RUN_2025.06.11_19.06.39/logs/routing/17-resizer_timing.log"

Wed Jun 11 19:07:21 +0000 2025 - Executing "{openroad -exit /openlane/scripts/openroad/resizer_routing_timing.tcl |& tee /dev/null /openlane/designs/CPU/runs/RUN_2025.06.11_19.06.39/logs/routing/17-resizer_timing.log}"

Wed Jun 11 19:07:28 +0000 2025 - Executing "{sed -i.bak -e {s/\(set ::env(CURRENT_NETLIST)\).*/\1 \/openlane\/designs\/CPU\/runs\/RUN_2025.06.11_19.06.39\/tmp\/17-CPU.nl.v/} /openlane/designs/CPU/runs/RUN_2025.06.11_19.06.39/config.tcl}"

Wed Jun 11 19:07:28 +0000 2025 - Executing "openroad -exit /openlane/scripts/openroad/sta/multi_corner.tcl |& tee /dev/null /openlane/designs/CPU/runs/RUN_2025.06.11_19.06.39/logs/routing/18-rsz_timing_sta.log"

Wed Jun 11 19:07:28 +0000 2025 - Executing "{openroad -exit /openlane/scripts/openroad/sta/multi_corner.tcl |& tee /dev/null /openlane/designs/CPU/runs/RUN_2025.06.11_19.06.39/logs/routing/18-rsz_timing_sta.log}"

Wed Jun 11 19:07:29 +0000 2025 - Executing "openroad -exit /openlane/scripts/openroad/repair_antennas.tcl |& tee /dev/null /openlane/designs/CPU/runs/RUN_2025.06.11_19.06.39/logs/routing/19-global.log"

Wed Jun 11 19:07:29 +0000 2025 - Executing "{openroad -exit /openlane/scripts/openroad/repair_antennas.tcl |& tee /dev/null /openlane/designs/CPU/runs/RUN_2025.06.11_19.06.39/logs/routing/19-global.log}"

Wed Jun 11 19:07:30 +0000 2025 - Executing "openroad -exit /openlane/scripts/openroad/write_views.tcl |& tee /dev/null /openlane/designs/CPU/runs/RUN_2025.06.11_19.06.39/logs/routing/19-global_write_netlist.log"

Wed Jun 11 19:07:30 +0000 2025 - Executing "{openroad -exit /openlane/scripts/openroad/write_views.tcl |& tee /dev/null /openlane/designs/CPU/runs/RUN_2025.06.11_19.06.39/logs/routing/19-global_write_netlist.log}"

Wed Jun 11 19:07:30 +0000 2025 - Executing "{sed -i.bak -e {s/\(set ::env(CURRENT_NETLIST)\).*/\1 \/openlane\/designs\/CPU\/runs\/RUN_2025.06.11_19.06.39\/tmp\/routing\/global.nl.v/} /openlane/designs/CPU/runs/RUN_2025.06.11_19.06.39/config.tcl}"

Wed Jun 11 19:07:31 +0000 2025 - Executing "openroad -exit /openlane/scripts/openroad/sta/multi_corner.tcl |& tee /dev/null /openlane/designs/CPU/runs/RUN_2025.06.11_19.06.39/logs/routing/21-grt_sta.log"

Wed Jun 11 19:07:31 +0000 2025 - Executing "{openroad -exit /openlane/scripts/openroad/sta/multi_corner.tcl |& tee /dev/null /openlane/designs/CPU/runs/RUN_2025.06.11_19.06.39/logs/routing/21-grt_sta.log}"

Wed Jun 11 19:07:32 +0000 2025 - Executing "openroad -exit /openlane/scripts/openroad/fill.tcl |& tee /dev/null /openlane/designs/CPU/runs/RUN_2025.06.11_19.06.39/logs/routing/22-fill.log"

Wed Jun 11 19:07:32 +0000 2025 - Executing "{openroad -exit /openlane/scripts/openroad/fill.tcl |& tee /dev/null /openlane/designs/CPU/runs/RUN_2025.06.11_19.06.39/logs/routing/22-fill.log}"

Wed Jun 11 19:07:32 +0000 2025 - Executing "{sed -i.bak -e {s/\(set ::env(CURRENT_NETLIST)\).*/\1 \/openlane\/designs\/CPU\/runs\/RUN_2025.06.11_19.06.39\/tmp\/routing\/22-fill.nl.v/} /openlane/designs/CPU/runs/RUN_2025.06.11_19.06.39/config.tcl}"

Wed Jun 11 19:07:32 +0000 2025 - Executing "openroad -exit -metrics /openlane/designs/CPU/runs/RUN_2025.06.11_19.06.39/reports/routing/23-drt_metrics.json /openlane/scripts/openroad/droute.tcl |& tee /dev/null /openlane/designs/CPU/runs/RUN_2025.06.11_19.06.39/logs/routing/23-detailed.log"

Wed Jun 11 19:07:32 +0000 2025 - Executing "{openroad -exit -metrics /openlane/designs/CPU/runs/RUN_2025.06.11_19.06.39/reports/routing/23-drt_metrics.json /openlane/scripts/openroad/droute.tcl |& tee /dev/null /openlane/designs/CPU/runs/RUN_2025.06.11_19.06.39/logs/routing/23-detailed.log}"

Wed Jun 11 19:08:51 +0000 2025 - Executing "{sed -i.bak -e {s/\(set ::env(CURRENT_NETLIST)\).*/\1 \/openlane\/designs\/CPU\/runs\/RUN_2025.06.11_19.06.39\/results\/routing\/CPU.nl.v/} /openlane/designs/CPU/runs/RUN_2025.06.11_19.06.39/config.tcl}"

Wed Jun 11 19:08:51 +0000 2025 - Executing "{python3 /openlane/scripts/drc_rosetta.py tr to_klayout -o /openlane/designs/CPU/runs/RUN_2025.06.11_19.06.39/reports/routing/drt.klayout.xml --design-name CPU /openlane/designs/CPU/runs/RUN_2025.06.11_19.06.39/reports/routing/drt.drc}"

Wed Jun 11 19:08:52 +0000 2025 - Executing "{openroad -exit -no_init -python /openlane/scripts/odbpy/wire_lengths.py --report-out /openlane/designs/CPU/runs/RUN_2025.06.11_19.06.39/reports/routing/24-wire_lengths.csv --input-lef /openlane/designs/CPU/runs/RUN_2025.06.11_19.06.39/tmp/merged.nom.lef --output-def /openlane/designs/CPU/runs/RUN_2025.06.11_19.06.39/results/routing/CPU.def --output /openlane/designs/CPU/runs/RUN_2025.06.11_19.06.39/results/routing/CPU.odb /openlane/designs/CPU/runs/RUN_2025.06.11_19.06.39/results/routing/CPU.odb |& tee /dev/null /openlane/designs/CPU/runs/RUN_2025.06.11_19.06.39/logs/routing/24-wire_lengths.log}"

Wed Jun 11 19:08:52 +0000 2025 - Executing "openroad -exit /openlane/scripts/openroad/rcx.tcl |& tee /dev/null /openlane/designs/CPU/runs/RUN_2025.06.11_19.06.39/logs/signoff/25-parasitics_extraction.min.log"

Wed Jun 11 19:08:52 +0000 2025 - Executing "{openroad -exit /openlane/scripts/openroad/rcx.tcl |& tee /dev/null /openlane/designs/CPU/runs/RUN_2025.06.11_19.06.39/logs/signoff/25-parasitics_extraction.min.log}"

Wed Jun 11 19:08:53 +0000 2025 - Executing "sta -exit -no_init /openlane/scripts/openroad/sta/multi_corner.tcl |& tee /dev/null /openlane/designs/CPU/runs/RUN_2025.06.11_19.06.39/logs/signoff/26-rcx_mcsta.min.log"

Wed Jun 11 19:08:53 +0000 2025 - Executing "{sta -exit -no_init /openlane/scripts/openroad/sta/multi_corner.tcl |& tee /dev/null /openlane/designs/CPU/runs/RUN_2025.06.11_19.06.39/logs/signoff/26-rcx_mcsta.min.log}"

Wed Jun 11 19:08:57 +0000 2025 - Executing "openroad -exit /openlane/scripts/openroad/rcx.tcl |& tee /dev/null /openlane/designs/CPU/runs/RUN_2025.06.11_19.06.39/logs/signoff/27-parasitics_extraction.max.log"

Wed Jun 11 19:08:57 +0000 2025 - Executing "{openroad -exit /openlane/scripts/openroad/rcx.tcl |& tee /dev/null /openlane/designs/CPU/runs/RUN_2025.06.11_19.06.39/logs/signoff/27-parasitics_extraction.max.log}"

Wed Jun 11 19:08:58 +0000 2025 - Executing "sta -exit -no_init /openlane/scripts/openroad/sta/multi_corner.tcl |& tee /dev/null /openlane/designs/CPU/runs/RUN_2025.06.11_19.06.39/logs/signoff/28-rcx_mcsta.max.log"

Wed Jun 11 19:08:58 +0000 2025 - Executing "{sta -exit -no_init /openlane/scripts/openroad/sta/multi_corner.tcl |& tee /dev/null /openlane/designs/CPU/runs/RUN_2025.06.11_19.06.39/logs/signoff/28-rcx_mcsta.max.log}"

Wed Jun 11 19:09:02 +0000 2025 - Executing "openroad -exit /openlane/scripts/openroad/rcx.tcl |& tee /dev/null /openlane/designs/CPU/runs/RUN_2025.06.11_19.06.39/logs/signoff/29-parasitics_extraction.nom.log"

Wed Jun 11 19:09:02 +0000 2025 - Executing "{openroad -exit /openlane/scripts/openroad/rcx.tcl |& tee /dev/null /openlane/designs/CPU/runs/RUN_2025.06.11_19.06.39/logs/signoff/29-parasitics_extraction.nom.log}"

Wed Jun 11 19:09:03 +0000 2025 - Executing "sta -exit -no_init /openlane/scripts/openroad/sta/multi_corner.tcl |& tee /dev/null /openlane/designs/CPU/runs/RUN_2025.06.11_19.06.39/logs/signoff/30-rcx_mcsta.nom.log"

Wed Jun 11 19:09:03 +0000 2025 - Executing "{sta -exit -no_init /openlane/scripts/openroad/sta/multi_corner.tcl |& tee /dev/null /openlane/designs/CPU/runs/RUN_2025.06.11_19.06.39/logs/signoff/30-rcx_mcsta.nom.log}"

Wed Jun 11 19:09:07 +0000 2025 - Executing "openroad -exit /openlane/scripts/openroad/irdrop.tcl |& tee /dev/null /openlane/designs/CPU/runs/RUN_2025.06.11_19.06.39/logs/signoff/31-irdrop.log"

Wed Jun 11 19:09:07 +0000 2025 - Executing "{openroad -exit /openlane/scripts/openroad/irdrop.tcl |& tee /dev/null /openlane/designs/CPU/runs/RUN_2025.06.11_19.06.39/logs/signoff/31-irdrop.log}"

Wed Jun 11 19:09:08 +0000 2025 - Executing "magic -noconsole -dnull -rcfile /home/omers/.volare/sky130A/libs.tech/magic/sky130A.magicrc < /openlane/scripts/magic/wrapper.tcl |& tee /dev/null /openlane/designs/CPU/runs/RUN_2025.06.11_19.06.39/logs/signoff/32-gdsii.log"

Wed Jun 11 19:09:08 +0000 2025 - Executing "{magic -noconsole -dnull -rcfile /home/omers/.volare/sky130A/libs.tech/magic/sky130A.magicrc < /openlane/scripts/magic/wrapper.tcl |& tee /dev/null /openlane/designs/CPU/runs/RUN_2025.06.11_19.06.39/logs/signoff/32-gdsii.log}"

Wed Jun 11 19:09:09 +0000 2025 - Executing "magic -noconsole -dnull -rcfile /home/omers/.volare/sky130A/libs.tech/magic/sky130A.magicrc < /openlane/scripts/magic/wrapper.tcl |& tee /dev/null /openlane/designs/CPU/runs/RUN_2025.06.11_19.06.39/logs/signoff/32-gds_ptrs.log"

Wed Jun 11 19:09:09 +0000 2025 - Executing "{magic -noconsole -dnull -rcfile /home/omers/.volare/sky130A/libs.tech/magic/sky130A.magicrc < /openlane/scripts/magic/wrapper.tcl |& tee /dev/null /openlane/designs/CPU/runs/RUN_2025.06.11_19.06.39/logs/signoff/32-gds_ptrs.log}"

Wed Jun 11 19:09:10 +0000 2025 - Executing "{sed -i.bak -n {/^<< properties >>/,/^<< end >>/p} /openlane/designs/CPU/runs/RUN_2025.06.11_19.06.39/tmp/signoff/gds_ptrs.mag}"

Wed Jun 11 19:09:10 +0000 2025 - Executing "magic -noconsole -dnull -rcfile /home/omers/.volare/sky130A/libs.tech/magic/sky130A.magicrc < /openlane/scripts/magic/wrapper.tcl |& tee /dev/null /openlane/designs/CPU/runs/RUN_2025.06.11_19.06.39/logs/signoff/32-lef.log"

Wed Jun 11 19:09:10 +0000 2025 - Executing "{magic -noconsole -dnull -rcfile /home/omers/.volare/sky130A/libs.tech/magic/sky130A.magicrc < /openlane/scripts/magic/wrapper.tcl |& tee /dev/null /openlane/designs/CPU/runs/RUN_2025.06.11_19.06.39/logs/signoff/32-lef.log}"

Wed Jun 11 19:09:11 +0000 2025 - Executing "magic -noconsole -dnull -rcfile /home/omers/.volare/sky130A/libs.tech/magic/sky130A.magicrc < /openlane/scripts/magic/wrapper.tcl |& tee /dev/null /openlane/designs/CPU/runs/RUN_2025.06.11_19.06.39/logs/signoff/32-maglef.log"

Wed Jun 11 19:09:11 +0000 2025 - Executing "{magic -noconsole -dnull -rcfile /home/omers/.volare/sky130A/libs.tech/magic/sky130A.magicrc < /openlane/scripts/magic/wrapper.tcl |& tee /dev/null /openlane/designs/CPU/runs/RUN_2025.06.11_19.06.39/logs/signoff/32-maglef.log}"

Wed Jun 11 19:09:11 +0000 2025 - Executing "{python3 /openlane/scripts/klayout/stream_out.py --output /openlane/designs/CPU/runs/RUN_2025.06.11_19.06.39/results/signoff/CPU.klayout.gds --lyt /home/omers/.volare/sky130A/libs.tech/klayout/tech/sky130A.lyt --lym /home/omers/.volare/sky130A/libs.tech/klayout/tech/sky130A.map --lyp /home/omers/.volare/sky130A/libs.tech/klayout/tech/sky130A.lyp --top CPU --with-gds-file /home/omers/.volare/sky130A/libs.ref/sky130_fd_sc_hd/gds/sky130_fd_sc_hd.gds --input-lef /openlane/designs/CPU/runs/RUN_2025.06.11_19.06.39/tmp/merged.nom.lef /openlane/designs/CPU/runs/RUN_2025.06.11_19.06.39/results/routing/CPU.def |& tee /dev/null /openlane/designs/CPU/runs/RUN_2025.06.11_19.06.39/logs/signoff/33-gdsii-klayout.log}"

Wed Jun 11 19:09:12 +0000 2025 - Executing "{klayout -b -r /openlane/scripts/klayout/xor.drc -rd a=/openlane/designs/CPU/runs/RUN_2025.06.11_19.06.39/results/signoff/CPU.gds -rd b=/openlane/designs/CPU/runs/RUN_2025.06.11_19.06.39/results/signoff/CPU.klayout.gds -rd jobs=1 -rd rdb_out=/openlane/designs/CPU/runs/RUN_2025.06.11_19.06.39/reports/signoff/34-xor.xml -rd ignore=81/14 -rd rpt_out=/openlane/designs/CPU/runs/RUN_2025.06.11_19.06.39/reports/signoff/34-xor.rpt |& tee /dev/null /openlane/designs/CPU/runs/RUN_2025.06.11_19.06.39/logs/signoff/34-xor.log}"

Wed Jun 11 19:09:15 +0000 2025 - Executing "magic -noconsole -dnull -rcfile /home/omers/.volare/sky130A/libs.tech/magic/sky130A.magicrc < /openlane/scripts/magic/wrapper.tcl |& tee /dev/null /openlane/designs/CPU/runs/RUN_2025.06.11_19.06.39/logs/signoff/35-spice.log"

Wed Jun 11 19:09:15 +0000 2025 - Executing "{magic -noconsole -dnull -rcfile /home/omers/.volare/sky130A/libs.tech/magic/sky130A.magicrc < /openlane/scripts/magic/wrapper.tcl |& tee /dev/null /openlane/designs/CPU/runs/RUN_2025.06.11_19.06.39/logs/signoff/35-spice.log}"

Wed Jun 11 19:09:18 +0000 2025 - Executing "{openroad -exit -no_init -python /openlane/scripts/odbpy/power_utils.py write_powered_def --output /openlane/designs/CPU/runs/RUN_2025.06.11_19.06.39/tmp/signoff/35-CPU.p.def --input-lef /openlane/designs/CPU/runs/RUN_2025.06.11_19.06.39/tmp/merged.nom.lef --power-port VPWR --ground-port VGND --powered-netlist {} /openlane/designs/CPU/runs/RUN_2025.06.11_19.06.39/results/routing/CPU.def |& tee /dev/null /openlane/designs/CPU/runs/RUN_2025.06.11_19.06.39/logs/signoff/36-write_powered_def.log}"

Wed Jun 11 19:09:18 +0000 2025 - Executing "openroad -exit /openlane/scripts/openroad/write_views.tcl |& tee /dev/null /openlane/designs/CPU/runs/RUN_2025.06.11_19.06.39/logs/signoff/36-write_powered_verilog.log"

Wed Jun 11 19:09:18 +0000 2025 - Executing "{openroad -exit /openlane/scripts/openroad/write_views.tcl |& tee /dev/null /openlane/designs/CPU/runs/RUN_2025.06.11_19.06.39/logs/signoff/36-write_powered_verilog.log}"

Wed Jun 11 19:09:19 +0000 2025 - Executing "{sed -i.bak -e {s/\(set ::env(CURRENT_NETLIST)\).*/\1 \/openlane\/designs\/CPU\/runs\/RUN_2025.06.11_19.06.39\/tmp\/signoff\/35-CPU.nl.v/} /openlane/designs/CPU/runs/RUN_2025.06.11_19.06.39/config.tcl}"

Wed Jun 11 19:09:19 +0000 2025 - Executing "{netgen -batch source /openlane/designs/CPU/runs/RUN_2025.06.11_19.06.39/tmp/signoff/38-setup_file.lef.lvs |& tee /dev/null /openlane/designs/CPU/runs/RUN_2025.06.11_19.06.39/logs/signoff/38-lvs.lef.log}"

Wed Jun 11 19:09:20 +0000 2025 - Executing "magic -noconsole -dnull -rcfile /home/omers/.volare/sky130A/libs.tech/magic/sky130A.magicrc < /openlane/scripts/magic/wrapper.tcl |& tee /dev/null /openlane/designs/CPU/runs/RUN_2025.06.11_19.06.39/logs/signoff/39-drc.log"

Wed Jun 11 19:09:20 +0000 2025 - Executing "{magic -noconsole -dnull -rcfile /home/omers/.volare/sky130A/libs.tech/magic/sky130A.magicrc < /openlane/scripts/magic/wrapper.tcl |& tee /dev/null /openlane/designs/CPU/runs/RUN_2025.06.11_19.06.39/logs/signoff/39-drc.log}"

Wed Jun 11 19:09:25 +0000 2025 - Executing "{python3 /openlane/scripts/drc_rosetta.py magic to_tcl -o /openlane/designs/CPU/runs/RUN_2025.06.11_19.06.39/reports/signoff/drc.tcl /openlane/designs/CPU/runs/RUN_2025.06.11_19.06.39/reports/signoff/drc.rpt}"

Wed Jun 11 19:09:25 +0000 2025 - Executing "{python3 /openlane/scripts/drc_rosetta.py magic to_tr -o /openlane/designs/CPU/runs/RUN_2025.06.11_19.06.39/reports/signoff/drc.tr /openlane/designs/CPU/runs/RUN_2025.06.11_19.06.39/reports/signoff/drc.rpt}"

Wed Jun 11 19:09:25 +0000 2025 - Executing "{python3 /openlane/scripts/drc_rosetta.py tr to_klayout -o /openlane/designs/CPU/runs/RUN_2025.06.11_19.06.39/reports/signoff/drc.klayout.xml --design-name CPU /openlane/designs/CPU/runs/RUN_2025.06.11_19.06.39/reports/signoff/drc.tr}"

Wed Jun 11 19:09:25 +0000 2025 - Executing "{python3 /openlane/scripts/drc_rosetta.py magic to_rdb -o /openlane/designs/CPU/runs/RUN_2025.06.11_19.06.39/reports/signoff/drc.rdb /openlane/designs/CPU/runs/RUN_2025.06.11_19.06.39/reports/signoff/drc.rpt}"

Wed Jun 11 19:09:26 +0000 2025 - Executing "{klayout -b -zz -r /home/omers/.volare/sky130A/libs.tech/klayout/drc/sky130A_mr.drc -rd topcell=CPU -rd input=/openlane/designs/CPU/runs/RUN_2025.06.11_19.06.39/results/signoff/CPU.gds -rd report=/openlane/designs/CPU/runs/RUN_2025.06.11_19.06.39/reports/signoff/violations.xml -rd feol=true -rd beol=true -rd floating_metal=false -rd seal=true -rd thread=1 |& tee /dev/null /openlane/designs/CPU/runs/RUN_2025.06.11_19.06.39/logs/signoff/40-drc-klayout.log}"

Wed Jun 11 19:09:36 +0000 2025 - Executing "{python3 /openlane/scripts/klayout/xml_drc_report_to_json.py --xml-file /openlane/designs/CPU/runs/RUN_2025.06.11_19.06.39/reports/signoff/violations.xml --json-file /openlane/designs/CPU/runs/RUN_2025.06.11_19.06.39/reports/signoff/violations.json}"

Wed Jun 11 19:09:36 +0000 2025 - Executing "openroad -exit /openlane/scripts/openroad/antenna_check.tcl |& tee /dev/null /openlane/designs/CPU/runs/RUN_2025.06.11_19.06.39/logs/signoff/41-arc.log"

Wed Jun 11 19:09:36 +0000 2025 - Executing "{openroad -exit /openlane/scripts/openroad/antenna_check.tcl |& tee /dev/null /openlane/designs/CPU/runs/RUN_2025.06.11_19.06.39/logs/signoff/41-arc.log}"

Wed Jun 11 19:09:37 +0000 2025 - Executing "{python3 /openlane/scripts/extract_antenna_violators.py --output /openlane/designs/CPU/runs/RUN_2025.06.11_19.06.39/reports/signoff/41-antenna_violators.rpt --plain-out /openlane/designs/CPU/runs/RUN_2025.06.11_19.06.39/reports/signoff/41-antenna_violators_pins.txt /openlane/designs/CPU/runs/RUN_2025.06.11_19.06.39/logs/signoff/41-arc.log}"

Wed Jun 11 19:09:37 +0000 2025 - Executing "{python3 /openlane/scripts/write_runtime.py --conclude --seconds --time-in 1749668977 {flow completed}}"

Wed Jun 11 19:09:37 +0000 2025 - Executing "{python3 /openlane/scripts/generate_reports.py -d /openlane/designs/CPU --design_name CPU --tag RUN_2025.06.11_19.06.39 --output_file /openlane/designs/CPU/runs/RUN_2025.06.11_19.06.39/reports/metrics.csv --man_report /openlane/designs/CPU/runs/RUN_2025.06.11_19.06.39/reports/manufacturability.rpt --run_path /openlane/designs/CPU/runs/RUN_2025.06.11_19.06.39}"

