
===========================================================================
report_checks -unconstrained
===========================================================================
======================= Typical Corner ===================================

Startpoint: B[0] (input port clocked by __VIRTUAL_CLK__)
Endpoint: OUT[6] (output port clocked by __VIRTUAL_CLK__)
Path Group: __VIRTUAL_CLK__
Path Type: max

Fanout     Cap    Slew   Delay    Time   Description
-----------------------------------------------------------------------------
                  0.00    0.00    0.00   clock __VIRTUAL_CLK__ (rise edge)
                          0.00    0.00   clock network delay (ideal)
                          2.00    2.00 v input external delay
     1    0.00    0.01    0.01    2.01 v B[0] (in)
                                         B[0] (net)
                  0.01    0.00    2.01 v input7/A (sky130_fd_sc_hd__buf_2)
    13    0.04    0.09    0.17    2.18 v input7/X (sky130_fd_sc_hd__buf_2)
                                         net7 (net)
                  0.09    0.00    2.18 v _224_/A (sky130_fd_sc_hd__or2_1)
     4    0.01    0.08    0.30    2.48 v _224_/X (sky130_fd_sc_hd__or2_1)
                                         _152_ (net)
                  0.08    0.00    2.48 v _226_/A3 (sky130_fd_sc_hd__o31a_1)
     3    0.01    0.08    0.31    2.78 v _226_/X (sky130_fd_sc_hd__o31a_1)
                                         _154_ (net)
                  0.08    0.00    2.78 v _258_/A3 (sky130_fd_sc_hd__o31a_1)
     2    0.01    0.07    0.29    3.08 v _258_/X (sky130_fd_sc_hd__o31a_1)
                                         _020_ (net)
                  0.07    0.00    3.08 v _259_/B (sky130_fd_sc_hd__xnor2_1)
     2    0.00    0.06    0.14    3.22 v _259_/Y (sky130_fd_sc_hd__xnor2_1)
                                         _021_ (net)
                  0.06    0.00    3.22 v _260_/B (sky130_fd_sc_hd__and2_1)
     3    0.01    0.05    0.19    3.41 v _260_/X (sky130_fd_sc_hd__and2_1)
                                         _022_ (net)
                  0.05    0.00    3.41 v _262_/A (sky130_fd_sc_hd__or2_1)
     2    0.01    0.07    0.27    3.68 v _262_/X (sky130_fd_sc_hd__or2_1)
                                         _024_ (net)
                  0.07    0.00    3.68 v _266_/B1 (sky130_fd_sc_hd__a311oi_2)
     3    0.01    0.26    0.31    3.99 ^ _266_/Y (sky130_fd_sc_hd__a311oi_2)
                                         _028_ (net)
                  0.26    0.00    3.99 ^ _267_/A_N (sky130_fd_sc_hd__and2b_1)
     1    0.00    0.04    0.23    4.22 v _267_/X (sky130_fd_sc_hd__and2b_1)
                                         _029_ (net)
                  0.04    0.00    4.22 v _281_/A2 (sky130_fd_sc_hd__a21o_1)
     1    0.00    0.03    0.17    4.39 v _281_/X (sky130_fd_sc_hd__a21o_1)
                                         net23 (net)
                  0.03    0.00    4.39 v output23/A (sky130_fd_sc_hd__buf_2)
     1    0.03    0.09    0.18    4.57 v output23/X (sky130_fd_sc_hd__buf_2)
                                         OUT[6] (net)
                  0.09    0.00    4.57 v OUT[6] (out)
                                  4.57   data arrival time

                  0.00   10.00   10.00   clock __VIRTUAL_CLK__ (rise edge)
                          0.00   10.00   clock network delay (ideal)
                         -0.25    9.75   clock uncertainty
                          0.00    9.75   clock reconvergence pessimism
                         -2.00    7.75   output external delay
                                  7.75   data required time
-----------------------------------------------------------------------------
                                  7.75   data required time
                                 -4.57   data arrival time
-----------------------------------------------------------------------------
                                  3.18   slack (MET)




===========================================================================
report_checks --slack_max -0.01
============================================================================
======================= Typical Corner ===================================

No paths found.


===========================================================================
 report_check_types -max_slew -max_cap -max_fanout -violators
============================================================================
======================= Typical Corner ===================================


max slew violations count Typical: 0
max fanout violations count Typical: 0
max cap violations count Typical: 0

===========================================================================
report_parasitic_annotation -report_unannotated
============================================================================
Found 0 unannotated drivers.
Found 22 partially unannotated drivers.
 A[3]
 A[4]
 B[7]
 OPCODE[1]
 _167_/Y
 _189_/X
 _196_/X
 _199_/Y
 _213_/Y
 _218_/Y
 _220_/X
 _247_/X
 _257_/X
 _259_/Y
 _279_/Y
 _281_/X
 _283_/X
 _292_/X
 input15/X
 input2/X
 input7/X
 input8/X

===========================================================================
max slew violation count 0
max fanout violation count 0
max cap violation count 0
============================================================================

===========================================================================
check_setup -verbose -unconstrained_endpoints -multiple_clock -no_clock -no_input_delay -loops -generated_clocks
===========================================================================
