
===========================================================================
 report_power
============================================================================
======================= Fastest Corner ===================================

Group                  Internal  Switching    Leakage      Total
                          Power      Power      Power      Power (Watts)
----------------------------------------------------------------
Sequential             0.00e+00   0.00e+00   0.00e+00   0.00e+00   0.0%
Combinational          3.94e-05   6.38e-05   1.22e-09   1.03e-04 100.0%
Clock                  0.00e+00   0.00e+00   8.56e-10   8.56e-10   0.0%
Macro                  0.00e+00   0.00e+00   0.00e+00   0.00e+00   0.0%
Pad                    0.00e+00   0.00e+00   0.00e+00   0.00e+00   0.0%
----------------------------------------------------------------
Total                  3.94e-05   6.38e-05   2.07e-09   1.03e-04 100.0%
                          38.1%      61.9%       0.0%

======================= Slowest Corner ===================================

Group                  Internal  Switching    Leakage      Total
                          Power      Power      Power      Power (Watts)
----------------------------------------------------------------
Sequential             0.00e+00   0.00e+00   0.00e+00   0.00e+00   0.0%
Combinational          2.97e-05   4.24e-05   8.44e-07   7.29e-05 100.0%
Clock                  0.00e+00   0.00e+00   8.56e-10   8.56e-10   0.0%
Macro                  0.00e+00   0.00e+00   0.00e+00   0.00e+00   0.0%
Pad                    0.00e+00   0.00e+00   0.00e+00   0.00e+00   0.0%
----------------------------------------------------------------
Total                  2.97e-05   4.24e-05   8.45e-07   7.29e-05 100.0%
                          40.7%      58.2%       1.2%

======================= Typical Corner ===================================

Group                  Internal  Switching    Leakage      Total
                          Power      Power      Power      Power (Watts)
----------------------------------------------------------------
Sequential             0.00e+00   0.00e+00   0.00e+00   0.00e+00   0.0%
Combinational          3.61e-05   5.40e-05   6.60e-10   9.01e-05 100.0%
Clock                  0.00e+00   0.00e+00   8.56e-10   8.56e-10   0.0%
Macro                  0.00e+00   0.00e+00   0.00e+00   0.00e+00   0.0%
Pad                    0.00e+00   0.00e+00   0.00e+00   0.00e+00   0.0%
----------------------------------------------------------------
Total                  3.61e-05   5.40e-05   1.52e-09   9.01e-05 100.0%
                          40.1%      59.9%       0.0%

