
===========================================================================
 report_power
============================================================================
======================= Fastest Corner ===================================

Group                  Internal  Switching    Leakage      Total
                          Power      Power      Power      Power (Watts)
----------------------------------------------------------------
Sequential             1.51e-04   0.00e+00   3.05e-08   1.51e-04  45.3%
Combinational          3.17e-14   1.45e-13   9.49e-10   9.50e-10   0.0%
Clock                  1.12e-04   7.06e-05   1.42e-09   1.82e-04  54.7%
Macro                  0.00e+00   0.00e+00   0.00e+00   0.00e+00   0.0%
Pad                    0.00e+00   0.00e+00   0.00e+00   0.00e+00   0.0%
----------------------------------------------------------------
Total                  2.62e-04   7.06e-05   3.29e-08   3.33e-04 100.0%
                          78.8%      21.2%       0.0%

======================= Slowest Corner ===================================

Group                  Internal  Switching    Leakage      Total
                          Power      Power      Power      Power (Watts)
----------------------------------------------------------------
Sequential             9.94e-05   0.00e+00   6.25e-07   1.00e-04  44.1%
Combinational          2.19e-14   9.66e-14   7.59e-07   7.59e-07   0.3%
Clock                  7.98e-05   4.61e-05   1.14e-07   1.26e-04  55.6%
Macro                  0.00e+00   0.00e+00   0.00e+00   0.00e+00   0.0%
Pad                    0.00e+00   0.00e+00   0.00e+00   0.00e+00   0.0%
----------------------------------------------------------------
Total                  1.79e-04   4.61e-05   1.50e-06   2.27e-04 100.0%
                          79.0%      20.3%       0.7%

======================= Typical Corner ===================================

Group                  Internal  Switching    Leakage      Total
                          Power      Power      Power      Power (Watts)
----------------------------------------------------------------
Sequential             1.29e-04   0.00e+00   3.00e-08   1.29e-04  45.2%
Combinational          2.69e-14   1.24e-13   6.33e-10   6.34e-10   0.0%
Clock                  9.75e-05   5.92e-05   1.13e-09   1.57e-04  54.8%
Macro                  0.00e+00   0.00e+00   0.00e+00   0.00e+00   0.0%
Pad                    0.00e+00   0.00e+00   0.00e+00   0.00e+00   0.0%
----------------------------------------------------------------
Total                  2.27e-04   5.92e-05   3.18e-08   2.86e-04 100.0%
                          79.3%      20.7%       0.0%

