OpenROAD b16bda7e82721d10566ff7e2b68f1ff0be9f9e38 
Features included (+) or not (-): +Charts +GPU +GUI +Python
This program is licensed under the BSD-3 license. See the LICENSE file for details.
Components of this program may be licensed under more restrictive licenses which must be honored.
define_corners Typical
read_liberty -corner Typical /home/omers/.volare/sky130A/libs.ref/sky130_fd_sc_hd/lib/sky130_fd_sc_hd__tt_025C_1v80.lib
Using 1e-12 for capacitance...
Using 1e+03 for resistance...
Using 1e-09 for time...
Using 1e+00 for voltage...
Using 1e-03 for current...
Using 1e-09 for power...
Using 1e-06 for distance...
[INFO]: Reading ODB at '/openlane/designs/CPU/runs/RUN_2025.06.11_19.06.39/tmp/routing/22-fill.odb'…
Reading design constraints file at '/openlane/designs/CPU/src/CPU.sdc'…
[INFO ORD-0030] Using 2 thread(s).
[INFO DRT-0149] Reading tech and libs.
[WARNING DRT-0349] LEF58_ENCLOSURE with no CUTCLASS is not supported. Skipping for layer mcon
[WARNING DRT-0349] LEF58_ENCLOSURE with no CUTCLASS is not supported. Skipping for layer mcon
[WARNING DRT-0349] LEF58_ENCLOSURE with no CUTCLASS is not supported. Skipping for layer via
[WARNING DRT-0349] LEF58_ENCLOSURE with no CUTCLASS is not supported. Skipping for layer via
[WARNING DRT-0349] LEF58_ENCLOSURE with no CUTCLASS is not supported. Skipping for layer via2
[WARNING DRT-0349] LEF58_ENCLOSURE with no CUTCLASS is not supported. Skipping for layer via2
[WARNING DRT-0349] LEF58_ENCLOSURE with no CUTCLASS is not supported. Skipping for layer via3
[WARNING DRT-0349] LEF58_ENCLOSURE with no CUTCLASS is not supported. Skipping for layer via3
[WARNING DRT-0349] LEF58_ENCLOSURE with no CUTCLASS is not supported. Skipping for layer via4
[WARNING DRT-0349] LEF58_ENCLOSURE with no CUTCLASS is not supported. Skipping for layer via4

Units:                1000
Number of layers:     13
Number of macros:     441
Number of vias:       29
Number of viarulegen: 25

[INFO DRT-0150] Reading design.

Design:                   CPU
Die area:                 ( 0 0 ) ( 220000 220000 )
Number of track patterns: 12
Number of DEF vias:       0
Number of components:     5412
Number of terminals:      20
Number of snets:          2
Number of nets:           1753

[INFO DRT-0167] List of default vias:
  Layer via
    default via: M1M2_PR
  Layer via2
    default via: M2M3_PR
  Layer via3
    default via: M3M4_PR
  Layer via4
    default via: M4M5_PR
[INFO DRT-0162] Library cell analysis.
[INFO DRT-0163] Instance analysis.
[INFO DRT-0164] Number of unique instances = 290.
[INFO DRT-0168] Init region query.
[INFO DRT-0024]   Complete FR_MASTERSLICE.
[INFO DRT-0024]   Complete Fr_VIA.
[INFO DRT-0024]   Complete li1.
[INFO DRT-0024]   Complete mcon.
[INFO DRT-0024]   Complete met1.
[INFO DRT-0024]   Complete via.
[INFO DRT-0024]   Complete met2.
[INFO DRT-0024]   Complete via2.
[INFO DRT-0024]   Complete met3.
[INFO DRT-0024]   Complete via3.
[INFO DRT-0024]   Complete met4.
[INFO DRT-0024]   Complete via4.
[INFO DRT-0024]   Complete met5.
[INFO DRT-0033] FR_MASTERSLICE shape region query size = 0.
[INFO DRT-0033] FR_VIA shape region query size = 0.
[INFO DRT-0033] li1 shape region query size = 69827.
[INFO DRT-0033] mcon shape region query size = 25368.
[INFO DRT-0033] met1 shape region query size = 14196.
[INFO DRT-0033] via shape region query size = 3285.
[INFO DRT-0033] met2 shape region query size = 1971.
[INFO DRT-0033] via2 shape region query size = 2628.
[INFO DRT-0033] met3 shape region query size = 1989.
[INFO DRT-0033] via3 shape region query size = 2628.
[INFO DRT-0033] met4 shape region query size = 837.
[INFO DRT-0033] via4 shape region query size = 144.
[INFO DRT-0033] met5 shape region query size = 176.
[INFO DRT-0165] Start pin access.
[INFO DRT-0078]   Complete 997 pins.
[INFO DRT-0079]   Complete 100 unique inst patterns.
[INFO DRT-0079]   Complete 200 unique inst patterns.
[INFO DRT-0081]   Complete 272 unique inst patterns.
[INFO DRT-0084]   Complete 1088 groups.
#scanned instances     = 5412
#unique  instances     = 290
#stdCellGenAp          = 7665
#stdCellValidPlanarAp  = 38
#stdCellValidViaAp     = 5863
#stdCellPinNoAp        = 0
#stdCellPinCnt         = 5889
#instTermValidViaApCnt = 0
#macroGenAp            = 0
#macroValidPlanarAp    = 0
#macroValidViaAp       = 0
#macroNoAp             = 0
[INFO DRT-0166] Complete pin access.
[INFO DRT-0267] cpu time = 00:00:21, elapsed time = 00:00:09, memory = 133.70 (MB), peak = 133.70 (MB)

Number of guides:     12289

[INFO DRT-0169] Post process guides.
[INFO DRT-0176] GCELLGRID X 0 DO 31 STEP 6900 ;
[INFO DRT-0177] GCELLGRID Y 0 DO 31 STEP 6900 ;
[INFO DRT-0028]   Complete FR_MASTERSLICE.
[INFO DRT-0028]   Complete Fr_VIA.
[INFO DRT-0028]   Complete li1.
[INFO DRT-0028]   Complete mcon.
[INFO DRT-0028]   Complete met1.
[INFO DRT-0028]   Complete via.
[INFO DRT-0028]   Complete met2.
[INFO DRT-0028]   Complete via2.
[INFO DRT-0028]   Complete met3.
[INFO DRT-0028]   Complete via3.
[INFO DRT-0028]   Complete met4.
[INFO DRT-0028]   Complete via4.
[INFO DRT-0028]   Complete met5.
[INFO DRT-0178] Init guide query.
[INFO DRT-0035]   Complete FR_MASTERSLICE (guide).
[INFO DRT-0035]   Complete Fr_VIA (guide).
[INFO DRT-0035]   Complete li1 (guide).
[INFO DRT-0035]   Complete mcon (guide).
[INFO DRT-0035]   Complete met1 (guide).
[INFO DRT-0035]   Complete via (guide).
[INFO DRT-0035]   Complete met2 (guide).
[INFO DRT-0035]   Complete via2 (guide).
[INFO DRT-0035]   Complete met3 (guide).
[INFO DRT-0035]   Complete via3 (guide).
[INFO DRT-0035]   Complete met4 (guide).
[INFO DRT-0035]   Complete via4 (guide).
[INFO DRT-0035]   Complete met5 (guide).
[INFO DRT-0036] FR_MASTERSLICE guide region query size = 0.
[INFO DRT-0036] FR_VIA guide region query size = 0.
[INFO DRT-0036] li1 guide region query size = 4442.
[INFO DRT-0036] mcon guide region query size = 0.
[INFO DRT-0036] met1 guide region query size = 3417.
[INFO DRT-0036] via guide region query size = 0.
[INFO DRT-0036] met2 guide region query size = 1721.
[INFO DRT-0036] via2 guide region query size = 0.
[INFO DRT-0036] met3 guide region query size = 111.
[INFO DRT-0036] via3 guide region query size = 0.
[INFO DRT-0036] met4 guide region query size = 36.
[INFO DRT-0036] via4 guide region query size = 0.
[INFO DRT-0036] met5 guide region query size = 0.
[INFO DRT-0179] Init gr pin query.
[INFO DRT-0245] skipped writing guide updates to database.
[INFO DRT-0185] Post process initialize RPin region query.
[INFO DRT-0181] Start track assignment.
[INFO DRT-0184] Done with 6199 vertical wires in 1 frboxes and 3528 horizontal wires in 1 frboxes.
[INFO DRT-0186] Done with 648 vertical wires in 1 frboxes and 1158 horizontal wires in 1 frboxes.
[INFO DRT-0182] Complete track assignment.
[INFO DRT-0267] cpu time = 00:00:01, elapsed time = 00:00:00, memory = 157.83 (MB), peak = 157.83 (MB)
[INFO DRT-0187] Start routing data preparation.
[INFO DRT-0267] cpu time = 00:00:00, elapsed time = 00:00:00, memory = 159.33 (MB), peak = 159.33 (MB)
[INFO DRT-0194] Start detail routing.
[INFO DRT-0195] Start 0th optimization iteration.
    Completing 10% with 0 violations.
    elapsed time = 00:00:00, memory = 179.83 (MB).
    Completing 20% with 0 violations.
    elapsed time = 00:00:00, memory = 189.83 (MB).
    Completing 30% with 0 violations.
    elapsed time = 00:00:01, memory = 215.96 (MB).
    Completing 40% with 119 violations.
    elapsed time = 00:00:03, memory = 230.13 (MB).
    Completing 50% with 119 violations.
    elapsed time = 00:00:05, memory = 243.01 (MB).
    Completing 60% with 119 violations.
    elapsed time = 00:00:06, memory = 223.13 (MB).
    Completing 70% with 309 violations.
    elapsed time = 00:00:11, memory = 241.85 (MB).
    Completing 80% with 309 violations.
    elapsed time = 00:00:11, memory = 241.85 (MB).
    Completing 90% with 437 violations.
    elapsed time = 00:00:15, memory = 259.23 (MB).
    Completing 100% with 682 violations.
    elapsed time = 00:00:18, memory = 259.23 (MB).
[INFO DRT-0199]   Number of violations = 926.
Viol/Layer         li1   mcon   met1    via   met2   met3   met4
Cut Spacing          0      1      0      0      0      0      0
Metal Spacing       22      0    136      0     51      1      0
Recheck              0      0    172      0     67      4      1
Short                0      0    416      1     54      0      0
[INFO DRT-0267] cpu time = 00:00:33, elapsed time = 00:00:18, memory = 565.60 (MB), peak = 565.60 (MB)
Total wire length = 44673 um.
Total wire length on LAYER li1 = 0 um.
Total wire length on LAYER met1 = 21470 um.
Total wire length on LAYER met2 = 19467 um.
Total wire length on LAYER met3 = 2842 um.
Total wire length on LAYER met4 = 893 um.
Total wire length on LAYER met5 = 0 um.
Total number of vias = 12005.
Up-via summary (total 12005):

------------------------
 FR_MASTERSLICE        0
            li1     5729
           met1     6007
           met2      199
           met3       70
           met4        0
------------------------
                   12005


[INFO DRT-0195] Start 1st optimization iteration.
    Completing 10% with 926 violations.
    elapsed time = 00:00:00, memory = 565.60 (MB).
    Completing 20% with 926 violations.
    elapsed time = 00:00:00, memory = 565.60 (MB).
    Completing 30% with 926 violations.
    elapsed time = 00:00:01, memory = 565.60 (MB).
    Completing 40% with 842 violations.
    elapsed time = 00:00:02, memory = 565.60 (MB).
    Completing 50% with 842 violations.
    elapsed time = 00:00:04, memory = 565.60 (MB).
    Completing 60% with 842 violations.
    elapsed time = 00:00:06, memory = 565.60 (MB).
    Completing 70% with 687 violations.
    elapsed time = 00:00:09, memory = 565.60 (MB).
    Completing 80% with 687 violations.
    elapsed time = 00:00:09, memory = 565.60 (MB).
    Completing 90% with 524 violations.
    elapsed time = 00:00:14, memory = 565.68 (MB).
    Completing 100% with 326 violations.
    elapsed time = 00:00:16, memory = 565.68 (MB).
[INFO DRT-0199]   Number of violations = 326.
Viol/Layer        mcon   met1   met2
Cut Spacing          1      0      0
Metal Spacing        0     53     17
Short                0    242     13
[INFO DRT-0267] cpu time = 00:00:30, elapsed time = 00:00:16, memory = 565.93 (MB), peak = 589.85 (MB)
Total wire length = 44325 um.
Total wire length on LAYER li1 = 0 um.
Total wire length on LAYER met1 = 21432 um.
Total wire length on LAYER met2 = 19287 um.
Total wire length on LAYER met3 = 2785 um.
Total wire length on LAYER met4 = 821 um.
Total wire length on LAYER met5 = 0 um.
Total number of vias = 11935.
Up-via summary (total 11935):

------------------------
 FR_MASTERSLICE        0
            li1     5726
           met1     5957
           met2      195
           met3       57
           met4        0
------------------------
                   11935


[INFO DRT-0195] Start 2nd optimization iteration.
    Completing 10% with 326 violations.
    elapsed time = 00:00:00, memory = 565.93 (MB).
    Completing 20% with 326 violations.
    elapsed time = 00:00:01, memory = 569.31 (MB).
    Completing 30% with 358 violations.
    elapsed time = 00:00:03, memory = 569.36 (MB).
    Completing 40% with 358 violations.
    elapsed time = 00:00:04, memory = 569.36 (MB).
    Completing 50% with 358 violations.
    elapsed time = 00:00:07, memory = 569.36 (MB).
    Completing 60% with 386 violations.
    elapsed time = 00:00:09, memory = 569.36 (MB).
    Completing 70% with 386 violations.
    elapsed time = 00:00:09, memory = 569.36 (MB).
    Completing 80% with 394 violations.
    elapsed time = 00:00:13, memory = 569.36 (MB).
    Completing 90% with 394 violations.
    elapsed time = 00:00:14, memory = 569.36 (MB).
    Completing 100% with 412 violations.
    elapsed time = 00:00:17, memory = 569.36 (MB).
[INFO DRT-0199]   Number of violations = 412.
Viol/Layer        met1   met2
Metal Spacing       68     24
Short              302     18
[INFO DRT-0267] cpu time = 00:00:26, elapsed time = 00:00:17, memory = 569.74 (MB), peak = 589.85 (MB)
Total wire length = 44215 um.
Total wire length on LAYER li1 = 0 um.
Total wire length on LAYER met1 = 21319 um.
Total wire length on LAYER met2 = 19285 um.
Total wire length on LAYER met3 = 2784 um.
Total wire length on LAYER met4 = 825 um.
Total wire length on LAYER met5 = 0 um.
Total number of vias = 11914.
Up-via summary (total 11914):

------------------------
 FR_MASTERSLICE        0
            li1     5726
           met1     5944
           met2      191
           met3       53
           met4        0
------------------------
                   11914


[INFO DRT-0195] Start 3rd optimization iteration.
    Completing 10% with 412 violations.
    elapsed time = 00:00:00, memory = 569.74 (MB).
    Completing 20% with 412 violations.
    elapsed time = 00:00:00, memory = 569.74 (MB).
    Completing 30% with 412 violations.
    elapsed time = 00:00:00, memory = 569.74 (MB).
    Completing 40% with 340 violations.
    elapsed time = 00:00:03, memory = 569.74 (MB).
    Completing 50% with 340 violations.
    elapsed time = 00:00:06, memory = 569.74 (MB).
    Completing 60% with 340 violations.
    elapsed time = 00:00:07, memory = 569.74 (MB).
    Completing 70% with 229 violations.
    elapsed time = 00:00:08, memory = 575.49 (MB).
    Completing 80% with 229 violations.
    elapsed time = 00:00:08, memory = 575.49 (MB).
    Completing 90% with 131 violations.
    elapsed time = 00:00:11, memory = 569.80 (MB).
    Completing 100% with 30 violations.
    elapsed time = 00:00:12, memory = 569.80 (MB).
[INFO DRT-0199]   Number of violations = 30.
Viol/Layer        met1   met2
Metal Spacing        6      1
Short               23      0
[INFO DRT-0267] cpu time = 00:00:21, elapsed time = 00:00:12, memory = 569.80 (MB), peak = 589.85 (MB)
Total wire length = 44146 um.
Total wire length on LAYER li1 = 0 um.
Total wire length on LAYER met1 = 20267 um.
Total wire length on LAYER met2 = 19231 um.
Total wire length on LAYER met3 = 3755 um.
Total wire length on LAYER met4 = 892 um.
Total wire length on LAYER met5 = 0 um.
Total number of vias = 12098.
Up-via summary (total 12098):

------------------------
 FR_MASTERSLICE        0
            li1     5726
           met1     5967
           met2      348
           met3       57
           met4        0
------------------------
                   12098


[INFO DRT-0195] Start 4th optimization iteration.
    Completing 10% with 30 violations.
    elapsed time = 00:00:00, memory = 569.80 (MB).
    Completing 20% with 30 violations.
    elapsed time = 00:00:00, memory = 569.80 (MB).
    Completing 30% with 30 violations.
    elapsed time = 00:00:00, memory = 569.80 (MB).
    Completing 40% with 28 violations.
    elapsed time = 00:00:00, memory = 569.80 (MB).
    Completing 50% with 28 violations.
    elapsed time = 00:00:00, memory = 569.80 (MB).
    Completing 60% with 28 violations.
    elapsed time = 00:00:00, memory = 569.80 (MB).
    Completing 70% with 25 violations.
    elapsed time = 00:00:00, memory = 569.80 (MB).
    Completing 80% with 25 violations.
    elapsed time = 00:00:00, memory = 569.80 (MB).
    Completing 90% with 23 violations.
    elapsed time = 00:00:01, memory = 569.78 (MB).
    Completing 100% with 0 violations.
    elapsed time = 00:00:02, memory = 569.78 (MB).
[INFO DRT-0199]   Number of violations = 0.
[INFO DRT-0267] cpu time = 00:00:04, elapsed time = 00:00:02, memory = 569.78 (MB), peak = 594.43 (MB)
Total wire length = 44138 um.
Total wire length on LAYER li1 = 0 um.
Total wire length on LAYER met1 = 20219 um.
Total wire length on LAYER met2 = 19226 um.
Total wire length on LAYER met3 = 3800 um.
Total wire length on LAYER met4 = 892 um.
Total wire length on LAYER met5 = 0 um.
Total number of vias = 12098.
Up-via summary (total 12098):

------------------------
 FR_MASTERSLICE        0
            li1     5726
           met1     5963
           met2      352
           met3       57
           met4        0
------------------------
                   12098


[INFO DRT-0198] Complete detail routing.
Total wire length = 44138 um.
Total wire length on LAYER li1 = 0 um.
Total wire length on LAYER met1 = 20219 um.
Total wire length on LAYER met2 = 19226 um.
Total wire length on LAYER met3 = 3800 um.
Total wire length on LAYER met4 = 892 um.
Total wire length on LAYER met5 = 0 um.
Total number of vias = 12098.
Up-via summary (total 12098):

------------------------
 FR_MASTERSLICE        0
            li1     5726
           met1     5963
           met2      352
           met3       57
           met4        0
------------------------
                   12098


[INFO DRT-0267] cpu time = 00:01:56, elapsed time = 00:01:07, memory = 569.78 (MB), peak = 594.43 (MB)

[INFO DRT-0180] Post processing.
Setting global connections for newly added cells…
Writing OpenROAD database to '/openlane/designs/CPU/runs/RUN_2025.06.11_19.06.39/results/routing/CPU.odb'…
Writing netlist to '/openlane/designs/CPU/runs/RUN_2025.06.11_19.06.39/results/routing/CPU.nl.v'…
Writing powered netlist to '/openlane/designs/CPU/runs/RUN_2025.06.11_19.06.39/results/routing/CPU.pnl.v'…
Writing layout to '/openlane/designs/CPU/runs/RUN_2025.06.11_19.06.39/results/routing/CPU.def'…
