Mon May 19 20:31:36 +0000 2025 - Executing "{openroad -exit -no_init -python /openlane/scripts/odbpy/lefutil.py get_metal_layers -o /openlane/designs/RegFileALU/runs/RUN_2025.05.19_20.31.36/tmp/layers.list /home/omers/.volare/sky130A/libs.ref/sky130_fd_sc_hd/techlef/sky130_fd_sc_hd__nom.tlef}"

Mon May 19 20:31:36 +0000 2025 - Executing "{/openlane/scripts/mergeLef.py -o /openlane/designs/RegFileALU/runs/RUN_2025.05.19_20.31.36/tmp/merged.nom.lef -i /home/omers/.volare/sky130A/libs.ref/sky130_fd_sc_hd/techlef/sky130_fd_sc_hd__nom.tlef {/home/omers/.volare/sky130A/libs.ref/sky130_fd_sc_hd/lef/sky130_fd_sc_hd.lef /home/omers/.volare/sky130A/libs.ref/sky130_fd_sc_hd/lef/sky130_ef_sc_hd.lef} |& tee /dev/null}"

Mon May 19 20:31:36 +0000 2025 - Executing "{/openlane/scripts/mergeLef.py -o /openlane/designs/RegFileALU/runs/RUN_2025.05.19_20.31.36/tmp/merged.min.lef -i /home/omers/.volare/sky130A/libs.ref/sky130_fd_sc_hd/techlef/sky130_fd_sc_hd__min.tlef {/home/omers/.volare/sky130A/libs.ref/sky130_fd_sc_hd/lef/sky130_fd_sc_hd.lef /home/omers/.volare/sky130A/libs.ref/sky130_fd_sc_hd/lef/sky130_ef_sc_hd.lef} |& tee /dev/null}"

Mon May 19 20:31:36 +0000 2025 - Executing "{/openlane/scripts/mergeLef.py -o /openlane/designs/RegFileALU/runs/RUN_2025.05.19_20.31.36/tmp/merged.max.lef -i /home/omers/.volare/sky130A/libs.ref/sky130_fd_sc_hd/techlef/sky130_fd_sc_hd__max.tlef {/home/omers/.volare/sky130A/libs.ref/sky130_fd_sc_hd/lef/sky130_fd_sc_hd.lef /home/omers/.volare/sky130A/libs.ref/sky130_fd_sc_hd/lef/sky130_ef_sc_hd.lef} |& tee /dev/null}"

Mon May 19 20:31:36 +0000 2025 - Executing "{python3 /openlane/scripts/mergeLib.py --output /openlane/designs/RegFileALU/runs/RUN_2025.05.19_20.31.36/tmp/synthesis/merged.lib --name sky130A_merged /home/omers/.volare/sky130A/libs.ref/sky130_fd_sc_hd/lib/sky130_fd_sc_hd__tt_025C_1v80.lib}"

Mon May 19 20:31:37 +0000 2025 - Executing "{python3 /openlane/scripts/libtrim.py --cell-file /openlane/designs/RegFileALU/runs/RUN_2025.05.19_20.31.36/tmp/synthesis/trimmed.lib.exclude.list --output /openlane/designs/RegFileALU/runs/RUN_2025.05.19_20.31.36/tmp/synthesis/trimmed.lib /openlane/designs/RegFileALU/runs/RUN_2025.05.19_20.31.36/tmp/synthesis/merged.lib}"

Mon May 19 20:31:37 +0000 2025 - Executing "{python3 /openlane/scripts/libtrim.py --cell-file /openlane/designs/RegFileALU/runs/RUN_2025.05.19_20.31.36/tmp/cts/cts.lib.exclude.list --output /openlane/designs/RegFileALU/runs/RUN_2025.05.19_20.31.36/tmp/cts/cts.lib /home/omers/.volare/sky130A/libs.ref/sky130_fd_sc_hd/lib/sky130_fd_sc_hd__tt_025C_1v80.lib}"

Mon May 19 20:31:37 +0000 2025 - Executing "{python3 /openlane/scripts/libtrim.py --cell-file /openlane/designs/RegFileALU/runs/RUN_2025.05.19_20.31.36/tmp/cts/cts-fastest.lib.exclude.list --output /openlane/designs/RegFileALU/runs/RUN_2025.05.19_20.31.36/tmp/cts/cts-fastest.lib /home/omers/.volare/sky130A/libs.ref/sky130_fd_sc_hd/lib/sky130_fd_sc_hd__ff_n40C_1v95.lib}"

Mon May 19 20:31:37 +0000 2025 - Executing "{python3 /openlane/scripts/libtrim.py --cell-file /openlane/designs/RegFileALU/runs/RUN_2025.05.19_20.31.36/tmp/cts/cts-slowest.lib.exclude.list --output /openlane/designs/RegFileALU/runs/RUN_2025.05.19_20.31.36/tmp/cts/cts-slowest.lib /home/omers/.volare/sky130A/libs.ref/sky130_fd_sc_hd/lib/sky130_fd_sc_hd__ss_100C_1v60.lib}"

Mon May 19 20:31:37 +0000 2025 - Executing "{python3 /openlane/scripts/new_tracks.py -i /home/omers/.volare/sky130A/libs.tech/openlane/sky130_fd_sc_hd/tracks.info -o /openlane/designs/RegFileALU/runs/RUN_2025.05.19_20.31.36/tmp/routing/config.tracks}"

Mon May 19 20:31:37 +0000 2025 - Executing "{echo {OpenLane e73fb3c57e687a0023fcd4dcfd1566ecd478362a} > /openlane/designs/RegFileALU/runs/RUN_2025.05.19_20.31.36/OPENLANE_COMMIT}"

Mon May 19 20:31:38 +0000 2025 - Executing "{yosys -c /openlane/scripts/yosys/blackbox.tcl}"

Mon May 19 20:31:38 +0000 2025 - Executing "{verilator -Wall --lint-only --Wno-DECLFILENAME --top-module RegFileALU /openlane/designs/RegFileALU/runs/RUN_2025.05.19_20.31.36/tmp/synthesis/blackbox/sky130_fd_sc_hd__blackbox.v /openlane/designs/RegFileALU/src/RegFileALU.v -Wno-fatal --relative-includes |& tee /openlane/designs/RegFileALU/runs/RUN_2025.05.19_20.31.36/logs/synthesis/linter.log /dev/null}"

Mon May 19 20:31:38 +0000 2025 - Executing "{sed -E {s/^([[:space:]]+)pg_pin(.*)/\1pin\2\n\1    direction : "inout";/g} /home/omers/.volare/sky130A/libs.ref/sky130_fd_sc_hd/lib/sky130_fd_sc_hd__tt_025C_1v80.lib > /openlane/designs/RegFileALU/runs/RUN_2025.05.19_20.31.36/tmp/synthesis/1-sky130_fd_sc_hd__tt_025C_1v80.no_pg.lib}"

Mon May 19 20:31:38 +0000 2025 - Executing "{sed -E {s/^([[:space:]]+)pg_pin(.*)/\1pin\2\n\1    direction : "inout";/g} /openlane/designs/RegFileALU/runs/RUN_2025.05.19_20.31.36/tmp/synthesis/trimmed.lib > /openlane/designs/RegFileALU/runs/RUN_2025.05.19_20.31.36/tmp/synthesis/1-trimmed.no_pg.lib}"

Mon May 19 20:31:38 +0000 2025 - Executing "yosys -c /openlane/scripts/yosys/synth.tcl |& tee /dev/null /openlane/designs/RegFileALU/runs/RUN_2025.05.19_20.31.36/logs/synthesis/1-synthesis.log"

Mon May 19 20:31:38 +0000 2025 - Executing "{yosys -c /openlane/scripts/yosys/synth.tcl |& tee /dev/null /openlane/designs/RegFileALU/runs/RUN_2025.05.19_20.31.36/logs/synthesis/1-synthesis.log}"

Mon May 19 20:31:43 +0000 2025 - Executing "{sed -i.bak -e {s/\(set ::env(CURRENT_NETLIST)\).*/\1 \/openlane\/designs\/RegFileALU\/runs\/RUN_2025.05.19_20.31.36\/results\/synthesis\/RegFileALU.v/} /openlane/designs/RegFileALU/runs/RUN_2025.05.19_20.31.36/config.tcl}"

Mon May 19 20:31:43 +0000 2025 - Executing "{sed -i.bak /defparam/d /openlane/designs/RegFileALU/runs/RUN_2025.05.19_20.31.36/results/synthesis/RegFileALU.v}"

Mon May 19 20:31:43 +0000 2025 - Executing "sta -exit -no_init /openlane/scripts/openroad/sta/multi_corner.tcl |& tee /dev/null /openlane/designs/RegFileALU/runs/RUN_2025.05.19_20.31.36/logs/synthesis/2-sta.log"

Mon May 19 20:31:43 +0000 2025 - Executing "{sta -exit -no_init /openlane/scripts/openroad/sta/multi_corner.tcl |& tee /dev/null /openlane/designs/RegFileALU/runs/RUN_2025.05.19_20.31.36/logs/synthesis/2-sta.log}"

Mon May 19 20:31:44 +0000 2025 - Executing "openroad -exit /openlane/scripts/openroad/floorplan.tcl |& tee /dev/null /openlane/designs/RegFileALU/runs/RUN_2025.05.19_20.31.36/logs/floorplan/3-initial_fp.log"

Mon May 19 20:31:44 +0000 2025 - Executing "{openroad -exit /openlane/scripts/openroad/floorplan.tcl |& tee /dev/null /openlane/designs/RegFileALU/runs/RUN_2025.05.19_20.31.36/logs/floorplan/3-initial_fp.log}"

Mon May 19 20:31:45 +0000 2025 - Executing "{openroad -exit -no_init -python /openlane/scripts/odbpy/defutil.py extract_core_dims --output-data /openlane/designs/RegFileALU/runs/RUN_2025.05.19_20.31.36/tmp/dimensions.txt --input-lef /openlane/designs/RegFileALU/runs/RUN_2025.05.19_20.31.36/tmp/merged.nom.lef /openlane/designs/RegFileALU/runs/RUN_2025.05.19_20.31.36/tmp/floorplan/3-initial_fp.def}"

Mon May 19 20:31:45 +0000 2025 - Executing "{openroad -exit -no_init -python /openlane/scripts/odbpy/io_place.py --config /openlane/designs/RegFileALU/pin_order.cfg --hor-layer met3 --ver-layer met2 --ver-width-mult 2 --hor-width-mult 2 --hor-extension 0 --ver-extension 0 --length 4 --unmatched-error --input-lef /openlane/designs/RegFileALU/runs/RUN_2025.05.19_20.31.36/tmp/merged.nom.lef --output-def /openlane/designs/RegFileALU/runs/RUN_2025.05.19_20.31.36/tmp/floorplan/4-io.def --output /openlane/designs/RegFileALU/runs/RUN_2025.05.19_20.31.36/tmp/floorplan/4-io.odb /openlane/designs/RegFileALU/runs/RUN_2025.05.19_20.31.36/tmp/floorplan/3-initial_fp.odb |& tee /dev/null /openlane/designs/RegFileALU/runs/RUN_2025.05.19_20.31.36/logs/floorplan/4-place_io.log}"

Mon May 19 20:31:46 +0000 2025 - Executing "openroad -exit /openlane/scripts/openroad/tapcell.tcl |& tee /dev/null /openlane/designs/RegFileALU/runs/RUN_2025.05.19_20.31.36/logs/floorplan/5-tap.log"

Mon May 19 20:31:46 +0000 2025 - Executing "{openroad -exit /openlane/scripts/openroad/tapcell.tcl |& tee /dev/null /openlane/designs/RegFileALU/runs/RUN_2025.05.19_20.31.36/logs/floorplan/5-tap.log}"

Mon May 19 20:31:46 +0000 2025 - Executing "openroad -exit /openlane/scripts/openroad/pdn.tcl |& tee /dev/null /openlane/designs/RegFileALU/runs/RUN_2025.05.19_20.31.36/logs/floorplan/6-pdn.log"

Mon May 19 20:31:46 +0000 2025 - Executing "{openroad -exit /openlane/scripts/openroad/pdn.tcl |& tee /dev/null /openlane/designs/RegFileALU/runs/RUN_2025.05.19_20.31.36/logs/floorplan/6-pdn.log}"

Mon May 19 20:31:47 +0000 2025 - Executing "openroad -exit /openlane/scripts/openroad/gpl.tcl |& tee /dev/null /openlane/designs/RegFileALU/runs/RUN_2025.05.19_20.31.36/logs/placement/6-global.log"

Mon May 19 20:31:47 +0000 2025 - Executing "{openroad -exit /openlane/scripts/openroad/gpl.tcl |& tee /dev/null /openlane/designs/RegFileALU/runs/RUN_2025.05.19_20.31.36/logs/placement/6-global.log}"

Mon May 19 20:31:58 +0000 2025 - Executing "{sed -i.bak -e {s/\(set ::env(CURRENT_NETLIST)\).*/\1 \/openlane\/designs\/RegFileALU\/runs\/RUN_2025.05.19_20.31.36\/tmp\/placement\/7-global.nl.v/} /openlane/designs/RegFileALU/runs/RUN_2025.05.19_20.31.36/config.tcl}"

Mon May 19 20:31:58 +0000 2025 - Executing "openroad -exit /openlane/scripts/openroad/sta/multi_corner.tcl |& tee /dev/null /openlane/designs/RegFileALU/runs/RUN_2025.05.19_20.31.36/logs/placement/8-gpl_sta.log"

Mon May 19 20:31:58 +0000 2025 - Executing "{openroad -exit /openlane/scripts/openroad/sta/multi_corner.tcl |& tee /dev/null /openlane/designs/RegFileALU/runs/RUN_2025.05.19_20.31.36/logs/placement/8-gpl_sta.log}"

Mon May 19 20:32:01 +0000 2025 - Executing "openroad -exit /openlane/scripts/openroad/resizer.tcl |& tee /dev/null /openlane/designs/RegFileALU/runs/RUN_2025.05.19_20.31.36/logs/placement/9-resizer.log"

Mon May 19 20:32:01 +0000 2025 - Executing "{openroad -exit /openlane/scripts/openroad/resizer.tcl |& tee /dev/null /openlane/designs/RegFileALU/runs/RUN_2025.05.19_20.31.36/logs/placement/9-resizer.log}"

Mon May 19 20:32:05 +0000 2025 - Executing "{sed -i.bak -e {s/\(set ::env(CURRENT_NETLIST)\).*/\1 \/openlane\/designs\/RegFileALU\/runs\/RUN_2025.05.19_20.31.36\/tmp\/placement\/9-resizer.nl.v/} /openlane/designs/RegFileALU/runs/RUN_2025.05.19_20.31.36/config.tcl}"

Mon May 19 20:32:05 +0000 2025 - Executing "openroad -exit /openlane/scripts/openroad/dpl.tcl |& tee /dev/null /openlane/designs/RegFileALU/runs/RUN_2025.05.19_20.31.36/logs/placement/10-detailed.log"

Mon May 19 20:32:05 +0000 2025 - Executing "{openroad -exit /openlane/scripts/openroad/dpl.tcl |& tee /dev/null /openlane/designs/RegFileALU/runs/RUN_2025.05.19_20.31.36/logs/placement/10-detailed.log}"

Mon May 19 20:32:05 +0000 2025 - Executing "{sed -i.bak -e {s/\(set ::env(CURRENT_NETLIST)\).*/\1 \/openlane\/designs\/RegFileALU\/runs\/RUN_2025.05.19_20.31.36\/results\/placement\/RegFileALU.nl.v/} /openlane/designs/RegFileALU/runs/RUN_2025.05.19_20.31.36/config.tcl}"

Mon May 19 20:32:05 +0000 2025 - Executing "openroad -exit /openlane/scripts/openroad/sta/multi_corner.tcl |& tee /dev/null /openlane/designs/RegFileALU/runs/RUN_2025.05.19_20.31.36/logs/placement/11-dpl_sta.log"

Mon May 19 20:32:05 +0000 2025 - Executing "{openroad -exit /openlane/scripts/openroad/sta/multi_corner.tcl |& tee /dev/null /openlane/designs/RegFileALU/runs/RUN_2025.05.19_20.31.36/logs/placement/11-dpl_sta.log}"

Mon May 19 20:32:08 +0000 2025 - Executing "openroad -exit /openlane/scripts/openroad/cts.tcl |& tee /dev/null /openlane/designs/RegFileALU/runs/RUN_2025.05.19_20.31.36/logs/cts/12-cts.log"

Mon May 19 20:32:08 +0000 2025 - Executing "{openroad -exit /openlane/scripts/openroad/cts.tcl |& tee /dev/null /openlane/designs/RegFileALU/runs/RUN_2025.05.19_20.31.36/logs/cts/12-cts.log}"

Mon May 19 20:32:14 +0000 2025 - Executing "openroad -exit /openlane/scripts/openroad/sta/multi_corner.tcl |& tee /dev/null /openlane/designs/RegFileALU/runs/RUN_2025.05.19_20.31.36/logs/cts/13-cts_sta.log"

Mon May 19 20:32:15 +0000 2025 - Executing "{openroad -exit /openlane/scripts/openroad/sta/multi_corner.tcl |& tee /dev/null /openlane/designs/RegFileALU/runs/RUN_2025.05.19_20.31.36/logs/cts/13-cts_sta.log}"

Mon May 19 20:32:18 +0000 2025 - Executing "openroad -exit /openlane/scripts/openroad/resizer_timing.tcl |& tee /dev/null /openlane/designs/RegFileALU/runs/RUN_2025.05.19_20.31.36/logs/cts/14-resizer.log"

Mon May 19 20:32:18 +0000 2025 - Executing "{openroad -exit /openlane/scripts/openroad/resizer_timing.tcl |& tee /dev/null /openlane/designs/RegFileALU/runs/RUN_2025.05.19_20.31.36/logs/cts/14-resizer.log}"

Mon May 19 20:32:21 +0000 2025 - Executing "{sed -i.bak -e {s/\(set ::env(CURRENT_NETLIST)\).*/\1 \/openlane\/designs\/RegFileALU\/runs\/RUN_2025.05.19_20.31.36\/tmp\/cts\/14-RegFileALU.resized.nl.v/} /openlane/designs/RegFileALU/runs/RUN_2025.05.19_20.31.36/config.tcl}"

Mon May 19 20:32:21 +0000 2025 - Executing "openroad -exit /openlane/scripts/openroad/resizer_routing_design.tcl |& tee /dev/null /openlane/designs/RegFileALU/runs/RUN_2025.05.19_20.31.36/logs/routing/15-resizer_design.log"

Mon May 19 20:32:21 +0000 2025 - Executing "{openroad -exit /openlane/scripts/openroad/resizer_routing_design.tcl |& tee /dev/null /openlane/designs/RegFileALU/runs/RUN_2025.05.19_20.31.36/logs/routing/15-resizer_design.log}"

Mon May 19 20:32:25 +0000 2025 - Executing "{sed -i.bak -e {s/\(set ::env(CURRENT_NETLIST)\).*/\1 \/openlane\/designs\/RegFileALU\/runs\/RUN_2025.05.19_20.31.36\/tmp\/15-RegFileALU.nl.v/} /openlane/designs/RegFileALU/runs/RUN_2025.05.19_20.31.36/config.tcl}"

Mon May 19 20:32:25 +0000 2025 - Executing "openroad -exit /openlane/scripts/openroad/sta/multi_corner.tcl |& tee /dev/null /openlane/designs/RegFileALU/runs/RUN_2025.05.19_20.31.36/logs/routing/16-rsz_design_sta.log"

Mon May 19 20:32:25 +0000 2025 - Executing "{openroad -exit /openlane/scripts/openroad/sta/multi_corner.tcl |& tee /dev/null /openlane/designs/RegFileALU/runs/RUN_2025.05.19_20.31.36/logs/routing/16-rsz_design_sta.log}"

Mon May 19 20:32:28 +0000 2025 - Executing "openroad -exit /openlane/scripts/openroad/resizer_routing_timing.tcl |& tee /dev/null /openlane/designs/RegFileALU/runs/RUN_2025.05.19_20.31.36/logs/routing/17-resizer_timing.log"

Mon May 19 20:32:28 +0000 2025 - Executing "{openroad -exit /openlane/scripts/openroad/resizer_routing_timing.tcl |& tee /dev/null /openlane/designs/RegFileALU/runs/RUN_2025.05.19_20.31.36/logs/routing/17-resizer_timing.log}"

Mon May 19 20:32:31 +0000 2025 - Executing "{sed -i.bak -e {s/\(set ::env(CURRENT_NETLIST)\).*/\1 \/openlane\/designs\/RegFileALU\/runs\/RUN_2025.05.19_20.31.36\/tmp\/17-RegFileALU.nl.v/} /openlane/designs/RegFileALU/runs/RUN_2025.05.19_20.31.36/config.tcl}"

Mon May 19 20:32:31 +0000 2025 - Executing "openroad -exit /openlane/scripts/openroad/sta/multi_corner.tcl |& tee /dev/null /openlane/designs/RegFileALU/runs/RUN_2025.05.19_20.31.36/logs/routing/18-rsz_timing_sta.log"

Mon May 19 20:32:31 +0000 2025 - Executing "{openroad -exit /openlane/scripts/openroad/sta/multi_corner.tcl |& tee /dev/null /openlane/designs/RegFileALU/runs/RUN_2025.05.19_20.31.36/logs/routing/18-rsz_timing_sta.log}"

Mon May 19 20:32:35 +0000 2025 - Executing "{openroad -exit -no_init -python /openlane/scripts/odbpy/diodes.py place --diode-cell sky130_fd_sc_hd__diode_2 --diode-pin DIODE --threshold Infinity --side-strategy source --port-protect both --input-lef /openlane/designs/RegFileALU/runs/RUN_2025.05.19_20.31.36/tmp/merged.nom.lef --output-def /openlane/designs/RegFileALU/runs/RUN_2025.05.19_20.31.36/tmp/routing/19-io_diodes.def --output /openlane/designs/RegFileALU/runs/RUN_2025.05.19_20.31.36/tmp/routing/19-io_diodes.odb /openlane/designs/RegFileALU/runs/RUN_2025.05.19_20.31.36/tmp/17-RegFileALU.odb |& tee /dev/null /openlane/designs/RegFileALU/runs/RUN_2025.05.19_20.31.36/logs/routing/19-io_diodes.log}"

Mon May 19 20:32:35 +0000 2025 - Executing "openroad -exit /openlane/scripts/openroad/dpl.tcl |& tee /dev/null /openlane/designs/RegFileALU/runs/RUN_2025.05.19_20.31.36/logs/routing/20-io_diode_legalization.log"

Mon May 19 20:32:35 +0000 2025 - Executing "{openroad -exit /openlane/scripts/openroad/dpl.tcl |& tee /dev/null /openlane/designs/RegFileALU/runs/RUN_2025.05.19_20.31.36/logs/routing/20-io_diode_legalization.log}"

Mon May 19 20:32:36 +0000 2025 - Executing "{sed -i.bak -e {s/\(set ::env(CURRENT_NETLIST)\).*/\1 \/openlane\/designs\/RegFileALU\/runs\/RUN_2025.05.19_20.31.36\/tmp\/routing\/.\/19-io_diode_legalized.nl.v/} /openlane/designs/RegFileALU/runs/RUN_2025.05.19_20.31.36/config.tcl}"

Mon May 19 20:32:36 +0000 2025 - Executing "{openroad -exit -no_init -python /openlane/scripts/odbpy/diodes.py place --diode-cell sky130_fd_sc_hd__diode_2 --diode-pin DIODE --threshold 90 --side-strategy source --port-protect none --input-lef /openlane/designs/RegFileALU/runs/RUN_2025.05.19_20.31.36/tmp/merged.nom.lef --output-def /openlane/designs/RegFileALU/runs/RUN_2025.05.19_20.31.36/tmp/routing/21-diodes.def --output /openlane/designs/RegFileALU/runs/RUN_2025.05.19_20.31.36/tmp/routing/21-diodes.odb /openlane/designs/RegFileALU/runs/RUN_2025.05.19_20.31.36/tmp/routing/./19-io_diode_legalized.odb |& tee /dev/null /openlane/designs/RegFileALU/runs/RUN_2025.05.19_20.31.36/logs/routing/21-diodes.log}"

Mon May 19 20:32:36 +0000 2025 - Executing "openroad -exit /openlane/scripts/openroad/dpl.tcl |& tee /dev/null /openlane/designs/RegFileALU/runs/RUN_2025.05.19_20.31.36/logs/routing/22-diode_legalization.log"

Mon May 19 20:32:36 +0000 2025 - Executing "{openroad -exit /openlane/scripts/openroad/dpl.tcl |& tee /dev/null /openlane/designs/RegFileALU/runs/RUN_2025.05.19_20.31.36/logs/routing/22-diode_legalization.log}"

Mon May 19 20:32:37 +0000 2025 - Executing "{sed -i.bak -e {s/\(set ::env(CURRENT_NETLIST)\).*/\1 \/openlane\/designs\/RegFileALU\/runs\/RUN_2025.05.19_20.31.36\/tmp\/routing\/.\/21-diodes_legalized.nl.v/} /openlane/designs/RegFileALU/runs/RUN_2025.05.19_20.31.36/config.tcl}"

Mon May 19 20:32:37 +0000 2025 - Executing "openroad -exit /openlane/scripts/openroad/repair_antennas.tcl |& tee /dev/null /openlane/designs/RegFileALU/runs/RUN_2025.05.19_20.31.36/logs/routing/23-global.log"

Mon May 19 20:32:37 +0000 2025 - Executing "{openroad -exit /openlane/scripts/openroad/repair_antennas.tcl |& tee /dev/null /openlane/designs/RegFileALU/runs/RUN_2025.05.19_20.31.36/logs/routing/23-global.log}"

Mon May 19 20:32:40 +0000 2025 - Executing "openroad -exit /openlane/scripts/openroad/write_views.tcl |& tee /dev/null /openlane/designs/RegFileALU/runs/RUN_2025.05.19_20.31.36/logs/routing/23-global_write_netlist.log"

Mon May 19 20:32:40 +0000 2025 - Executing "{openroad -exit /openlane/scripts/openroad/write_views.tcl |& tee /dev/null /openlane/designs/RegFileALU/runs/RUN_2025.05.19_20.31.36/logs/routing/23-global_write_netlist.log}"

Mon May 19 20:32:40 +0000 2025 - Executing "{sed -i.bak -e {s/\(set ::env(CURRENT_NETLIST)\).*/\1 \/openlane\/designs\/RegFileALU\/runs\/RUN_2025.05.19_20.31.36\/tmp\/routing\/global.nl.v/} /openlane/designs/RegFileALU/runs/RUN_2025.05.19_20.31.36/config.tcl}"

Mon May 19 20:32:40 +0000 2025 - Executing "openroad -exit /openlane/scripts/openroad/sta/multi_corner.tcl |& tee /dev/null /openlane/designs/RegFileALU/runs/RUN_2025.05.19_20.31.36/logs/routing/25-grt_sta.log"

Mon May 19 20:32:40 +0000 2025 - Executing "{openroad -exit /openlane/scripts/openroad/sta/multi_corner.tcl |& tee /dev/null /openlane/designs/RegFileALU/runs/RUN_2025.05.19_20.31.36/logs/routing/25-grt_sta.log}"

Mon May 19 20:32:43 +0000 2025 - Executing "openroad -exit /openlane/scripts/openroad/fill.tcl |& tee /dev/null /openlane/designs/RegFileALU/runs/RUN_2025.05.19_20.31.36/logs/routing/26-fill.log"

Mon May 19 20:32:43 +0000 2025 - Executing "{openroad -exit /openlane/scripts/openroad/fill.tcl |& tee /dev/null /openlane/designs/RegFileALU/runs/RUN_2025.05.19_20.31.36/logs/routing/26-fill.log}"

Mon May 19 20:32:43 +0000 2025 - Executing "{sed -i.bak -e {s/\(set ::env(CURRENT_NETLIST)\).*/\1 \/openlane\/designs\/RegFileALU\/runs\/RUN_2025.05.19_20.31.36\/tmp\/routing\/26-fill.nl.v/} /openlane/designs/RegFileALU/runs/RUN_2025.05.19_20.31.36/config.tcl}"

Mon May 19 20:32:43 +0000 2025 - Executing "openroad -exit -metrics /openlane/designs/RegFileALU/runs/RUN_2025.05.19_20.31.36/reports/routing/27-drt_metrics.json /openlane/scripts/openroad/droute.tcl |& tee /dev/null /openlane/designs/RegFileALU/runs/RUN_2025.05.19_20.31.36/logs/routing/27-detailed.log"

Mon May 19 20:32:43 +0000 2025 - Executing "{openroad -exit -metrics /openlane/designs/RegFileALU/runs/RUN_2025.05.19_20.31.36/reports/routing/27-drt_metrics.json /openlane/scripts/openroad/droute.tcl |& tee /dev/null /openlane/designs/RegFileALU/runs/RUN_2025.05.19_20.31.36/logs/routing/27-detailed.log}"

Mon May 19 20:37:21 +0000 2025 - Executing "{sed -i.bak -e {s/\(set ::env(CURRENT_NETLIST)\).*/\1 \/openlane\/designs\/RegFileALU\/runs\/RUN_2025.05.19_20.31.36\/results\/routing\/RegFileALU.nl.v/} /openlane/designs/RegFileALU/runs/RUN_2025.05.19_20.31.36/config.tcl}"

Mon May 19 20:37:21 +0000 2025 - Executing "{python3 /openlane/scripts/drc_rosetta.py tr to_klayout -o /openlane/designs/RegFileALU/runs/RUN_2025.05.19_20.31.36/reports/routing/drt.klayout.xml --design-name RegFileALU /openlane/designs/RegFileALU/runs/RUN_2025.05.19_20.31.36/reports/routing/drt.drc}"

Mon May 19 20:37:21 +0000 2025 - Executing "{openroad -exit -no_init -python /openlane/scripts/odbpy/wire_lengths.py --report-out /openlane/designs/RegFileALU/runs/RUN_2025.05.19_20.31.36/reports/routing/28-wire_lengths.csv --input-lef /openlane/designs/RegFileALU/runs/RUN_2025.05.19_20.31.36/tmp/merged.nom.lef --output-def /openlane/designs/RegFileALU/runs/RUN_2025.05.19_20.31.36/results/routing/RegFileALU.def --output /openlane/designs/RegFileALU/runs/RUN_2025.05.19_20.31.36/results/routing/RegFileALU.odb /openlane/designs/RegFileALU/runs/RUN_2025.05.19_20.31.36/results/routing/RegFileALU.odb |& tee /dev/null /openlane/designs/RegFileALU/runs/RUN_2025.05.19_20.31.36/logs/routing/28-wire_lengths.log}"

Mon May 19 20:37:22 +0000 2025 - Executing "openroad -exit /openlane/scripts/openroad/rcx.tcl |& tee /dev/null /openlane/designs/RegFileALU/runs/RUN_2025.05.19_20.31.36/logs/signoff/29-parasitics_extraction.min.log"

Mon May 19 20:37:22 +0000 2025 - Executing "{openroad -exit /openlane/scripts/openroad/rcx.tcl |& tee /dev/null /openlane/designs/RegFileALU/runs/RUN_2025.05.19_20.31.36/logs/signoff/29-parasitics_extraction.min.log}"

Mon May 19 20:37:24 +0000 2025 - Executing "sta -exit -no_init /openlane/scripts/openroad/sta/multi_corner.tcl |& tee /dev/null /openlane/designs/RegFileALU/runs/RUN_2025.05.19_20.31.36/logs/signoff/30-rcx_mcsta.min.log"

Mon May 19 20:37:24 +0000 2025 - Executing "{sta -exit -no_init /openlane/scripts/openroad/sta/multi_corner.tcl |& tee /dev/null /openlane/designs/RegFileALU/runs/RUN_2025.05.19_20.31.36/logs/signoff/30-rcx_mcsta.min.log}"

Mon May 19 20:37:41 +0000 2025 - Executing "openroad -exit /openlane/scripts/openroad/rcx.tcl |& tee /dev/null /openlane/designs/RegFileALU/runs/RUN_2025.05.19_20.31.36/logs/signoff/31-parasitics_extraction.max.log"

Mon May 19 20:37:41 +0000 2025 - Executing "{openroad -exit /openlane/scripts/openroad/rcx.tcl |& tee /dev/null /openlane/designs/RegFileALU/runs/RUN_2025.05.19_20.31.36/logs/signoff/31-parasitics_extraction.max.log}"

Mon May 19 20:37:43 +0000 2025 - Executing "sta -exit -no_init /openlane/scripts/openroad/sta/multi_corner.tcl |& tee /dev/null /openlane/designs/RegFileALU/runs/RUN_2025.05.19_20.31.36/logs/signoff/32-rcx_mcsta.max.log"

Mon May 19 20:37:43 +0000 2025 - Executing "{sta -exit -no_init /openlane/scripts/openroad/sta/multi_corner.tcl |& tee /dev/null /openlane/designs/RegFileALU/runs/RUN_2025.05.19_20.31.36/logs/signoff/32-rcx_mcsta.max.log}"

Mon May 19 20:38:01 +0000 2025 - Executing "openroad -exit /openlane/scripts/openroad/rcx.tcl |& tee /dev/null /openlane/designs/RegFileALU/runs/RUN_2025.05.19_20.31.36/logs/signoff/33-parasitics_extraction.nom.log"

Mon May 19 20:38:01 +0000 2025 - Executing "{openroad -exit /openlane/scripts/openroad/rcx.tcl |& tee /dev/null /openlane/designs/RegFileALU/runs/RUN_2025.05.19_20.31.36/logs/signoff/33-parasitics_extraction.nom.log}"

Mon May 19 20:38:04 +0000 2025 - Executing "sta -exit -no_init /openlane/scripts/openroad/sta/multi_corner.tcl |& tee /dev/null /openlane/designs/RegFileALU/runs/RUN_2025.05.19_20.31.36/logs/signoff/34-rcx_mcsta.nom.log"

Mon May 19 20:38:04 +0000 2025 - Executing "{sta -exit -no_init /openlane/scripts/openroad/sta/multi_corner.tcl |& tee /dev/null /openlane/designs/RegFileALU/runs/RUN_2025.05.19_20.31.36/logs/signoff/34-rcx_mcsta.nom.log}"

Mon May 19 20:38:24 +0000 2025 - Executing "openroad -exit /openlane/scripts/openroad/irdrop.tcl |& tee /dev/null /openlane/designs/RegFileALU/runs/RUN_2025.05.19_20.31.36/logs/signoff/35-irdrop.log"

Mon May 19 20:38:24 +0000 2025 - Executing "{openroad -exit /openlane/scripts/openroad/irdrop.tcl |& tee /dev/null /openlane/designs/RegFileALU/runs/RUN_2025.05.19_20.31.36/logs/signoff/35-irdrop.log}"

Mon May 19 20:38:28 +0000 2025 - Executing "magic -noconsole -dnull -rcfile /home/omers/.volare/sky130A/libs.tech/magic/sky130A.magicrc < /openlane/scripts/magic/wrapper.tcl |& tee /dev/null /openlane/designs/RegFileALU/runs/RUN_2025.05.19_20.31.36/logs/signoff/36-gdsii.log"

Mon May 19 20:38:28 +0000 2025 - Executing "{magic -noconsole -dnull -rcfile /home/omers/.volare/sky130A/libs.tech/magic/sky130A.magicrc < /openlane/scripts/magic/wrapper.tcl |& tee /dev/null /openlane/designs/RegFileALU/runs/RUN_2025.05.19_20.31.36/logs/signoff/36-gdsii.log}"

Mon May 19 20:38:33 +0000 2025 - Executing "magic -noconsole -dnull -rcfile /home/omers/.volare/sky130A/libs.tech/magic/sky130A.magicrc < /openlane/scripts/magic/wrapper.tcl |& tee /dev/null /openlane/designs/RegFileALU/runs/RUN_2025.05.19_20.31.36/logs/signoff/36-gds_ptrs.log"

Mon May 19 20:38:34 +0000 2025 - Executing "{magic -noconsole -dnull -rcfile /home/omers/.volare/sky130A/libs.tech/magic/sky130A.magicrc < /openlane/scripts/magic/wrapper.tcl |& tee /dev/null /openlane/designs/RegFileALU/runs/RUN_2025.05.19_20.31.36/logs/signoff/36-gds_ptrs.log}"

Mon May 19 20:38:36 +0000 2025 - Executing "{sed -i.bak -n {/^<< properties >>/,/^<< end >>/p} /openlane/designs/RegFileALU/runs/RUN_2025.05.19_20.31.36/tmp/signoff/gds_ptrs.mag}"

Mon May 19 20:38:36 +0000 2025 - Executing "magic -noconsole -dnull -rcfile /home/omers/.volare/sky130A/libs.tech/magic/sky130A.magicrc < /openlane/scripts/magic/wrapper.tcl |& tee /dev/null /openlane/designs/RegFileALU/runs/RUN_2025.05.19_20.31.36/logs/signoff/36-lef.log"

Mon May 19 20:38:36 +0000 2025 - Executing "{magic -noconsole -dnull -rcfile /home/omers/.volare/sky130A/libs.tech/magic/sky130A.magicrc < /openlane/scripts/magic/wrapper.tcl |& tee /dev/null /openlane/designs/RegFileALU/runs/RUN_2025.05.19_20.31.36/logs/signoff/36-lef.log}"

Mon May 19 20:38:39 +0000 2025 - Executing "magic -noconsole -dnull -rcfile /home/omers/.volare/sky130A/libs.tech/magic/sky130A.magicrc < /openlane/scripts/magic/wrapper.tcl |& tee /dev/null /openlane/designs/RegFileALU/runs/RUN_2025.05.19_20.31.36/logs/signoff/36-maglef.log"

Mon May 19 20:38:40 +0000 2025 - Executing "{magic -noconsole -dnull -rcfile /home/omers/.volare/sky130A/libs.tech/magic/sky130A.magicrc < /openlane/scripts/magic/wrapper.tcl |& tee /dev/null /openlane/designs/RegFileALU/runs/RUN_2025.05.19_20.31.36/logs/signoff/36-maglef.log}"

Mon May 19 20:38:40 +0000 2025 - Executing "{python3 /openlane/scripts/klayout/stream_out.py --output /openlane/designs/RegFileALU/runs/RUN_2025.05.19_20.31.36/results/signoff/RegFileALU.klayout.gds --lyt /home/omers/.volare/sky130A/libs.tech/klayout/tech/sky130A.lyt --lym /home/omers/.volare/sky130A/libs.tech/klayout/tech/sky130A.map --lyp /home/omers/.volare/sky130A/libs.tech/klayout/tech/sky130A.lyp --top RegFileALU --with-gds-file /home/omers/.volare/sky130A/libs.ref/sky130_fd_sc_hd/gds/sky130_fd_sc_hd.gds --input-lef /openlane/designs/RegFileALU/runs/RUN_2025.05.19_20.31.36/tmp/merged.nom.lef /openlane/designs/RegFileALU/runs/RUN_2025.05.19_20.31.36/results/routing/RegFileALU.def |& tee /dev/null /openlane/designs/RegFileALU/runs/RUN_2025.05.19_20.31.36/logs/signoff/37-gdsii-klayout.log}"

Mon May 19 20:38:41 +0000 2025 - Executing "{klayout -b -r /openlane/scripts/klayout/xor.drc -rd a=/openlane/designs/RegFileALU/runs/RUN_2025.05.19_20.31.36/results/signoff/RegFileALU.gds -rd b=/openlane/designs/RegFileALU/runs/RUN_2025.05.19_20.31.36/results/signoff/RegFileALU.klayout.gds -rd jobs=1 -rd rdb_out=/openlane/designs/RegFileALU/runs/RUN_2025.05.19_20.31.36/reports/signoff/38-xor.xml -rd ignore=81/14 -rd rpt_out=/openlane/designs/RegFileALU/runs/RUN_2025.05.19_20.31.36/reports/signoff/38-xor.rpt |& tee /dev/null /openlane/designs/RegFileALU/runs/RUN_2025.05.19_20.31.36/logs/signoff/38-xor.log}"

Mon May 19 20:38:49 +0000 2025 - Executing "magic -noconsole -dnull -rcfile /home/omers/.volare/sky130A/libs.tech/magic/sky130A.magicrc < /openlane/scripts/magic/wrapper.tcl |& tee /dev/null /openlane/designs/RegFileALU/runs/RUN_2025.05.19_20.31.36/logs/signoff/39-spice.log"

Mon May 19 20:38:49 +0000 2025 - Executing "{magic -noconsole -dnull -rcfile /home/omers/.volare/sky130A/libs.tech/magic/sky130A.magicrc < /openlane/scripts/magic/wrapper.tcl |& tee /dev/null /openlane/designs/RegFileALU/runs/RUN_2025.05.19_20.31.36/logs/signoff/39-spice.log}"

Mon May 19 20:38:57 +0000 2025 - Executing "{openroad -exit -no_init -python /openlane/scripts/odbpy/power_utils.py write_powered_def --output /openlane/designs/RegFileALU/runs/RUN_2025.05.19_20.31.36/tmp/signoff/39-RegFileALU.p.def --input-lef /openlane/designs/RegFileALU/runs/RUN_2025.05.19_20.31.36/tmp/merged.nom.lef --power-port VPWR --ground-port VGND --powered-netlist {} /openlane/designs/RegFileALU/runs/RUN_2025.05.19_20.31.36/results/routing/RegFileALU.def |& tee /dev/null /openlane/designs/RegFileALU/runs/RUN_2025.05.19_20.31.36/logs/signoff/40-write_powered_def.log}"

Mon May 19 20:38:58 +0000 2025 - Executing "openroad -exit /openlane/scripts/openroad/write_views.tcl |& tee /dev/null /openlane/designs/RegFileALU/runs/RUN_2025.05.19_20.31.36/logs/signoff/40-write_powered_verilog.log"

Mon May 19 20:38:58 +0000 2025 - Executing "{openroad -exit /openlane/scripts/openroad/write_views.tcl |& tee /dev/null /openlane/designs/RegFileALU/runs/RUN_2025.05.19_20.31.36/logs/signoff/40-write_powered_verilog.log}"

Mon May 19 20:38:59 +0000 2025 - Executing "{sed -i.bak -e {s/\(set ::env(CURRENT_NETLIST)\).*/\1 \/openlane\/designs\/RegFileALU\/runs\/RUN_2025.05.19_20.31.36\/tmp\/signoff\/39-RegFileALU.nl.v/} /openlane/designs/RegFileALU/runs/RUN_2025.05.19_20.31.36/config.tcl}"

Mon May 19 20:38:59 +0000 2025 - Executing "{netgen -batch source /openlane/designs/RegFileALU/runs/RUN_2025.05.19_20.31.36/tmp/signoff/42-setup_file.lef.lvs |& tee /dev/null /openlane/designs/RegFileALU/runs/RUN_2025.05.19_20.31.36/logs/signoff/42-lvs.lef.log}"

Mon May 19 20:39:01 +0000 2025 - Executing "magic -noconsole -dnull -rcfile /home/omers/.volare/sky130A/libs.tech/magic/sky130A.magicrc < /openlane/scripts/magic/wrapper.tcl |& tee /dev/null /openlane/designs/RegFileALU/runs/RUN_2025.05.19_20.31.36/logs/signoff/43-drc.log"

Mon May 19 20:39:01 +0000 2025 - Executing "{magic -noconsole -dnull -rcfile /home/omers/.volare/sky130A/libs.tech/magic/sky130A.magicrc < /openlane/scripts/magic/wrapper.tcl |& tee /dev/null /openlane/designs/RegFileALU/runs/RUN_2025.05.19_20.31.36/logs/signoff/43-drc.log}"

Mon May 19 20:39:37 +0000 2025 - Executing "{python3 /openlane/scripts/drc_rosetta.py magic to_tcl -o /openlane/designs/RegFileALU/runs/RUN_2025.05.19_20.31.36/reports/signoff/drc.tcl /openlane/designs/RegFileALU/runs/RUN_2025.05.19_20.31.36/reports/signoff/drc.rpt}"

Mon May 19 20:39:37 +0000 2025 - Executing "{python3 /openlane/scripts/drc_rosetta.py magic to_tr -o /openlane/designs/RegFileALU/runs/RUN_2025.05.19_20.31.36/reports/signoff/drc.tr /openlane/designs/RegFileALU/runs/RUN_2025.05.19_20.31.36/reports/signoff/drc.rpt}"

Mon May 19 20:39:37 +0000 2025 - Executing "{python3 /openlane/scripts/drc_rosetta.py tr to_klayout -o /openlane/designs/RegFileALU/runs/RUN_2025.05.19_20.31.36/reports/signoff/drc.klayout.xml --design-name RegFileALU /openlane/designs/RegFileALU/runs/RUN_2025.05.19_20.31.36/reports/signoff/drc.tr}"

Mon May 19 20:39:37 +0000 2025 - Executing "{python3 /openlane/scripts/drc_rosetta.py magic to_rdb -o /openlane/designs/RegFileALU/runs/RUN_2025.05.19_20.31.36/reports/signoff/drc.rdb /openlane/designs/RegFileALU/runs/RUN_2025.05.19_20.31.36/reports/signoff/drc.rpt}"

Mon May 19 20:39:37 +0000 2025 - Executing "{klayout -b -zz -r /home/omers/.volare/sky130A/libs.tech/klayout/drc/sky130A_mr.drc -rd topcell=RegFileALU -rd input=/openlane/designs/RegFileALU/runs/RUN_2025.05.19_20.31.36/results/signoff/RegFileALU.gds -rd report=/openlane/designs/RegFileALU/runs/RUN_2025.05.19_20.31.36/reports/signoff/violations.xml -rd feol=true -rd beol=true -rd floating_metal=false -rd seal=true -rd thread=1 |& tee /dev/null /openlane/designs/RegFileALU/runs/RUN_2025.05.19_20.31.36/logs/signoff/44-drc-klayout.log}"

Mon May 19 20:40:09 +0000 2025 - Executing "{python3 /openlane/scripts/klayout/xml_drc_report_to_json.py --xml-file /openlane/designs/RegFileALU/runs/RUN_2025.05.19_20.31.36/reports/signoff/violations.xml --json-file /openlane/designs/RegFileALU/runs/RUN_2025.05.19_20.31.36/reports/signoff/violations.json}"

Mon May 19 20:40:09 +0000 2025 - Executing "openroad -exit /openlane/scripts/openroad/antenna_check.tcl |& tee /dev/null /openlane/designs/RegFileALU/runs/RUN_2025.05.19_20.31.36/logs/signoff/45-arc.log"

Mon May 19 20:40:09 +0000 2025 - Executing "{openroad -exit /openlane/scripts/openroad/antenna_check.tcl |& tee /dev/null /openlane/designs/RegFileALU/runs/RUN_2025.05.19_20.31.36/logs/signoff/45-arc.log}"

Mon May 19 20:40:10 +0000 2025 - Executing "{python3 /openlane/scripts/extract_antenna_violators.py --output /openlane/designs/RegFileALU/runs/RUN_2025.05.19_20.31.36/reports/signoff/45-antenna_violators.rpt --plain-out /openlane/designs/RegFileALU/runs/RUN_2025.05.19_20.31.36/reports/signoff/45-antenna_violators_pins.txt /openlane/designs/RegFileALU/runs/RUN_2025.05.19_20.31.36/logs/signoff/45-arc.log}"

Mon May 19 20:40:10 +0000 2025 - Executing "{python3 /openlane/scripts/write_runtime.py --conclude --seconds --time-in 1747687210 {flow completed}}"

Mon May 19 20:40:11 +0000 2025 - Executing "{python3 /openlane/scripts/generate_reports.py -d /openlane/designs/RegFileALU --design_name RegFileALU --tag RUN_2025.05.19_20.31.36 --output_file /openlane/designs/RegFileALU/runs/RUN_2025.05.19_20.31.36/reports/metrics.csv --man_report /openlane/designs/RegFileALU/runs/RUN_2025.05.19_20.31.36/reports/manufacturability.rpt --run_path /openlane/designs/RegFileALU/runs/RUN_2025.05.19_20.31.36}"

