Sun Jun 01 17:17:29 +0000 2025 - Executing "{openroad -exit -no_init -python /openlane/scripts/odbpy/lefutil.py get_metal_layers -o /openlane/designs/SemiCPU/runs/RUN_2025.06.01_17.17.29/tmp/layers.list /home/omers/.volare/sky130A/libs.ref/sky130_fd_sc_hd/techlef/sky130_fd_sc_hd__nom.tlef}"

Sun Jun 01 17:17:30 +0000 2025 - Executing "{/openlane/scripts/mergeLef.py -o /openlane/designs/SemiCPU/runs/RUN_2025.06.01_17.17.29/tmp/merged.nom.lef -i /home/omers/.volare/sky130A/libs.ref/sky130_fd_sc_hd/techlef/sky130_fd_sc_hd__nom.tlef {/home/omers/.volare/sky130A/libs.ref/sky130_fd_sc_hd/lef/sky130_fd_sc_hd.lef /home/omers/.volare/sky130A/libs.ref/sky130_fd_sc_hd/lef/sky130_ef_sc_hd.lef} |& tee /dev/null}"

Sun Jun 01 17:17:30 +0000 2025 - Executing "{/openlane/scripts/mergeLef.py -o /openlane/designs/SemiCPU/runs/RUN_2025.06.01_17.17.29/tmp/merged.min.lef -i /home/omers/.volare/sky130A/libs.ref/sky130_fd_sc_hd/techlef/sky130_fd_sc_hd__min.tlef {/home/omers/.volare/sky130A/libs.ref/sky130_fd_sc_hd/lef/sky130_fd_sc_hd.lef /home/omers/.volare/sky130A/libs.ref/sky130_fd_sc_hd/lef/sky130_ef_sc_hd.lef} |& tee /dev/null}"

Sun Jun 01 17:17:30 +0000 2025 - Executing "{/openlane/scripts/mergeLef.py -o /openlane/designs/SemiCPU/runs/RUN_2025.06.01_17.17.29/tmp/merged.max.lef -i /home/omers/.volare/sky130A/libs.ref/sky130_fd_sc_hd/techlef/sky130_fd_sc_hd__max.tlef {/home/omers/.volare/sky130A/libs.ref/sky130_fd_sc_hd/lef/sky130_fd_sc_hd.lef /home/omers/.volare/sky130A/libs.ref/sky130_fd_sc_hd/lef/sky130_ef_sc_hd.lef} |& tee /dev/null}"

Sun Jun 01 17:17:30 +0000 2025 - Executing "{python3 /openlane/scripts/mergeLib.py --output /openlane/designs/SemiCPU/runs/RUN_2025.06.01_17.17.29/tmp/synthesis/merged.lib --name sky130A_merged /home/omers/.volare/sky130A/libs.ref/sky130_fd_sc_hd/lib/sky130_fd_sc_hd__tt_025C_1v80.lib}"

Sun Jun 01 17:17:30 +0000 2025 - Executing "{python3 /openlane/scripts/libtrim.py --cell-file /openlane/designs/SemiCPU/runs/RUN_2025.06.01_17.17.29/tmp/synthesis/trimmed.lib.exclude.list --output /openlane/designs/SemiCPU/runs/RUN_2025.06.01_17.17.29/tmp/synthesis/trimmed.lib /openlane/designs/SemiCPU/runs/RUN_2025.06.01_17.17.29/tmp/synthesis/merged.lib}"

Sun Jun 01 17:17:30 +0000 2025 - Executing "{python3 /openlane/scripts/libtrim.py --cell-file /openlane/designs/SemiCPU/runs/RUN_2025.06.01_17.17.29/tmp/cts/cts.lib.exclude.list --output /openlane/designs/SemiCPU/runs/RUN_2025.06.01_17.17.29/tmp/cts/cts.lib /home/omers/.volare/sky130A/libs.ref/sky130_fd_sc_hd/lib/sky130_fd_sc_hd__tt_025C_1v80.lib}"

Sun Jun 01 17:17:31 +0000 2025 - Executing "{python3 /openlane/scripts/libtrim.py --cell-file /openlane/designs/SemiCPU/runs/RUN_2025.06.01_17.17.29/tmp/cts/cts-fastest.lib.exclude.list --output /openlane/designs/SemiCPU/runs/RUN_2025.06.01_17.17.29/tmp/cts/cts-fastest.lib /home/omers/.volare/sky130A/libs.ref/sky130_fd_sc_hd/lib/sky130_fd_sc_hd__ff_n40C_1v95.lib}"

Sun Jun 01 17:17:31 +0000 2025 - Executing "{python3 /openlane/scripts/libtrim.py --cell-file /openlane/designs/SemiCPU/runs/RUN_2025.06.01_17.17.29/tmp/cts/cts-slowest.lib.exclude.list --output /openlane/designs/SemiCPU/runs/RUN_2025.06.01_17.17.29/tmp/cts/cts-slowest.lib /home/omers/.volare/sky130A/libs.ref/sky130_fd_sc_hd/lib/sky130_fd_sc_hd__ss_100C_1v60.lib}"

Sun Jun 01 17:17:31 +0000 2025 - Executing "{python3 /openlane/scripts/new_tracks.py -i /home/omers/.volare/sky130A/libs.tech/openlane/sky130_fd_sc_hd/tracks.info -o /openlane/designs/SemiCPU/runs/RUN_2025.06.01_17.17.29/tmp/routing/config.tracks}"

Sun Jun 01 17:17:32 +0000 2025 - Executing "{echo {OpenLane e73fb3c57e687a0023fcd4dcfd1566ecd478362a} > /openlane/designs/SemiCPU/runs/RUN_2025.06.01_17.17.29/OPENLANE_COMMIT}"

Sun Jun 01 17:17:32 +0000 2025 - Executing "{yosys -c /openlane/scripts/yosys/blackbox.tcl}"

Sun Jun 01 17:17:32 +0000 2025 - Executing "{verilator -Wall --lint-only --Wno-DECLFILENAME --top-module SemiCPU /openlane/designs/SemiCPU/runs/RUN_2025.06.01_17.17.29/tmp/synthesis/blackbox/sky130_fd_sc_hd__blackbox.v /openlane/designs/SemiCPU/src/SemiCPU.v -Wno-fatal --relative-includes |& tee /openlane/designs/SemiCPU/runs/RUN_2025.06.01_17.17.29/logs/synthesis/linter.log /dev/null}"

Sun Jun 01 17:17:32 +0000 2025 - Executing "{sed -E {s/^([[:space:]]+)pg_pin(.*)/\1pin\2\n\1    direction : "inout";/g} /home/omers/.volare/sky130A/libs.ref/sky130_fd_sc_hd/lib/sky130_fd_sc_hd__tt_025C_1v80.lib > /openlane/designs/SemiCPU/runs/RUN_2025.06.01_17.17.29/tmp/synthesis/1-sky130_fd_sc_hd__tt_025C_1v80.no_pg.lib}"

Sun Jun 01 17:17:32 +0000 2025 - Executing "{sed -E {s/^([[:space:]]+)pg_pin(.*)/\1pin\2\n\1    direction : "inout";/g} /openlane/designs/SemiCPU/runs/RUN_2025.06.01_17.17.29/tmp/synthesis/trimmed.lib > /openlane/designs/SemiCPU/runs/RUN_2025.06.01_17.17.29/tmp/synthesis/1-trimmed.no_pg.lib}"

Sun Jun 01 17:17:32 +0000 2025 - Executing "yosys -c /openlane/scripts/yosys/synth.tcl |& tee /dev/null /openlane/designs/SemiCPU/runs/RUN_2025.06.01_17.17.29/logs/synthesis/1-synthesis.log"

Sun Jun 01 17:17:32 +0000 2025 - Executing "{yosys -c /openlane/scripts/yosys/synth.tcl |& tee /dev/null /openlane/designs/SemiCPU/runs/RUN_2025.06.01_17.17.29/logs/synthesis/1-synthesis.log}"

Sun Jun 01 17:17:36 +0000 2025 - Executing "{sed -i.bak -e {s/\(set ::env(CURRENT_NETLIST)\).*/\1 \/openlane\/designs\/SemiCPU\/runs\/RUN_2025.06.01_17.17.29\/results\/synthesis\/SemiCPU.v/} /openlane/designs/SemiCPU/runs/RUN_2025.06.01_17.17.29/config.tcl}"

Sun Jun 01 17:17:36 +0000 2025 - Executing "{sed -i.bak /defparam/d /openlane/designs/SemiCPU/runs/RUN_2025.06.01_17.17.29/results/synthesis/SemiCPU.v}"

Sun Jun 01 17:17:36 +0000 2025 - Executing "sta -exit -no_init /openlane/scripts/openroad/sta/multi_corner.tcl |& tee /dev/null /openlane/designs/SemiCPU/runs/RUN_2025.06.01_17.17.29/logs/synthesis/2-sta.log"

Sun Jun 01 17:17:36 +0000 2025 - Executing "{sta -exit -no_init /openlane/scripts/openroad/sta/multi_corner.tcl |& tee /dev/null /openlane/designs/SemiCPU/runs/RUN_2025.06.01_17.17.29/logs/synthesis/2-sta.log}"

Sun Jun 01 17:17:37 +0000 2025 - Executing "openroad -exit /openlane/scripts/openroad/floorplan.tcl |& tee /dev/null /openlane/designs/SemiCPU/runs/RUN_2025.06.01_17.17.29/logs/floorplan/3-initial_fp.log"

Sun Jun 01 17:17:37 +0000 2025 - Executing "{openroad -exit /openlane/scripts/openroad/floorplan.tcl |& tee /dev/null /openlane/designs/SemiCPU/runs/RUN_2025.06.01_17.17.29/logs/floorplan/3-initial_fp.log}"

Sun Jun 01 17:17:37 +0000 2025 - Executing "{openroad -exit -no_init -python /openlane/scripts/odbpy/defutil.py extract_core_dims --output-data /openlane/designs/SemiCPU/runs/RUN_2025.06.01_17.17.29/tmp/dimensions.txt --input-lef /openlane/designs/SemiCPU/runs/RUN_2025.06.01_17.17.29/tmp/merged.nom.lef /openlane/designs/SemiCPU/runs/RUN_2025.06.01_17.17.29/tmp/floorplan/3-initial_fp.def}"

Sun Jun 01 17:17:38 +0000 2025 - Executing "{openroad -exit -no_init -python /openlane/scripts/odbpy/io_place.py --config /openlane/designs/SemiCPU/pin_order.cfg --hor-layer met3 --ver-layer met2 --ver-width-mult 2 --hor-width-mult 2 --hor-extension 0 --ver-extension 0 --length 4 --unmatched-error --input-lef /openlane/designs/SemiCPU/runs/RUN_2025.06.01_17.17.29/tmp/merged.nom.lef --output-def /openlane/designs/SemiCPU/runs/RUN_2025.06.01_17.17.29/tmp/floorplan/4-io.def --output /openlane/designs/SemiCPU/runs/RUN_2025.06.01_17.17.29/tmp/floorplan/4-io.odb /openlane/designs/SemiCPU/runs/RUN_2025.06.01_17.17.29/tmp/floorplan/3-initial_fp.odb |& tee /dev/null /openlane/designs/SemiCPU/runs/RUN_2025.06.01_17.17.29/logs/floorplan/4-place_io.log}"

Sun Jun 01 17:17:38 +0000 2025 - Executing "openroad -exit /openlane/scripts/openroad/tapcell.tcl |& tee /dev/null /openlane/designs/SemiCPU/runs/RUN_2025.06.01_17.17.29/logs/floorplan/5-tap.log"

Sun Jun 01 17:17:38 +0000 2025 - Executing "{openroad -exit /openlane/scripts/openroad/tapcell.tcl |& tee /dev/null /openlane/designs/SemiCPU/runs/RUN_2025.06.01_17.17.29/logs/floorplan/5-tap.log}"

Sun Jun 01 17:17:39 +0000 2025 - Executing "openroad -exit /openlane/scripts/openroad/pdn.tcl |& tee /dev/null /openlane/designs/SemiCPU/runs/RUN_2025.06.01_17.17.29/logs/floorplan/6-pdn.log"

Sun Jun 01 17:17:39 +0000 2025 - Executing "{openroad -exit /openlane/scripts/openroad/pdn.tcl |& tee /dev/null /openlane/designs/SemiCPU/runs/RUN_2025.06.01_17.17.29/logs/floorplan/6-pdn.log}"

Sun Jun 01 17:17:40 +0000 2025 - Executing "openroad -exit /openlane/scripts/openroad/gpl.tcl |& tee /dev/null /openlane/designs/SemiCPU/runs/RUN_2025.06.01_17.17.29/logs/placement/6-global.log"

Sun Jun 01 17:17:40 +0000 2025 - Executing "{openroad -exit /openlane/scripts/openroad/gpl.tcl |& tee /dev/null /openlane/designs/SemiCPU/runs/RUN_2025.06.01_17.17.29/logs/placement/6-global.log}"

Sun Jun 01 17:17:44 +0000 2025 - Executing "{sed -i.bak -e {s/\(set ::env(CURRENT_NETLIST)\).*/\1 \/openlane\/designs\/SemiCPU\/runs\/RUN_2025.06.01_17.17.29\/tmp\/placement\/7-global.nl.v/} /openlane/designs/SemiCPU/runs/RUN_2025.06.01_17.17.29/config.tcl}"

Sun Jun 01 17:17:44 +0000 2025 - Executing "openroad -exit /openlane/scripts/openroad/sta/multi_corner.tcl |& tee /dev/null /openlane/designs/SemiCPU/runs/RUN_2025.06.01_17.17.29/logs/placement/8-gpl_sta.log"

Sun Jun 01 17:17:44 +0000 2025 - Executing "{openroad -exit /openlane/scripts/openroad/sta/multi_corner.tcl |& tee /dev/null /openlane/designs/SemiCPU/runs/RUN_2025.06.01_17.17.29/logs/placement/8-gpl_sta.log}"

Sun Jun 01 17:17:45 +0000 2025 - Executing "openroad -exit /openlane/scripts/openroad/resizer.tcl |& tee /dev/null /openlane/designs/SemiCPU/runs/RUN_2025.06.01_17.17.29/logs/placement/9-resizer.log"

Sun Jun 01 17:17:45 +0000 2025 - Executing "{openroad -exit /openlane/scripts/openroad/resizer.tcl |& tee /dev/null /openlane/designs/SemiCPU/runs/RUN_2025.06.01_17.17.29/logs/placement/9-resizer.log}"

Sun Jun 01 17:17:48 +0000 2025 - Executing "{sed -i.bak -e {s/\(set ::env(CURRENT_NETLIST)\).*/\1 \/openlane\/designs\/SemiCPU\/runs\/RUN_2025.06.01_17.17.29\/tmp\/placement\/9-resizer.nl.v/} /openlane/designs/SemiCPU/runs/RUN_2025.06.01_17.17.29/config.tcl}"

Sun Jun 01 17:17:48 +0000 2025 - Executing "openroad -exit /openlane/scripts/openroad/dpl.tcl |& tee /dev/null /openlane/designs/SemiCPU/runs/RUN_2025.06.01_17.17.29/logs/placement/10-detailed.log"

Sun Jun 01 17:17:48 +0000 2025 - Executing "{openroad -exit /openlane/scripts/openroad/dpl.tcl |& tee /dev/null /openlane/designs/SemiCPU/runs/RUN_2025.06.01_17.17.29/logs/placement/10-detailed.log}"

Sun Jun 01 17:17:48 +0000 2025 - Executing "{sed -i.bak -e {s/\(set ::env(CURRENT_NETLIST)\).*/\1 \/openlane\/designs\/SemiCPU\/runs\/RUN_2025.06.01_17.17.29\/results\/placement\/SemiCPU.nl.v/} /openlane/designs/SemiCPU/runs/RUN_2025.06.01_17.17.29/config.tcl}"

Sun Jun 01 17:17:48 +0000 2025 - Executing "openroad -exit /openlane/scripts/openroad/sta/multi_corner.tcl |& tee /dev/null /openlane/designs/SemiCPU/runs/RUN_2025.06.01_17.17.29/logs/placement/11-dpl_sta.log"

Sun Jun 01 17:17:49 +0000 2025 - Executing "{openroad -exit /openlane/scripts/openroad/sta/multi_corner.tcl |& tee /dev/null /openlane/designs/SemiCPU/runs/RUN_2025.06.01_17.17.29/logs/placement/11-dpl_sta.log}"

Sun Jun 01 17:17:49 +0000 2025 - Executing "openroad -exit /openlane/scripts/openroad/cts.tcl |& tee /dev/null /openlane/designs/SemiCPU/runs/RUN_2025.06.01_17.17.29/logs/cts/12-cts.log"

Sun Jun 01 17:17:49 +0000 2025 - Executing "{openroad -exit /openlane/scripts/openroad/cts.tcl |& tee /dev/null /openlane/designs/SemiCPU/runs/RUN_2025.06.01_17.17.29/logs/cts/12-cts.log}"

Sun Jun 01 17:17:55 +0000 2025 - Executing "openroad -exit /openlane/scripts/openroad/sta/multi_corner.tcl |& tee /dev/null /openlane/designs/SemiCPU/runs/RUN_2025.06.01_17.17.29/logs/cts/13-cts_sta.log"

Sun Jun 01 17:17:56 +0000 2025 - Executing "{openroad -exit /openlane/scripts/openroad/sta/multi_corner.tcl |& tee /dev/null /openlane/designs/SemiCPU/runs/RUN_2025.06.01_17.17.29/logs/cts/13-cts_sta.log}"

Sun Jun 01 17:17:57 +0000 2025 - Executing "openroad -exit /openlane/scripts/openroad/resizer_timing.tcl |& tee /dev/null /openlane/designs/SemiCPU/runs/RUN_2025.06.01_17.17.29/logs/cts/14-resizer.log"

Sun Jun 01 17:17:57 +0000 2025 - Executing "{openroad -exit /openlane/scripts/openroad/resizer_timing.tcl |& tee /dev/null /openlane/designs/SemiCPU/runs/RUN_2025.06.01_17.17.29/logs/cts/14-resizer.log}"

Sun Jun 01 17:18:05 +0000 2025 - Executing "{sed -i.bak -e {s/\(set ::env(CURRENT_NETLIST)\).*/\1 \/openlane\/designs\/SemiCPU\/runs\/RUN_2025.06.01_17.17.29\/tmp\/cts\/14-SemiCPU.resized.nl.v/} /openlane/designs/SemiCPU/runs/RUN_2025.06.01_17.17.29/config.tcl}"

Sun Jun 01 17:18:05 +0000 2025 - Executing "openroad -exit /openlane/scripts/openroad/resizer_routing_design.tcl |& tee /dev/null /openlane/designs/SemiCPU/runs/RUN_2025.06.01_17.17.29/logs/routing/15-resizer_design.log"

Sun Jun 01 17:18:05 +0000 2025 - Executing "{openroad -exit /openlane/scripts/openroad/resizer_routing_design.tcl |& tee /dev/null /openlane/designs/SemiCPU/runs/RUN_2025.06.01_17.17.29/logs/routing/15-resizer_design.log}"

Sun Jun 01 17:18:08 +0000 2025 - Executing "{sed -i.bak -e {s/\(set ::env(CURRENT_NETLIST)\).*/\1 \/openlane\/designs\/SemiCPU\/runs\/RUN_2025.06.01_17.17.29\/tmp\/15-SemiCPU.nl.v/} /openlane/designs/SemiCPU/runs/RUN_2025.06.01_17.17.29/config.tcl}"

Sun Jun 01 17:18:08 +0000 2025 - Executing "openroad -exit /openlane/scripts/openroad/sta/multi_corner.tcl |& tee /dev/null /openlane/designs/SemiCPU/runs/RUN_2025.06.01_17.17.29/logs/routing/16-rsz_design_sta.log"

Sun Jun 01 17:18:08 +0000 2025 - Executing "{openroad -exit /openlane/scripts/openroad/sta/multi_corner.tcl |& tee /dev/null /openlane/designs/SemiCPU/runs/RUN_2025.06.01_17.17.29/logs/routing/16-rsz_design_sta.log}"

Sun Jun 01 17:18:09 +0000 2025 - Executing "openroad -exit /openlane/scripts/openroad/resizer_routing_timing.tcl |& tee /dev/null /openlane/designs/SemiCPU/runs/RUN_2025.06.01_17.17.29/logs/routing/17-resizer_timing.log"

Sun Jun 01 17:18:09 +0000 2025 - Executing "{openroad -exit /openlane/scripts/openroad/resizer_routing_timing.tcl |& tee /dev/null /openlane/designs/SemiCPU/runs/RUN_2025.06.01_17.17.29/logs/routing/17-resizer_timing.log}"

Sun Jun 01 17:18:15 +0000 2025 - Executing "{sed -i.bak -e {s/\(set ::env(CURRENT_NETLIST)\).*/\1 \/openlane\/designs\/SemiCPU\/runs\/RUN_2025.06.01_17.17.29\/tmp\/17-SemiCPU.nl.v/} /openlane/designs/SemiCPU/runs/RUN_2025.06.01_17.17.29/config.tcl}"

Sun Jun 01 17:18:15 +0000 2025 - Executing "openroad -exit /openlane/scripts/openroad/sta/multi_corner.tcl |& tee /dev/null /openlane/designs/SemiCPU/runs/RUN_2025.06.01_17.17.29/logs/routing/18-rsz_timing_sta.log"

Sun Jun 01 17:18:15 +0000 2025 - Executing "{openroad -exit /openlane/scripts/openroad/sta/multi_corner.tcl |& tee /dev/null /openlane/designs/SemiCPU/runs/RUN_2025.06.01_17.17.29/logs/routing/18-rsz_timing_sta.log}"

Sun Jun 01 17:18:16 +0000 2025 - Executing "openroad -exit /openlane/scripts/openroad/repair_antennas.tcl |& tee /dev/null /openlane/designs/SemiCPU/runs/RUN_2025.06.01_17.17.29/logs/routing/19-global.log"

Sun Jun 01 17:18:16 +0000 2025 - Executing "{openroad -exit /openlane/scripts/openroad/repair_antennas.tcl |& tee /dev/null /openlane/designs/SemiCPU/runs/RUN_2025.06.01_17.17.29/logs/routing/19-global.log}"

Sun Jun 01 17:18:17 +0000 2025 - Executing "openroad -exit /openlane/scripts/openroad/write_views.tcl |& tee /dev/null /openlane/designs/SemiCPU/runs/RUN_2025.06.01_17.17.29/logs/routing/19-global_write_netlist.log"

Sun Jun 01 17:18:17 +0000 2025 - Executing "{openroad -exit /openlane/scripts/openroad/write_views.tcl |& tee /dev/null /openlane/designs/SemiCPU/runs/RUN_2025.06.01_17.17.29/logs/routing/19-global_write_netlist.log}"

Sun Jun 01 17:18:18 +0000 2025 - Executing "{sed -i.bak -e {s/\(set ::env(CURRENT_NETLIST)\).*/\1 \/openlane\/designs\/SemiCPU\/runs\/RUN_2025.06.01_17.17.29\/tmp\/routing\/global.nl.v/} /openlane/designs/SemiCPU/runs/RUN_2025.06.01_17.17.29/config.tcl}"

Sun Jun 01 17:18:18 +0000 2025 - Executing "openroad -exit /openlane/scripts/openroad/sta/multi_corner.tcl |& tee /dev/null /openlane/designs/SemiCPU/runs/RUN_2025.06.01_17.17.29/logs/routing/21-grt_sta.log"

Sun Jun 01 17:18:18 +0000 2025 - Executing "{openroad -exit /openlane/scripts/openroad/sta/multi_corner.tcl |& tee /dev/null /openlane/designs/SemiCPU/runs/RUN_2025.06.01_17.17.29/logs/routing/21-grt_sta.log}"

Sun Jun 01 17:18:19 +0000 2025 - Executing "openroad -exit /openlane/scripts/openroad/fill.tcl |& tee /dev/null /openlane/designs/SemiCPU/runs/RUN_2025.06.01_17.17.29/logs/routing/22-fill.log"

Sun Jun 01 17:18:19 +0000 2025 - Executing "{openroad -exit /openlane/scripts/openroad/fill.tcl |& tee /dev/null /openlane/designs/SemiCPU/runs/RUN_2025.06.01_17.17.29/logs/routing/22-fill.log}"

Sun Jun 01 17:18:19 +0000 2025 - Executing "{sed -i.bak -e {s/\(set ::env(CURRENT_NETLIST)\).*/\1 \/openlane\/designs\/SemiCPU\/runs\/RUN_2025.06.01_17.17.29\/tmp\/routing\/22-fill.nl.v/} /openlane/designs/SemiCPU/runs/RUN_2025.06.01_17.17.29/config.tcl}"

Sun Jun 01 17:18:19 +0000 2025 - Executing "openroad -exit -metrics /openlane/designs/SemiCPU/runs/RUN_2025.06.01_17.17.29/reports/routing/23-drt_metrics.json /openlane/scripts/openroad/droute.tcl |& tee /dev/null /openlane/designs/SemiCPU/runs/RUN_2025.06.01_17.17.29/logs/routing/23-detailed.log"

Sun Jun 01 17:18:19 +0000 2025 - Executing "{openroad -exit -metrics /openlane/designs/SemiCPU/runs/RUN_2025.06.01_17.17.29/reports/routing/23-drt_metrics.json /openlane/scripts/openroad/droute.tcl |& tee /dev/null /openlane/designs/SemiCPU/runs/RUN_2025.06.01_17.17.29/logs/routing/23-detailed.log}"

Sun Jun 01 17:20:04 +0000 2025 - Executing "{sed -i.bak -e {s/\(set ::env(CURRENT_NETLIST)\).*/\1 \/openlane\/designs\/SemiCPU\/runs\/RUN_2025.06.01_17.17.29\/results\/routing\/SemiCPU.nl.v/} /openlane/designs/SemiCPU/runs/RUN_2025.06.01_17.17.29/config.tcl}"

Sun Jun 01 17:20:04 +0000 2025 - Executing "{python3 /openlane/scripts/drc_rosetta.py tr to_klayout -o /openlane/designs/SemiCPU/runs/RUN_2025.06.01_17.17.29/reports/routing/drt.klayout.xml --design-name SemiCPU /openlane/designs/SemiCPU/runs/RUN_2025.06.01_17.17.29/reports/routing/drt.drc}"

Sun Jun 01 17:20:04 +0000 2025 - Executing "{openroad -exit -no_init -python /openlane/scripts/odbpy/wire_lengths.py --report-out /openlane/designs/SemiCPU/runs/RUN_2025.06.01_17.17.29/reports/routing/24-wire_lengths.csv --input-lef /openlane/designs/SemiCPU/runs/RUN_2025.06.01_17.17.29/tmp/merged.nom.lef --output-def /openlane/designs/SemiCPU/runs/RUN_2025.06.01_17.17.29/results/routing/SemiCPU.def --output /openlane/designs/SemiCPU/runs/RUN_2025.06.01_17.17.29/results/routing/SemiCPU.odb /openlane/designs/SemiCPU/runs/RUN_2025.06.01_17.17.29/results/routing/SemiCPU.odb |& tee /dev/null /openlane/designs/SemiCPU/runs/RUN_2025.06.01_17.17.29/logs/routing/24-wire_lengths.log}"

Sun Jun 01 17:20:04 +0000 2025 - Executing "openroad -exit /openlane/scripts/openroad/rcx.tcl |& tee /dev/null /openlane/designs/SemiCPU/runs/RUN_2025.06.01_17.17.29/logs/signoff/25-parasitics_extraction.min.log"

Sun Jun 01 17:20:04 +0000 2025 - Executing "{openroad -exit /openlane/scripts/openroad/rcx.tcl |& tee /dev/null /openlane/designs/SemiCPU/runs/RUN_2025.06.01_17.17.29/logs/signoff/25-parasitics_extraction.min.log}"

Sun Jun 01 17:20:05 +0000 2025 - Executing "sta -exit -no_init /openlane/scripts/openroad/sta/multi_corner.tcl |& tee /dev/null /openlane/designs/SemiCPU/runs/RUN_2025.06.01_17.17.29/logs/signoff/26-rcx_mcsta.min.log"

Sun Jun 01 17:20:05 +0000 2025 - Executing "{sta -exit -no_init /openlane/scripts/openroad/sta/multi_corner.tcl |& tee /dev/null /openlane/designs/SemiCPU/runs/RUN_2025.06.01_17.17.29/logs/signoff/26-rcx_mcsta.min.log}"

Sun Jun 01 17:20:09 +0000 2025 - Executing "openroad -exit /openlane/scripts/openroad/rcx.tcl |& tee /dev/null /openlane/designs/SemiCPU/runs/RUN_2025.06.01_17.17.29/logs/signoff/27-parasitics_extraction.max.log"

Sun Jun 01 17:20:09 +0000 2025 - Executing "{openroad -exit /openlane/scripts/openroad/rcx.tcl |& tee /dev/null /openlane/designs/SemiCPU/runs/RUN_2025.06.01_17.17.29/logs/signoff/27-parasitics_extraction.max.log}"

Sun Jun 01 17:20:10 +0000 2025 - Executing "sta -exit -no_init /openlane/scripts/openroad/sta/multi_corner.tcl |& tee /dev/null /openlane/designs/SemiCPU/runs/RUN_2025.06.01_17.17.29/logs/signoff/28-rcx_mcsta.max.log"

Sun Jun 01 17:20:10 +0000 2025 - Executing "{sta -exit -no_init /openlane/scripts/openroad/sta/multi_corner.tcl |& tee /dev/null /openlane/designs/SemiCPU/runs/RUN_2025.06.01_17.17.29/logs/signoff/28-rcx_mcsta.max.log}"

Sun Jun 01 17:20:14 +0000 2025 - Executing "openroad -exit /openlane/scripts/openroad/rcx.tcl |& tee /dev/null /openlane/designs/SemiCPU/runs/RUN_2025.06.01_17.17.29/logs/signoff/29-parasitics_extraction.nom.log"

Sun Jun 01 17:20:14 +0000 2025 - Executing "{openroad -exit /openlane/scripts/openroad/rcx.tcl |& tee /dev/null /openlane/designs/SemiCPU/runs/RUN_2025.06.01_17.17.29/logs/signoff/29-parasitics_extraction.nom.log}"

Sun Jun 01 17:20:15 +0000 2025 - Executing "sta -exit -no_init /openlane/scripts/openroad/sta/multi_corner.tcl |& tee /dev/null /openlane/designs/SemiCPU/runs/RUN_2025.06.01_17.17.29/logs/signoff/30-rcx_mcsta.nom.log"

Sun Jun 01 17:20:15 +0000 2025 - Executing "{sta -exit -no_init /openlane/scripts/openroad/sta/multi_corner.tcl |& tee /dev/null /openlane/designs/SemiCPU/runs/RUN_2025.06.01_17.17.29/logs/signoff/30-rcx_mcsta.nom.log}"

Sun Jun 01 17:20:19 +0000 2025 - Executing "openroad -exit /openlane/scripts/openroad/irdrop.tcl |& tee /dev/null /openlane/designs/SemiCPU/runs/RUN_2025.06.01_17.17.29/logs/signoff/31-irdrop.log"

Sun Jun 01 17:20:19 +0000 2025 - Executing "{openroad -exit /openlane/scripts/openroad/irdrop.tcl |& tee /dev/null /openlane/designs/SemiCPU/runs/RUN_2025.06.01_17.17.29/logs/signoff/31-irdrop.log}"

Sun Jun 01 17:20:21 +0000 2025 - Executing "magic -noconsole -dnull -rcfile /home/omers/.volare/sky130A/libs.tech/magic/sky130A.magicrc < /openlane/scripts/magic/wrapper.tcl |& tee /dev/null /openlane/designs/SemiCPU/runs/RUN_2025.06.01_17.17.29/logs/signoff/32-gdsii.log"

Sun Jun 01 17:20:21 +0000 2025 - Executing "{magic -noconsole -dnull -rcfile /home/omers/.volare/sky130A/libs.tech/magic/sky130A.magicrc < /openlane/scripts/magic/wrapper.tcl |& tee /dev/null /openlane/designs/SemiCPU/runs/RUN_2025.06.01_17.17.29/logs/signoff/32-gdsii.log}"

Sun Jun 01 17:20:22 +0000 2025 - Executing "magic -noconsole -dnull -rcfile /home/omers/.volare/sky130A/libs.tech/magic/sky130A.magicrc < /openlane/scripts/magic/wrapper.tcl |& tee /dev/null /openlane/designs/SemiCPU/runs/RUN_2025.06.01_17.17.29/logs/signoff/32-gds_ptrs.log"

Sun Jun 01 17:20:22 +0000 2025 - Executing "{magic -noconsole -dnull -rcfile /home/omers/.volare/sky130A/libs.tech/magic/sky130A.magicrc < /openlane/scripts/magic/wrapper.tcl |& tee /dev/null /openlane/designs/SemiCPU/runs/RUN_2025.06.01_17.17.29/logs/signoff/32-gds_ptrs.log}"

Sun Jun 01 17:20:23 +0000 2025 - Executing "{sed -i.bak -n {/^<< properties >>/,/^<< end >>/p} /openlane/designs/SemiCPU/runs/RUN_2025.06.01_17.17.29/tmp/signoff/gds_ptrs.mag}"

Sun Jun 01 17:20:23 +0000 2025 - Executing "magic -noconsole -dnull -rcfile /home/omers/.volare/sky130A/libs.tech/magic/sky130A.magicrc < /openlane/scripts/magic/wrapper.tcl |& tee /dev/null /openlane/designs/SemiCPU/runs/RUN_2025.06.01_17.17.29/logs/signoff/32-lef.log"

Sun Jun 01 17:20:23 +0000 2025 - Executing "{magic -noconsole -dnull -rcfile /home/omers/.volare/sky130A/libs.tech/magic/sky130A.magicrc < /openlane/scripts/magic/wrapper.tcl |& tee /dev/null /openlane/designs/SemiCPU/runs/RUN_2025.06.01_17.17.29/logs/signoff/32-lef.log}"

Sun Jun 01 17:20:24 +0000 2025 - Executing "magic -noconsole -dnull -rcfile /home/omers/.volare/sky130A/libs.tech/magic/sky130A.magicrc < /openlane/scripts/magic/wrapper.tcl |& tee /dev/null /openlane/designs/SemiCPU/runs/RUN_2025.06.01_17.17.29/logs/signoff/32-maglef.log"

Sun Jun 01 17:20:24 +0000 2025 - Executing "{magic -noconsole -dnull -rcfile /home/omers/.volare/sky130A/libs.tech/magic/sky130A.magicrc < /openlane/scripts/magic/wrapper.tcl |& tee /dev/null /openlane/designs/SemiCPU/runs/RUN_2025.06.01_17.17.29/logs/signoff/32-maglef.log}"

Sun Jun 01 17:20:24 +0000 2025 - Executing "{python3 /openlane/scripts/klayout/stream_out.py --output /openlane/designs/SemiCPU/runs/RUN_2025.06.01_17.17.29/results/signoff/SemiCPU.klayout.gds --lyt /home/omers/.volare/sky130A/libs.tech/klayout/tech/sky130A.lyt --lym /home/omers/.volare/sky130A/libs.tech/klayout/tech/sky130A.map --lyp /home/omers/.volare/sky130A/libs.tech/klayout/tech/sky130A.lyp --top SemiCPU --with-gds-file /home/omers/.volare/sky130A/libs.ref/sky130_fd_sc_hd/gds/sky130_fd_sc_hd.gds --input-lef /openlane/designs/SemiCPU/runs/RUN_2025.06.01_17.17.29/tmp/merged.nom.lef /openlane/designs/SemiCPU/runs/RUN_2025.06.01_17.17.29/results/routing/SemiCPU.def |& tee /dev/null /openlane/designs/SemiCPU/runs/RUN_2025.06.01_17.17.29/logs/signoff/33-gdsii-klayout.log}"

Sun Jun 01 17:20:25 +0000 2025 - Executing "{klayout -b -r /openlane/scripts/klayout/xor.drc -rd a=/openlane/designs/SemiCPU/runs/RUN_2025.06.01_17.17.29/results/signoff/SemiCPU.gds -rd b=/openlane/designs/SemiCPU/runs/RUN_2025.06.01_17.17.29/results/signoff/SemiCPU.klayout.gds -rd jobs=1 -rd rdb_out=/openlane/designs/SemiCPU/runs/RUN_2025.06.01_17.17.29/reports/signoff/34-xor.xml -rd ignore=81/14 -rd rpt_out=/openlane/designs/SemiCPU/runs/RUN_2025.06.01_17.17.29/reports/signoff/34-xor.rpt |& tee /dev/null /openlane/designs/SemiCPU/runs/RUN_2025.06.01_17.17.29/logs/signoff/34-xor.log}"

Sun Jun 01 17:20:28 +0000 2025 - Executing "magic -noconsole -dnull -rcfile /home/omers/.volare/sky130A/libs.tech/magic/sky130A.magicrc < /openlane/scripts/magic/wrapper.tcl |& tee /dev/null /openlane/designs/SemiCPU/runs/RUN_2025.06.01_17.17.29/logs/signoff/35-spice.log"

Sun Jun 01 17:20:28 +0000 2025 - Executing "{magic -noconsole -dnull -rcfile /home/omers/.volare/sky130A/libs.tech/magic/sky130A.magicrc < /openlane/scripts/magic/wrapper.tcl |& tee /dev/null /openlane/designs/SemiCPU/runs/RUN_2025.06.01_17.17.29/logs/signoff/35-spice.log}"

Sun Jun 01 17:20:31 +0000 2025 - Executing "{openroad -exit -no_init -python /openlane/scripts/odbpy/power_utils.py write_powered_def --output /openlane/designs/SemiCPU/runs/RUN_2025.06.01_17.17.29/tmp/signoff/35-SemiCPU.p.def --input-lef /openlane/designs/SemiCPU/runs/RUN_2025.06.01_17.17.29/tmp/merged.nom.lef --power-port VPWR --ground-port VGND --powered-netlist {} /openlane/designs/SemiCPU/runs/RUN_2025.06.01_17.17.29/results/routing/SemiCPU.def |& tee /dev/null /openlane/designs/SemiCPU/runs/RUN_2025.06.01_17.17.29/logs/signoff/36-write_powered_def.log}"

Sun Jun 01 17:20:32 +0000 2025 - Executing "openroad -exit /openlane/scripts/openroad/write_views.tcl |& tee /dev/null /openlane/designs/SemiCPU/runs/RUN_2025.06.01_17.17.29/logs/signoff/36-write_powered_verilog.log"

Sun Jun 01 17:20:32 +0000 2025 - Executing "{openroad -exit /openlane/scripts/openroad/write_views.tcl |& tee /dev/null /openlane/designs/SemiCPU/runs/RUN_2025.06.01_17.17.29/logs/signoff/36-write_powered_verilog.log}"

Sun Jun 01 17:20:32 +0000 2025 - Executing "{sed -i.bak -e {s/\(set ::env(CURRENT_NETLIST)\).*/\1 \/openlane\/designs\/SemiCPU\/runs\/RUN_2025.06.01_17.17.29\/tmp\/signoff\/35-SemiCPU.nl.v/} /openlane/designs/SemiCPU/runs/RUN_2025.06.01_17.17.29/config.tcl}"

Sun Jun 01 17:20:32 +0000 2025 - Executing "{netgen -batch source /openlane/designs/SemiCPU/runs/RUN_2025.06.01_17.17.29/tmp/signoff/38-setup_file.lef.lvs |& tee /dev/null /openlane/designs/SemiCPU/runs/RUN_2025.06.01_17.17.29/logs/signoff/38-lvs.lef.log}"

Sun Jun 01 17:20:33 +0000 2025 - Executing "magic -noconsole -dnull -rcfile /home/omers/.volare/sky130A/libs.tech/magic/sky130A.magicrc < /openlane/scripts/magic/wrapper.tcl |& tee /dev/null /openlane/designs/SemiCPU/runs/RUN_2025.06.01_17.17.29/logs/signoff/39-drc.log"

Sun Jun 01 17:20:33 +0000 2025 - Executing "{magic -noconsole -dnull -rcfile /home/omers/.volare/sky130A/libs.tech/magic/sky130A.magicrc < /openlane/scripts/magic/wrapper.tcl |& tee /dev/null /openlane/designs/SemiCPU/runs/RUN_2025.06.01_17.17.29/logs/signoff/39-drc.log}"

Sun Jun 01 17:20:40 +0000 2025 - Executing "{python3 /openlane/scripts/drc_rosetta.py magic to_tcl -o /openlane/designs/SemiCPU/runs/RUN_2025.06.01_17.17.29/reports/signoff/drc.tcl /openlane/designs/SemiCPU/runs/RUN_2025.06.01_17.17.29/reports/signoff/drc.rpt}"

Sun Jun 01 17:20:40 +0000 2025 - Executing "{python3 /openlane/scripts/drc_rosetta.py magic to_tr -o /openlane/designs/SemiCPU/runs/RUN_2025.06.01_17.17.29/reports/signoff/drc.tr /openlane/designs/SemiCPU/runs/RUN_2025.06.01_17.17.29/reports/signoff/drc.rpt}"

Sun Jun 01 17:20:40 +0000 2025 - Executing "{python3 /openlane/scripts/drc_rosetta.py tr to_klayout -o /openlane/designs/SemiCPU/runs/RUN_2025.06.01_17.17.29/reports/signoff/drc.klayout.xml --design-name SemiCPU /openlane/designs/SemiCPU/runs/RUN_2025.06.01_17.17.29/reports/signoff/drc.tr}"

Sun Jun 01 17:20:40 +0000 2025 - Executing "{python3 /openlane/scripts/drc_rosetta.py magic to_rdb -o /openlane/designs/SemiCPU/runs/RUN_2025.06.01_17.17.29/reports/signoff/drc.rdb /openlane/designs/SemiCPU/runs/RUN_2025.06.01_17.17.29/reports/signoff/drc.rpt}"

Sun Jun 01 17:20:41 +0000 2025 - Executing "{klayout -b -zz -r /home/omers/.volare/sky130A/libs.tech/klayout/drc/sky130A_mr.drc -rd topcell=SemiCPU -rd input=/openlane/designs/SemiCPU/runs/RUN_2025.06.01_17.17.29/results/signoff/SemiCPU.gds -rd report=/openlane/designs/SemiCPU/runs/RUN_2025.06.01_17.17.29/reports/signoff/violations.xml -rd feol=true -rd beol=true -rd floating_metal=false -rd seal=true -rd thread=1 |& tee /dev/null /openlane/designs/SemiCPU/runs/RUN_2025.06.01_17.17.29/logs/signoff/40-drc-klayout.log}"

Sun Jun 01 17:20:52 +0000 2025 - Executing "{python3 /openlane/scripts/klayout/xml_drc_report_to_json.py --xml-file /openlane/designs/SemiCPU/runs/RUN_2025.06.01_17.17.29/reports/signoff/violations.xml --json-file /openlane/designs/SemiCPU/runs/RUN_2025.06.01_17.17.29/reports/signoff/violations.json}"

Sun Jun 01 17:20:52 +0000 2025 - Executing "openroad -exit /openlane/scripts/openroad/antenna_check.tcl |& tee /dev/null /openlane/designs/SemiCPU/runs/RUN_2025.06.01_17.17.29/logs/signoff/41-arc.log"

Sun Jun 01 17:20:52 +0000 2025 - Executing "{openroad -exit /openlane/scripts/openroad/antenna_check.tcl |& tee /dev/null /openlane/designs/SemiCPU/runs/RUN_2025.06.01_17.17.29/logs/signoff/41-arc.log}"

Sun Jun 01 17:20:52 +0000 2025 - Executing "{python3 /openlane/scripts/extract_antenna_violators.py --output /openlane/designs/SemiCPU/runs/RUN_2025.06.01_17.17.29/reports/signoff/41-antenna_violators.rpt --plain-out /openlane/designs/SemiCPU/runs/RUN_2025.06.01_17.17.29/reports/signoff/41-antenna_violators_pins.txt /openlane/designs/SemiCPU/runs/RUN_2025.06.01_17.17.29/logs/signoff/41-arc.log}"

Sun Jun 01 17:20:53 +0000 2025 - Executing "{python3 /openlane/scripts/write_runtime.py --conclude --seconds --time-in 1748798453 {flow completed}}"

Sun Jun 01 17:20:53 +0000 2025 - Executing "{python3 /openlane/scripts/generate_reports.py -d /openlane/designs/SemiCPU --design_name SemiCPU --tag RUN_2025.06.01_17.17.29 --output_file /openlane/designs/SemiCPU/runs/RUN_2025.06.01_17.17.29/reports/metrics.csv --man_report /openlane/designs/SemiCPU/runs/RUN_2025.06.01_17.17.29/reports/manufacturability.rpt --run_path /openlane/designs/SemiCPU/runs/RUN_2025.06.01_17.17.29}"

