
===========================================================================
 report_power
============================================================================
======================= Fastest Corner ===================================

Group                  Internal  Switching    Leakage      Total
                          Power      Power      Power      Power (Watts)
----------------------------------------------------------------
Sequential             6.01e-03   8.54e-04   1.49e-08   6.86e-03  42.6%
Combinational          2.77e-03   2.19e-03   2.41e-08   4.96e-03  30.8%
Clock                  2.03e-03   2.26e-03   1.45e-08   4.28e-03  26.6%
Macro                  0.00e+00   0.00e+00   0.00e+00   0.00e+00   0.0%
Pad                    0.00e+00   0.00e+00   0.00e+00   0.00e+00   0.0%
----------------------------------------------------------------
Total                  1.08e-02   5.30e-03   5.35e-08   1.61e-02 100.0%
                          67.1%      32.9%       0.0%

======================= Slowest Corner ===================================

Group                  Internal  Switching    Leakage      Total
                          Power      Power      Power      Power (Watts)
----------------------------------------------------------------
Sequential             4.07e-03   5.45e-04   1.48e-05   4.64e-03  42.2%
Combinational          1.96e-03   1.44e-03   3.11e-05   3.43e-03  31.3%
Clock                  1.46e-03   1.46e-03   2.19e-06   2.92e-03  26.6%
Macro                  0.00e+00   0.00e+00   0.00e+00   0.00e+00   0.0%
Pad                    0.00e+00   0.00e+00   0.00e+00   0.00e+00   0.0%
----------------------------------------------------------------
Total                  7.49e-03   3.45e-03   4.81e-05   1.10e-02 100.0%
                          68.2%      31.4%       0.4%

======================= Typical Corner ===================================

Group                  Internal  Switching    Leakage      Total
                          Power      Power      Power      Power (Watts)
----------------------------------------------------------------
Sequential             5.21e-03   7.08e-04   8.57e-09   5.91e-03  42.5%
Combinational          2.48e-03   1.84e-03   2.00e-08   4.32e-03  31.1%
Clock                  1.77e-03   1.90e-03   9.32e-09   3.67e-03  26.4%
Macro                  0.00e+00   0.00e+00   0.00e+00   0.00e+00   0.0%
Pad                    0.00e+00   0.00e+00   0.00e+00   0.00e+00   0.0%
----------------------------------------------------------------
Total                  9.45e-03   4.45e-03   3.79e-08   1.39e-02 100.0%
                          68.0%      32.0%       0.0%

