
===========================================================================
report_checks -unconstrained
===========================================================================
======================= Fastest Corner ===================================

Startpoint: _2984_ (rising edge-triggered flip-flop clocked by clk)
Endpoint: _2994_ (rising edge-triggered flip-flop clocked by clk)
Path Group: clk
Path Type: max
Corner: Fastest

Fanout     Cap    Slew   Delay    Time   Description
-----------------------------------------------------------------------------
                          0.00    0.00   clock clk (rise edge)
                          0.00    0.00   clock source latency
     1    0.03    0.00    0.00    0.00 ^ clk (in)
                                         clk (net)
                  0.00    0.00    0.00 ^ clkbuf_0_clk/A (sky130_fd_sc_hd__clkbuf_16)
     2    0.03    0.04    0.09    0.09 ^ clkbuf_0_clk/X (sky130_fd_sc_hd__clkbuf_16)
                                         clknet_0_clk (net)
                  0.04    0.00    0.09 ^ clkbuf_1_0__f_clk/A (sky130_fd_sc_hd__clkbuf_16)
    13    0.11    0.10    0.14    0.23 ^ clkbuf_1_0__f_clk/X (sky130_fd_sc_hd__clkbuf_16)
                                         clknet_1_0__leaf_clk (net)
                  0.10    0.00    0.23 ^ clkbuf_leaf_4_clk/A (sky130_fd_sc_hd__clkbuf_8)
    15    0.05    0.07    0.13    0.36 ^ clkbuf_leaf_4_clk/X (sky130_fd_sc_hd__clkbuf_8)
                                         clknet_leaf_4_clk (net)
                  0.07    0.00    0.36 ^ _2984_/CLK (sky130_fd_sc_hd__dfrtp_1)
     4    0.01    0.06    0.27    0.63 v _2984_/Q (sky130_fd_sc_hd__dfrtp_1)
                                         imem.address[25] (net)
                  0.06    0.00    0.63 v _1504_/A (sky130_fd_sc_hd__nor4_1)
     4    0.01    0.41    0.38    1.01 ^ _1504_/Y (sky130_fd_sc_hd__nor4_1)
                                         _0384_ (net)
                  0.41    0.00    1.01 ^ _1506_/C (sky130_fd_sc_hd__and4bb_2)
     8    0.02    0.11    0.23    1.24 ^ _1506_/X (sky130_fd_sc_hd__and4bb_2)
                                         _0386_ (net)
                  0.11    0.00    1.24 ^ _1507_/A (sky130_fd_sc_hd__and2_4)
     1    0.01    0.03    0.10    1.34 ^ _1507_/X (sky130_fd_sc_hd__and2_4)
                                         _0387_ (net)
                  0.03    0.00    1.34 ^ _1508_/A (sky130_fd_sc_hd__buf_6)
     8    0.03    0.06    0.09    1.42 ^ _1508_/X (sky130_fd_sc_hd__buf_6)
                                         _0388_ (net)
                  0.06    0.00    1.42 ^ _1509_/B1 (sky130_fd_sc_hd__o21ai_4)
     5    0.03    0.09    0.05    1.47 v _1509_/Y (sky130_fd_sc_hd__o21ai_4)
                                         _0389_ (net)
                  0.09    0.00    1.47 v _1510_/A (sky130_fd_sc_hd__buf_6)
     5    0.02    0.03    0.11    1.58 v _1510_/X (sky130_fd_sc_hd__buf_6)
                                         _0390_ (net)
                  0.03    0.00    1.58 v _1700_/C (sky130_fd_sc_hd__or3_4)
     3    0.01    0.05    0.20    1.78 v _1700_/X (sky130_fd_sc_hd__or3_4)
                                         _0516_ (net)
                  0.05    0.00    1.78 v _1710_/A2 (sky130_fd_sc_hd__a21o_1)
     1    0.00    0.03    0.12    1.90 v _1710_/X (sky130_fd_sc_hd__a21o_1)
                                         _0526_ (net)
                  0.03    0.00    1.90 v _1711_/A (sky130_fd_sc_hd__or4_4)
     3    0.01    0.07    0.33    2.23 v _1711_/X (sky130_fd_sc_hd__or4_4)
                                         _0527_ (net)
                  0.07    0.00    2.23 v _1720_/D (sky130_fd_sc_hd__or4_4)
     3    0.02    0.07    0.27    2.50 v _1720_/X (sky130_fd_sc_hd__or4_4)
                                         _0536_ (net)
                  0.07    0.00    2.50 v rebuffer26/A (sky130_fd_sc_hd__dlymetal6s2s_1)
     1    0.00    0.03    0.10    2.60 v rebuffer26/X (sky130_fd_sc_hd__dlymetal6s2s_1)
                                         net42 (net)
                  0.03    0.00    2.60 v rebuffer7/A (sky130_fd_sc_hd__dlygate4sd1_1)
     3    0.01    0.04    0.16    2.76 v rebuffer7/X (sky130_fd_sc_hd__dlygate4sd1_1)
                                         net23 (net)
                  0.04    0.00    2.76 v _1895_/B (sky130_fd_sc_hd__nor2_1)
     2    0.01    0.17    0.14    2.90 ^ _1895_/Y (sky130_fd_sc_hd__nor2_1)
                                         _0711_ (net)
                  0.17    0.00    2.90 ^ _1900_/A (sky130_fd_sc_hd__xnor2_2)
     2    0.02    0.08    0.09    2.99 v _1900_/Y (sky130_fd_sc_hd__xnor2_2)
                                         _0716_ (net)
                  0.08    0.00    2.99 v _1902_/A (sky130_fd_sc_hd__xnor2_1)
     3    0.01    0.17    0.18    3.17 ^ _1902_/Y (sky130_fd_sc_hd__xnor2_1)
                                         _0718_ (net)
                  0.17    0.00    3.17 ^ _1903_/C_N (sky130_fd_sc_hd__or3b_4)
     3    0.02    0.06    0.26    3.43 v _1903_/X (sky130_fd_sc_hd__or3b_4)
                                         _0719_ (net)
                  0.06    0.00    3.43 v _1913_/A (sky130_fd_sc_hd__or3_4)
     1    0.02    0.06    0.26    3.69 v _1913_/X (sky130_fd_sc_hd__or3_4)
                                         _0729_ (net)
                  0.06    0.00    3.69 v _1914_/A (sky130_fd_sc_hd__nor3_4)
     3    0.02    0.17    0.19    3.88 ^ _1914_/Y (sky130_fd_sc_hd__nor3_4)
                                         _0730_ (net)
                  0.17    0.00    3.88 ^ _1936_/A2 (sky130_fd_sc_hd__o21ai_4)
     5    0.02    0.06    0.06    3.94 v _1936_/Y (sky130_fd_sc_hd__o21ai_4)
                                         _0752_ (net)
                  0.06    0.00    3.94 v _1977_/A (sky130_fd_sc_hd__or3_4)
     3    0.01    0.06    0.26    4.19 v _1977_/X (sky130_fd_sc_hd__or3_4)
                                         _0793_ (net)
                  0.06    0.00    4.19 v _2008_/A1 (sky130_fd_sc_hd__a211oi_4)
     5    0.02    0.20    0.21    4.40 ^ _2008_/Y (sky130_fd_sc_hd__a211oi_4)
                                         _0824_ (net)
                  0.20    0.00    4.40 ^ _2033_/A1 (sky130_fd_sc_hd__o211a_1)
     2    0.01    0.04    0.12    4.52 ^ _2033_/X (sky130_fd_sc_hd__o211a_1)
                                         _0849_ (net)
                  0.04    0.00    4.52 ^ _2035_/A2 (sky130_fd_sc_hd__o21ai_1)
     3    0.01    0.05    0.05    4.57 v _2035_/Y (sky130_fd_sc_hd__o21ai_1)
                                         _0851_ (net)
                  0.05    0.00    4.57 v _2039_/A2 (sky130_fd_sc_hd__a21o_1)
     3    0.01    0.05    0.14    4.71 v _2039_/X (sky130_fd_sc_hd__a21o_1)
                                         _0855_ (net)
                  0.05    0.00    4.71 v _2168_/A2 (sky130_fd_sc_hd__a31o_1)
     2    0.01    0.04    0.15    4.86 v _2168_/X (sky130_fd_sc_hd__a31o_1)
                                         _0983_ (net)
                  0.04    0.00    4.86 v _2664_/A2 (sky130_fd_sc_hd__a31o_1)
     5    0.01    0.06    0.17    5.03 v _2664_/X (sky130_fd_sc_hd__a31o_1)
                                         _1382_ (net)
                  0.06    0.00    5.03 v _2666_/A (sky130_fd_sc_hd__and2_4)
     2    0.01    0.03    0.10    5.13 v _2666_/X (sky130_fd_sc_hd__and2_4)
                                         _1384_ (net)
                  0.03    0.00    5.13 v _2667_/A (sky130_fd_sc_hd__buf_6)
     5    0.01    0.02    0.08    5.21 v _2667_/X (sky130_fd_sc_hd__buf_6)
                                         _1385_ (net)
                  0.02    0.00    5.21 v _2699_/A1 (sky130_fd_sc_hd__a22o_1)
     1    0.00    0.03    0.10    5.31 v _2699_/X (sky130_fd_sc_hd__a22o_1)
                                         _1414_ (net)
                  0.03    0.00    5.31 v _2702_/A0 (sky130_fd_sc_hd__mux2_4)
     1    0.00    0.03    0.14    5.45 v _2702_/X (sky130_fd_sc_hd__mux2_4)
                                         _1417_ (net)
                  0.03    0.00    5.45 v _2703_/A (sky130_fd_sc_hd__clkbuf_1)
     1    0.00    0.02    0.06    5.51 v _2703_/X (sky130_fd_sc_hd__clkbuf_1)
                                         _0003_ (net)
                  0.02    0.00    5.51 v _2994_/D (sky130_fd_sc_hd__dfxtp_1)
                                  5.51   data arrival time

                         10.00   10.00   clock clk (rise edge)
                          0.00   10.00   clock source latency
     1    0.03    0.00    0.00   10.00 ^ clk (in)
                                         clk (net)
                  0.00    0.00   10.00 ^ clkbuf_0_clk/A (sky130_fd_sc_hd__clkbuf_16)
     2    0.03    0.04    0.09   10.09 ^ clkbuf_0_clk/X (sky130_fd_sc_hd__clkbuf_16)
                                         clknet_0_clk (net)
                  0.04    0.00   10.09 ^ clkbuf_1_1__f_clk/A (sky130_fd_sc_hd__clkbuf_16)
    10    0.12    0.10    0.14   10.23 ^ clkbuf_1_1__f_clk/X (sky130_fd_sc_hd__clkbuf_16)
                                         clknet_1_1__leaf_clk (net)
                  0.10    0.00   10.23 ^ clkbuf_leaf_13_clk/A (sky130_fd_sc_hd__clkbuf_8)
    12    0.03    0.05    0.12   10.35 ^ clkbuf_leaf_13_clk/X (sky130_fd_sc_hd__clkbuf_8)
                                         clknet_leaf_13_clk (net)
                  0.05    0.00   10.35 ^ _2994_/CLK (sky130_fd_sc_hd__dfxtp_1)
                          0.00   10.35   clock reconvergence pessimism
                         -0.06   10.29   library setup time
                                 10.29   data required time
-----------------------------------------------------------------------------
                                 10.29   data required time
                                 -5.51   data arrival time
-----------------------------------------------------------------------------
                                  4.78   slack (MET)



======================= Slowest Corner ===================================

Startpoint: _2987_ (rising edge-triggered flip-flop clocked by clk)
Endpoint: _2992_ (rising edge-triggered flip-flop clocked by clk)
Path Group: clk
Path Type: max
Corner: Slowest

Fanout     Cap    Slew   Delay    Time   Description
-----------------------------------------------------------------------------
                          0.00    0.00   clock clk (rise edge)
                          0.00    0.00   clock source latency
     1    0.03    0.00    0.00    0.00 ^ clk (in)
                                         clk (net)
                  0.00    0.00    0.00 ^ clkbuf_0_clk/A (sky130_fd_sc_hd__clkbuf_16)
     2    0.03    0.08    0.21    0.21 ^ clkbuf_0_clk/X (sky130_fd_sc_hd__clkbuf_16)
                                         clknet_0_clk (net)
                  0.08    0.00    0.21 ^ clkbuf_1_0__f_clk/A (sky130_fd_sc_hd__clkbuf_16)
    13    0.11    0.19    0.34    0.55 ^ clkbuf_1_0__f_clk/X (sky130_fd_sc_hd__clkbuf_16)
                                         clknet_1_0__leaf_clk (net)
                  0.19    0.00    0.55 ^ clkbuf_leaf_4_clk/A (sky130_fd_sc_hd__clkbuf_8)
    15    0.04    0.14    0.34    0.90 ^ clkbuf_leaf_4_clk/X (sky130_fd_sc_hd__clkbuf_8)
                                         clknet_leaf_4_clk (net)
                  0.14    0.00    0.90 ^ _2987_/CLK (sky130_fd_sc_hd__dfrtp_1)
     4    0.01    0.16    0.85    1.75 v _2987_/Q (sky130_fd_sc_hd__dfrtp_1)
                                         imem.address[28] (net)
                  0.16    0.00    1.75 v _1500_/B (sky130_fd_sc_hd__or4_1)
     2    0.01    0.30    1.39    3.14 v _1500_/X (sky130_fd_sc_hd__or4_1)
                                         _0380_ (net)
                  0.30    0.00    3.14 v _1648_/C (sky130_fd_sc_hd__nor4b_1)
     3    0.01    0.63    0.67    3.81 ^ _1648_/Y (sky130_fd_sc_hd__nor4b_1)
                                         _0464_ (net)
                  0.63    0.00    3.81 ^ _1650_/C (sky130_fd_sc_hd__and4_1)
     1    0.00    0.12    0.56    4.37 ^ _1650_/X (sky130_fd_sc_hd__and4_1)
                                         _0466_ (net)
                  0.12    0.00    4.37 ^ _1651_/A (sky130_fd_sc_hd__clkbuf_4)
     8    0.04    0.21    0.37    4.74 ^ _1651_/X (sky130_fd_sc_hd__clkbuf_4)
                                         _0467_ (net)
                  0.21    0.00    4.74 ^ _1694_/A (sky130_fd_sc_hd__nor2_1)
     2    0.01    0.10    0.18    4.93 v _1694_/Y (sky130_fd_sc_hd__nor2_1)
                                         _0510_ (net)
                  0.10    0.00    4.93 v _1696_/A2 (sky130_fd_sc_hd__a21o_2)
     5    0.03    0.18    0.53    5.45 v _1696_/X (sky130_fd_sc_hd__a21o_2)
                                         _0512_ (net)
                  0.18    0.00    5.45 v _1697_/B1 (sky130_fd_sc_hd__a21o_1)
     4    0.01    0.13    0.39    5.84 v _1697_/X (sky130_fd_sc_hd__a21o_1)
                                         _0513_ (net)
                  0.13    0.00    5.84 v _1711_/C (sky130_fd_sc_hd__or4_4)
     3    0.01    0.18    1.01    6.85 v _1711_/X (sky130_fd_sc_hd__or4_4)
                                         _0527_ (net)
                  0.18    0.00    6.85 v _1720_/D (sky130_fd_sc_hd__or4_4)
     3    0.02    0.19    0.94    7.79 v _1720_/X (sky130_fd_sc_hd__or4_4)
                                         _0536_ (net)
                  0.19    0.00    7.79 v rebuffer17/A (sky130_fd_sc_hd__dlymetal6s2s_1)
     1    0.00    0.08    0.34    8.13 v rebuffer17/X (sky130_fd_sc_hd__dlymetal6s2s_1)
                                         net33 (net)
                  0.08    0.00    8.13 v _1891_/A2 (sky130_fd_sc_hd__o32a_1)
     1    0.00    0.11    0.59    8.72 v _1891_/X (sky130_fd_sc_hd__o32a_1)
                                         _0707_ (net)
                  0.11    0.00    8.72 v _1892_/B (sky130_fd_sc_hd__or2_2)
     3    0.03    0.23    0.80    9.52 v _1892_/X (sky130_fd_sc_hd__or2_2)
                                         _0708_ (net)
                  0.23    0.00    9.53 v _1894_/A (sky130_fd_sc_hd__xnor2_1)
     3    0.01    0.19    0.37    9.89 v _1894_/Y (sky130_fd_sc_hd__xnor2_1)
                                         _0710_ (net)
                  0.19    0.00    9.90 v _1903_/A (sky130_fd_sc_hd__or3b_4)
     3    0.02    0.15    0.87   10.76 v _1903_/X (sky130_fd_sc_hd__or3b_4)
                                         _0719_ (net)
                  0.15    0.00   10.76 v _1913_/A (sky130_fd_sc_hd__or3_4)
     1    0.02    0.15    0.85   11.61 v _1913_/X (sky130_fd_sc_hd__or3_4)
                                         _0729_ (net)
                  0.15    0.00   11.61 v _1914_/A (sky130_fd_sc_hd__nor3_4)
     3    0.02    0.38    0.47   12.08 ^ _1914_/Y (sky130_fd_sc_hd__nor3_4)
                                         _0730_ (net)
                  0.38    0.00   12.08 ^ _1936_/A2 (sky130_fd_sc_hd__o21ai_4)
     5    0.02    0.14    0.24   12.32 v _1936_/Y (sky130_fd_sc_hd__o21ai_4)
                                         _0752_ (net)
                  0.14    0.00   12.32 v _1977_/A (sky130_fd_sc_hd__or3_4)
     3    0.02    0.15    0.83   13.15 v _1977_/X (sky130_fd_sc_hd__or3_4)
                                         _0793_ (net)
                  0.15    0.00   13.15 v _2008_/A1 (sky130_fd_sc_hd__a211oi_4)
     5    0.02    0.44    0.51   13.67 ^ _2008_/Y (sky130_fd_sc_hd__a211oi_4)
                                         _0824_ (net)
                  0.44    0.00   13.67 ^ _2239_/A1 (sky130_fd_sc_hd__o21bai_1)
     3    0.01    0.20    0.35   14.01 v _2239_/Y (sky130_fd_sc_hd__o21bai_1)
                                         _1051_ (net)
                  0.20    0.00   14.01 v _2290_/A1 (sky130_fd_sc_hd__a31o_1)
     2    0.01    0.11    0.43   14.44 v _2290_/X (sky130_fd_sc_hd__a31o_1)
                                         _1101_ (net)
                  0.11    0.00   14.44 v _2662_/B1 (sky130_fd_sc_hd__a221o_1)
     1    0.00    0.09    0.55   14.99 v _2662_/X (sky130_fd_sc_hd__a221o_1)
                                         _1380_ (net)
                  0.09    0.00   14.99 v _2663_/B1 (sky130_fd_sc_hd__a31o_1)
     1    0.00    0.06    0.33   15.33 v _2663_/X (sky130_fd_sc_hd__a31o_1)
                                         _1381_ (net)
                  0.06    0.00   15.33 v _2664_/B1 (sky130_fd_sc_hd__a31o_1)
     5    0.01    0.15    0.42   15.75 v _2664_/X (sky130_fd_sc_hd__a31o_1)
                                         _1382_ (net)
                  0.15    0.00   15.75 v _2666_/A (sky130_fd_sc_hd__and2_4)
     2    0.01    0.06    0.30   16.04 v _2666_/X (sky130_fd_sc_hd__and2_4)
                                         _1384_ (net)
                  0.06    0.00   16.04 v _2667_/A (sky130_fd_sc_hd__buf_6)
     5    0.01    0.05    0.21   16.25 v _2667_/X (sky130_fd_sc_hd__buf_6)
                                         _1385_ (net)
                  0.05    0.00   16.25 v _2694_/C (sky130_fd_sc_hd__and4_1)
     2    0.01    0.10    0.39   16.65 v _2694_/X (sky130_fd_sc_hd__and4_1)
                                         _1411_ (net)
                  0.10    0.00   16.65 v _2695_/B1 (sky130_fd_sc_hd__a311o_1)
     1    0.00    0.09    0.58   17.23 v _2695_/X (sky130_fd_sc_hd__a311o_1)
                                         _0001_ (net)
                  0.09    0.00   17.23 v _2992_/D (sky130_fd_sc_hd__dfxtp_1)
                                 17.23   data arrival time

                         10.00   10.00   clock clk (rise edge)
                          0.00   10.00   clock source latency
     1    0.03    0.00    0.00   10.00 ^ clk (in)
                                         clk (net)
                  0.00    0.00   10.00 ^ clkbuf_0_clk/A (sky130_fd_sc_hd__clkbuf_16)
     2    0.03    0.08    0.21   10.21 ^ clkbuf_0_clk/X (sky130_fd_sc_hd__clkbuf_16)
                                         clknet_0_clk (net)
                  0.08    0.00   10.21 ^ clkbuf_1_1__f_clk/A (sky130_fd_sc_hd__clkbuf_16)
    10    0.12    0.20    0.34   10.55 ^ clkbuf_1_1__f_clk/X (sky130_fd_sc_hd__clkbuf_16)
                                         clknet_1_1__leaf_clk (net)
                  0.20    0.00   10.55 ^ clkbuf_leaf_12_clk/A (sky130_fd_sc_hd__clkbuf_8)
    11    0.03    0.11    0.32   10.87 ^ clkbuf_leaf_12_clk/X (sky130_fd_sc_hd__clkbuf_8)
                                         clknet_leaf_12_clk (net)
                  0.11    0.00   10.87 ^ _2992_/CLK (sky130_fd_sc_hd__dfxtp_1)
                          0.00   10.87   clock reconvergence pessimism
                         -0.27   10.61   library setup time
                                 10.61   data required time
-----------------------------------------------------------------------------
                                 10.61   data required time
                                -17.23   data arrival time
-----------------------------------------------------------------------------
                                 -6.63   slack (VIOLATED)



======================= Typical Corner ===================================

Startpoint: _2984_ (rising edge-triggered flip-flop clocked by clk)
Endpoint: _2994_ (rising edge-triggered flip-flop clocked by clk)
Path Group: clk
Path Type: max
Corner: Typical

Fanout     Cap    Slew   Delay    Time   Description
-----------------------------------------------------------------------------
                          0.00    0.00   clock clk (rise edge)
                          0.00    0.00   clock source latency
     1    0.03    0.00    0.00    0.00 ^ clk (in)
                                         clk (net)
                  0.00    0.00    0.00 ^ clkbuf_0_clk/A (sky130_fd_sc_hd__clkbuf_16)
     2    0.03    0.05    0.12    0.12 ^ clkbuf_0_clk/X (sky130_fd_sc_hd__clkbuf_16)
                                         clknet_0_clk (net)
                  0.05    0.00    0.12 ^ clkbuf_1_0__f_clk/A (sky130_fd_sc_hd__clkbuf_16)
    13    0.11    0.13    0.20    0.32 ^ clkbuf_1_0__f_clk/X (sky130_fd_sc_hd__clkbuf_16)
                                         clknet_1_0__leaf_clk (net)
                  0.13    0.00    0.32 ^ clkbuf_leaf_4_clk/A (sky130_fd_sc_hd__clkbuf_8)
    15    0.05    0.09    0.19    0.52 ^ clkbuf_leaf_4_clk/X (sky130_fd_sc_hd__clkbuf_8)
                                         clknet_leaf_4_clk (net)
                  0.09    0.00    0.52 ^ _2984_/CLK (sky130_fd_sc_hd__dfrtp_1)
     4    0.01    0.08    0.42    0.94 v _2984_/Q (sky130_fd_sc_hd__dfrtp_1)
                                         imem.address[25] (net)
                  0.08    0.00    0.94 v _1504_/A (sky130_fd_sc_hd__nor4_1)
     4    0.01    0.59    0.56    1.50 ^ _1504_/Y (sky130_fd_sc_hd__nor4_1)
                                         _0384_ (net)
                  0.59    0.00    1.50 ^ _1506_/C (sky130_fd_sc_hd__and4bb_2)
     8    0.02    0.15    0.41    1.91 ^ _1506_/X (sky130_fd_sc_hd__and4bb_2)
                                         _0386_ (net)
                  0.15    0.00    1.91 ^ _1507_/A (sky130_fd_sc_hd__and2_4)
     1    0.01    0.04    0.16    2.08 ^ _1507_/X (sky130_fd_sc_hd__and2_4)
                                         _0387_ (net)
                  0.04    0.00    2.08 ^ _1508_/A (sky130_fd_sc_hd__buf_6)
     8    0.03    0.08    0.12    2.20 ^ _1508_/X (sky130_fd_sc_hd__buf_6)
                                         _0388_ (net)
                  0.08    0.00    2.20 ^ _1509_/B1 (sky130_fd_sc_hd__o21ai_4)
     5    0.03    0.12    0.10    2.30 v _1509_/Y (sky130_fd_sc_hd__o21ai_4)
                                         _0389_ (net)
                  0.12    0.00    2.30 v _1510_/A (sky130_fd_sc_hd__buf_6)
     5    0.02    0.04    0.16    2.46 v _1510_/X (sky130_fd_sc_hd__buf_6)
                                         _0390_ (net)
                  0.04    0.00    2.46 v _1700_/C (sky130_fd_sc_hd__or3_4)
     3    0.01    0.07    0.33    2.79 v _1700_/X (sky130_fd_sc_hd__or3_4)
                                         _0516_ (net)
                  0.07    0.00    2.79 v _1710_/A2 (sky130_fd_sc_hd__a21o_1)
     1    0.00    0.04    0.19    2.98 v _1710_/X (sky130_fd_sc_hd__a21o_1)
                                         _0526_ (net)
                  0.04    0.00    2.98 v _1711_/A (sky130_fd_sc_hd__or4_4)
     3    0.01    0.09    0.54    3.52 v _1711_/X (sky130_fd_sc_hd__or4_4)
                                         _0527_ (net)
                  0.09    0.00    3.52 v _1720_/D (sky130_fd_sc_hd__or4_4)
     3    0.02    0.10    0.46    3.98 v _1720_/X (sky130_fd_sc_hd__or4_4)
                                         _0536_ (net)
                  0.10    0.00    3.98 v rebuffer26/A (sky130_fd_sc_hd__dlymetal6s2s_1)
     1    0.00    0.04    0.16    4.14 v rebuffer26/X (sky130_fd_sc_hd__dlymetal6s2s_1)
                                         net42 (net)
                  0.04    0.00    4.14 v rebuffer7/A (sky130_fd_sc_hd__dlygate4sd1_1)
     3    0.01    0.05    0.25    4.39 v rebuffer7/X (sky130_fd_sc_hd__dlygate4sd1_1)
                                         net23 (net)
                  0.05    0.00    4.39 v _1895_/B (sky130_fd_sc_hd__nor2_1)
     2    0.01    0.24    0.21    4.59 ^ _1895_/Y (sky130_fd_sc_hd__nor2_1)
                                         _0711_ (net)
                  0.24    0.00    4.60 ^ _1900_/A (sky130_fd_sc_hd__xnor2_2)
     2    0.02    0.11    0.16    4.75 v _1900_/Y (sky130_fd_sc_hd__xnor2_2)
                                         _0716_ (net)
                  0.11    0.00    4.75 v _1902_/A (sky130_fd_sc_hd__xnor2_1)
     3    0.01    0.24    0.27    5.02 ^ _1902_/Y (sky130_fd_sc_hd__xnor2_1)
                                         _0718_ (net)
                  0.24    0.00    5.02 ^ _1903_/C_N (sky130_fd_sc_hd__or3b_4)
     3    0.02    0.09    0.45    5.47 v _1903_/X (sky130_fd_sc_hd__or3b_4)
                                         _0719_ (net)
                  0.09    0.00    5.47 v _1913_/A (sky130_fd_sc_hd__or3_4)
     1    0.02    0.09    0.43    5.90 v _1913_/X (sky130_fd_sc_hd__or3_4)
                                         _0729_ (net)
                  0.09    0.00    5.90 v _1914_/A (sky130_fd_sc_hd__nor3_4)
     3    0.02    0.23    0.27    6.17 ^ _1914_/Y (sky130_fd_sc_hd__nor3_4)
                                         _0730_ (net)
                  0.23    0.00    6.17 ^ _1936_/A2 (sky130_fd_sc_hd__o21ai_4)
     5    0.02    0.08    0.11    6.28 v _1936_/Y (sky130_fd_sc_hd__o21ai_4)
                                         _0752_ (net)
                  0.08    0.00    6.28 v _1977_/A (sky130_fd_sc_hd__or3_4)
     3    0.01    0.08    0.42    6.70 v _1977_/X (sky130_fd_sc_hd__or3_4)
                                         _0793_ (net)
                  0.08    0.00    6.70 v _2008_/A1 (sky130_fd_sc_hd__a211oi_4)
     5    0.02    0.27    0.30    7.00 ^ _2008_/Y (sky130_fd_sc_hd__a211oi_4)
                                         _0824_ (net)
                  0.27    0.00    7.00 ^ _2239_/A1 (sky130_fd_sc_hd__o21bai_1)
     3    0.01    0.10    0.16    7.16 v _2239_/Y (sky130_fd_sc_hd__o21bai_1)
                                         _1051_ (net)
                  0.10    0.00    7.16 v _2290_/A1 (sky130_fd_sc_hd__a31o_1)
     2    0.01    0.06    0.22    7.38 v _2290_/X (sky130_fd_sc_hd__a31o_1)
                                         _1101_ (net)
                  0.06    0.00    7.38 v _2662_/B1 (sky130_fd_sc_hd__a221o_1)
     1    0.00    0.05    0.29    7.67 v _2662_/X (sky130_fd_sc_hd__a221o_1)
                                         _1380_ (net)
                  0.05    0.00    7.67 v _2663_/B1 (sky130_fd_sc_hd__a31o_1)
     1    0.00    0.04    0.18    7.85 v _2663_/X (sky130_fd_sc_hd__a31o_1)
                                         _1381_ (net)
                  0.04    0.00    7.85 v _2664_/B1 (sky130_fd_sc_hd__a31o_1)
     5    0.01    0.08    0.22    8.07 v _2664_/X (sky130_fd_sc_hd__a31o_1)
                                         _1382_ (net)
                  0.08    0.00    8.07 v _2666_/A (sky130_fd_sc_hd__and2_4)
     2    0.01    0.04    0.16    8.23 v _2666_/X (sky130_fd_sc_hd__and2_4)
                                         _1384_ (net)
                  0.04    0.00    8.23 v _2667_/A (sky130_fd_sc_hd__buf_6)
     5    0.01    0.03    0.11    8.34 v _2667_/X (sky130_fd_sc_hd__buf_6)
                                         _1385_ (net)
                  0.03    0.00    8.34 v _2699_/A1 (sky130_fd_sc_hd__a22o_1)
     1    0.00    0.04    0.19    8.54 v _2699_/X (sky130_fd_sc_hd__a22o_1)
                                         _1414_ (net)
                  0.04    0.00    8.54 v _2702_/A0 (sky130_fd_sc_hd__mux2_4)
     1    0.00    0.05    0.26    8.79 v _2702_/X (sky130_fd_sc_hd__mux2_4)
                                         _1417_ (net)
                  0.05    0.00    8.79 v _2703_/A (sky130_fd_sc_hd__clkbuf_1)
     1    0.00    0.02    0.09    8.88 v _2703_/X (sky130_fd_sc_hd__clkbuf_1)
                                         _0003_ (net)
                  0.02    0.00    8.88 v _2994_/D (sky130_fd_sc_hd__dfxtp_1)
                                  8.88   data arrival time

                         10.00   10.00   clock clk (rise edge)
                          0.00   10.00   clock source latency
     1    0.03    0.00    0.00   10.00 ^ clk (in)
                                         clk (net)
                  0.00    0.00   10.00 ^ clkbuf_0_clk/A (sky130_fd_sc_hd__clkbuf_16)
     2    0.03    0.05    0.12   10.12 ^ clkbuf_0_clk/X (sky130_fd_sc_hd__clkbuf_16)
                                         clknet_0_clk (net)
                  0.05    0.00   10.12 ^ clkbuf_1_1__f_clk/A (sky130_fd_sc_hd__clkbuf_16)
    10    0.12    0.13    0.20   10.33 ^ clkbuf_1_1__f_clk/X (sky130_fd_sc_hd__clkbuf_16)
                                         clknet_1_1__leaf_clk (net)
                  0.13    0.00   10.33 ^ clkbuf_leaf_13_clk/A (sky130_fd_sc_hd__clkbuf_8)
    12    0.03    0.07    0.18   10.50 ^ clkbuf_leaf_13_clk/X (sky130_fd_sc_hd__clkbuf_8)
                                         clknet_leaf_13_clk (net)
                  0.07    0.00   10.50 ^ _2994_/CLK (sky130_fd_sc_hd__dfxtp_1)
                          0.00   10.50   clock reconvergence pessimism
                         -0.10   10.41   library setup time
                                 10.41   data required time
-----------------------------------------------------------------------------
                                 10.41   data required time
                                 -8.88   data arrival time
-----------------------------------------------------------------------------
                                  1.53   slack (MET)




===========================================================================
report_checks --slack_max -0.01
============================================================================
======================= Fastest Corner ===================================

No paths found.

======================= Slowest Corner ===================================

Startpoint: _2987_ (rising edge-triggered flip-flop clocked by clk)
Endpoint: _2992_ (rising edge-triggered flip-flop clocked by clk)
Path Group: clk
Path Type: max
Corner: Slowest

Fanout     Cap    Slew   Delay    Time   Description
-----------------------------------------------------------------------------
                          0.00    0.00   clock clk (rise edge)
                          0.00    0.00   clock source latency
     1    0.03    0.00    0.00    0.00 ^ clk (in)
                                         clk (net)
                  0.00    0.00    0.00 ^ clkbuf_0_clk/A (sky130_fd_sc_hd__clkbuf_16)
     2    0.03    0.08    0.21    0.21 ^ clkbuf_0_clk/X (sky130_fd_sc_hd__clkbuf_16)
                                         clknet_0_clk (net)
                  0.08    0.00    0.21 ^ clkbuf_1_0__f_clk/A (sky130_fd_sc_hd__clkbuf_16)
    13    0.11    0.19    0.34    0.55 ^ clkbuf_1_0__f_clk/X (sky130_fd_sc_hd__clkbuf_16)
                                         clknet_1_0__leaf_clk (net)
                  0.19    0.00    0.55 ^ clkbuf_leaf_4_clk/A (sky130_fd_sc_hd__clkbuf_8)
    15    0.04    0.14    0.34    0.90 ^ clkbuf_leaf_4_clk/X (sky130_fd_sc_hd__clkbuf_8)
                                         clknet_leaf_4_clk (net)
                  0.14    0.00    0.90 ^ _2987_/CLK (sky130_fd_sc_hd__dfrtp_1)
     4    0.01    0.16    0.85    1.75 v _2987_/Q (sky130_fd_sc_hd__dfrtp_1)
                                         imem.address[28] (net)
                  0.16    0.00    1.75 v _1500_/B (sky130_fd_sc_hd__or4_1)
     2    0.01    0.30    1.39    3.14 v _1500_/X (sky130_fd_sc_hd__or4_1)
                                         _0380_ (net)
                  0.30    0.00    3.14 v _1648_/C (sky130_fd_sc_hd__nor4b_1)
     3    0.01    0.63    0.67    3.81 ^ _1648_/Y (sky130_fd_sc_hd__nor4b_1)
                                         _0464_ (net)
                  0.63    0.00    3.81 ^ _1650_/C (sky130_fd_sc_hd__and4_1)
     1    0.00    0.12    0.56    4.37 ^ _1650_/X (sky130_fd_sc_hd__and4_1)
                                         _0466_ (net)
                  0.12    0.00    4.37 ^ _1651_/A (sky130_fd_sc_hd__clkbuf_4)
     8    0.04    0.21    0.37    4.74 ^ _1651_/X (sky130_fd_sc_hd__clkbuf_4)
                                         _0467_ (net)
                  0.21    0.00    4.74 ^ _1694_/A (sky130_fd_sc_hd__nor2_1)
     2    0.01    0.10    0.18    4.93 v _1694_/Y (sky130_fd_sc_hd__nor2_1)
                                         _0510_ (net)
                  0.10    0.00    4.93 v _1696_/A2 (sky130_fd_sc_hd__a21o_2)
     5    0.03    0.18    0.53    5.45 v _1696_/X (sky130_fd_sc_hd__a21o_2)
                                         _0512_ (net)
                  0.18    0.00    5.45 v _1697_/B1 (sky130_fd_sc_hd__a21o_1)
     4    0.01    0.13    0.39    5.84 v _1697_/X (sky130_fd_sc_hd__a21o_1)
                                         _0513_ (net)
                  0.13    0.00    5.84 v _1711_/C (sky130_fd_sc_hd__or4_4)
     3    0.01    0.18    1.01    6.85 v _1711_/X (sky130_fd_sc_hd__or4_4)
                                         _0527_ (net)
                  0.18    0.00    6.85 v _1720_/D (sky130_fd_sc_hd__or4_4)
     3    0.02    0.19    0.94    7.79 v _1720_/X (sky130_fd_sc_hd__or4_4)
                                         _0536_ (net)
                  0.19    0.00    7.79 v rebuffer17/A (sky130_fd_sc_hd__dlymetal6s2s_1)
     1    0.00    0.08    0.34    8.13 v rebuffer17/X (sky130_fd_sc_hd__dlymetal6s2s_1)
                                         net33 (net)
                  0.08    0.00    8.13 v _1891_/A2 (sky130_fd_sc_hd__o32a_1)
     1    0.00    0.11    0.59    8.72 v _1891_/X (sky130_fd_sc_hd__o32a_1)
                                         _0707_ (net)
                  0.11    0.00    8.72 v _1892_/B (sky130_fd_sc_hd__or2_2)
     3    0.03    0.23    0.80    9.52 v _1892_/X (sky130_fd_sc_hd__or2_2)
                                         _0708_ (net)
                  0.23    0.00    9.53 v _1894_/A (sky130_fd_sc_hd__xnor2_1)
     3    0.01    0.19    0.37    9.89 v _1894_/Y (sky130_fd_sc_hd__xnor2_1)
                                         _0710_ (net)
                  0.19    0.00    9.90 v _1903_/A (sky130_fd_sc_hd__or3b_4)
     3    0.02    0.15    0.87   10.76 v _1903_/X (sky130_fd_sc_hd__or3b_4)
                                         _0719_ (net)
                  0.15    0.00   10.76 v _1913_/A (sky130_fd_sc_hd__or3_4)
     1    0.02    0.15    0.85   11.61 v _1913_/X (sky130_fd_sc_hd__or3_4)
                                         _0729_ (net)
                  0.15    0.00   11.61 v _1914_/A (sky130_fd_sc_hd__nor3_4)
     3    0.02    0.38    0.47   12.08 ^ _1914_/Y (sky130_fd_sc_hd__nor3_4)
                                         _0730_ (net)
                  0.38    0.00   12.08 ^ _1936_/A2 (sky130_fd_sc_hd__o21ai_4)
     5    0.02    0.14    0.24   12.32 v _1936_/Y (sky130_fd_sc_hd__o21ai_4)
                                         _0752_ (net)
                  0.14    0.00   12.32 v _1977_/A (sky130_fd_sc_hd__or3_4)
     3    0.02    0.15    0.83   13.15 v _1977_/X (sky130_fd_sc_hd__or3_4)
                                         _0793_ (net)
                  0.15    0.00   13.15 v _2008_/A1 (sky130_fd_sc_hd__a211oi_4)
     5    0.02    0.44    0.51   13.67 ^ _2008_/Y (sky130_fd_sc_hd__a211oi_4)
                                         _0824_ (net)
                  0.44    0.00   13.67 ^ _2239_/A1 (sky130_fd_sc_hd__o21bai_1)
     3    0.01    0.20    0.35   14.01 v _2239_/Y (sky130_fd_sc_hd__o21bai_1)
                                         _1051_ (net)
                  0.20    0.00   14.01 v _2290_/A1 (sky130_fd_sc_hd__a31o_1)
     2    0.01    0.11    0.43   14.44 v _2290_/X (sky130_fd_sc_hd__a31o_1)
                                         _1101_ (net)
                  0.11    0.00   14.44 v _2662_/B1 (sky130_fd_sc_hd__a221o_1)
     1    0.00    0.09    0.55   14.99 v _2662_/X (sky130_fd_sc_hd__a221o_1)
                                         _1380_ (net)
                  0.09    0.00   14.99 v _2663_/B1 (sky130_fd_sc_hd__a31o_1)
     1    0.00    0.06    0.33   15.33 v _2663_/X (sky130_fd_sc_hd__a31o_1)
                                         _1381_ (net)
                  0.06    0.00   15.33 v _2664_/B1 (sky130_fd_sc_hd__a31o_1)
     5    0.01    0.15    0.42   15.75 v _2664_/X (sky130_fd_sc_hd__a31o_1)
                                         _1382_ (net)
                  0.15    0.00   15.75 v _2666_/A (sky130_fd_sc_hd__and2_4)
     2    0.01    0.06    0.30   16.04 v _2666_/X (sky130_fd_sc_hd__and2_4)
                                         _1384_ (net)
                  0.06    0.00   16.04 v _2667_/A (sky130_fd_sc_hd__buf_6)
     5    0.01    0.05    0.21   16.25 v _2667_/X (sky130_fd_sc_hd__buf_6)
                                         _1385_ (net)
                  0.05    0.00   16.25 v _2694_/C (sky130_fd_sc_hd__and4_1)
     2    0.01    0.10    0.39   16.65 v _2694_/X (sky130_fd_sc_hd__and4_1)
                                         _1411_ (net)
                  0.10    0.00   16.65 v _2695_/B1 (sky130_fd_sc_hd__a311o_1)
     1    0.00    0.09    0.58   17.23 v _2695_/X (sky130_fd_sc_hd__a311o_1)
                                         _0001_ (net)
                  0.09    0.00   17.23 v _2992_/D (sky130_fd_sc_hd__dfxtp_1)
                                 17.23   data arrival time

                         10.00   10.00   clock clk (rise edge)
                          0.00   10.00   clock source latency
     1    0.03    0.00    0.00   10.00 ^ clk (in)
                                         clk (net)
                  0.00    0.00   10.00 ^ clkbuf_0_clk/A (sky130_fd_sc_hd__clkbuf_16)
     2    0.03    0.08    0.21   10.21 ^ clkbuf_0_clk/X (sky130_fd_sc_hd__clkbuf_16)
                                         clknet_0_clk (net)
                  0.08    0.00   10.21 ^ clkbuf_1_1__f_clk/A (sky130_fd_sc_hd__clkbuf_16)
    10    0.12    0.20    0.34   10.55 ^ clkbuf_1_1__f_clk/X (sky130_fd_sc_hd__clkbuf_16)
                                         clknet_1_1__leaf_clk (net)
                  0.20    0.00   10.55 ^ clkbuf_leaf_12_clk/A (sky130_fd_sc_hd__clkbuf_8)
    11    0.03    0.11    0.32   10.87 ^ clkbuf_leaf_12_clk/X (sky130_fd_sc_hd__clkbuf_8)
                                         clknet_leaf_12_clk (net)
                  0.11    0.00   10.87 ^ _2992_/CLK (sky130_fd_sc_hd__dfxtp_1)
                          0.00   10.87   clock reconvergence pessimism
                         -0.27   10.61   library setup time
                                 10.61   data required time
-----------------------------------------------------------------------------
                                 10.61   data required time
                                -17.23   data arrival time
-----------------------------------------------------------------------------
                                 -6.63   slack (VIOLATED)



======================= Typical Corner ===================================

No paths found.


===========================================================================
 report_check_types -max_slew -max_cap -max_fanout -violators
============================================================================
======================= Fastest Corner ===================================


max slew violations count Fastest: 0
max fanout violations count Fastest: 0
max cap violations count Fastest: 0
======================= Slowest Corner ===================================


max slew violations count Slowest: 0
max fanout violations count Slowest: 0
max cap violations count Slowest: 0
======================= Typical Corner ===================================


max slew violations count Typical: 0
max fanout violations count Typical: 0
max cap violations count Typical: 0

===========================================================================
report_parasitic_annotation -report_unannotated
============================================================================
Found 20 unannotated drivers.
 clkload0/Y
 clkload1/Y
 clkload10/Y
 clkload11/Y
 clkload12/Y
 clkload13/Y
 clkload14/Y
 clkload15/Y
 clkload16/X
 clkload17/Y
 clkload18/Y
 clkload19/Y
 clkload2/Y
 clkload3/Y
 clkload4/Y
 clkload5/Y
 clkload6/Y
 clkload7/Y
 clkload8/Y
 clkload9/Y
Found 0 partially unannotated drivers.

===========================================================================
max slew violation count 0
max fanout violation count 0
max cap violation count 0
============================================================================

===========================================================================
check_setup -verbose -unconstrained_endpoints -multiple_clock -no_clock -no_input_delay -loops -generated_clocks
===========================================================================
Warning: There are 2 input ports missing set_input_delay.
  control
  reset
Warning: There is 1 unconstrained endpoint.
  _2960_/D
