
===========================================================================
 report_power
============================================================================
======================= Fastest Corner ===================================

Group                  Internal  Switching    Leakage      Total
                          Power      Power      Power      Power (Watts)
----------------------------------------------------------------
Sequential             1.07e-03   1.08e-04   1.11e-07   1.18e-03  18.2%
Combinational          1.77e-03   2.73e-03   8.79e-09   4.50e-03  69.3%
Clock                  4.04e-04   4.10e-04   4.94e-09   8.14e-04  12.5%
Macro                  0.00e+00   0.00e+00   0.00e+00   0.00e+00   0.0%
Pad                    0.00e+00   0.00e+00   0.00e+00   0.00e+00   0.0%
----------------------------------------------------------------
Total                  3.24e-03   3.25e-03   1.25e-07   6.49e-03 100.0%
                          50.0%      50.0%       0.0%

======================= Slowest Corner ===================================

Group                  Internal  Switching    Leakage      Total
                          Power      Power      Power      Power (Watts)
----------------------------------------------------------------
Sequential             7.11e-04   7.14e-05   3.54e-06   7.86e-04  17.7%
Combinational          1.30e-03   1.80e-03   7.10e-06   3.10e-03  69.8%
Clock                  2.91e-04   2.65e-04   4.51e-07   5.56e-04  12.5%
Macro                  0.00e+00   0.00e+00   0.00e+00   0.00e+00   0.0%
Pad                    0.00e+00   0.00e+00   0.00e+00   0.00e+00   0.0%
----------------------------------------------------------------
Total                  2.30e-03   2.13e-03   1.11e-05   4.44e-03 100.0%
                          51.8%      48.0%       0.2%

======================= Typical Corner ===================================

Group                  Internal  Switching    Leakage      Total
                          Power      Power      Power      Power (Watts)
----------------------------------------------------------------
Sequential             9.23e-04   9.10e-05   1.11e-07   1.01e-03  18.1%
Combinational          1.60e-03   2.30e-03   5.60e-09   3.89e-03  69.5%
Clock                  3.54e-04   3.44e-04   3.84e-09   6.98e-04  12.5%
Macro                  0.00e+00   0.00e+00   0.00e+00   0.00e+00   0.0%
Pad                    0.00e+00   0.00e+00   0.00e+00   0.00e+00   0.0%
----------------------------------------------------------------
Total                  2.87e-03   2.73e-03   1.20e-07   5.60e-03 100.0%
                          51.3%      48.7%       0.0%

