
===========================================================================
 report_power
============================================================================
======================= Fastest Corner ===================================

Group                  Internal  Switching    Leakage      Total
                          Power      Power      Power      Power (Watts)
----------------------------------------------------------------
Sequential             1.51e-04   0.00e+00   3.05e-08   1.51e-04  45.8%
Combinational          3.15e-14   1.35e-13   9.49e-10   9.50e-10   0.0%
Clock                  1.12e-04   6.72e-05   1.42e-09   1.79e-04  54.2%
Macro                  0.00e+00   0.00e+00   0.00e+00   0.00e+00   0.0%
Pad                    0.00e+00   0.00e+00   0.00e+00   0.00e+00   0.0%
----------------------------------------------------------------
Total                  2.62e-04   6.72e-05   3.29e-08   3.30e-04 100.0%
                          79.6%      20.4%       0.0%

======================= Slowest Corner ===================================

Group                  Internal  Switching    Leakage      Total
                          Power      Power      Power      Power (Watts)
----------------------------------------------------------------
Sequential             9.95e-05   0.00e+00   6.25e-07   1.00e-04  44.6%
Combinational          2.19e-14   8.96e-14   7.59e-07   7.59e-07   0.3%
Clock                  7.96e-05   4.38e-05   1.14e-07   1.24e-04  55.1%
Macro                  0.00e+00   0.00e+00   0.00e+00   0.00e+00   0.0%
Pad                    0.00e+00   0.00e+00   0.00e+00   0.00e+00   0.0%
----------------------------------------------------------------
Total                  1.79e-04   4.38e-05   1.50e-06   2.24e-04 100.0%
                          79.8%      19.5%       0.7%

======================= Typical Corner ===================================

Group                  Internal  Switching    Leakage      Total
                          Power      Power      Power      Power (Watts)
----------------------------------------------------------------
Sequential             1.29e-04   0.00e+00   3.00e-08   1.29e-04  45.7%
Combinational          2.69e-14   1.15e-13   6.33e-10   6.34e-10   0.0%
Clock                  9.74e-05   5.63e-05   1.13e-09   1.54e-04  54.3%
Macro                  0.00e+00   0.00e+00   0.00e+00   0.00e+00   0.0%
Pad                    0.00e+00   0.00e+00   0.00e+00   0.00e+00   0.0%
----------------------------------------------------------------
Total                  2.27e-04   5.63e-05   3.18e-08   2.83e-04 100.0%
                          80.1%      19.9%       0.0%

