
===========================================================================
report_checks -unconstrained
===========================================================================
======================= Fastest Corner ===================================

Startpoint: _330_ (rising edge-triggered flip-flop clocked by core_clock)
Endpoint: _334_ (rising edge-triggered flip-flop clocked by core_clock)
Path Group: core_clock
Path Type: max
Corner: Fastest

Fanout     Cap    Slew   Delay    Time   Description
-----------------------------------------------------------------------------
                          0.00    0.00   clock core_clock (rise edge)
                          0.00    0.00   clock source latency
     1    0.02    0.00    0.00    0.00 ^ clk (in)
                                         clk (net)
                  0.00    0.00    0.00 ^ clkbuf_0_clk/A (sky130_fd_sc_hd__clkbuf_16)
     4    0.05    0.05    0.09    0.09 ^ clkbuf_0_clk/X (sky130_fd_sc_hd__clkbuf_16)
                                         clknet_0_clk (net)
                  0.05    0.00    0.09 ^ clkbuf_2_3__f_clk/A (sky130_fd_sc_hd__clkbuf_16)
     9    0.03    0.04    0.10    0.19 ^ clkbuf_2_3__f_clk/X (sky130_fd_sc_hd__clkbuf_16)
                                         clknet_2_3__leaf_clk (net)
                  0.04    0.00    0.19 ^ _330_/CLK (sky130_fd_sc_hd__dfrtp_4)
     7    0.05    0.08    0.34    0.54 v _330_/Q (sky130_fd_sc_hd__dfrtp_4)
                                         one_second_counter[0] (net)
                  0.08    0.00    0.54 v _177_/D (sky130_fd_sc_hd__and4_4)
     8    0.05    0.07    0.19    0.73 v _177_/X (sky130_fd_sc_hd__and4_4)
                                         _075_ (net)
                  0.07    0.00    0.73 v _179_/A (sky130_fd_sc_hd__and2_2)
     5    0.04    0.09    0.18    0.92 v _179_/X (sky130_fd_sc_hd__and2_2)
                                         _077_ (net)
                  0.09    0.00    0.92 v _184_/A2 (sky130_fd_sc_hd__o31a_1)
     1    0.01    0.07    0.22    1.14 v _184_/X (sky130_fd_sc_hd__o31a_1)
                                         _082_ (net)
                  0.07    0.00    1.14 v _186_/A2 (sky130_fd_sc_hd__o211ai_4)
     2    0.02    0.17    0.17    1.31 ^ _186_/Y (sky130_fd_sc_hd__o211ai_4)
                                         _084_ (net)
                  0.17    0.00    1.31 ^ _187_/A2 (sky130_fd_sc_hd__a21bo_2)
     9    0.05    0.21    0.23    1.54 ^ _187_/X (sky130_fd_sc_hd__a21bo_2)
                                         _085_ (net)
                  0.21    0.00    1.54 ^ _202_/A (sky130_fd_sc_hd__buf_2)
    10    0.05    0.18    0.20    1.74 ^ _202_/X (sky130_fd_sc_hd__buf_2)
                                         _095_ (net)
                  0.18    0.00    1.75 ^ _205_/A (sky130_fd_sc_hd__and3_1)
     1    0.03    0.19    0.22    1.97 ^ _205_/X (sky130_fd_sc_hd__and3_1)
                                         _098_ (net)
                  0.19    0.00    1.97 ^ _206_/A (sky130_fd_sc_hd__buf_1)
     1    0.02    0.17    0.16    2.13 ^ _206_/X (sky130_fd_sc_hd__buf_1)
                                         _021_ (net)
                  0.17    0.00    2.13 ^ _334_/D (sky130_fd_sc_hd__dfrtp_4)
                                  2.13   data arrival time

                         10.00   10.00   clock core_clock (rise edge)
                          0.00   10.00   clock source latency
     1    0.02    0.00    0.00   10.00 ^ clk (in)
                                         clk (net)
                  0.00    0.00   10.00 ^ clkbuf_0_clk/A (sky130_fd_sc_hd__clkbuf_16)
     4    0.05    0.05    0.09   10.09 ^ clkbuf_0_clk/X (sky130_fd_sc_hd__clkbuf_16)
                                         clknet_0_clk (net)
                  0.05    0.00   10.09 ^ clkbuf_2_0__f_clk/A (sky130_fd_sc_hd__clkbuf_16)
     9    0.04    0.04    0.10   10.19 ^ clkbuf_2_0__f_clk/X (sky130_fd_sc_hd__clkbuf_16)
                                         clknet_2_0__leaf_clk (net)
                  0.04    0.00   10.19 ^ _334_/CLK (sky130_fd_sc_hd__dfrtp_4)
                          0.00   10.19   clock reconvergence pessimism
                         -0.05   10.14   library setup time
                                 10.14   data required time
-----------------------------------------------------------------------------
                                 10.14   data required time
                                 -2.13   data arrival time
-----------------------------------------------------------------------------
                                  8.01   slack (MET)



======================= Slowest Corner ===================================

Startpoint: _342_ (rising edge-triggered flip-flop clocked by core_clock)
Endpoint: _341_ (rising edge-triggered flip-flop clocked by core_clock)
Path Group: core_clock
Path Type: max
Corner: Slowest

Fanout     Cap    Slew   Delay    Time   Description
-----------------------------------------------------------------------------
                          0.00    0.00   clock core_clock (rise edge)
                          0.00    0.00   clock source latency
     1    0.02    0.00    0.00    0.00 ^ clk (in)
                                         clk (net)
                  0.00    0.00    0.00 ^ clkbuf_0_clk/A (sky130_fd_sc_hd__clkbuf_16)
     4    0.05    0.10    0.23    0.23 ^ clkbuf_0_clk/X (sky130_fd_sc_hd__clkbuf_16)
                                         clknet_0_clk (net)
                  0.10    0.00    0.23 ^ clkbuf_2_3__f_clk/A (sky130_fd_sc_hd__clkbuf_16)
     9    0.03    0.08    0.25    0.48 ^ clkbuf_2_3__f_clk/X (sky130_fd_sc_hd__clkbuf_16)
                                         clknet_2_3__leaf_clk (net)
                  0.08    0.00    0.48 ^ _342_/CLK (sky130_fd_sc_hd__dfrtp_4)
     5    0.03    0.18    1.10    1.58 v _342_/Q (sky130_fd_sc_hd__dfrtp_4)
                                         one_second_counter[12] (net)
                  0.18    0.00    1.58 v _180_/C (sky130_fd_sc_hd__and4_1)
     2    0.02    0.19    0.56    2.14 v _180_/X (sky130_fd_sc_hd__and4_1)
                                         _078_ (net)
                  0.19    0.00    2.14 v _181_/D (sky130_fd_sc_hd__or4_1)
     1    0.01    0.22    1.06    3.20 v _181_/X (sky130_fd_sc_hd__or4_1)
                                         _079_ (net)
                  0.22    0.00    3.20 v _184_/A3 (sky130_fd_sc_hd__o31a_1)
     1    0.01    0.18    0.62    3.82 v _184_/X (sky130_fd_sc_hd__o31a_1)
                                         _082_ (net)
                  0.18    0.00    3.82 v _186_/A2 (sky130_fd_sc_hd__o211ai_4)
     2    0.02    0.35    0.40    4.22 ^ _186_/Y (sky130_fd_sc_hd__o211ai_4)
                                         _084_ (net)
                  0.35    0.00    4.22 ^ _187_/A2 (sky130_fd_sc_hd__a21bo_2)
     9    0.05    0.43    0.64    4.85 ^ _187_/X (sky130_fd_sc_hd__a21bo_2)
                                         _085_ (net)
                  0.43    0.00    4.86 ^ _188_/A (sky130_fd_sc_hd__inv_2)
     2    0.02    0.15    0.26    5.12 v _188_/Y (sky130_fd_sc_hd__inv_2)
                                         _086_ (net)
                  0.15    0.00    5.12 v _189_/A (sky130_fd_sc_hd__clkbuf_4)
    10    0.07    0.25    0.45    5.56 v _189_/X (sky130_fd_sc_hd__clkbuf_4)
                                         _027_ (net)
                  0.25    0.00    5.56 v _229_/A (sky130_fd_sc_hd__nor3_1)
     1    0.02    0.86    0.84    6.41 ^ _229_/Y (sky130_fd_sc_hd__nor3_1)
                                         _002_ (net)
                  0.86    0.00    6.41 ^ _341_/D (sky130_fd_sc_hd__dfrtp_2)
                                  6.41   data arrival time

                         10.00   10.00   clock core_clock (rise edge)
                          0.00   10.00   clock source latency
     1    0.02    0.00    0.00   10.00 ^ clk (in)
                                         clk (net)
                  0.00    0.00   10.00 ^ clkbuf_0_clk/A (sky130_fd_sc_hd__clkbuf_16)
     4    0.05    0.10    0.23   10.23 ^ clkbuf_0_clk/X (sky130_fd_sc_hd__clkbuf_16)
                                         clknet_0_clk (net)
                  0.10    0.00   10.23 ^ clkbuf_2_1__f_clk/A (sky130_fd_sc_hd__clkbuf_16)
    10    0.03    0.08    0.25   10.48 ^ clkbuf_2_1__f_clk/X (sky130_fd_sc_hd__clkbuf_16)
                                         clknet_2_1__leaf_clk (net)
                  0.08    0.00   10.48 ^ _341_/CLK (sky130_fd_sc_hd__dfrtp_2)
                          0.00   10.48   clock reconvergence pessimism
                         -0.34   10.14   library setup time
                                 10.14   data required time
-----------------------------------------------------------------------------
                                 10.14   data required time
                                 -6.41   data arrival time
-----------------------------------------------------------------------------
                                  3.74   slack (MET)



======================= Typical Corner ===================================

Startpoint: _342_ (rising edge-triggered flip-flop clocked by core_clock)
Endpoint: _341_ (rising edge-triggered flip-flop clocked by core_clock)
Path Group: core_clock
Path Type: max
Corner: Typical

Fanout     Cap    Slew   Delay    Time   Description
-----------------------------------------------------------------------------
                          0.00    0.00   clock core_clock (rise edge)
                          0.00    0.00   clock source latency
     1    0.02    0.00    0.00    0.00 ^ clk (in)
                                         clk (net)
                  0.00    0.00    0.00 ^ clkbuf_0_clk/A (sky130_fd_sc_hd__clkbuf_16)
     4    0.05    0.07    0.13    0.13 ^ clkbuf_0_clk/X (sky130_fd_sc_hd__clkbuf_16)
                                         clknet_0_clk (net)
                  0.07    0.00    0.13 ^ clkbuf_2_3__f_clk/A (sky130_fd_sc_hd__clkbuf_16)
     9    0.03    0.05    0.14    0.27 ^ clkbuf_2_3__f_clk/X (sky130_fd_sc_hd__clkbuf_16)
                                         clknet_2_3__leaf_clk (net)
                  0.05    0.00    0.27 ^ _342_/CLK (sky130_fd_sc_hd__dfrtp_4)
     5    0.03    0.10    0.53    0.80 v _342_/Q (sky130_fd_sc_hd__dfrtp_4)
                                         one_second_counter[12] (net)
                  0.10    0.00    0.80 v _180_/C (sky130_fd_sc_hd__and4_1)
     2    0.02    0.10    0.27    1.07 v _180_/X (sky130_fd_sc_hd__and4_1)
                                         _078_ (net)
                  0.10    0.00    1.07 v _181_/D (sky130_fd_sc_hd__or4_1)
     1    0.01    0.10    0.44    1.51 v _181_/X (sky130_fd_sc_hd__or4_1)
                                         _079_ (net)
                  0.10    0.00    1.51 v _184_/A3 (sky130_fd_sc_hd__o31a_1)
     1    0.01    0.10    0.31    1.82 v _184_/X (sky130_fd_sc_hd__o31a_1)
                                         _082_ (net)
                  0.10    0.00    1.83 v _186_/A2 (sky130_fd_sc_hd__o211ai_4)
     2    0.02    0.22    0.24    2.06 ^ _186_/Y (sky130_fd_sc_hd__o211ai_4)
                                         _084_ (net)
                  0.22    0.00    2.06 ^ _187_/A2 (sky130_fd_sc_hd__a21bo_2)
     9    0.05    0.28    0.35    2.41 ^ _187_/X (sky130_fd_sc_hd__a21bo_2)
                                         _085_ (net)
                  0.28    0.00    2.41 ^ _188_/A (sky130_fd_sc_hd__inv_2)
     2    0.02    0.09    0.12    2.53 v _188_/Y (sky130_fd_sc_hd__inv_2)
                                         _086_ (net)
                  0.09    0.00    2.53 v _189_/A (sky130_fd_sc_hd__clkbuf_4)
    10    0.07    0.14    0.25    2.78 v _189_/X (sky130_fd_sc_hd__clkbuf_4)
                                         _027_ (net)
                  0.14    0.00    2.78 v _229_/A (sky130_fd_sc_hd__nor3_1)
     1    0.02    0.51    0.48    3.27 ^ _229_/Y (sky130_fd_sc_hd__nor3_1)
                                         _002_ (net)
                  0.51    0.00    3.27 ^ _341_/D (sky130_fd_sc_hd__dfrtp_2)
                                  3.27   data arrival time

                         10.00   10.00   clock core_clock (rise edge)
                          0.00   10.00   clock source latency
     1    0.02    0.00    0.00   10.00 ^ clk (in)
                                         clk (net)
                  0.00    0.00   10.00 ^ clkbuf_0_clk/A (sky130_fd_sc_hd__clkbuf_16)
     4    0.05    0.07    0.13   10.13 ^ clkbuf_0_clk/X (sky130_fd_sc_hd__clkbuf_16)
                                         clknet_0_clk (net)
                  0.07    0.00   10.13 ^ clkbuf_2_1__f_clk/A (sky130_fd_sc_hd__clkbuf_16)
    10    0.03    0.05    0.14   10.28 ^ clkbuf_2_1__f_clk/X (sky130_fd_sc_hd__clkbuf_16)
                                         clknet_2_1__leaf_clk (net)
                  0.05    0.00   10.28 ^ _341_/CLK (sky130_fd_sc_hd__dfrtp_2)
                          0.00   10.28   clock reconvergence pessimism
                         -0.17   10.11   library setup time
                                 10.11   data required time
-----------------------------------------------------------------------------
                                 10.11   data required time
                                 -3.27   data arrival time
-----------------------------------------------------------------------------
                                  6.84   slack (MET)




===========================================================================
report_checks --slack_max -0.01
============================================================================
======================= Fastest Corner ===================================

No paths found.

======================= Slowest Corner ===================================

No paths found.

======================= Typical Corner ===================================

No paths found.


===========================================================================
 report_check_types -max_slew -max_cap -max_fanout -violators
============================================================================
======================= Fastest Corner ===================================


max slew violations count Fastest: 0
max fanout violations count Fastest: 0
max cap violations count Fastest: 0
======================= Slowest Corner ===================================


max slew violations count Slowest: 0
max fanout violations count Slowest: 0
max cap violations count Slowest: 0
======================= Typical Corner ===================================


max slew violations count Typical: 0
max fanout violations count Typical: 0
max cap violations count Typical: 0

===========================================================================
report_parasitic_annotation -report_unannotated
============================================================================
Found 11 unannotated drivers.
 ZeroToFiveCounter_10/LO
 ZeroToFiveCounter_11/LO
 ZeroToFiveCounter_12/LO
 ZeroToFiveCounter_13/LO
 ZeroToFiveCounter_14/LO
 ZeroToFiveCounter_15/LO
 ZeroToFiveCounter_16/LO
 ZeroToFiveCounter_9/HI
 clkload0/X
 clkload1/Y
 clkload2/X
Found 0 partially unannotated drivers.

===========================================================================
max slew violation count 0
max fanout violation count 0
max cap violation count 0
============================================================================

===========================================================================
check_setup -verbose -unconstrained_endpoints -multiple_clock -no_clock -no_input_delay -loops -generated_clocks
===========================================================================
Warning: There is 1 input port missing set_input_delay.
  rst
Warning: There are 15 unconstrained endpoints.
  an[0]
  an[1]
  an[2]
  an[3]
  an[4]
  an[5]
  an[6]
  an[7]
  seg[0]
  seg[1]
  seg[2]
  seg[3]
  seg[4]
  seg[5]
  seg[6]
