OpenROAD b16bda7e82721d10566ff7e2b68f1ff0be9f9e38 
Features included (+) or not (-): +Charts +GPU +GUI +Python
This program is licensed under the BSD-3 license. See the LICENSE file for details.
Components of this program may be licensed under more restrictive licenses which must be honored.
define_corners Typical
read_liberty -corner Typical /home/omers/.volare/sky130A/libs.ref/sky130_fd_sc_hd/lib/sky130_fd_sc_hd__tt_025C_1v80.lib
Using 1e-12 for capacitance...
Using 1e+03 for resistance...
Using 1e-09 for time...
Using 1e+00 for voltage...
Using 1e-03 for current...
Using 1e-09 for power...
Using 1e-06 for distance...
[INFO]: Reading ODB at '/openlane/designs/SemiCPU/runs/RUN_2025.06.01_17.17.29/tmp/17-SemiCPU.odb'…
Reading design constraints file at '/openlane/designs/SemiCPU/src/SemiCPU.sdc'…
[INFO]: Setting signal min routing layer to: met1 and clock min routing layer to met3. 
[INFO]: Setting signal max routing layer to: met5 and clock max routing layer to met5. 
-congestion_iterations 50 -verbose -congestion_report_file /openlane/designs/SemiCPU/runs/RUN_2025.06.01_17.17.29/tmp/routing/groute-congestion.rpt
[INFO GRT-0020] Min routing layer: met1
[INFO GRT-0021] Max routing layer: met5
[INFO GRT-0022] Global adjustment: 30%
[INFO GRT-0023] Grid origin: (0, 0)
[INFO GRT-0043] No OR_DEFAULT vias defined.
[INFO GRT-0088] Layer li1     Track-Pitch = 0.4600  line-2-Via Pitch: 0.3400
[INFO GRT-0088] Layer met1    Track-Pitch = 0.3400  line-2-Via Pitch: 0.3400
[INFO GRT-0088] Layer met2    Track-Pitch = 0.4600  line-2-Via Pitch: 0.3500
[INFO GRT-0088] Layer met3    Track-Pitch = 0.6800  line-2-Via Pitch: 0.6150
[INFO GRT-0088] Layer met4    Track-Pitch = 0.9200  line-2-Via Pitch: 1.0400
[INFO GRT-0088] Layer met5    Track-Pitch = 3.4000  line-2-Via Pitch: 3.1100
[INFO GRT-0019] Found 26 clock nets.
[INFO GRT-0001] Minimum degree: 2
[INFO GRT-0002] Maximum degree: 17
[INFO GRT-0003] Macros: 0
[INFO GRT-0043] No OR_DEFAULT vias defined.
[INFO GRT-0004] Blockages: 3267

[INFO GRT-0053] Routing resources analysis:
          Routing      Original      Derated      Resource
Layer     Direction    Resources     Resources    Reduction (%)
---------------------------------------------------------------
li1        Vertical            0             0          0.00%
met1       Horizontal      19778          9471          52.11%
met2       Vertical        14818          9470          36.09%
met3       Horizontal       9889          6563          33.63%
met4       Vertical         6014          3058          49.15%
met5       Horizontal       1953           780          60.06%
---------------------------------------------------------------

[INFO GRT-0101] Running extra iterations to remove overflow.
[INFO GRT-0197] Via related to pin nodes: 10656
[INFO GRT-0198] Via related Steiner nodes: 173
[INFO GRT-0199] Via filling finished.
[INFO GRT-0111] Final number of vias: 13192
[INFO GRT-0112] Final usage 3D: 46684

[INFO GRT-0096] Final congestion report:
Layer         Resource        Demand        Usage (%)    Max H / Max V / Total Overflow
---------------------------------------------------------------------------------------
li1                  0             0            0.00%             0 /  0 /  0
met1              9471          3274           34.57%             0 /  0 /  0
met2              9470          3164           33.41%             0 /  0 /  0
met3              6563           451            6.87%             0 /  0 /  0
met4              3058           219            7.16%             0 /  0 /  0
met5               780             0            0.00%             0 /  0 /  0
---------------------------------------------------------------------------------------
Total            29342          7108           24.22%             0 /  0 /  0

[INFO GRT-0018] Total wirelength: 78915 um
[INFO GRT-0014] Routed nets: 2039
[INFO GRT-0006] Repairing antennas, iteration 1.
[INFO GRT-0043] No OR_DEFAULT vias defined.
[INFO GRT-0012] Found 0 antenna violations.
Placement Analysis
---------------------------------
total displacement          0.0 u
average displacement        0.0 u
max displacement            0.0 u
original HPWL           43864.5 u
legalized HPWL          45034.9 u
delta HPWL                    3 %

[INFO DPL-0020] Mirrored 768 instances
[INFO DPL-0021] HPWL before           45034.9 u
[INFO DPL-0022] HPWL after            43864.5 u
[INFO DPL-0023] HPWL delta               -2.6 %
[INFO]: Setting signal min routing layer to: met1 and clock min routing layer to met3. 
[INFO]: Setting signal max routing layer to: met5 and clock max routing layer to met5. 
-congestion_iterations 50 -verbose -congestion_report_file /openlane/designs/SemiCPU/runs/RUN_2025.06.01_17.17.29/tmp/routing/groute-congestion.rpt
[INFO GRT-0020] Min routing layer: met1
[INFO GRT-0021] Max routing layer: met5
[INFO GRT-0022] Global adjustment: 30%
[INFO GRT-0023] Grid origin: (0, 0)
[INFO GRT-0043] No OR_DEFAULT vias defined.
[INFO GRT-0088] Layer li1     Track-Pitch = 0.4600  line-2-Via Pitch: 0.3400
[INFO GRT-0088] Layer met1    Track-Pitch = 0.3400  line-2-Via Pitch: 0.3400
[INFO GRT-0088] Layer met2    Track-Pitch = 0.4600  line-2-Via Pitch: 0.3500
[INFO GRT-0088] Layer met3    Track-Pitch = 0.6800  line-2-Via Pitch: 0.6150
[INFO GRT-0088] Layer met4    Track-Pitch = 0.9200  line-2-Via Pitch: 1.0400
[INFO GRT-0088] Layer met5    Track-Pitch = 3.4000  line-2-Via Pitch: 3.1100
[INFO GRT-0019] Found 26 clock nets.
[INFO GRT-0001] Minimum degree: 2
[INFO GRT-0002] Maximum degree: 17
[INFO GRT-0003] Macros: 0
[INFO GRT-0043] No OR_DEFAULT vias defined.
[INFO GRT-0004] Blockages: 3267

[INFO GRT-0053] Routing resources analysis:
          Routing      Original      Derated      Resource
Layer     Direction    Resources     Resources    Reduction (%)
---------------------------------------------------------------
li1        Vertical            0             0          0.00%
met1       Horizontal      19778          9471          52.11%
met2       Vertical        14818          9470          36.09%
met3       Horizontal       9889          6563          33.63%
met4       Vertical         6014          3058          49.15%
met5       Horizontal       1953           780          60.06%
---------------------------------------------------------------

[INFO GRT-0101] Running extra iterations to remove overflow.
[INFO GRT-0197] Via related to pin nodes: 10656
[INFO GRT-0198] Via related Steiner nodes: 173
[INFO GRT-0199] Via filling finished.
[INFO GRT-0111] Final number of vias: 13192
[INFO GRT-0112] Final usage 3D: 46684

[INFO GRT-0096] Final congestion report:
Layer         Resource        Demand        Usage (%)    Max H / Max V / Total Overflow
---------------------------------------------------------------------------------------
li1                  0             0            0.00%             0 /  0 /  0
met1              9471          3274           34.57%             0 /  0 /  0
met2              9470          3164           33.41%             0 /  0 /  0
met3              6563           451            6.87%             0 /  0 /  0
met4              3058           219            7.16%             0 /  0 /  0
met5               780             0            0.00%             0 /  0 /  0
---------------------------------------------------------------------------------------
Total            29342          7108           24.22%             0 /  0 /  0

[INFO GRT-0018] Total wirelength: 78915 um
[INFO GRT-0014] Routed nets: 2039
Setting global connections for newly added cells…
Writing OpenROAD database to '/openlane/designs/SemiCPU/runs/RUN_2025.06.01_17.17.29/tmp/routing/19-global.odb'…
Writing layout to '/openlane/designs/SemiCPU/runs/RUN_2025.06.01_17.17.29/tmp/routing/19-global.def'…
Writing routing guides to '/openlane/designs/SemiCPU/runs/RUN_2025.06.01_17.17.29/tmp/routing/19-global.guide'…
