OpenROAD b16bda7e82721d10566ff7e2b68f1ff0be9f9e38 
Features included (+) or not (-): +Charts +GPU +GUI +Python
This program is licensed under the BSD-3 license. See the LICENSE file for details.
Components of this program may be licensed under more restrictive licenses which must be honored.
define_corners Typical
read_liberty -corner Typical /home/omers/.volare/sky130A/libs.ref/sky130_fd_sc_hd/lib/sky130_fd_sc_hd__tt_025C_1v80.lib
Using 1e-12 for capacitance...
Using 1e+03 for resistance...
Using 1e-09 for time...
Using 1e+00 for voltage...
Using 1e-03 for current...
Using 1e-09 for power...
Using 1e-06 for distance...
[INFO]: Reading ODB at '/openlane/designs/SemiCPU/runs/RUN_2025.06.01_17.17.29/tmp/routing/22-fill.odb'…
Reading design constraints file at '/openlane/designs/SemiCPU/src/SemiCPU.sdc'…
[INFO ORD-0030] Using 2 thread(s).
[INFO DRT-0149] Reading tech and libs.
[WARNING DRT-0349] LEF58_ENCLOSURE with no CUTCLASS is not supported. Skipping for layer mcon
[WARNING DRT-0349] LEF58_ENCLOSURE with no CUTCLASS is not supported. Skipping for layer mcon
[WARNING DRT-0349] LEF58_ENCLOSURE with no CUTCLASS is not supported. Skipping for layer via
[WARNING DRT-0349] LEF58_ENCLOSURE with no CUTCLASS is not supported. Skipping for layer via
[WARNING DRT-0349] LEF58_ENCLOSURE with no CUTCLASS is not supported. Skipping for layer via2
[WARNING DRT-0349] LEF58_ENCLOSURE with no CUTCLASS is not supported. Skipping for layer via2
[WARNING DRT-0349] LEF58_ENCLOSURE with no CUTCLASS is not supported. Skipping for layer via3
[WARNING DRT-0349] LEF58_ENCLOSURE with no CUTCLASS is not supported. Skipping for layer via3
[WARNING DRT-0349] LEF58_ENCLOSURE with no CUTCLASS is not supported. Skipping for layer via4
[WARNING DRT-0349] LEF58_ENCLOSURE with no CUTCLASS is not supported. Skipping for layer via4

Units:                1000
Number of layers:     13
Number of macros:     441
Number of vias:       29
Number of viarulegen: 25

[INFO DRT-0150] Reading design.

Design:                   SemiCPU
Die area:                 ( 0 0 ) ( 220000 220000 )
Number of track patterns: 12
Number of DEF vias:       0
Number of components:     5589
Number of terminals:      20
Number of snets:          2
Number of nets:           2039

[INFO DRT-0167] List of default vias:
  Layer via
    default via: M1M2_PR
  Layer via2
    default via: M2M3_PR
  Layer via3
    default via: M3M4_PR
  Layer via4
    default via: M4M5_PR
[INFO DRT-0162] Library cell analysis.
[INFO DRT-0163] Instance analysis.
[INFO DRT-0164] Number of unique instances = 322.
[INFO DRT-0168] Init region query.
[INFO DRT-0024]   Complete FR_MASTERSLICE.
[INFO DRT-0024]   Complete Fr_VIA.
[INFO DRT-0024]   Complete li1.
[INFO DRT-0024]   Complete mcon.
[INFO DRT-0024]   Complete met1.
[INFO DRT-0024]   Complete via.
[INFO DRT-0024]   Complete met2.
[INFO DRT-0024]   Complete via2.
[INFO DRT-0024]   Complete met3.
[INFO DRT-0024]   Complete via3.
[INFO DRT-0024]   Complete met4.
[INFO DRT-0024]   Complete via4.
[INFO DRT-0024]   Complete met5.
[INFO DRT-0033] FR_MASTERSLICE shape region query size = 0.
[INFO DRT-0033] FR_VIA shape region query size = 0.
[INFO DRT-0033] li1 shape region query size = 80030.
[INFO DRT-0033] mcon shape region query size = 21168.
[INFO DRT-0033] met1 shape region query size = 14926.
[INFO DRT-0033] via shape region query size = 3285.
[INFO DRT-0033] met2 shape region query size = 1971.
[INFO DRT-0033] via2 shape region query size = 2628.
[INFO DRT-0033] met3 shape region query size = 1989.
[INFO DRT-0033] via3 shape region query size = 2628.
[INFO DRT-0033] met4 shape region query size = 837.
[INFO DRT-0033] via4 shape region query size = 144.
[INFO DRT-0033] met5 shape region query size = 176.
[INFO DRT-0165] Start pin access.
[INFO DRT-0076]   Complete 1000 pins.
[INFO DRT-0078]   Complete 1145 pins.
[INFO DRT-0079]   Complete 100 unique inst patterns.
[INFO DRT-0079]   Complete 200 unique inst patterns.
[INFO DRT-0079]   Complete 300 unique inst patterns.
[INFO DRT-0081]   Complete 304 unique inst patterns.
[INFO DRT-0084]   Complete 1226 groups.
#scanned instances     = 5589
#unique  instances     = 322
#stdCellGenAp          = 8841
#stdCellValidPlanarAp  = 54
#stdCellValidViaAp     = 6712
#stdCellPinNoAp        = 0
#stdCellPinCnt         = 6738
#instTermValidViaApCnt = 0
#macroGenAp            = 0
#macroValidPlanarAp    = 0
#macroValidViaAp       = 0
#macroNoAp             = 0
[INFO DRT-0166] Complete pin access.
[INFO DRT-0267] cpu time = 00:00:26, elapsed time = 00:00:11, memory = 135.27 (MB), peak = 135.27 (MB)

Number of guides:     14259

[INFO DRT-0169] Post process guides.
[INFO DRT-0176] GCELLGRID X 0 DO 31 STEP 6900 ;
[INFO DRT-0177] GCELLGRID Y 0 DO 31 STEP 6900 ;
[INFO DRT-0028]   Complete FR_MASTERSLICE.
[INFO DRT-0028]   Complete Fr_VIA.
[INFO DRT-0028]   Complete li1.
[INFO DRT-0028]   Complete mcon.
[INFO DRT-0028]   Complete met1.
[INFO DRT-0028]   Complete via.
[INFO DRT-0028]   Complete met2.
[INFO DRT-0028]   Complete via2.
[INFO DRT-0028]   Complete met3.
[INFO DRT-0028]   Complete via3.
[INFO DRT-0028]   Complete met4.
[INFO DRT-0028]   Complete via4.
[INFO DRT-0028]   Complete met5.
[INFO DRT-0178] Init guide query.
[INFO DRT-0035]   Complete FR_MASTERSLICE (guide).
[INFO DRT-0035]   Complete Fr_VIA (guide).
[INFO DRT-0035]   Complete li1 (guide).
[INFO DRT-0035]   Complete mcon (guide).
[INFO DRT-0035]   Complete met1 (guide).
[INFO DRT-0035]   Complete via (guide).
[INFO DRT-0035]   Complete met2 (guide).
[INFO DRT-0035]   Complete via2 (guide).
[INFO DRT-0035]   Complete met3 (guide).
[INFO DRT-0035]   Complete via3 (guide).
[INFO DRT-0035]   Complete met4 (guide).
[INFO DRT-0035]   Complete via4 (guide).
[INFO DRT-0035]   Complete met5 (guide).
[INFO DRT-0036] FR_MASTERSLICE guide region query size = 0.
[INFO DRT-0036] FR_VIA guide region query size = 0.
[INFO DRT-0036] li1 guide region query size = 5163.
[INFO DRT-0036] mcon guide region query size = 0.
[INFO DRT-0036] met1 guide region query size = 3973.
[INFO DRT-0036] via guide region query size = 0.
[INFO DRT-0036] met2 guide region query size = 2009.
[INFO DRT-0036] via2 guide region query size = 0.
[INFO DRT-0036] met3 guide region query size = 143.
[INFO DRT-0036] via3 guide region query size = 0.
[INFO DRT-0036] met4 guide region query size = 52.
[INFO DRT-0036] via4 guide region query size = 0.
[INFO DRT-0036] met5 guide region query size = 0.
[INFO DRT-0179] Init gr pin query.
[INFO DRT-0245] skipped writing guide updates to database.
[INFO DRT-0185] Post process initialize RPin region query.
[INFO DRT-0181] Start track assignment.
[INFO DRT-0184] Done with 7224 vertical wires in 1 frboxes and 4116 horizontal wires in 1 frboxes.
[INFO DRT-0186] Done with 778 vertical wires in 1 frboxes and 1310 horizontal wires in 1 frboxes.
[INFO DRT-0182] Complete track assignment.
[INFO DRT-0267] cpu time = 00:00:01, elapsed time = 00:00:00, memory = 162.14 (MB), peak = 162.14 (MB)
[INFO DRT-0187] Start routing data preparation.
[INFO DRT-0267] cpu time = 00:00:00, elapsed time = 00:00:00, memory = 162.14 (MB), peak = 162.14 (MB)
[INFO DRT-0194] Start detail routing.
[INFO DRT-0195] Start 0th optimization iteration.
    Completing 10% with 0 violations.
    elapsed time = 00:00:00, memory = 183.41 (MB).
    Completing 20% with 0 violations.
    elapsed time = 00:00:00, memory = 193.48 (MB).
    Completing 30% with 0 violations.
    elapsed time = 00:00:01, memory = 218.71 (MB).
    Completing 40% with 127 violations.
    elapsed time = 00:00:06, memory = 245.78 (MB).
    Completing 50% with 127 violations.
    elapsed time = 00:00:10, memory = 263.30 (MB).
    Completing 60% with 127 violations.
    elapsed time = 00:00:11, memory = 241.38 (MB).
    Completing 70% with 358 violations.
    elapsed time = 00:00:16, memory = 276.75 (MB).
    Completing 80% with 358 violations.
    elapsed time = 00:00:16, memory = 276.75 (MB).
    Completing 90% with 566 violations.
    elapsed time = 00:00:23, memory = 276.75 (MB).
    Completing 100% with 848 violations.
    elapsed time = 00:00:27, memory = 276.75 (MB).
[INFO DRT-0199]   Number of violations = 1267.
Viol/Layer         li1   mcon   met1    via   met2   met3   met4
Cut Spacing          0      1      0      1      0      0      0
Metal Spacing       30      0    176      0     77      1      1
Min Hole             0      0      1      0      0      0      0
NS Metal             1      0      0      0      0      0      0
Recheck              1      0    266      0    124     23      5
Short                0      0    500      3     55      0      1
[INFO DRT-0267] cpu time = 00:00:46, elapsed time = 00:00:27, memory = 571.38 (MB), peak = 571.38 (MB)
Total wire length = 51951 um.
Total wire length on LAYER li1 = 0 um.
Total wire length on LAYER met1 = 24709 um.
Total wire length on LAYER met2 = 22459 um.
Total wire length on LAYER met3 = 3493 um.
Total wire length on LAYER met4 = 1288 um.
Total wire length on LAYER met5 = 0 um.
Total number of vias = 13843.
Up-via summary (total 13843):

------------------------
 FR_MASTERSLICE        0
            li1     6551
           met1     6990
           met2      226
           met3       76
           met4        0
------------------------
                   13843


[INFO DRT-0195] Start 1st optimization iteration.
    Completing 10% with 1267 violations.
    elapsed time = 00:00:00, memory = 571.38 (MB).
    Completing 20% with 1267 violations.
    elapsed time = 00:00:01, memory = 571.38 (MB).
    Completing 30% with 1267 violations.
    elapsed time = 00:00:01, memory = 571.38 (MB).
    Completing 40% with 1045 violations.
    elapsed time = 00:00:02, memory = 571.38 (MB).
    Completing 50% with 1045 violations.
    elapsed time = 00:00:04, memory = 571.38 (MB).
    Completing 60% with 1045 violations.
    elapsed time = 00:00:06, memory = 571.38 (MB).
    Completing 70% with 905 violations.
    elapsed time = 00:00:09, memory = 571.38 (MB).
    Completing 80% with 905 violations.
    elapsed time = 00:00:10, memory = 571.38 (MB).
    Completing 90% with 707 violations.
    elapsed time = 00:00:14, memory = 571.38 (MB).
    Completing 100% with 442 violations.
    elapsed time = 00:00:20, memory = 571.50 (MB).
[INFO DRT-0199]   Number of violations = 442.
Viol/Layer        mcon   met1   met2
Cut Spacing          1      0      0
Metal Spacing        0     72     27
Short                0    335      7
[INFO DRT-0267] cpu time = 00:00:34, elapsed time = 00:00:20, memory = 571.88 (MB), peak = 594.62 (MB)
Total wire length = 51412 um.
Total wire length on LAYER li1 = 0 um.
Total wire length on LAYER met1 = 24492 um.
Total wire length on LAYER met2 = 22078 um.
Total wire length on LAYER met3 = 3542 um.
Total wire length on LAYER met4 = 1298 um.
Total wire length on LAYER met5 = 0 um.
Total number of vias = 13719.
Up-via summary (total 13719):

------------------------
 FR_MASTERSLICE        0
            li1     6546
           met1     6847
           met2      253
           met3       73
           met4        0
------------------------
                   13719


[INFO DRT-0195] Start 2nd optimization iteration.
    Completing 10% with 442 violations.
    elapsed time = 00:00:00, memory = 571.88 (MB).
    Completing 20% with 442 violations.
    elapsed time = 00:00:03, memory = 571.88 (MB).
    Completing 30% with 437 violations.
    elapsed time = 00:00:06, memory = 571.88 (MB).
    Completing 40% with 437 violations.
    elapsed time = 00:00:06, memory = 571.88 (MB).
    Completing 50% with 437 violations.
    elapsed time = 00:00:10, memory = 571.88 (MB).
    Completing 60% with 408 violations.
    elapsed time = 00:00:12, memory = 571.88 (MB).
    Completing 70% with 408 violations.
    elapsed time = 00:00:12, memory = 571.88 (MB).
    Completing 80% with 365 violations.
    elapsed time = 00:00:17, memory = 571.88 (MB).
    Completing 90% with 365 violations.
    elapsed time = 00:00:18, memory = 571.88 (MB).
    Completing 100% with 406 violations.
    elapsed time = 00:00:24, memory = 571.88 (MB).
[INFO DRT-0199]   Number of violations = 406.
Viol/Layer        met1   met2
Metal Spacing       72     27
Short              283     24
[INFO DRT-0267] cpu time = 00:00:35, elapsed time = 00:00:24, memory = 574.88 (MB), peak = 594.62 (MB)
Total wire length = 51284 um.
Total wire length on LAYER li1 = 0 um.
Total wire length on LAYER met1 = 24349 um.
Total wire length on LAYER met2 = 21998 um.
Total wire length on LAYER met3 = 3623 um.
Total wire length on LAYER met4 = 1314 um.
Total wire length on LAYER met5 = 0 um.
Total number of vias = 13714.
Up-via summary (total 13714):

------------------------
 FR_MASTERSLICE        0
            li1     6546
           met1     6824
           met2      261
           met3       83
           met4        0
------------------------
                   13714


[INFO DRT-0195] Start 3rd optimization iteration.
    Completing 10% with 406 violations.
    elapsed time = 00:00:00, memory = 574.88 (MB).
    Completing 20% with 406 violations.
    elapsed time = 00:00:00, memory = 574.88 (MB).
    Completing 30% with 406 violations.
    elapsed time = 00:00:01, memory = 574.88 (MB).
    Completing 40% with 327 violations.
    elapsed time = 00:00:02, memory = 574.88 (MB).
    Completing 50% with 327 violations.
    elapsed time = 00:00:04, memory = 574.88 (MB).
    Completing 60% with 327 violations.
    elapsed time = 00:00:06, memory = 574.88 (MB).
    Completing 70% with 216 violations.
    elapsed time = 00:00:07, memory = 574.88 (MB).
    Completing 80% with 216 violations.
    elapsed time = 00:00:07, memory = 574.88 (MB).
    Completing 90% with 136 violations.
    elapsed time = 00:00:12, memory = 574.88 (MB).
    Completing 100% with 66 violations.
    elapsed time = 00:00:16, memory = 576.25 (MB).
[INFO DRT-0199]   Number of violations = 66.
Viol/Layer        met1   met2
Metal Spacing       25      1
Short               35      5
[INFO DRT-0267] cpu time = 00:00:24, elapsed time = 00:00:16, memory = 576.25 (MB), peak = 594.62 (MB)
Total wire length = 51274 um.
Total wire length on LAYER li1 = 0 um.
Total wire length on LAYER met1 = 23422 um.
Total wire length on LAYER met2 = 22061 um.
Total wire length on LAYER met3 = 4474 um.
Total wire length on LAYER met4 = 1314 um.
Total wire length on LAYER met5 = 0 um.
Total number of vias = 13904.
Up-via summary (total 13904):

------------------------
 FR_MASTERSLICE        0
            li1     6546
           met1     6870
           met2      404
           met3       84
           met4        0
------------------------
                   13904


[INFO DRT-0195] Start 4th optimization iteration.
    Completing 10% with 66 violations.
    elapsed time = 00:00:00, memory = 576.25 (MB).
    Completing 20% with 66 violations.
    elapsed time = 00:00:00, memory = 576.25 (MB).
    Completing 30% with 66 violations.
    elapsed time = 00:00:00, memory = 576.25 (MB).
    Completing 40% with 43 violations.
    elapsed time = 00:00:01, memory = 577.29 (MB).
    Completing 50% with 43 violations.
    elapsed time = 00:00:01, memory = 577.29 (MB).
    Completing 60% with 43 violations.
    elapsed time = 00:00:02, memory = 577.29 (MB).
    Completing 70% with 11 violations.
    elapsed time = 00:00:02, memory = 577.29 (MB).
    Completing 80% with 11 violations.
    elapsed time = 00:00:02, memory = 577.29 (MB).
    Completing 90% with 3 violations.
    elapsed time = 00:00:02, memory = 577.29 (MB).
    Completing 100% with 0 violations.
    elapsed time = 00:00:02, memory = 577.29 (MB).
[INFO DRT-0199]   Number of violations = 0.
[INFO DRT-0267] cpu time = 00:00:04, elapsed time = 00:00:03, memory = 577.29 (MB), peak = 594.62 (MB)
Total wire length = 51281 um.
Total wire length on LAYER li1 = 0 um.
Total wire length on LAYER met1 = 23411 um.
Total wire length on LAYER met2 = 22066 um.
Total wire length on LAYER met3 = 4490 um.
Total wire length on LAYER met4 = 1312 um.
Total wire length on LAYER met5 = 0 um.
Total number of vias = 13912.
Up-via summary (total 13912):

------------------------
 FR_MASTERSLICE        0
            li1     6546
           met1     6878
           met2      406
           met3       82
           met4        0
------------------------
                   13912


[INFO DRT-0198] Complete detail routing.
Total wire length = 51281 um.
Total wire length on LAYER li1 = 0 um.
Total wire length on LAYER met1 = 23411 um.
Total wire length on LAYER met2 = 22066 um.
Total wire length on LAYER met3 = 4490 um.
Total wire length on LAYER met4 = 1312 um.
Total wire length on LAYER met5 = 0 um.
Total number of vias = 13912.
Up-via summary (total 13912):

------------------------
 FR_MASTERSLICE        0
            li1     6546
           met1     6878
           met2      406
           met3       82
           met4        0
------------------------
                   13912


[INFO DRT-0267] cpu time = 00:02:25, elapsed time = 00:01:32, memory = 577.29 (MB), peak = 594.62 (MB)

[INFO DRT-0180] Post processing.
Setting global connections for newly added cells…
Writing OpenROAD database to '/openlane/designs/SemiCPU/runs/RUN_2025.06.01_17.17.29/results/routing/SemiCPU.odb'…
Writing netlist to '/openlane/designs/SemiCPU/runs/RUN_2025.06.01_17.17.29/results/routing/SemiCPU.nl.v'…
Writing powered netlist to '/openlane/designs/SemiCPU/runs/RUN_2025.06.01_17.17.29/results/routing/SemiCPU.pnl.v'…
Writing layout to '/openlane/designs/SemiCPU/runs/RUN_2025.06.01_17.17.29/results/routing/SemiCPU.def'…
