
===========================================================================
 report_power
============================================================================
======================= Fastest Corner ===================================

Group                  Internal  Switching    Leakage      Total
                          Power      Power      Power      Power (Watts)
----------------------------------------------------------------
Sequential             1.07e-03   1.17e-04   1.11e-07   1.19e-03  17.4%
Combinational          1.77e-03   3.02e-03   8.79e-09   4.80e-03  70.3%
Clock                  4.04e-04   4.39e-04   4.94e-09   8.42e-04  12.3%
Macro                  0.00e+00   0.00e+00   0.00e+00   0.00e+00   0.0%
Pad                    0.00e+00   0.00e+00   0.00e+00   0.00e+00   0.0%
----------------------------------------------------------------
Total                  3.25e-03   3.58e-03   1.25e-07   6.83e-03 100.0%
                          47.6%      52.4%       0.0%

======================= Slowest Corner ===================================

Group                  Internal  Switching    Leakage      Total
                          Power      Power      Power      Power (Watts)
----------------------------------------------------------------
Sequential             7.11e-04   7.75e-05   3.54e-06   7.92e-04  17.0%
Combinational          1.30e-03   1.99e-03   7.10e-06   3.30e-03  70.7%
Clock                  2.91e-04   2.84e-04   4.51e-07   5.75e-04  12.3%
Macro                  0.00e+00   0.00e+00   0.00e+00   0.00e+00   0.0%
Pad                    0.00e+00   0.00e+00   0.00e+00   0.00e+00   0.0%
----------------------------------------------------------------
Total                  2.30e-03   2.36e-03   1.11e-05   4.67e-03 100.0%
                          49.3%      50.5%       0.2%

======================= Typical Corner ===================================

Group                  Internal  Switching    Leakage      Total
                          Power      Power      Power      Power (Watts)
----------------------------------------------------------------
Sequential             9.23e-04   9.88e-05   1.11e-07   1.02e-03  17.3%
Combinational          1.60e-03   2.55e-03   5.60e-09   4.15e-03  70.4%
Clock                  3.54e-04   3.68e-04   3.84e-09   7.22e-04  12.3%
Macro                  0.00e+00   0.00e+00   0.00e+00   0.00e+00   0.0%
Pad                    0.00e+00   0.00e+00   0.00e+00   0.00e+00   0.0%
----------------------------------------------------------------
Total                  2.87e-03   3.01e-03   1.20e-07   5.89e-03 100.0%
                          48.8%      51.2%       0.0%

